Archive member included to satisfy reference by file (symbol)

/home/osboxes/fix_rttee_text/RT-TEE/edk2/Build/ArmVirtQemuKernel-AARCH64/DEBUG_GCC49/AARCH64/MdePkg/Library/UefiDriverEntryPoint/UefiDriverEntryPoint/OUTPUT/UefiDriverEntryPoint.lib(DriverEntryPoint.obj)
                              (_ModuleEntryPoint)
/home/osboxes/fix_rttee_text/RT-TEE/edk2/Build/ArmVirtQemuKernel-AARCH64/DEBUG_GCC49/AARCH64/MdeModulePkg/Bus/Usb/UsbMassStorageDxe/UsbMassStorageDxe/OUTPUT/UsbMassStorageDxe.lib(AutoGen.obj)
                              /home/osboxes/fix_rttee_text/RT-TEE/edk2/Build/ArmVirtQemuKernel-AARCH64/DEBUG_GCC49/AARCH64/MdePkg/Library/UefiDriverEntryPoint/UefiDriverEntryPoint/OUTPUT/UefiDriverEntryPoint.lib(DriverEntryPoint.obj) (gEfiLoadedImageProtocolGuid)
/home/osboxes/fix_rttee_text/RT-TEE/edk2/Build/ArmVirtQemuKernel-AARCH64/DEBUG_GCC49/AARCH64/MdeModulePkg/Bus/Usb/UsbMassStorageDxe/UsbMassStorageDxe/OUTPUT/UsbMassStorageDxe.lib(UsbMassImpl.obj)
                              /home/osboxes/fix_rttee_text/RT-TEE/edk2/Build/ArmVirtQemuKernel-AARCH64/DEBUG_GCC49/AARCH64/MdeModulePkg/Bus/Usb/UsbMassStorageDxe/UsbMassStorageDxe/OUTPUT/UsbMassStorageDxe.lib(AutoGen.obj) (USBMassStorageEntryPoint)
/home/osboxes/fix_rttee_text/RT-TEE/edk2/Build/ArmVirtQemuKernel-AARCH64/DEBUG_GCC49/AARCH64/MdeModulePkg/Bus/Usb/UsbMassStorageDxe/UsbMassStorageDxe/OUTPUT/UsbMassStorageDxe.lib(UsbMassBoot.obj)
                              /home/osboxes/fix_rttee_text/RT-TEE/edk2/Build/ArmVirtQemuKernel-AARCH64/DEBUG_GCC49/AARCH64/MdeModulePkg/Bus/Usb/UsbMassStorageDxe/UsbMassStorageDxe/OUTPUT/UsbMassStorageDxe.lib(UsbMassImpl.obj) (UsbBootGetParams)
/home/osboxes/fix_rttee_text/RT-TEE/edk2/Build/ArmVirtQemuKernel-AARCH64/DEBUG_GCC49/AARCH64/MdeModulePkg/Bus/Usb/UsbMassStorageDxe/UsbMassStorageDxe/OUTPUT/UsbMassStorageDxe.lib(UsbMassCbi.obj)
                              /home/osboxes/fix_rttee_text/RT-TEE/edk2/Build/ArmVirtQemuKernel-AARCH64/DEBUG_GCC49/AARCH64/MdeModulePkg/Bus/Usb/UsbMassStorageDxe/UsbMassStorageDxe/OUTPUT/UsbMassStorageDxe.lib(UsbMassImpl.obj) (mUsbCbi0Transport)
/home/osboxes/fix_rttee_text/RT-TEE/edk2/Build/ArmVirtQemuKernel-AARCH64/DEBUG_GCC49/AARCH64/MdeModulePkg/Bus/Usb/UsbMassStorageDxe/UsbMassStorageDxe/OUTPUT/UsbMassStorageDxe.lib(UsbMassDiskInfo.obj)
                              /home/osboxes/fix_rttee_text/RT-TEE/edk2/Build/ArmVirtQemuKernel-AARCH64/DEBUG_GCC49/AARCH64/MdeModulePkg/Bus/Usb/UsbMassStorageDxe/UsbMassStorageDxe/OUTPUT/UsbMassStorageDxe.lib(UsbMassImpl.obj) (InitializeDiskInfo)
/home/osboxes/fix_rttee_text/RT-TEE/edk2/Build/ArmVirtQemuKernel-AARCH64/DEBUG_GCC49/AARCH64/MdeModulePkg/Bus/Usb/UsbMassStorageDxe/UsbMassStorageDxe/OUTPUT/UsbMassStorageDxe.lib(UsbMassBot.obj)
                              /home/osboxes/fix_rttee_text/RT-TEE/edk2/Build/ArmVirtQemuKernel-AARCH64/DEBUG_GCC49/AARCH64/MdeModulePkg/Bus/Usb/UsbMassStorageDxe/UsbMassStorageDxe/OUTPUT/UsbMassStorageDxe.lib(UsbMassImpl.obj) (mUsbBotTransport)
/home/osboxes/fix_rttee_text/RT-TEE/edk2/Build/ArmVirtQemuKernel-AARCH64/DEBUG_GCC49/AARCH64/MdeModulePkg/Bus/Usb/UsbMassStorageDxe/UsbMassStorageDxe/OUTPUT/UsbMassStorageDxe.lib(ComponentName.obj)
                              /home/osboxes/fix_rttee_text/RT-TEE/edk2/Build/ArmVirtQemuKernel-AARCH64/DEBUG_GCC49/AARCH64/MdeModulePkg/Bus/Usb/UsbMassStorageDxe/UsbMassStorageDxe/OUTPUT/UsbMassStorageDxe.lib(UsbMassImpl.obj) (gUsbMassStorageComponentName)
/home/osboxes/fix_rttee_text/RT-TEE/edk2/Build/ArmVirtQemuKernel-AARCH64/DEBUG_GCC49/AARCH64/MdePkg/Library/BaseMemoryLibOptDxe/BaseMemoryLibOptDxe/OUTPUT/BaseMemoryLibOptDxe.lib(ZeroMemWrapper.obj)
                              /home/osboxes/fix_rttee_text/RT-TEE/edk2/Build/ArmVirtQemuKernel-AARCH64/DEBUG_GCC49/AARCH64/MdeModulePkg/Bus/Usb/UsbMassStorageDxe/UsbMassStorageDxe/OUTPUT/UsbMassStorageDxe.lib(UsbMassBoot.obj) (ZeroMem)
/home/osboxes/fix_rttee_text/RT-TEE/edk2/Build/ArmVirtQemuKernel-AARCH64/DEBUG_GCC49/AARCH64/MdePkg/Library/BaseMemoryLibOptDxe/BaseMemoryLibOptDxe/OUTPUT/BaseMemoryLibOptDxe.lib(SetMemWrapper.obj)
                              /home/osboxes/fix_rttee_text/RT-TEE/edk2/Build/ArmVirtQemuKernel-AARCH64/DEBUG_GCC49/AARCH64/MdeModulePkg/Bus/Usb/UsbMassStorageDxe/UsbMassStorageDxe/OUTPUT/UsbMassStorageDxe.lib(UsbMassCbi.obj) (SetMem)
/home/osboxes/fix_rttee_text/RT-TEE/edk2/Build/ArmVirtQemuKernel-AARCH64/DEBUG_GCC49/AARCH64/MdePkg/Library/BaseMemoryLibOptDxe/BaseMemoryLibOptDxe/OUTPUT/BaseMemoryLibOptDxe.lib(CopyMemWrapper.obj)
                              /home/osboxes/fix_rttee_text/RT-TEE/edk2/Build/ArmVirtQemuKernel-AARCH64/DEBUG_GCC49/AARCH64/MdeModulePkg/Bus/Usb/UsbMassStorageDxe/UsbMassStorageDxe/OUTPUT/UsbMassStorageDxe.lib(UsbMassBoot.obj) (CopyMem)
/home/osboxes/fix_rttee_text/RT-TEE/edk2/Build/ArmVirtQemuKernel-AARCH64/DEBUG_GCC49/AARCH64/MdePkg/Library/BaseMemoryLibOptDxe/BaseMemoryLibOptDxe/OUTPUT/BaseMemoryLibOptDxe.lib(SetMem.obj)
[...]
Memory Configuration

Name             Origin             Length             Attributes
*default*        0x0000000000000000 0xffffffffffffffff

Linker script and memory map

START GROUP
LOAD /home/osboxes/fix_rttee_text/RT-TEE/edk2/Build/ArmVirtQemuKernel-AARCH64/DEBUG_GCC49/AARCH64/MdePkg/Library/DxePcdLib/DxePcdLib/OUTPUT/DxePcdLib.lib
LOAD /home/osboxes/fix_rttee_text/RT-TEE/edk2/Build/ArmVirtQemuKernel-AARCH64/DEBUG_GCC49/AARCH64/MdePkg/Library/BaseMemoryLibOptDxe/BaseMemoryLibOptDxe/OUTPUT/BaseMemoryLibOptDxe.lib
LOAD /home/osboxes/fix_rttee_text/RT-TEE/edk2/Build/ArmVirtQemuKernel-AARCH64/DEBUG_GCC49/AARCH64/MdePkg/Library/BaseLib/BaseLib/OUTPUT/BaseLib.lib
LOAD /home/osboxes/fix_rttee_text/RT-TEE/edk2/Build/ArmVirtQemuKernel-AARCH64/DEBUG_GCC49/AARCH64/MdePkg/Library/BaseIoLibIntrinsic/BaseIoLibIntrinsicArmVirt/OUTPUT/BaseIoLibIntrinsicArmVirt.lib
LOAD /home/osboxes/fix_rttee_text/RT-TEE/edk2/Build/ArmVirtQemuKernel-AARCH64/DEBUG_GCC49/AARCH64/ArmVirtPkg/Library/ArmVirtDxeHobLib/ArmVirtDxeHobLib/OUTPUT/ArmVirtDxeHobLib.lib
LOAD /home/osboxes/fix_rttee_text/RT-TEE/edk2/Build/ArmVirtQemuKernel-AARCH64/DEBUG_GCC49/AARCH64/ArmPlatformPkg/Library/PL011UartLib/PL011UartLib/OUTPUT/PL011UartLib.lib
LOAD /home/osboxes/fix_rttee_text/RT-TEE/edk2/Build/ArmVirtQemuKernel-AARCH64/DEBUG_GCC49/AARCH64/MdePkg/Library/BaseDebugPrintErrorLevelLib/BaseDebugPrintErrorLevelLib/OUTPUT/BaseDebugPrintErrorLevelLib.lib
LOAD /home/osboxes/fix_rttee_text/RT-TEE/edk2/Build/ArmVirtQemuKernel-AARCH64/DEBUG_GCC49/AARCH64/MdePkg/Library/BasePrintLib/BasePrintLib/OUTPUT/BasePrintLib.lib
LOAD /home/osboxes/fix_rttee_text/RT-TEE/edk2/Build/ArmVirtQemuKernel-AARCH64/DEBUG_GCC49/AARCH64/ArmVirtPkg/Library/FdtPL011SerialPortLib/FdtPL011SerialPortLib/OUTPUT/FdtPL011SerialPortLib.lib
LOAD /home/osboxes/fix_rttee_text/RT-TEE/edk2/Build/ArmVirtQemuKernel-AARCH64/DEBUG_GCC49/AARCH64/MdePkg/Library/BaseDebugLibSerialPort/BaseDebugLibSerialPort/OUTPUT/BaseDebugLibSerialPort.lib
LOAD /home/osboxes/fix_rttee_text/RT-TEE/edk2/Build/ArmVirtQemuKernel-AARCH64/DEBUG_GCC49/AARCH64/MdePkg/Library/UefiBootServicesTableLib/UefiBootServicesTableLib/OUTPUT/UefiBootServicesTableLib.lib
LOAD /home/osboxes/fix_rttee_text/RT-TEE/edk2/Build/ArmVirtQemuKernel-AARCH64/DEBUG_GCC49/AARCH64/MdePkg/Library/UefiMemoryAllocationLib/UefiMemoryAllocationLib/OUTPUT/UefiMemoryAllocationLib.lib
LOAD /home/osboxes/fix_rttee_text/RT-TEE/edk2/Build/ArmVirtQemuKernel-AARCH64/DEBUG_GCC49/AARCH64/MdePkg/Library/UefiRuntimeServicesTableLib/UefiRuntimeServicesTableLib/OUTPUT/UefiRuntimeServicesTableLib.lib
LOAD /home/osboxes/fix_rttee_text/RT-TEE/edk2/Build/ArmVirtQemuKernel-AARCH64/DEBUG_GCC49/AARCH64/MdePkg/Library/UefiDevicePathLibDevicePathProtocol/UefiDevicePathLibDevicePathProtocol/OUTPUT/UefiDevicePathLibDevicePathProtocol.lib
LOAD /home/osboxes/fix_rttee_text/RT-TEE/edk2/Build/ArmVirtQemuKernel-AARCH64/DEBUG_GCC49/AARCH64/MdePkg/Library/UefiLib/UefiLib/OUTPUT/UefiLib.lib
LOAD /home/osboxes/fix_rttee_text/RT-TEE/edk2/Build/ArmVirtQemuKernel-AARCH64/DEBUG_GCC49/AARCH64/MdePkg/Library/UefiDriverEntryPoint/UefiDriverEntryPoint/OUTPUT/UefiDriverEntryPoint.lib
LOAD /home/osboxes/fix_rttee_text/RT-TEE/edk2/Build/ArmVirtQemuKernel-AARCH64/DEBUG_GCC49/AARCH64/ArmPkg/Library/CompilerIntrinsicsLib/CompilerIntrinsicsLib/OUTPUT/CompilerIntrinsicsLib.lib
LOAD /home/osboxes/fix_rttee_text/RT-TEE/edk2/Build/ArmVirtQemuKernel-AARCH64/DEBUG_GCC49/AARCH64/MdePkg/Library/BaseStackCheckLib/BaseStackCheckLib/OUTPUT/BaseStackCheckLib.lib
LOAD /home/osboxes/fix_rttee_text/RT-TEE/edk2/Build/ArmVirtQemuKernel-AARCH64/DEBUG_GCC49/AARCH64/MdeModulePkg/Bus/Usb/UsbMassStorageDxe/UsbMassStorageDxe/OUTPUT/UsbMassStorageDxe.lib
END GROUP
                0x0000000000000228                . = PECOFF_HEADER_SIZE

.text           0x0000000000001000     0xbc08
 *(.text .text.* .stub .gnu.linkonce.t.*)
 .text._DriverUnloadHandler
                0x0000000000001000       0x48 /home/osboxes/fix_rttee_text/RT-TEE/edk2/Build/ArmVirtQemuKernel-AARCH64/DEBUG_GCC49/AARCH64/MdePkg/Library/UefiDriverEntryPoint/UefiDriverEntryPoint/OUTPUT/UefiDriverEntryPoint.lib(DriverEntryPoint.obj)
                0x0000000000001000                _DriverUnloadHandler
 .text._ModuleEntryPoint
                0x0000000000001048      0x148 /home/osboxes/fix_rttee_text/RT-TEE/edk2/Build/ArmVirtQemuKernel-AARCH64/DEBUG_GCC49/AARCH64/MdePkg/Library/UefiDriverEntryPoint/UefiDriverEntryPoint/OUTPUT/UefiDriverEntryPoint.lib(DriverEntryPoint.obj)
                0x0000000000001048                _ModuleEntryPoint
 .text.ProcessLibraryConstructorList
                0x0000000000001190      0x370 /home/osboxes/fix_rttee_text/RT-TEE/edk2/Build/ArmVirtQemuKernel-AARCH64/DEBUG_GCC49/AARCH64/MdeModulePkg/Bus/Usb/UsbMassStorageDxe/UsbMassStorageDxe/OUTPUT/UsbMassStorageDxe.lib(AutoGen.obj)
                0x0000000000001190                ProcessLibraryConstructorList
 .text.ProcessLibraryDestructorList
                0x0000000000001500       0x18 /home/osboxes/fix_rttee_text/RT-TEE/edk2/Build/ArmVirtQemuKernel-AARCH64/DEBUG_GCC49/AARCH64/MdeModulePkg/Bus/Usb/UsbMassStorageDxe/UsbMassStorageDxe/OUTPUT/UsbMassStorageDxe.lib(AutoGen.obj)
                0x0000000000001500                ProcessLibraryDestructorList
 .text.ProcessModuleEntryPointList
                0x0000000000001518       0x24 /home/osboxes/fix_rttee_text/RT-TEE/edk2/Build/ArmVirtQemuKernel-AARCH64/DEBUG_GCC49/AARCH64/MdeModulePkg/Bus/Usb/UsbMassStorageDxe/UsbMassStorageDxe/OUTPUT/UsbMassStorageDxe.lib(AutoGen.obj)
                0x0000000000001518                ProcessModuleEntryPointList
 .text.ProcessModuleUnloadList
                0x000000000000153c       0x14 /home/osboxes/fix_rttee_text/RT-TEE/edk2/Build/ArmVirtQemuKernel-AARCH64/DEBUG_GCC49/AARCH64/MdeModulePkg/Bus/Usb/UsbMassStorageDxe/UsbMassStorageDxe/OUTPUT/UsbMassStorageDxe.lib(AutoGen.obj)
                0x000000000000153c                ProcessModuleUnloadList
 .text.UsbMassReset
                0x0000000000001550       0xc8 /home/osboxes/fix_rttee_text/RT-TEE/edk2/Build/ArmVirtQemuKernel-AARCH64/DEBUG_GCC49/AARCH64/MdeModulePkg/Bus/Usb/UsbMassStorageDxe/UsbMassStorageDxe/OUTPUT/UsbMassStorageDxe.lib(UsbMassImpl.obj)
                0x0000000000001550                UsbMassReset
 .text.UsbMassReadBlocks
                0x0000000000001618      0x280 /home/osboxes/fix_rttee_text/RT-TEE/edk2/Build/ArmVirtQemuKernel-AARCH64/DEBUG_GCC49/AARCH64/MdeModulePkg/Bus/Usb/UsbMassStorageDxe/UsbMassStorageDxe/OUTPUT/UsbMassStorageDxe.lib(UsbMassImpl.obj)
                0x0000000000001618                UsbMassReadBlocks
 .text.UsbMassWriteBlocks
                0x0000000000001898      0x280 /home/osboxes/fix_rttee_text/RT-TEE/edk2/Build/ArmVirtQemuKernel-AARCH64/DEBUG_GCC49/AARCH64/MdeModulePkg/Bus/Usb/UsbMassStorageDxe/UsbMassStorageDxe/OUTPUT/UsbMassStorageDxe.lib(UsbMassImpl.obj)
                0x0000000000001898                UsbMassWriteBlocks
 .text.UsbMassFlushBlocks
                0x0000000000001b18       0x14 /home/osboxes/fix_rttee_text/RT-TEE/edk2/Build/ArmVirtQemuKernel-AARCH64/DEBUG_GCC49/AARCH64/MdeModulePkg/Bus/Usb/UsbMassStorageDxe/UsbMassStorageDxe/OUTPUT/UsbMassStorageDxe.lib(UsbMassImpl.obj)
                0x0000000000001b18                UsbMassFlushBlocks
 .text.UsbMassInitMedia
                0x0000000000001b2c       0xb4 /home/osboxes/fix_rttee_text/RT-TEE/edk2/Build/ArmVirtQemuKernel-AARCH64/DEBUG_GCC49/AARCH64/MdeModulePkg/Bus/Usb/UsbMassStorageDxe/UsbMassStorageDxe/OUTPUT/UsbMassStorageDxe.lib(UsbMassImpl.obj)
                0x0000000000001b2c                UsbMassInitMedia
 .text.UsbMassInitTransport
                0x0000000000001be0      0x1a0 /home/osboxes/fix_rttee_text/RT-TEE/edk2/Build/ArmVirtQemuKernel-AARCH64/DEBUG_GCC49/AARCH64/MdeModulePkg/Bus/Usb/UsbMassStorageDxe/UsbMassStorageDxe/OUTPUT/UsbMassStorageDxe.lib(UsbMassImpl.obj)
                0x0000000000001be0                UsbMassInitTransport
 .text.UsbMassInitMultiLun
                0x0000000000001d80      0x4c4 /home/osboxes/fix_rttee_text/RT-TEE/edk2/Build/ArmVirtQemuKernel-AARCH64/DEBUG_GCC49/AARCH64/MdeModulePkg/Bus/Usb/UsbMassStorageDxe/UsbMassStorageDxe/OUTPUT/UsbMassStorageDxe.lib(UsbMassImpl.obj)
                0x0000000000001d80                UsbMassInitMultiLun
 .text.UsbMassInitNonLun
                0x0000000000002244      0x2cc /home/osboxes/fix_rttee_text/RT-TEE/edk2/Build/ArmVirtQemuKernel-AARCH64/DEBUG_GCC49/AARCH64/MdeModulePkg/Bus/Usb/UsbMassStorageDxe/UsbMassStorageDxe/OUTPUT/UsbMassStorageDxe.lib(UsbMassImpl.obj)
                0x0000000000002244                UsbMassInitNonLun
 .text.USBMassDriverBindingSupported
                0x0000000000002510      0x150 /home/osboxes/fix_rttee_text/RT-TEE/edk2/Build/ArmVirtQemuKernel-AARCH64/DEBUG_GCC49/AARCH64/MdeModulePkg/Bus/Usb/UsbMassStorageDxe/UsbMassStorageDxe/OUTPUT/UsbMassStorageDxe.lib(UsbMassImpl.obj)
                0x0000000000002510                USBMassDriverBindingSupported
 .text.USBMassDriverBindingStart
                0x0000000000002660      0x378 /home/osboxes/fix_rttee_text/RT-TEE/edk2/Build/ArmVirtQemuKernel-AARCH64/DEBUG_GCC49/AARCH64/MdeModulePkg/Bus/Usb/UsbMassStorageDxe/UsbMassStorageDxe/OUTPUT/UsbMassStorageDxe.lib(UsbMassImpl.obj)
                0x0000000000002660                USBMassDriverBindingStart
 .text.USBMassDriverBindingStop
                0x00000000000029d8      0x568 /home/osboxes/fix_rttee_text/RT-TEE/edk2/Build/ArmVirtQemuKernel-AARCH64/DEBUG_GCC49/AARCH64/MdeModulePkg/Bus/Usb/UsbMassStorageDxe/UsbMassStorageDxe/OUTPUT/UsbMassStorageDxe.lib(UsbMassImpl.obj)
                0x00000000000029d8                USBMassDriverBindingStop
 .text.USBMassStorageEntryPoint
                0x0000000000002f40       0xb4 /home/osboxes/fix_rttee_text/RT-TEE/edk2/Build/ArmVirtQemuKernel-AARCH64/DEBUG_GCC49/AARCH64/MdeModulePkg/Bus/Usb/UsbMassStorageDxe/UsbMassStorageDxe/OUTPUT/UsbMassStorageDxe.lib(UsbMassImpl.obj)
                0x0000000000002f40                USBMassStorageEntryPoint
 .text.UsbBootRequestSense
                0x0000000000002ff4      0x31c /home/osboxes/fix_rttee_text/RT-TEE/edk2/Build/ArmVirtQemuKernel-AARCH64/DEBUG_GCC49/AARCH64/MdeModulePkg/Bus/Usb/UsbMassStorageDxe/UsbMassStorageDxe/OUTPUT/UsbMassStorageDxe.lib(UsbMassBoot.obj)
                0x0000000000002ff4                UsbBootRequestSense
 .text.UsbBootExecCmd
                0x0000000000003310      0x164 /home/osboxes/fix_rttee_text/RT-TEE/edk2/Build/ArmVirtQemuKernel-AARCH64/DEBUG_GCC49/AARCH64/MdeModulePkg/Bus/Usb/UsbMassStorageDxe/UsbMassStorageDxe/OUTPUT/UsbMassStorageDxe.lib(UsbMassBoot.obj)
                0x0000000000003310                UsbBootExecCmd
 .text.UsbBootExecCmdWithRetry
                0x0000000000003474      0x198 /home/osboxes/fix_rttee_text/RT-TEE/edk2/Build/ArmVirtQemuKernel-AARCH64/DEBUG_GCC49/AARCH64/MdeModulePkg/Bus/Usb/UsbMassStorageDxe/UsbMassStorageDxe/OUTPUT/UsbMassStorageDxe.lib(UsbMassBoot.obj)
                0x0000000000003474                UsbBootExecCmdWithRetry
 .text.UsbBootIsUnitReady
                0x000000000000360c       0x60 /home/osboxes/fix_rttee_text/RT-TEE/edk2/Build/ArmVirtQemuKernel-AARCH64/DEBUG_GCC49/AARCH64/MdeModulePkg/Bus/Usb/UsbMassStorageDxe/UsbMassStorageDxe/OUTPUT/UsbMassStorageDxe.lib(UsbMassBoot.obj)
                0x000000000000360c                UsbBootIsUnitReady
 .text.UsbBootInquiry
                0x000000000000366c       0xf4 /home/osboxes/fix_rttee_text/RT-TEE/edk2/Build/ArmVirtQemuKernel-AARCH64/DEBUG_GCC49/AARCH64/MdeModulePkg/Bus/Usb/UsbMassStorageDxe/UsbMassStorageDxe/OUTPUT/UsbMassStorageDxe.lib(UsbMassBoot.obj)
                0x000000000000366c                UsbBootInquiry
 .text.UsbBootReadCapacity16
                0x0000000000003760      0x154 /home/osboxes/fix_rttee_text/RT-TEE/edk2/Build/ArmVirtQemuKernel-AARCH64/DEBUG_GCC49/AARCH64/MdeModulePkg/Bus/Usb/UsbMassStorageDxe/UsbMassStorageDxe/OUTPUT/UsbMassStorageDxe.lib(UsbMassBoot.obj)
                0x0000000000003760                UsbBootReadCapacity16
 .text.UsbBootReadCapacity
                0x00000000000038b4      0x130 /home/osboxes/fix_rttee_text/RT-TEE/edk2/Build/ArmVirtQemuKernel-AARCH64/DEBUG_GCC49/AARCH64/MdeModulePkg/Bus/Usb/UsbMassStorageDxe/UsbMassStorageDxe/OUTPUT/UsbMassStorageDxe.lib(UsbMassBoot.obj)
                0x00000000000038b4                UsbBootReadCapacity
 .text.UsbScsiModeSense
                0x00000000000039e4       0xc4 /home/osboxes/fix_rttee_text/RT-TEE/edk2/Build/ArmVirtQemuKernel-AARCH64/DEBUG_GCC49/AARCH64/MdeModulePkg/Bus/Usb/UsbMassStorageDxe/UsbMassStorageDxe/OUTPUT/UsbMassStorageDxe.lib(UsbMassBoot.obj)
                0x00000000000039e4                UsbScsiModeSense
 .text.UsbBootGetParams
                0x0000000000003aa8      0x148 /home/osboxes/fix_rttee_text/RT-TEE/edk2/Build/ArmVirtQemuKernel-AARCH64/DEBUG_GCC49/AARCH64/MdeModulePkg/Bus/Usb/UsbMassStorageDxe/UsbMassStorageDxe/OUTPUT/UsbMassStorageDxe.lib(UsbMassBoot.obj)
                0x0000000000003aa8                UsbBootGetParams
 .text.UsbBootDetectMedia
                0x0000000000003bf0      0x2cc /home/osboxes/fix_rttee_text/RT-TEE/edk2/Build/ArmVirtQemuKernel-AARCH64/DEBUG_GCC49/AARCH64/MdeModulePkg/Bus/Usb/UsbMassStorageDxe/UsbMassStorageDxe/OUTPUT/UsbMassStorageDxe.lib(UsbMassBoot.obj)
                0x0000000000003bf0                UsbBootDetectMedia
 .text.UsbBootReadBlocks
                0x0000000000003ebc      0x1a4 /home/osboxes/fix_rttee_text/RT-TEE/edk2/Build/ArmVirtQemuKernel-AARCH64/DEBUG_GCC49/AARCH64/MdeModulePkg/Bus/Usb/UsbMassStorageDxe/UsbMassStorageDxe/OUTPUT/UsbMassStorageDxe.lib(UsbMassBoot.obj)
                0x0000000000003ebc                UsbBootReadBlocks
 .text.UsbBootWriteBlocks
                0x0000000000004060      0x1a4 /home/osboxes/fix_rttee_text/RT-TEE/edk2/Build/ArmVirtQemuKernel-AARCH64/DEBUG_GCC49/AARCH64/MdeModulePkg/Bus/Usb/UsbMassStorageDxe/UsbMassStorageDxe/OUTPUT/UsbMassStorageDxe.lib(UsbMassBoot.obj)
                0x0000000000004060                UsbBootWriteBlocks
 .text.UsbBootReadBlocks16
                0x0000000000004204      0x1ac /home/osboxes/fix_rttee_text/RT-TEE/edk2/Build/ArmVirtQemuKernel-AARCH64/DEBUG_GCC49/AARCH64/MdeModulePkg/Bus/Usb/UsbMassStorageDxe/UsbMassStorageDxe/OUTPUT/UsbMassStorageDxe.lib(UsbMassBoot.obj)
                0x0000000000004204                UsbBootReadBlocks16
 .text.UsbBootWriteBlocks16
                0x00000000000043b0      0x1ac /home/osboxes/fix_rttee_text/RT-TEE/edk2/Build/ArmVirtQemuKernel-AARCH64/DEBUG_GCC49/AARCH64/MdeModulePkg/Bus/Usb/UsbMassStorageDxe/UsbMassStorageDxe/OUTPUT/UsbMassStorageDxe.lib(UsbMassBoot.obj)
                0x00000000000043b0                UsbBootWriteBlocks16
 .text.UsbClearEndpointStall
                0x000000000000455c       0x7c /home/osboxes/fix_rttee_text/RT-TEE/edk2/Build/ArmVirtQemuKernel-AARCH64/DEBUG_GCC49/AARCH64/MdeModulePkg/Bus/Usb/UsbMassStorageDxe/UsbMassStorageDxe/OUTPUT/UsbMassStorageDxe.lib(UsbMassBoot.obj)
                0x000000000000455c                UsbClearEndpointStall
 .text.UsbCbiInit
                0x00000000000045d8      0x2a8 /home/osboxes/fix_rttee_text/RT-TEE/edk2/Build/ArmVirtQemuKernel-AARCH64/DEBUG_GCC49/AARCH64/MdeModulePkg/Bus/Usb/UsbMassStorageDxe/UsbMassStorageDxe/OUTPUT/UsbMassStorageDxe.lib(UsbMassCbi.obj)
                0x00000000000045d8                UsbCbiInit
 .text.UsbCbiSendCommand
                0x0000000000004880       0xf4 /home/osboxes/fix_rttee_text/RT-TEE/edk2/Build/ArmVirtQemuKernel-AARCH64/DEBUG_GCC49/AARCH64/MdeModulePkg/Bus/Usb/UsbMassStorageDxe/UsbMassStorageDxe/OUTPUT/UsbMassStorageDxe.lib(UsbMassCbi.obj)
                0x0000000000004880                UsbCbiSendCommand
 .text.UsbCbiDataTransfer
                0x0000000000004974      0x218 /home/osboxes/fix_rttee_text/RT-TEE/edk2/Build/ArmVirtQemuKernel-AARCH64/DEBUG_GCC49/AARCH64/MdeModulePkg/Bus/Usb/UsbMassStorageDxe/UsbMassStorageDxe/OUTPUT/UsbMassStorageDxe.lib(UsbMassCbi.obj)
                0x0000000000004974                UsbCbiDataTransfer
 .text.UsbCbiGetStatus
                0x0000000000004b8c       0xd8 /home/osboxes/fix_rttee_text/RT-TEE/edk2/Build/ArmVirtQemuKernel-AARCH64/DEBUG_GCC49/AARCH64/MdeModulePkg/Bus/Usb/UsbMassStorageDxe/UsbMassStorageDxe/OUTPUT/UsbMassStorageDxe.lib(UsbMassCbi.obj)
                0x0000000000004b8c                UsbCbiGetStatus
 .text.UsbCbiExecCommand
                0x0000000000004c64      0x248 /home/osboxes/fix_rttee_text/RT-TEE/edk2/Build/ArmVirtQemuKernel-AARCH64/DEBUG_GCC49/AARCH64/MdeModulePkg/Bus/Usb/UsbMassStorageDxe/UsbMassStorageDxe/OUTPUT/UsbMassStorageDxe.lib(UsbMassCbi.obj)
                0x0000000000004c64                UsbCbiExecCommand
 .text.UsbCbiResetDevice
                0x0000000000004eac       0xe8 /home/osboxes/fix_rttee_text/RT-TEE/edk2/Build/ArmVirtQemuKernel-AARCH64/DEBUG_GCC49/AARCH64/MdeModulePkg/Bus/Usb/UsbMassStorageDxe/UsbMassStorageDxe/OUTPUT/UsbMassStorageDxe.lib(UsbMassCbi.obj)
                0x0000000000004eac                UsbCbiResetDevice
 .text.UsbCbiCleanUp
                0x0000000000004f94       0x20 /home/osboxes/fix_rttee_text/RT-TEE/edk2/Build/ArmVirtQemuKernel-AARCH64/DEBUG_GCC49/AARCH64/MdeModulePkg/Bus/Usb/UsbMassStorageDxe/UsbMassStorageDxe/OUTPUT/UsbMassStorageDxe.lib(UsbMassCbi.obj)
                0x0000000000004f94                UsbCbiCleanUp
 .text.InitializeDiskInfo
                0x0000000000004fb4       0x34 /home/osboxes/fix_rttee_text/RT-TEE/edk2/Build/ArmVirtQemuKernel-AARCH64/DEBUG_GCC49/AARCH64/MdeModulePkg/Bus/Usb/UsbMassStorageDxe/UsbMassStorageDxe/OUTPUT/UsbMassStorageDxe.lib(UsbMassDiskInfo.obj)
                0x0000000000004fb4                InitializeDiskInfo
 .text.UsbDiskInfoInquiry
                0x0000000000004fe8       0xbc /home/osboxes/fix_rttee_text/RT-TEE/edk2/Build/ArmVirtQemuKernel-AARCH64/DEBUG_GCC49/AARCH64/MdeModulePkg/Bus/Usb/UsbMassStorageDxe/UsbMassStorageDxe/OUTPUT/UsbMassStorageDxe.lib(UsbMassDiskInfo.obj)
                0x0000000000004fe8                UsbDiskInfoInquiry
 .text.UsbDiskInfoIdentify
                0x00000000000050a4       0x20 /home/osboxes/fix_rttee_text/RT-TEE/edk2/Build/ArmVirtQemuKernel-AARCH64/DEBUG_GCC49/AARCH64/MdeModulePkg/Bus/Usb/UsbMassStorageDxe/UsbMassStorageDxe/OUTPUT/UsbMassStorageDxe.lib(UsbMassDiskInfo.obj)
                0x00000000000050a4                UsbDiskInfoIdentify
 .text.UsbDiskInfoSenseData
                0x00000000000050c4       0x24 /home/osboxes/fix_rttee_text/RT-TEE/edk2/Build/ArmVirtQemuKernel-AARCH64/DEBUG_GCC49/AARCH64/MdeModulePkg/Bus/Usb/UsbMassStorageDxe/UsbMassStorageDxe/OUTPUT/UsbMassStorageDxe.lib(UsbMassDiskInfo.obj)
                0x00000000000050c4                UsbDiskInfoSenseData
 .text.UsbDiskInfoWhichIde
                0x00000000000050e8       0x1c /home/osboxes/fix_rttee_text/RT-TEE/edk2/Build/ArmVirtQemuKernel-AARCH64/DEBUG_GCC49/AARCH64/MdeModulePkg/Bus/Usb/UsbMassStorageDxe/UsbMassStorageDxe/OUTPUT/UsbMassStorageDxe.lib(UsbMassDiskInfo.obj)
                0x00000000000050e8                UsbDiskInfoWhichIde
 .text.UsbBotInit
                0x0000000000005104      0x21c /home/osboxes/fix_rttee_text/RT-TEE/edk2/Build/ArmVirtQemuKernel-AARCH64/DEBUG_GCC49/AARCH64/MdeModulePkg/Bus/Usb/UsbMassStorageDxe/UsbMassStorageDxe/OUTPUT/UsbMassStorageDxe.lib(UsbMassBot.obj)
                0x0000000000005104                UsbBotInit
 .text.UsbBotSendCommand
                0x0000000000005320      0x194 /home/osboxes/fix_rttee_text/RT-TEE/edk2/Build/ArmVirtQemuKernel-AARCH64/DEBUG_GCC49/AARCH64/MdeModulePkg/Bus/Usb/UsbMassStorageDxe/UsbMassStorageDxe/OUTPUT/UsbMassStorageDxe.lib(UsbMassBot.obj)
                0x0000000000005320                UsbBotSendCommand
 .text.UsbBotDataTransfer
                0x00000000000054b4      0x1f8 /home/osboxes/fix_rttee_text/RT-TEE/edk2/Build/ArmVirtQemuKernel-AARCH64/DEBUG_GCC49/AARCH64/MdeModulePkg/Bus/Usb/UsbMassStorageDxe/UsbMassStorageDxe/OUTPUT/UsbMassStorageDxe.lib(UsbMassBot.obj)
                0x00000000000054b4                UsbBotDataTransfer
 .text.UsbBotGetStatus
                0x00000000000056ac      0x160 /home/osboxes/fix_rttee_text/RT-TEE/edk2/Build/ArmVirtQemuKernel-AARCH64/DEBUG_GCC49/AARCH64/MdeModulePkg/Bus/Usb/UsbMassStorageDxe/UsbMassStorageDxe/OUTPUT/UsbMassStorageDxe.lib(UsbMassBot.obj)
                0x00000000000056ac                UsbBotGetStatus
 .text.UsbBotExecCommand
                0x000000000000580c      0x150 /home/osboxes/fix_rttee_text/RT-TEE/edk2/Build/ArmVirtQemuKernel-AARCH64/DEBUG_GCC49/AARCH64/MdeModulePkg/Bus/Usb/UsbMassStorageDxe/UsbMassStorageDxe/OUTPUT/UsbMassStorageDxe.lib(UsbMassBot.obj)
                0x000000000000580c                UsbBotExecCommand
 .text.UsbBotResetDevice
                0x000000000000595c      0x138 /home/osboxes/fix_rttee_text/RT-TEE/edk2/Build/ArmVirtQemuKernel-AARCH64/DEBUG_GCC49/AARCH64/MdeModulePkg/Bus/Usb/UsbMassStorageDxe/UsbMassStorageDxe/OUTPUT/UsbMassStorageDxe.lib(UsbMassBot.obj)
                0x000000000000595c                UsbBotResetDevice
 .text.UsbBotGetMaxLun
                0x0000000000005a94       0xd8 /home/osboxes/fix_rttee_text/RT-TEE/edk2/Build/ArmVirtQemuKernel-AARCH64/DEBUG_GCC49/AARCH64/MdeModulePkg/Bus/Usb/UsbMassStorageDxe/UsbMassStorageDxe/OUTPUT/UsbMassStorageDxe.lib(UsbMassBot.obj)
                0x0000000000005a94                UsbBotGetMaxLun
 .text.UsbBotCleanUp
                0x0000000000005b6c       0x20 /home/osboxes/fix_rttee_text/RT-TEE/edk2/Build/ArmVirtQemuKernel-AARCH64/DEBUG_GCC49/AARCH64/MdeModulePkg/Bus/Usb/UsbMassStorageDxe/UsbMassStorageDxe/OUTPUT/UsbMassStorageDxe.lib(UsbMassBot.obj)
                0x0000000000005b6c                UsbBotCleanUp
 .text.UsbMassStorageGetDriverName
                0x0000000000005b8c       0x58 /home/osboxes/fix_rttee_text/RT-TEE/edk2/Build/ArmVirtQemuKernel-AARCH64/DEBUG_GCC49/AARCH64/MdeModulePkg/Bus/Usb/UsbMassStorageDxe/UsbMassStorageDxe/OUTPUT/UsbMassStorageDxe.lib(ComponentName.obj)
                0x0000000000005b8c                UsbMassStorageGetDriverName
 .text.UsbMassStorageGetControllerName
                0x0000000000005be4       0x24 /home/osboxes/fix_rttee_text/RT-TEE/edk2/Build/ArmVirtQemuKernel-AARCH64/DEBUG_GCC49/AARCH64/MdeModulePkg/Bus/Usb/UsbMassStorageDxe/UsbMassStorageDxe/OUTPUT/UsbMassStorageDxe.lib(ComponentName.obj)
                0x0000000000005be4                UsbMassStorageGetControllerName
 .text.ZeroMem  0x0000000000005c08       0xa8 /home/osboxes/fix_rttee_text/RT-TEE/edk2/Build/ArmVirtQemuKernel-AARCH64/DEBUG_GCC49/AARCH64/MdePkg/Library/BaseMemoryLibOptDxe/BaseMemoryLibOptDxe/OUTPUT/BaseMemoryLibOptDxe.lib(ZeroMemWrapper.obj)
                0x0000000000005c08                ZeroMem
 .text.SetMem   0x0000000000005cb0       0x80 /home/osboxes/fix_rttee_text/RT-TEE/edk2/Build/ArmVirtQemuKernel-AARCH64/DEBUG_GCC49/AARCH64/MdePkg/Library/BaseMemoryLibOptDxe/BaseMemoryLibOptDxe/OUTPUT/BaseMemoryLibOptDxe.lib(SetMemWrapper.obj)
                0x0000000000005cb0                SetMem
 .text.CopyMem  0x0000000000005d30       0xd8 /home/osboxes/fix_rttee_text/RT-TEE/edk2/Build/ArmVirtQemuKernel-AARCH64/DEBUG_GCC49/AARCH64/MdePkg/Library/BaseMemoryLibOptDxe/BaseMemoryLibOptDxe/OUTPUT/BaseMemoryLibOptDxe.lib(CopyMemWrapper.obj)
                0x0000000000005d30                CopyMem
 *fill*         0x0000000000005e08        0x8 
 .text          0x0000000000005e10      0x200 /home/osboxes/fix_rttee_text/RT-TEE/edk2/Build/ArmVirtQemuKernel-AARCH64/DEBUG_GCC49/AARCH64/MdePkg/Library/BaseMemoryLibOptDxe/BaseMemoryLibOptDxe/OUTPUT/BaseMemoryLibOptDxe.lib(SetMem.obj)
                0x0000000000005e10                InternalMemSetMem16
                0x0000000000005e1c                InternalMemSetMem32
                0x0000000000005e28                InternalMemSetMem64
                0x0000000000005e34                InternalMemZeroMem
                0x0000000000005e3c                InternalMemSetMem
 .text          0x0000000000006010      0x218 /home/osboxes/fix_rttee_text/RT-TEE/edk2/Build/ArmVirtQemuKernel-AARCH64/DEBUG_GCC49/AARCH64/MdePkg/Library/BaseMemoryLibOptDxe/BaseMemoryLibOptDxe/OUTPUT/BaseMemoryLibOptDxe.lib(CopyMem.obj)
                0x000000000000617c                InternalMemCopyMem
 .text.SwapBytes64
                0x0000000000006228       0x1c /home/osboxes/fix_rttee_text/RT-TEE/edk2/Build/ArmVirtQemuKernel-AARCH64/DEBUG_GCC49/AARCH64/MdePkg/Library/BaseLib/BaseLib/OUTPUT/BaseLib.lib(SwapBytes64.obj)
                0x0000000000006228                SwapBytes64
 .text.SwapBytes32
                0x0000000000006244       0x50 /home/osboxes/fix_rttee_text/RT-TEE/edk2/Build/ArmVirtQemuKernel-AARCH64/DEBUG_GCC49/AARCH64/MdePkg/Library/BaseLib/BaseLib/OUTPUT/BaseLib.lib(SwapBytes32.obj)
                0x0000000000006244                SwapBytes32
 .text.SwapBytes16
                0x0000000000006294       0x38 /home/osboxes/fix_rttee_text/RT-TEE/edk2/Build/ArmVirtQemuKernel-AARCH64/DEBUG_GCC49/AARCH64/MdePkg/Library/BaseLib/BaseLib/OUTPUT/BaseLib.lib(SwapBytes16.obj)
                0x0000000000006294                SwapBytes16
 .text.MultU64x32
                0x00000000000062cc       0x2c /home/osboxes/fix_rttee_text/RT-TEE/edk2/Build/ArmVirtQemuKernel-AARCH64/DEBUG_GCC49/AARCH64/MdePkg/Library/BaseLib/BaseLib/OUTPUT/BaseLib.lib(MultU64x32.obj)
                0x00000000000062cc                MultU64x32
 .text.ReadUnaligned16
                0x00000000000062f8       0x88 /home/osboxes/fix_rttee_text/RT-TEE/edk2/Build/ArmVirtQemuKernel-AARCH64/DEBUG_GCC49/AARCH64/MdePkg/Library/BaseLib/BaseLib/OUTPUT/BaseLib.lib(Unaligned.obj)
                0x00000000000062f8                ReadUnaligned16
 .text.WriteUnaligned16
                0x0000000000006380       0x7c /home/osboxes/fix_rttee_text/RT-TEE/edk2/Build/ArmVirtQemuKernel-AARCH64/DEBUG_GCC49/AARCH64/MdePkg/Library/BaseLib/BaseLib/OUTPUT/BaseLib.lib(Unaligned.obj)
                0x0000000000006380                WriteUnaligned16
 .text.ReadUnaligned24
                0x00000000000063fc       0x6c /home/osboxes/fix_rttee_text/RT-TEE/edk2/Build/ArmVirtQemuKernel-AARCH64/DEBUG_GCC49/AARCH64/MdePkg/Library/BaseLib/BaseLib/OUTPUT/BaseLib.lib(Unaligned.obj)
                0x00000000000063fc                ReadUnaligned24
 .text.ReadUnaligned32
                0x0000000000006468       0x74 /home/osboxes/fix_rttee_text/RT-TEE/edk2/Build/ArmVirtQemuKernel-AARCH64/DEBUG_GCC49/AARCH64/MdePkg/Library/BaseLib/BaseLib/OUTPUT/BaseLib.lib(Unaligned.obj)
                0x0000000000006468                ReadUnaligned32
 .text.WriteUnaligned32
                0x00000000000064dc       0x84 /home/osboxes/fix_rttee_text/RT-TEE/edk2/Build/ArmVirtQemuKernel-AARCH64/DEBUG_GCC49/AARCH64/MdePkg/Library/BaseLib/BaseLib/OUTPUT/BaseLib.lib(Unaligned.obj)
                0x00000000000064dc                WriteUnaligned32
 .text.ReadUnaligned64
                0x0000000000006560       0x80 /home/osboxes/fix_rttee_text/RT-TEE/edk2/Build/ArmVirtQemuKernel-AARCH64/DEBUG_GCC49/AARCH64/MdePkg/Library/BaseLib/BaseLib/OUTPUT/BaseLib.lib(Unaligned.obj)
                0x0000000000006560                ReadUnaligned64
 .text.WriteUnaligned64
                0x00000000000065e0       0x88 /home/osboxes/fix_rttee_text/RT-TEE/edk2/Build/ArmVirtQemuKernel-AARCH64/DEBUG_GCC49/AARCH64/MdePkg/Library/BaseLib/BaseLib/OUTPUT/BaseLib.lib(Unaligned.obj)
                0x00000000000065e0                WriteUnaligned64
 .text.InternalMathLShiftU64
                0x0000000000006668       0x24 /home/osboxes/fix_rttee_text/RT-TEE/edk2/Build/ArmVirtQemuKernel-AARCH64/DEBUG_GCC49/AARCH64/MdePkg/Library/BaseLib/BaseLib/OUTPUT/BaseLib.lib(Math64.obj)
                0x0000000000006668                InternalMathLShiftU64
 .text.InternalMathRShiftU64
                0x000000000000668c       0x24 /home/osboxes/fix_rttee_text/RT-TEE/edk2/Build/ArmVirtQemuKernel-AARCH64/DEBUG_GCC49/AARCH64/MdePkg/Library/BaseLib/BaseLib/OUTPUT/BaseLib.lib(Math64.obj)
                0x000000000000668c                InternalMathRShiftU64
 .text.InternalMathSwapBytes64
                0x00000000000066b0       0x48 /home/osboxes/fix_rttee_text/RT-TEE/edk2/Build/ArmVirtQemuKernel-AARCH64/DEBUG_GCC49/AARCH64/MdePkg/Library/BaseLib/BaseLib/OUTPUT/BaseLib.lib(Math64.obj)
                0x00000000000066b0                InternalMathSwapBytes64
 .text.InternalMathMultU64x32
                0x00000000000066f8       0x20 /home/osboxes/fix_rttee_text/RT-TEE/edk2/Build/ArmVirtQemuKernel-AARCH64/DEBUG_GCC49/AARCH64/MdePkg/Library/BaseLib/BaseLib/OUTPUT/BaseLib.lib(Math64.obj)
                0x00000000000066f8                InternalMathMultU64x32
 .text.InternalMathDivRemU64x32
                0x0000000000006718       0x50 /home/osboxes/fix_rttee_text/RT-TEE/edk2/Build/ArmVirtQemuKernel-AARCH64/DEBUG_GCC49/AARCH64/MdePkg/Library/BaseLib/BaseLib/OUTPUT/BaseLib.lib(Math64.obj)
                0x0000000000006718                InternalMathDivRemU64x32
 .text.RShiftU64
                0x0000000000006768       0x58 /home/osboxes/fix_rttee_text/RT-TEE/edk2/Build/ArmVirtQemuKernel-AARCH64/DEBUG_GCC49/AARCH64/MdePkg/Library/BaseLib/BaseLib/OUTPUT/BaseLib.lib(RShiftU64.obj)
                0x0000000000006768                RShiftU64
 .text.LShiftU64
                0x00000000000067c0       0x58 /home/osboxes/fix_rttee_text/RT-TEE/edk2/Build/ArmVirtQemuKernel-AARCH64/DEBUG_GCC49/AARCH64/MdePkg/Library/BaseLib/BaseLib/OUTPUT/BaseLib.lib(LShiftU64.obj)
                0x00000000000067c0                LShiftU64
 .text.HobLibConstructor
                0x0000000000006818       0xbc /home/osboxes/fix_rttee_text/RT-TEE/edk2/Build/ArmVirtQemuKernel-AARCH64/DEBUG_GCC49/AARCH64/ArmVirtPkg/Library/ArmVirtDxeHobLib/ArmVirtDxeHobLib/OUTPUT/ArmVirtDxeHobLib.lib(HobLib.obj)
                0x0000000000006818                HobLibConstructor
 .text.GetHobList
                0x00000000000068d4       0x34 /home/osboxes/fix_rttee_text/RT-TEE/edk2/Build/ArmVirtQemuKernel-AARCH64/DEBUG_GCC49/AARCH64/ArmVirtPkg/Library/ArmVirtDxeHobLib/ArmVirtDxeHobLib/OUTPUT/ArmVirtDxeHobLib.lib(HobLib.obj)
                0x00000000000068d4                GetHobList
 .text.GetNextHob
                0x0000000000006908       0x8c /home/osboxes/fix_rttee_text/RT-TEE/edk2/Build/ArmVirtQemuKernel-AARCH64/DEBUG_GCC49/AARCH64/ArmVirtPkg/Library/ArmVirtDxeHobLib/ArmVirtDxeHobLib/OUTPUT/ArmVirtDxeHobLib.lib(HobLib.obj)
                0x0000000000006908                GetNextHob
 .text.GetNextGuidHob
                0x0000000000006994       0x90 /home/osboxes/fix_rttee_text/RT-TEE/edk2/Build/ArmVirtQemuKernel-AARCH64/DEBUG_GCC49/AARCH64/ArmVirtPkg/Library/ArmVirtDxeHobLib/ArmVirtDxeHobLib/OUTPUT/ArmVirtDxeHobLib.lib(HobLib.obj)
                0x0000000000006994                GetNextGuidHob
 .text.GetFirstGuidHob
                0x0000000000006a24       0x28 /home/osboxes/fix_rttee_text/RT-TEE/edk2/Build/ArmVirtQemuKernel-AARCH64/DEBUG_GCC49/AARCH64/ArmVirtPkg/Library/ArmVirtDxeHobLib/ArmVirtDxeHobLib/OUTPUT/ArmVirtDxeHobLib.lib(HobLib.obj)
                0x0000000000006a24                GetFirstGuidHob
 .text.SerialPortInitialize
                0x0000000000006a4c        0x8 /home/osboxes/fix_rttee_text/RT-TEE/edk2/Build/ArmVirtQemuKernel-AARCH64/DEBUG_GCC49/AARCH64/ArmVirtPkg/Library/FdtPL011SerialPortLib/FdtPL011SerialPortLib/OUTPUT/FdtPL011SerialPortLib.lib(FdtPL011SerialPortLib.obj)
                0x0000000000006a4c                SerialPortInitialize
 .text.FdtPL011SerialPortLibInitialize
                0x0000000000006a54      0x114 /home/osboxes/fix_rttee_text/RT-TEE/edk2/Build/ArmVirtQemuKernel-AARCH64/DEBUG_GCC49/AARCH64/ArmVirtPkg/Library/FdtPL011SerialPortLib/FdtPL011SerialPortLib/OUTPUT/FdtPL011SerialPortLib.lib(FdtPL011SerialPortLib.obj)
                0x0000000000006a54                FdtPL011SerialPortLibInitialize
 .text.SerialPortWrite
                0x0000000000006b68       0x4c /home/osboxes/fix_rttee_text/RT-TEE/edk2/Build/ArmVirtQemuKernel-AARCH64/DEBUG_GCC49/AARCH64/ArmVirtPkg/Library/FdtPL011SerialPortLib/FdtPL011SerialPortLib/OUTPUT/FdtPL011SerialPortLib.lib(FdtPL011SerialPortLib.obj)
                0x0000000000006b68                SerialPortWrite
 .text.BaseDebugLibSerialPortConstructor
                0x0000000000006bb4       0x14 /home/osboxes/fix_rttee_text/RT-TEE/edk2/Build/ArmVirtQemuKernel-AARCH64/DEBUG_GCC49/AARCH64/MdePkg/Library/BaseDebugLibSerialPort/BaseDebugLibSerialPort/OUTPUT/BaseDebugLibSerialPort.lib(DebugLib.obj)
                0x0000000000006bb4                BaseDebugLibSerialPortConstructor
 .text.DebugPrint
                0x0000000000006bc8       0xe4 /home/osboxes/fix_rttee_text/RT-TEE/edk2/Build/ArmVirtQemuKernel-AARCH64/DEBUG_GCC49/AARCH64/MdePkg/Library/BaseDebugLibSerialPort/BaseDebugLibSerialPort/OUTPUT/BaseDebugLibSerialPort.lib(DebugLib.obj)
                0x0000000000006bc8                DebugPrint
 .text.DebugAssert
                0x0000000000006cac       0xa4 /home/osboxes/fix_rttee_text/RT-TEE/edk2/Build/ArmVirtQemuKernel-AARCH64/DEBUG_GCC49/AARCH64/MdePkg/Library/BaseDebugLibSerialPort/BaseDebugLibSerialPort/OUTPUT/BaseDebugLibSerialPort.lib(DebugLib.obj)
                0x0000000000006cac                DebugAssert
 .text.DebugAssertEnabled
                0x0000000000006d50       0x20 /home/osboxes/fix_rttee_text/RT-TEE/edk2/Build/ArmVirtQemuKernel-AARCH64/DEBUG_GCC49/AARCH64/MdePkg/Library/BaseDebugLibSerialPort/BaseDebugLibSerialPort/OUTPUT/BaseDebugLibSerialPort.lib(DebugLib.obj)
                0x0000000000006d50                DebugAssertEnabled
 .text.DebugPrintEnabled
                0x0000000000006d70       0x20 /home/osboxes/fix_rttee_text/RT-TEE/edk2/Build/ArmVirtQemuKernel-AARCH64/DEBUG_GCC49/AARCH64/MdePkg/Library/BaseDebugLibSerialPort/BaseDebugLibSerialPort/OUTPUT/BaseDebugLibSerialPort.lib(DebugLib.obj)
                0x0000000000006d70                DebugPrintEnabled
 .text.DebugPrintLevelEnabled
                0x0000000000006d90       0x34 /home/osboxes/fix_rttee_text/RT-TEE/edk2/Build/ArmVirtQemuKernel-AARCH64/DEBUG_GCC49/AARCH64/MdePkg/Library/BaseDebugLibSerialPort/BaseDebugLibSerialPort/OUTPUT/BaseDebugLibSerialPort.lib(DebugLib.obj)
                0x0000000000006d90                DebugPrintLevelEnabled
 .text.UefiBootServicesTableLibConstructor
                0x0000000000006dc4      0x104 /home/osboxes/fix_rttee_text/RT-TEE/edk2/Build/ArmVirtQemuKernel-AARCH64/DEBUG_GCC49/AARCH64/MdePkg/Library/UefiBootServicesTableLib/UefiBootServicesTableLib/OUTPUT/UefiBootServicesTableLib.lib(UefiBootServicesTableLib.obj)
                0x0000000000006dc4                UefiBootServicesTableLibConstructor
 .text.InternalAllocatePool
                0x0000000000006ec8       0x54 /home/osboxes/fix_rttee_text/RT-TEE/edk2/Build/ArmVirtQemuKernel-AARCH64/DEBUG_GCC49/AARCH64/MdePkg/Library/UefiMemoryAllocationLib/UefiMemoryAllocationLib/OUTPUT/UefiMemoryAllocationLib.lib(MemoryAllocationLib.obj)
                0x0000000000006ec8                InternalAllocatePool
 .text.InternalAllocateZeroPool
                0x0000000000006f1c       0x48 /home/osboxes/fix_rttee_text/RT-TEE/edk2/Build/ArmVirtQemuKernel-AARCH64/DEBUG_GCC49/AARCH64/MdePkg/Library/UefiMemoryAllocationLib/UefiMemoryAllocationLib/OUTPUT/UefiMemoryAllocationLib.lib(MemoryAllocationLib.obj)
                0x0000000000006f1c                InternalAllocateZeroPool
 .text.AllocateZeroPool
                0x0000000000006f64       0x20 /home/osboxes/fix_rttee_text/RT-TEE/edk2/Build/ArmVirtQemuKernel-AARCH64/DEBUG_GCC49/AARCH64/MdePkg/Library/UefiMemoryAllocationLib/UefiMemoryAllocationLib/OUTPUT/UefiMemoryAllocationLib.lib(MemoryAllocationLib.obj)
                0x0000000000006f64                AllocateZeroPool
 .text.FreePool
                0x0000000000006f84       0xa0 /home/osboxes/fix_rttee_text/RT-TEE/edk2/Build/ArmVirtQemuKernel-AARCH64/DEBUG_GCC49/AARCH64/MdePkg/Library/UefiMemoryAllocationLib/UefiMemoryAllocationLib/OUTPUT/UefiMemoryAllocationLib.lib(MemoryAllocationLib.obj)
                0x0000000000006f84                FreePool
 .text.UefiRuntimeServicesTableLibConstructor
                0x0000000000007024       0x6c /home/osboxes/fix_rttee_text/RT-TEE/edk2/Build/ArmVirtQemuKernel-AARCH64/DEBUG_GCC49/AARCH64/MdePkg/Library/UefiRuntimeServicesTableLib/UefiRuntimeServicesTableLib/OUTPUT/UefiRuntimeServicesTableLib.lib(UefiRuntimeServicesTableLib.obj)
                0x0000000000007024                UefiRuntimeServicesTableLibConstructor
 .text.DevicePathLibConstructor
                0x0000000000007090       0xf0 /home/osboxes/fix_rttee_text/RT-TEE/edk2/Build/ArmVirtQemuKernel-AARCH64/DEBUG_GCC49/AARCH64/MdePkg/Library/UefiDevicePathLibDevicePathProtocol/UefiDevicePathLibDevicePathProtocol/OUTPUT/UefiDevicePathLibDevicePathProtocol.lib(UefiDevicePathLib.obj)
                0x0000000000007090                DevicePathLibConstructor
 .text.SetDevicePathNodeLength
                0x0000000000007180       0xa8 /home/osboxes/fix_rttee_text/RT-TEE/edk2/Build/ArmVirtQemuKernel-AARCH64/DEBUG_GCC49/AARCH64/MdePkg/Library/UefiDevicePathLibDevicePathProtocol/UefiDevicePathLibDevicePathProtocol/OUTPUT/UefiDevicePathLibDevicePathProtocol.lib(UefiDevicePathLib.obj)
                0x0000000000007180                SetDevicePathNodeLength
 .text.AppendDevicePathNode
                0x0000000000007228       0x34 /home/osboxes/fix_rttee_text/RT-TEE/edk2/Build/ArmVirtQemuKernel-AARCH64/DEBUG_GCC49/AARCH64/MdePkg/Library/UefiDevicePathLibDevicePathProtocol/UefiDevicePathLibDevicePathProtocol/OUTPUT/UefiDevicePathLibDevicePathProtocol.lib(UefiDevicePathLib.obj)
                0x0000000000007228                AppendDevicePathNode
 .text.EfiLibInstallDriverBindingComponentName2
                0x000000000000725c      0x254 /home/osboxes/fix_rttee_text/RT-TEE/edk2/Build/ArmVirtQemuKernel-AARCH64/DEBUG_GCC49/AARCH64/MdePkg/Library/UefiLib/UefiLib/OUTPUT/UefiLib.lib(UefiDriverModel.obj)
                0x000000000000725c                EfiLibInstallDriverBindingComponentName2
 .text.UefiLibConstructor
                0x00000000000074b0       0x18 /home/osboxes/fix_rttee_text/RT-TEE/edk2/Build/ArmVirtQemuKernel-AARCH64/DEBUG_GCC49/AARCH64/MdePkg/Library/UefiLib/UefiLib/OUTPUT/UefiLib.lib(UefiLib.obj)
                0x00000000000074b0                UefiLibConstructor
 .text.CompareIso639LanguageCode
                0x00000000000074c8       0x44 /home/osboxes/fix_rttee_text/RT-TEE/edk2/Build/ArmVirtQemuKernel-AARCH64/DEBUG_GCC49/AARCH64/MdePkg/Library/UefiLib/UefiLib/OUTPUT/UefiLib.lib(UefiLib.obj)
                0x00000000000074c8                CompareIso639LanguageCode
 .text.EfiGetCurrentTpl
                0x000000000000750c       0x48 /home/osboxes/fix_rttee_text/RT-TEE/edk2/Build/ArmVirtQemuKernel-AARCH64/DEBUG_GCC49/AARCH64/MdePkg/Library/UefiLib/UefiLib/OUTPUT/UefiLib.lib(UefiLib.obj)
                0x000000000000750c                EfiGetCurrentTpl
 .text.LookupUnicodeString2
                0x0000000000007554      0x29c /home/osboxes/fix_rttee_text/RT-TEE/edk2/Build/ArmVirtQemuKernel-AARCH64/DEBUG_GCC49/AARCH64/MdePkg/Library/UefiLib/UefiLib/OUTPUT/UefiLib.lib(UefiLib.obj)
                0x0000000000007554                LookupUnicodeString2
 .text.CompareGuid
                0x00000000000077f0       0x90 /home/osboxes/fix_rttee_text/RT-TEE/edk2/Build/ArmVirtQemuKernel-AARCH64/DEBUG_GCC49/AARCH64/MdePkg/Library/BaseMemoryLibOptDxe/BaseMemoryLibOptDxe/OUTPUT/BaseMemoryLibOptDxe.lib(MemLibGuid.obj)
                0x00000000000077f0                CompareGuid
 .text          0x0000000000007880       0x20 /home/osboxes/fix_rttee_text/RT-TEE/edk2/Build/ArmVirtQemuKernel-AARCH64/DEBUG_GCC49/AARCH64/MdePkg/Library/BaseMemoryLibOptDxe/BaseMemoryLibOptDxe/OUTPUT/BaseMemoryLibOptDxe.lib(CompareGuid.obj)
                0x0000000000007880                InternalMemCompareGuid
 .text.CpuDeadLoop
                0x00000000000078a0       0x24 /home/osboxes/fix_rttee_text/RT-TEE/edk2/Build/ArmVirtQemuKernel-AARCH64/DEBUG_GCC49/AARCH64/MdePkg/Library/BaseLib/BaseLib/OUTPUT/BaseLib.lib(CpuDeadLoop.obj)
                0x00000000000078a0                CpuDeadLoop
 .text.AsciiStrLen
                0x00000000000078c4       0xd4 /home/osboxes/fix_rttee_text/RT-TEE/edk2/Build/ArmVirtQemuKernel-AARCH64/DEBUG_GCC49/AARCH64/MdePkg/Library/BaseLib/BaseLib/OUTPUT/BaseLib.lib(String.obj)
                0x00000000000078c4                AsciiStrLen
 .text.AsciiStrSize
                0x0000000000007998       0x20 /home/osboxes/fix_rttee_text/RT-TEE/edk2/Build/ArmVirtQemuKernel-AARCH64/DEBUG_GCC49/AARCH64/MdePkg/Library/BaseLib/BaseLib/OUTPUT/BaseLib.lib(String.obj)
                0x0000000000007998                AsciiStrSize
 .text.AsciiStrnCmp
                0x00000000000079b8      0x180 /home/osboxes/fix_rttee_text/RT-TEE/edk2/Build/ArmVirtQemuKernel-AARCH64/DEBUG_GCC49/AARCH64/MdePkg/Library/BaseLib/BaseLib/OUTPUT/BaseLib.lib(String.obj)
                0x00000000000079b8                AsciiStrnCmp
 .text          0x0000000000007b38        0x8 /home/osboxes/fix_rttee_text/RT-TEE/edk2/Build/ArmVirtQemuKernel-AARCH64/DEBUG_GCC49/AARCH64/MdePkg/Library/BaseLib/BaseLib/OUTPUT/BaseLib.lib(CpuBreakpoint.obj)
                0x0000000000007b38                CpuBreakpoint
 .text.StrnLenS
                0x0000000000007b40       0xc0 /home/osboxes/fix_rttee_text/RT-TEE/edk2/Build/ArmVirtQemuKernel-AARCH64/DEBUG_GCC49/AARCH64/MdePkg/Library/BaseLib/BaseLib/OUTPUT/BaseLib.lib(SafeString.obj)
                0x0000000000007b40                StrnLenS
 .text.AsciiStrnLenS
                0x0000000000007c00       0x80 /home/osboxes/fix_rttee_text/RT-TEE/edk2/Build/ArmVirtQemuKernel-AARCH64/DEBUG_GCC49/AARCH64/MdePkg/Library/BaseLib/BaseLib/OUTPUT/BaseLib.lib(SafeString.obj)
                0x0000000000007c00                AsciiStrnLenS
 .text.PL011UartInitializePort
                0x0000000000007c80      0x3b0 /home/osboxes/fix_rttee_text/RT-TEE/edk2/Build/ArmVirtQemuKernel-AARCH64/DEBUG_GCC49/AARCH64/ArmPlatformPkg/Library/PL011UartLib/PL011UartLib/OUTPUT/PL011UartLib.lib(PL011UartLib.obj)
                0x0000000000007c80                PL011UartInitializePort
 .text.PL011UartWrite
                0x0000000000008030       0x7c /home/osboxes/fix_rttee_text/RT-TEE/edk2/Build/ArmVirtQemuKernel-AARCH64/DEBUG_GCC49/AARCH64/ArmPlatformPkg/Library/PL011UartLib/PL011UartLib/OUTPUT/PL011UartLib.lib(PL011UartLib.obj)
                0x0000000000008030                PL011UartWrite
 .text.GetDebugPrintErrorLevel
                0x00000000000080ac       0x10 /home/osboxes/fix_rttee_text/RT-TEE/edk2/Build/ArmVirtQemuKernel-AARCH64/DEBUG_GCC49/AARCH64/MdePkg/Library/BaseDebugPrintErrorLevelLib/BaseDebugPrintErrorLevelLib/OUTPUT/BaseDebugPrintErrorLevelLib.lib(BaseDebugPrintErrorLevelLib.obj)
                0x00000000000080ac                GetDebugPrintErrorLevel
 .text.AsciiVSPrint
                0x00000000000080bc       0x68 /home/osboxes/fix_rttee_text/RT-TEE/edk2/Build/ArmVirtQemuKernel-AARCH64/DEBUG_GCC49/AARCH64/MdePkg/Library/BasePrintLib/BasePrintLib/OUTPUT/BasePrintLib.lib(PrintLib.obj)
                0x00000000000080bc                AsciiVSPrint
 .text.AsciiSPrint
                0x0000000000008124       0x94 /home/osboxes/fix_rttee_text/RT-TEE/edk2/Build/ArmVirtQemuKernel-AARCH64/DEBUG_GCC49/AARCH64/MdePkg/Library/BasePrintLib/BasePrintLib/OUTPUT/BasePrintLib.lib(PrintLib.obj)
                0x0000000000008124                AsciiSPrint
 .text.BasePrintLibFillBuffer
                0x00000000000081b8       0x9c /home/osboxes/fix_rttee_text/RT-TEE/edk2/Build/ArmVirtQemuKernel-AARCH64/DEBUG_GCC49/AARCH64/MdePkg/Library/BasePrintLib/BasePrintLib/OUTPUT/BasePrintLib.lib(PrintLibInternal.obj)
                0x00000000000081b8                BasePrintLibFillBuffer
 .text.BasePrintLibValueToString
                0x0000000000008254       0x7c /home/osboxes/fix_rttee_text/RT-TEE/edk2/Build/ArmVirtQemuKernel-AARCH64/DEBUG_GCC49/AARCH64/MdePkg/Library/BasePrintLib/BasePrintLib/OUTPUT/BasePrintLib.lib(PrintLibInternal.obj)
                0x0000000000008254                BasePrintLibValueToString
 .text.BasePrintLibSPrintMarker
                0x00000000000082d0     0x1bcc /home/osboxes/fix_rttee_text/RT-TEE/edk2/Build/ArmVirtQemuKernel-AARCH64/DEBUG_GCC49/AARCH64/MdePkg/Library/BasePrintLib/BasePrintLib/OUTPUT/BasePrintLib.lib(PrintLibInternal.obj)
                0x00000000000082d0                BasePrintLibSPrintMarker
 .text.BasePrintLibSPrint
                0x0000000000009e9c       0x9c /home/osboxes/fix_rttee_text/RT-TEE/edk2/Build/ArmVirtQemuKernel-AARCH64/DEBUG_GCC49/AARCH64/MdePkg/Library/BasePrintLib/BasePrintLib/OUTPUT/BasePrintLib.lib(PrintLibInternal.obj)
                0x0000000000009e9c                BasePrintLibSPrint
 .text.DivU64x32Remainder
                0x0000000000009f38       0x60 /home/osboxes/fix_rttee_text/RT-TEE/edk2/Build/ArmVirtQemuKernel-AARCH64/DEBUG_GCC49/AARCH64/MdePkg/Library/BaseLib/BaseLib/OUTPUT/BaseLib.lib(DivU64x32Remainder.obj)
                0x0000000000009f38                DivU64x32Remainder
 .text.MmioWrite8
                0x0000000000009f98       0x28 /home/osboxes/fix_rttee_text/RT-TEE/edk2/Build/ArmVirtQemuKernel-AARCH64/DEBUG_GCC49/AARCH64/MdePkg/Library/BaseIoLibIntrinsic/BaseIoLibIntrinsicArmVirt/OUTPUT/BaseIoLibIntrinsicArmVirt.lib(IoLibArmVirt.obj)
                0x0000000000009f98                MmioWrite8
 .text.MmioRead32
                0x0000000000009fc0       0x54 /home/osboxes/fix_rttee_text/RT-TEE/edk2/Build/ArmVirtQemuKernel-AARCH64/DEBUG_GCC49/AARCH64/MdePkg/Library/BaseIoLibIntrinsic/BaseIoLibIntrinsicArmVirt/OUTPUT/BaseIoLibIntrinsicArmVirt.lib(IoLibArmVirt.obj)
                0x0000000000009fc0                MmioRead32
 .text.MmioWrite32
                0x000000000000a014       0x60 /home/osboxes/fix_rttee_text/RT-TEE/edk2/Build/ArmVirtQemuKernel-AARCH64/DEBUG_GCC49/AARCH64/MdePkg/Library/BaseIoLibIntrinsic/BaseIoLibIntrinsicArmVirt/OUTPUT/BaseIoLibIntrinsicArmVirt.lib(IoLibArmVirt.obj)
                0x000000000000a014                MmioWrite32
 *fill*         0x000000000000a074        0x4 
 .text          0x000000000000a078       0x60 /home/osboxes/fix_rttee_text/RT-TEE/edk2/Build/ArmVirtQemuKernel-AARCH64/DEBUG_GCC49/AARCH64/MdePkg/Library/BaseIoLibIntrinsic/BaseIoLibIntrinsicArmVirt/OUTPUT/BaseIoLibIntrinsicArmVirt.lib(ArmVirtMmio.obj)
                0x000000000000a078                MmioRead8Internal
                0x000000000000a084                MmioWrite8Internal
                0x000000000000a090                MmioRead16Internal
                0x000000000000a09c                MmioWrite16Internal
                0x000000000000a0a8                MmioRead32Internal
                0x000000000000a0b4                MmioWrite32Internal
                0x000000000000a0c0                MmioRead64Internal
                0x000000000000a0cc                MmioWrite64Internal
 *(.rodata .rodata.* .gnu.linkonce.r.*)
 .rodata        0x000000000000a0d8       0xa0 /home/osboxes/fix_rttee_text/RT-TEE/edk2/Build/ArmVirtQemuKernel-AARCH64/DEBUG_GCC49/AARCH64/MdePkg/Library/UefiDriverEntryPoint/UefiDriverEntryPoint/OUTPUT/UefiDriverEntryPoint.lib(DriverEntryPoint.obj)
 .rodata        0x000000000000a178       0xfe /home/osboxes/fix_rttee_text/RT-TEE/edk2/Build/ArmVirtQemuKernel-AARCH64/DEBUG_GCC49/AARCH64/MdeModulePkg/Bus/Usb/UsbMassStorageDxe/UsbMassStorageDxe/OUTPUT/UsbMassStorageDxe.lib(AutoGen.obj)
 *fill*         0x000000000000a276        0x2 
 .rodata._gPcd_FixedAtBuild_PcdMaximumAsciiStringLength
                0x000000000000a278        0x4 /home/osboxes/fix_rttee_text/RT-TEE/edk2/Build/ArmVirtQemuKernel-AARCH64/DEBUG_GCC49/AARCH64/MdeModulePkg/Bus/Usb/UsbMassStorageDxe/UsbMassStorageDxe/OUTPUT/UsbMassStorageDxe.lib(AutoGen.obj)
                0x000000000000a278                _gPcd_FixedAtBuild_PcdMaximumAsciiStringLength
 .rodata._gPcd_FixedAtBuild_PcdMaximumUnicodeStringLength
                0x000000000000a27c        0x4 /home/osboxes/fix_rttee_text/RT-TEE/edk2/Build/ArmVirtQemuKernel-AARCH64/DEBUG_GCC49/AARCH64/MdeModulePkg/Bus/Usb/UsbMassStorageDxe/UsbMassStorageDxe/OUTPUT/UsbMassStorageDxe.lib(AutoGen.obj)
                0x000000000000a27c                _gPcd_FixedAtBuild_PcdMaximumUnicodeStringLength
 .rodata._gPcd_FixedAtBuild_PcdDebugPropertyMask
                0x000000000000a280        0x1 /home/osboxes/fix_rttee_text/RT-TEE/edk2/Build/ArmVirtQemuKernel-AARCH64/DEBUG_GCC49/AARCH64/MdeModulePkg/Bus/Usb/UsbMassStorageDxe/UsbMassStorageDxe/OUTPUT/UsbMassStorageDxe.lib(AutoGen.obj)
                0x000000000000a280                _gPcd_FixedAtBuild_PcdDebugPropertyMask
 *fill*         0x000000000000a281        0x3 
 .rodata._gPcd_FixedAtBuild_PcdDebugPrintErrorLevel
                0x000000000000a284        0x4 /home/osboxes/fix_rttee_text/RT-TEE/edk2/Build/ArmVirtQemuKernel-AARCH64/DEBUG_GCC49/AARCH64/MdeModulePkg/Bus/Usb/UsbMassStorageDxe/UsbMassStorageDxe/OUTPUT/UsbMassStorageDxe.lib(AutoGen.obj)
                0x000000000000a284                _gPcd_FixedAtBuild_PcdDebugPrintErrorLevel
 .rodata._gPcd_FixedAtBuild_PcdUartDefaultBaudRate
                0x000000000000a288        0x8 /home/osboxes/fix_rttee_text/RT-TEE/edk2/Build/ArmVirtQemuKernel-AARCH64/DEBUG_GCC49/AARCH64/MdeModulePkg/Bus/Usb/UsbMassStorageDxe/UsbMassStorageDxe/OUTPUT/UsbMassStorageDxe.lib(AutoGen.obj)
                0x000000000000a288                _gPcd_FixedAtBuild_PcdUartDefaultBaudRate
 .rodata._gPcd_FixedAtBuild_PcdUartDefaultDataBits
                0x000000000000a290        0x1 /home/osboxes/fix_rttee_text/RT-TEE/edk2/Build/ArmVirtQemuKernel-AARCH64/DEBUG_GCC49/AARCH64/MdeModulePkg/Bus/Usb/UsbMassStorageDxe/UsbMassStorageDxe/OUTPUT/UsbMassStorageDxe.lib(AutoGen.obj)
                0x000000000000a290                _gPcd_FixedAtBuild_PcdUartDefaultDataBits
 .rodata._gPcd_FixedAtBuild_PcdUartDefaultParity
                0x000000000000a291        0x1 /home/osboxes/fix_rttee_text/RT-TEE/edk2/Build/ArmVirtQemuKernel-AARCH64/DEBUG_GCC49/AARCH64/MdeModulePkg/Bus/Usb/UsbMassStorageDxe/UsbMassStorageDxe/OUTPUT/UsbMassStorageDxe.lib(AutoGen.obj)
                0x000000000000a291                _gPcd_FixedAtBuild_PcdUartDefaultParity
 .rodata._gPcd_FixedAtBuild_PcdUartDefaultStopBits
                0x000000000000a292        0x1 /home/osboxes/fix_rttee_text/RT-TEE/edk2/Build/ArmVirtQemuKernel-AARCH64/DEBUG_GCC49/AARCH64/MdeModulePkg/Bus/Usb/UsbMassStorageDxe/UsbMassStorageDxe/OUTPUT/UsbMassStorageDxe.lib(AutoGen.obj)
                0x000000000000a292                _gPcd_FixedAtBuild_PcdUartDefaultStopBits
 *fill*         0x000000000000a293        0x1 
 .rodata._gPcd_FixedAtBuild_PcdFixedDebugPrintErrorLevel
                0x000000000000a294        0x4 /home/osboxes/fix_rttee_text/RT-TEE/edk2/Build/ArmVirtQemuKernel-AARCH64/DEBUG_GCC49/AARCH64/MdeModulePkg/Bus/Usb/UsbMassStorageDxe/UsbMassStorageDxe/OUTPUT/UsbMassStorageDxe.lib(AutoGen.obj)
                0x000000000000a294                _gPcd_FixedAtBuild_PcdFixedDebugPrintErrorLevel
 .rodata._gPcd_FixedAtBuild_PcdComponentNameDisable
                0x000000000000a298        0x1 /home/osboxes/fix_rttee_text/RT-TEE/edk2/Build/ArmVirtQemuKernel-AARCH64/DEBUG_GCC49/AARCH64/MdeModulePkg/Bus/Usb/UsbMassStorageDxe/UsbMassStorageDxe/OUTPUT/UsbMassStorageDxe.lib(AutoGen.obj)
                0x000000000000a298                _gPcd_FixedAtBuild_PcdComponentNameDisable
 .rodata._gPcd_FixedAtBuild_PcdComponentName2Disable
                0x000000000000a299        0x1 /home/osboxes/fix_rttee_text/RT-TEE/edk2/Build/ArmVirtQemuKernel-AARCH64/DEBUG_GCC49/AARCH64/MdeModulePkg/Bus/Usb/UsbMassStorageDxe/UsbMassStorageDxe/OUTPUT/UsbMassStorageDxe.lib(AutoGen.obj)
                0x000000000000a299                _gPcd_FixedAtBuild_PcdComponentName2Disable
 *fill*         0x000000000000a29a        0x2 
 .rodata._gUefiDriverRevision
                0x000000000000a29c        0x4 /home/osboxes/fix_rttee_text/RT-TEE/edk2/Build/ArmVirtQemuKernel-AARCH64/DEBUG_GCC49/AARCH64/MdeModulePkg/Bus/Usb/UsbMassStorageDxe/UsbMassStorageDxe/OUTPUT/UsbMassStorageDxe.lib(AutoGen.obj)
                0x000000000000a29c                _gUefiDriverRevision
 .rodata._gDriverUnloadImageCount
                0x000000000000a2a0        0x1 /home/osboxes/fix_rttee_text/RT-TEE/edk2/Build/ArmVirtQemuKernel-AARCH64/DEBUG_GCC49/AARCH64/MdeModulePkg/Bus/Usb/UsbMassStorageDxe/UsbMassStorageDxe/OUTPUT/UsbMassStorageDxe.lib(AutoGen.obj)
                0x000000000000a2a0                _gDriverUnloadImageCount
 *fill*         0x000000000000a2a1        0x7 
 .rodata        0x000000000000a2a8      0x5bc /home/osboxes/fix_rttee_text/RT-TEE/edk2/Build/ArmVirtQemuKernel-AARCH64/DEBUG_GCC49/AARCH64/MdeModulePkg/Bus/Usb/UsbMassStorageDxe/UsbMassStorageDxe/OUTPUT/UsbMassStorageDxe.lib(UsbMassImpl.obj)
 *fill*         0x000000000000a864        0x4 
 .rodata        0x000000000000a868      0x2dd /home/osboxes/fix_rttee_text/RT-TEE/edk2/Build/ArmVirtQemuKernel-AARCH64/DEBUG_GCC49/AARCH64/MdeModulePkg/Bus/Usb/UsbMassStorageDxe/UsbMassStorageDxe/OUTPUT/UsbMassStorageDxe.lib(UsbMassBoot.obj)
 *fill*         0x000000000000ab45        0x3 
 .rodata        0x000000000000ab48      0x101 /home/osboxes/fix_rttee_text/RT-TEE/edk2/Build/ArmVirtQemuKernel-AARCH64/DEBUG_GCC49/AARCH64/MdeModulePkg/Bus/Usb/UsbMassStorageDxe/UsbMassStorageDxe/OUTPUT/UsbMassStorageDxe.lib(UsbMassCbi.obj)
 *fill*         0x000000000000ac49        0x7 
 .rodata        0x000000000000ac50       0x7a /home/osboxes/fix_rttee_text/RT-TEE/edk2/Build/ArmVirtQemuKernel-AARCH64/DEBUG_GCC49/AARCH64/MdeModulePkg/Bus/Usb/UsbMassStorageDxe/UsbMassStorageDxe/OUTPUT/UsbMassStorageDxe.lib(UsbMassDiskInfo.obj)
 *fill*         0x000000000000acca        0x6 
 .rodata        0x000000000000acd0      0x139 /home/osboxes/fix_rttee_text/RT-TEE/edk2/Build/ArmVirtQemuKernel-AARCH64/DEBUG_GCC49/AARCH64/MdeModulePkg/Bus/Usb/UsbMassStorageDxe/UsbMassStorageDxe/OUTPUT/UsbMassStorageDxe.lib(UsbMassBot.obj)
 *fill*         0x000000000000ae09        0x7 
 .rodata        0x000000000000ae10       0x48 /home/osboxes/fix_rttee_text/RT-TEE/edk2/Build/ArmVirtQemuKernel-AARCH64/DEBUG_GCC49/AARCH64/MdeModulePkg/Bus/Usb/UsbMassStorageDxe/UsbMassStorageDxe/OUTPUT/UsbMassStorageDxe.lib(ComponentName.obj)
 .rodata        0x000000000000ae58       0xae /home/osboxes/fix_rttee_text/RT-TEE/edk2/Build/ArmVirtQemuKernel-AARCH64/DEBUG_GCC49/AARCH64/MdePkg/Library/BaseMemoryLibOptDxe/BaseMemoryLibOptDxe/OUTPUT/BaseMemoryLibOptDxe.lib(ZeroMemWrapper.obj)
 *fill*         0x000000000000af06        0x2 
 .rodata        0x000000000000af08       0x94 /home/osboxes/fix_rttee_text/RT-TEE/edk2/Build/ArmVirtQemuKernel-AARCH64/DEBUG_GCC49/AARCH64/MdePkg/Library/BaseMemoryLibOptDxe/BaseMemoryLibOptDxe/OUTPUT/BaseMemoryLibOptDxe.lib(SetMemWrapper.obj)
 *fill*         0x000000000000af9c        0x4 
 .rodata        0x000000000000afa0       0xe6 /home/osboxes/fix_rttee_text/RT-TEE/edk2/Build/ArmVirtQemuKernel-AARCH64/DEBUG_GCC49/AARCH64/MdePkg/Library/BaseMemoryLibOptDxe/BaseMemoryLibOptDxe/OUTPUT/BaseMemoryLibOptDxe.lib(CopyMemWrapper.obj)
 *fill*         0x000000000000b086        0x2 
 .rodata        0x000000000000b088       0x68 /home/osboxes/fix_rttee_text/RT-TEE/edk2/Build/ArmVirtQemuKernel-AARCH64/DEBUG_GCC49/AARCH64/MdePkg/Library/BaseLib/BaseLib/OUTPUT/BaseLib.lib(Unaligned.obj)
 .rodata        0x000000000000b0f0       0x5c /home/osboxes/fix_rttee_text/RT-TEE/edk2/Build/ArmVirtQemuKernel-AARCH64/DEBUG_GCC49/AARCH64/MdePkg/Library/BaseLib/BaseLib/OUTPUT/BaseLib.lib(RShiftU64.obj)
 *fill*         0x000000000000b14c        0x4 
 .rodata        0x000000000000b150       0x5c /home/osboxes/fix_rttee_text/RT-TEE/edk2/Build/ArmVirtQemuKernel-AARCH64/DEBUG_GCC49/AARCH64/MdePkg/Library/BaseLib/BaseLib/OUTPUT/BaseLib.lib(LShiftU64.obj)
 *fill*         0x000000000000b1ac        0x4 
 .rodata        0x000000000000b1b0       0xa7 /home/osboxes/fix_rttee_text/RT-TEE/edk2/Build/ArmVirtQemuKernel-AARCH64/DEBUG_GCC49/AARCH64/MdePkg/Library/BaseDebugLibSerialPort/BaseDebugLibSerialPort/OUTPUT/BaseDebugLibSerialPort.lib(DebugLib.obj)
 *fill*         0x000000000000b257        0x1 
 .rodata        0x000000000000b258       0xbc /home/osboxes/fix_rttee_text/RT-TEE/edk2/Build/ArmVirtQemuKernel-AARCH64/DEBUG_GCC49/AARCH64/MdePkg/Library/UefiBootServicesTableLib/UefiBootServicesTableLib/OUTPUT/UefiBootServicesTableLib.lib(UefiBootServicesTableLib.obj)
 *fill*         0x000000000000b314        0x4 
 .rodata        0x000000000000b318      0x14f /home/osboxes/fix_rttee_text/RT-TEE/edk2/Build/ArmVirtQemuKernel-AARCH64/DEBUG_GCC49/AARCH64/MdePkg/Library/UefiMemoryAllocationLib/UefiMemoryAllocationLib/OUTPUT/UefiMemoryAllocationLib.lib(MemoryAllocationLib.obj)
 *fill*         0x000000000000b467        0x1 
 .rodata        0x000000000000b468       0x8a /home/osboxes/fix_rttee_text/RT-TEE/edk2/Build/ArmVirtQemuKernel-AARCH64/DEBUG_GCC49/AARCH64/MdePkg/Library/UefiRuntimeServicesTableLib/UefiRuntimeServicesTableLib/OUTPUT/UefiRuntimeServicesTableLib.lib(UefiRuntimeServicesTableLib.obj)
 *fill*         0x000000000000b4f2        0x6 
 .rodata        0x000000000000b4f8      0x17d /home/osboxes/fix_rttee_text/RT-TEE/edk2/Build/ArmVirtQemuKernel-AARCH64/DEBUG_GCC49/AARCH64/MdePkg/Library/UefiDevicePathLibDevicePathProtocol/UefiDevicePathLibDevicePathProtocol/OUTPUT/UefiDevicePathLibDevicePathProtocol.lib(UefiDevicePathLib.obj)
 *fill*         0x000000000000b675        0x3 
 .rodata        0x000000000000b678       0xb4 /home/osboxes/fix_rttee_text/RT-TEE/edk2/Build/ArmVirtQemuKernel-AARCH64/DEBUG_GCC49/AARCH64/MdePkg/Library/UefiLib/UefiLib/OUTPUT/UefiLib.lib(UefiDriverModel.obj)
 *fill*         0x000000000000b72c        0x4 
 .rodata        0x000000000000b730      0x17d /home/osboxes/fix_rttee_text/RT-TEE/edk2/Build/ArmVirtQemuKernel-AARCH64/DEBUG_GCC49/AARCH64/MdePkg/Library/BaseMemoryLibOptDxe/BaseMemoryLibOptDxe/OUTPUT/BaseMemoryLibOptDxe.lib(MemLibGuid.obj)
 *fill*         0x000000000000b8ad        0x3 
 .rodata        0x000000000000b8b0      0x2bc /home/osboxes/fix_rttee_text/RT-TEE/edk2/Build/ArmVirtQemuKernel-AARCH64/DEBUG_GCC49/AARCH64/MdePkg/Library/BaseLib/BaseLib/OUTPUT/BaseLib.lib(String.obj)
 *fill*         0x000000000000bb6c        0x4 
 .rodata        0x000000000000bb70      0x644 /home/osboxes/fix_rttee_text/RT-TEE/edk2/Build/ArmVirtQemuKernel-AARCH64/DEBUG_GCC49/AARCH64/MdePkg/Library/BaseLib/BaseLib/OUTPUT/BaseLib.lib(SafeString.obj)
 *fill*         0x000000000000c1b4        0x4 
 .rodata.mHexStr
                0x000000000000c1b8       0x10 /home/osboxes/fix_rttee_text/RT-TEE/edk2/Build/ArmVirtQemuKernel-AARCH64/DEBUG_GCC49/AARCH64/MdePkg/Library/BasePrintLib/BasePrintLib/OUTPUT/BasePrintLib.lib(PrintLibInternal.obj)
                0x000000000000c1b8                mHexStr
 .rodata        0x000000000000c1c8      0x72a /home/osboxes/fix_rttee_text/RT-TEE/edk2/Build/ArmVirtQemuKernel-AARCH64/DEBUG_GCC49/AARCH64/MdePkg/Library/BasePrintLib/BasePrintLib/OUTPUT/BasePrintLib.lib(PrintLibInternal.obj)
 *fill*         0x000000000000c8f2        0x6 
 .rodata.mStatusString
                0x000000000000c8f8      0x138 /home/osboxes/fix_rttee_text/RT-TEE/edk2/Build/ArmVirtQemuKernel-AARCH64/DEBUG_GCC49/AARCH64/MdePkg/Library/BasePrintLib/BasePrintLib/OUTPUT/BasePrintLib.lib(PrintLibInternal.obj)
                0x000000000000c8f8                mStatusString
 .rodata        0x000000000000ca30       0x65 /home/osboxes/fix_rttee_text/RT-TEE/edk2/Build/ArmVirtQemuKernel-AARCH64/DEBUG_GCC49/AARCH64/MdePkg/Library/BaseLib/BaseLib/OUTPUT/BaseLib.lib(DivU64x32Remainder.obj)
 *fill*         0x000000000000ca95        0x3 
 .rodata        0x000000000000ca98       0xbb /home/osboxes/fix_rttee_text/RT-TEE/edk2/Build/ArmVirtQemuKernel-AARCH64/DEBUG_GCC49/AARCH64/MdePkg/Library/BaseIoLibIntrinsic/BaseIoLibIntrinsicArmVirt/OUTPUT/BaseIoLibIntrinsicArmVirt.lib(IoLibArmVirt.obj)
 *(.got .got.*)
 *:AutoGen.obj(.data.g*Guid)
 *fill*         0x000000000000cb53        0x5 
 .data.gEfiHobListGuid
                0x000000000000cb58       0x10 /home/osboxes/fix_rttee_text/RT-TEE/edk2/Build/ArmVirtQemuKernel-AARCH64/DEBUG_GCC49/AARCH64/MdeModulePkg/Bus/Usb/UsbMassStorageDxe/UsbMassStorageDxe/OUTPUT/UsbMassStorageDxe.lib(AutoGen.obj)
                0x000000000000cb58                gEfiHobListGuid
 .data.gEarlyPL011BaseAddressGuid
                0x000000000000cb68       0x10 /home/osboxes/fix_rttee_text/RT-TEE/edk2/Build/ArmVirtQemuKernel-AARCH64/DEBUG_GCC49/AARCH64/MdeModulePkg/Bus/Usb/UsbMassStorageDxe/UsbMassStorageDxe/OUTPUT/UsbMassStorageDxe.lib(AutoGen.obj)
                0x000000000000cb68                gEarlyPL011BaseAddressGuid
 .data.gEfiUsbIoProtocolGuid
                0x000000000000cb78       0x10 /home/osboxes/fix_rttee_text/RT-TEE/edk2/Build/ArmVirtQemuKernel-AARCH64/DEBUG_GCC49/AARCH64/MdeModulePkg/Bus/Usb/UsbMassStorageDxe/UsbMassStorageDxe/OUTPUT/UsbMassStorageDxe.lib(AutoGen.obj)
                0x000000000000cb78                gEfiUsbIoProtocolGuid
 .data.gEfiDevicePathProtocolGuid
                0x000000000000cb88       0x10 /home/osboxes/fix_rttee_text/RT-TEE/edk2/Build/ArmVirtQemuKernel-AARCH64/DEBUG_GCC49/AARCH64/MdeModulePkg/Bus/Usb/UsbMassStorageDxe/UsbMassStorageDxe/OUTPUT/UsbMassStorageDxe.lib(AutoGen.obj)
                0x000000000000cb88                gEfiDevicePathProtocolGuid
 .data.gEfiBlockIoProtocolGuid
                0x000000000000cb98       0x10 /home/osboxes/fix_rttee_text/RT-TEE/edk2/Build/ArmVirtQemuKernel-AARCH64/DEBUG_GCC49/AARCH64/MdeModulePkg/Bus/Usb/UsbMassStorageDxe/UsbMassStorageDxe/OUTPUT/UsbMassStorageDxe.lib(AutoGen.obj)
                0x000000000000cb98                gEfiBlockIoProtocolGuid
 .data.gEfiDiskInfoProtocolGuid
                0x000000000000cba8       0x10 /home/osboxes/fix_rttee_text/RT-TEE/edk2/Build/ArmVirtQemuKernel-AARCH64/DEBUG_GCC49/AARCH64/MdeModulePkg/Bus/Usb/UsbMassStorageDxe/UsbMassStorageDxe/OUTPUT/UsbMassStorageDxe.lib(AutoGen.obj)
                0x000000000000cba8                gEfiDiskInfoProtocolGuid
 .data.gEfiDevicePathUtilitiesProtocolGuid
                0x000000000000cbb8       0x10 /home/osboxes/fix_rttee_text/RT-TEE/edk2/Build/ArmVirtQemuKernel-AARCH64/DEBUG_GCC49/AARCH64/MdeModulePkg/Bus/Usb/UsbMassStorageDxe/UsbMassStorageDxe/OUTPUT/UsbMassStorageDxe.lib(AutoGen.obj)
                0x000000000000cbb8                gEfiDevicePathUtilitiesProtocolGuid
 .data.gEfiDriverBindingProtocolGuid
                0x000000000000cbc8       0x10 /home/osboxes/fix_rttee_text/RT-TEE/edk2/Build/ArmVirtQemuKernel-AARCH64/DEBUG_GCC49/AARCH64/MdeModulePkg/Bus/Usb/UsbMassStorageDxe/UsbMassStorageDxe/OUTPUT/UsbMassStorageDxe.lib(AutoGen.obj)
                0x000000000000cbc8                gEfiDriverBindingProtocolGuid
 .data.gEfiComponentNameProtocolGuid
                0x000000000000cbd8       0x10 /home/osboxes/fix_rttee_text/RT-TEE/edk2/Build/ArmVirtQemuKernel-AARCH64/DEBUG_GCC49/AARCH64/MdeModulePkg/Bus/Usb/UsbMassStorageDxe/UsbMassStorageDxe/OUTPUT/UsbMassStorageDxe.lib(AutoGen.obj)
                0x000000000000cbd8                gEfiComponentNameProtocolGuid
 .data.gEfiComponentName2ProtocolGuid
                0x000000000000cbe8       0x10 /home/osboxes/fix_rttee_text/RT-TEE/edk2/Build/ArmVirtQemuKernel-AARCH64/DEBUG_GCC49/AARCH64/MdeModulePkg/Bus/Usb/UsbMassStorageDxe/UsbMassStorageDxe/OUTPUT/UsbMassStorageDxe.lib(AutoGen.obj)
                0x000000000000cbe8                gEfiComponentName2ProtocolGuid
 .data.gEfiLoadedImageProtocolGuid
                0x000000000000cbf8       0x10 /home/osboxes/fix_rttee_text/RT-TEE/edk2/Build/ArmVirtQemuKernel-AARCH64/DEBUG_GCC49/AARCH64/MdeModulePkg/Bus/Usb/UsbMassStorageDxe/UsbMassStorageDxe/OUTPUT/UsbMassStorageDxe.lib(AutoGen.obj)
                0x000000000000cbf8                gEfiLoadedImageProtocolGuid

.iplt           0x000000000000cc08        0x0
 .iplt          0x000000000000cc08        0x0 /home/osboxes/fix_rttee_text/RT-TEE/edk2/Build/ArmVirtQemuKernel-AARCH64/DEBUG_GCC49/AARCH64/MdePkg/Library/UefiDriverEntryPoint/UefiDriverEntryPoint/OUTPUT/UefiDriverEntryPoint.lib(DriverEntryPoint.obj)

.data           0x000000000000d000      0x198
 *(.data .data.* .gnu.linkonce.d.*)
 .data.gEfiCallerBaseName
                0x000000000000d000        0x8 /home/osboxes/fix_rttee_text/RT-TEE/edk2/Build/ArmVirtQemuKernel-AARCH64/DEBUG_GCC49/AARCH64/MdeModulePkg/Bus/Usb/UsbMassStorageDxe/UsbMassStorageDxe/OUTPUT/UsbMassStorageDxe.lib(AutoGen.obj)
                0x000000000000d000                gEfiCallerBaseName
 .data.mUsbMassTransport
                0x000000000000d008       0x18 /home/osboxes/fix_rttee_text/RT-TEE/edk2/Build/ArmVirtQemuKernel-AARCH64/DEBUG_GCC49/AARCH64/MdeModulePkg/Bus/Usb/UsbMassStorageDxe/UsbMassStorageDxe/OUTPUT/UsbMassStorageDxe.lib(UsbMassImpl.obj)
                0x000000000000d008                mUsbMassTransport
 .data.gUSBMassDriverBinding
                0x000000000000d020       0x30 /home/osboxes/fix_rttee_text/RT-TEE/edk2/Build/ArmVirtQemuKernel-AARCH64/DEBUG_GCC49/AARCH64/MdeModulePkg/Bus/Usb/UsbMassStorageDxe/UsbMassStorageDxe/OUTPUT/UsbMassStorageDxe.lib(UsbMassImpl.obj)
                0x000000000000d020                gUSBMassDriverBinding
 .data.mUsbCbi0Transport
                0x000000000000d050       0x30 /home/osboxes/fix_rttee_text/RT-TEE/edk2/Build/ArmVirtQemuKernel-AARCH64/DEBUG_GCC49/AARCH64/MdeModulePkg/Bus/Usb/UsbMassStorageDxe/UsbMassStorageDxe/OUTPUT/UsbMassStorageDxe.lib(UsbMassCbi.obj)
                0x000000000000d050                mUsbCbi0Transport
 .data.mUsbCbi1Transport
                0x000000000000d080       0x30 /home/osboxes/fix_rttee_text/RT-TEE/edk2/Build/ArmVirtQemuKernel-AARCH64/DEBUG_GCC49/AARCH64/MdeModulePkg/Bus/Usb/UsbMassStorageDxe/UsbMassStorageDxe/OUTPUT/UsbMassStorageDxe.lib(UsbMassCbi.obj)
                0x000000000000d080                mUsbCbi1Transport
 .data.gUsbDiskInfoProtocolTemplate
                0x000000000000d0b0       0x30 /home/osboxes/fix_rttee_text/RT-TEE/edk2/Build/ArmVirtQemuKernel-AARCH64/DEBUG_GCC49/AARCH64/MdeModulePkg/Bus/Usb/UsbMassStorageDxe/UsbMassStorageDxe/OUTPUT/UsbMassStorageDxe.lib(UsbMassDiskInfo.obj)
                0x000000000000d0b0                gUsbDiskInfoProtocolTemplate
 .data.mUsbBotTransport
                0x000000000000d0e0       0x30 /home/osboxes/fix_rttee_text/RT-TEE/edk2/Build/ArmVirtQemuKernel-AARCH64/DEBUG_GCC49/AARCH64/MdeModulePkg/Bus/Usb/UsbMassStorageDxe/UsbMassStorageDxe/OUTPUT/UsbMassStorageDxe.lib(UsbMassBot.obj)
                0x000000000000d0e0                mUsbBotTransport
 .data.gUsbMassStorageComponentName
                0x000000000000d110       0x18 /home/osboxes/fix_rttee_text/RT-TEE/edk2/Build/ArmVirtQemuKernel-AARCH64/DEBUG_GCC49/AARCH64/MdeModulePkg/Bus/Usb/UsbMassStorageDxe/UsbMassStorageDxe/OUTPUT/UsbMassStorageDxe.lib(ComponentName.obj)
                0x000000000000d110                gUsbMassStorageComponentName
 .data.gUsbMassStorageComponentName2
                0x000000000000d128       0x18 /home/osboxes/fix_rttee_text/RT-TEE/edk2/Build/ArmVirtQemuKernel-AARCH64/DEBUG_GCC49/AARCH64/MdeModulePkg/Bus/Usb/UsbMassStorageDxe/UsbMassStorageDxe/OUTPUT/UsbMassStorageDxe.lib(ComponentName.obj)
                0x000000000000d128                gUsbMassStorageComponentName2
 .data.mUsbMassStorageDriverNameTable
                0x000000000000d140       0x20 /home/osboxes/fix_rttee_text/RT-TEE/edk2/Build/ArmVirtQemuKernel-AARCH64/DEBUG_GCC49/AARCH64/MdeModulePkg/Bus/Usb/UsbMassStorageDxe/UsbMassStorageDxe/OUTPUT/UsbMassStorageDxe.lib(ComponentName.obj)
                0x000000000000d140                mUsbMassStorageDriverNameTable
 *(.bss .bss.*)
 .bss.mHobList  0x000000000000d160        0x8 /home/osboxes/fix_rttee_text/RT-TEE/edk2/Build/ArmVirtQemuKernel-AARCH64/DEBUG_GCC49/AARCH64/ArmVirtPkg/Library/ArmVirtDxeHobLib/ArmVirtDxeHobLib/OUTPUT/ArmVirtDxeHobLib.lib(HobLib.obj)
                0x000000000000d160                mHobList
 .bss.mSerialBaseAddress
                0x000000000000d168        0x8 /home/osboxes/fix_rttee_text/RT-TEE/edk2/Build/ArmVirtQemuKernel-AARCH64/DEBUG_GCC49/AARCH64/ArmVirtPkg/Library/FdtPL011SerialPortLib/FdtPL011SerialPortLib/OUTPUT/FdtPL011SerialPortLib.lib(FdtPL011SerialPortLib.obj)
 .bss.gImageHandle
                0x000000000000d170        0x8 /home/osboxes/fix_rttee_text/RT-TEE/edk2/Build/ArmVirtQemuKernel-AARCH64/DEBUG_GCC49/AARCH64/MdePkg/Library/UefiBootServicesTableLib/UefiBootServicesTableLib/OUTPUT/UefiBootServicesTableLib.lib(UefiBootServicesTableLib.obj)
                0x000000000000d170                gImageHandle
 .bss.gST       0x000000000000d178        0x8 /home/osboxes/fix_rttee_text/RT-TEE/edk2/Build/ArmVirtQemuKernel-AARCH64/DEBUG_GCC49/AARCH64/MdePkg/Library/UefiBootServicesTableLib/UefiBootServicesTableLib/OUTPUT/UefiBootServicesTableLib.lib(UefiBootServicesTableLib.obj)
                0x000000000000d178                gST
 .bss.gBS       0x000000000000d180        0x8 /home/osboxes/fix_rttee_text/RT-TEE/edk2/Build/ArmVirtQemuKernel-AARCH64/DEBUG_GCC49/AARCH64/MdePkg/Library/UefiBootServicesTableLib/UefiBootServicesTableLib/OUTPUT/UefiBootServicesTableLib.lib(UefiBootServicesTableLib.obj)
                0x000000000000d180                gBS
 .bss.gRT       0x000000000000d188        0x8 /home/osboxes/fix_rttee_text/RT-TEE/edk2/Build/ArmVirtQemuKernel-AARCH64/DEBUG_GCC49/AARCH64/MdePkg/Library/UefiRuntimeServicesTableLib/UefiRuntimeServicesTableLib/OUTPUT/UefiRuntimeServicesTableLib.lib(UefiRuntimeServicesTableLib.obj)
                0x000000000000d188                gRT
 .bss.mDevicePathLibDevicePathUtilities
                0x000000000000d190        0x8 /home/osboxes/fix_rttee_text/RT-TEE/edk2/Build/ArmVirtQemuKernel-AARCH64/DEBUG_GCC49/AARCH64/MdePkg/Library/UefiDevicePathLibDevicePathProtocol/UefiDevicePathLibDevicePathProtocol/OUTPUT/UefiDevicePathLibDevicePathProtocol.lib(UefiDevicePathLib.obj)
                0x000000000000d190                mDevicePathLibDevicePathUtilities

.igot.plt       0x000000000000d198        0x0
 .igot.plt      0x000000000000d198        0x0 /home/osboxes/fix_rttee_text/RT-TEE/edk2/Build/ArmVirtQemuKernel-AARCH64/DEBUG_GCC49/AARCH64/MdePkg/Library/UefiDriverEntryPoint/UefiDriverEntryPoint/OUTPUT/UefiDriverEntryPoint.lib(DriverEntryPoint.obj)

.eh_frame
 *(.eh_frame)

.rela           0x000000000000d198        0x0
 *(.rela .rela.*)
 .rela.iplt     0x000000000000d198        0x0 /home/osboxes/fix_rttee_text/RT-TEE/edk2/Build/ArmVirtQemuKernel-AARCH64/DEBUG_GCC49/AARCH64/MdePkg/Library/UefiDriverEntryPoint/UefiDriverEntryPoint/OUTPUT/UefiDriverEntryPoint.lib(DriverEntryPoint.obj)

.hii
 *(.hii)

.build-id
 *(.note.gnu.build-id)

/DISCARD/
 *(.note.GNU-stack)
 *(.gnu_debuglink)
 *(.interp)
 *(.dynsym)
 *(.dynstr)
 *(.dynamic)
 *(.hash .gnu.hash)
 *(.comment)
 *(COMMON)
                0x0000000000000228                PECOFF_HEADER_SIZE = 0x228
OUTPUT(/home/osboxes/fix_rttee_text/RT-TEE/edk2/Build/ArmVirtQemuKernel-AARCH64/DEBUG_GCC49/AARCH64/MdeModulePkg/Bus/Usb/UsbMassStorageDxe/UsbMassStorageDxe/DEBUG/UsbMassStorageDxe.dll elf64-littleaarch64)

.debug_info     0x0000000000000000    0x2a88a
 .debug_info    0x0000000000000000     0x1b62 /home/osboxes/fix_rttee_text/RT-TEE/edk2/Build/ArmVirtQemuKernel-AARCH64/DEBUG_GCC49/AARCH64/MdePkg/Library/UefiDriverEntryPoint/UefiDriverEntryPoint/OUTPUT/UefiDriverEntryPoint.lib(DriverEntryPoint.obj)
 .debug_info    0x0000000000001b62     0x20f1 /home/osboxes/fix_rttee_text/RT-TEE/edk2/Build/ArmVirtQemuKernel-AARCH64/DEBUG_GCC49/AARCH64/MdeModulePkg/Bus/Usb/UsbMassStorageDxe/UsbMassStorageDxe/OUTPUT/UsbMassStorageDxe.lib(AutoGen.obj)
 .debug_info    0x0000000000003c53     0x31a0 /home/osboxes/fix_rttee_text/RT-TEE/edk2/Build/ArmVirtQemuKernel-AARCH64/DEBUG_GCC49/AARCH64/MdeModulePkg/Bus/Usb/UsbMassStorageDxe/UsbMassStorageDxe/OUTPUT/UsbMassStorageDxe.lib(UsbMassImpl.obj)
 .debug_info    0x0000000000006df3     0x373f /home/osboxes/fix_rttee_text/RT-TEE/edk2/Build/ArmVirtQemuKernel-AARCH64/DEBUG_GCC49/AARCH64/MdeModulePkg/Bus/Usb/UsbMassStorageDxe/UsbMassStorageDxe/OUTPUT/UsbMassStorageDxe.lib(UsbMassBoot.obj)
 .debug_info    0x000000000000a532     0x2ad2 /home/osboxes/fix_rttee_text/RT-TEE/edk2/Build/ArmVirtQemuKernel-AARCH64/DEBUG_GCC49/AARCH64/MdeModulePkg/Bus/Usb/UsbMassStorageDxe/UsbMassStorageDxe/OUTPUT/UsbMassStorageDxe.lib(UsbMassCbi.obj)
 .debug_info    0x000000000000d004     0x2a62 /home/osboxes/fix_rttee_text/RT-TEE/edk2/Build/ArmVirtQemuKernel-AARCH64/DEBUG_GCC49/AARCH64/MdeModulePkg/Bus/Usb/UsbMassStorageDxe/UsbMassStorageDxe/OUTPUT/UsbMassStorageDxe.lib(UsbMassDiskInfo.obj)
 .debug_info    0x000000000000fa66     0x2bd2 /home/osboxes/fix_rttee_text/RT-TEE/edk2/Build/ArmVirtQemuKernel-AARCH64/DEBUG_GCC49/AARCH64/MdeModulePkg/Bus/Usb/UsbMassStorageDxe/UsbMassStorageDxe/OUTPUT/UsbMassStorageDxe.lib(UsbMassBot.obj)
 .debug_info    0x0000000000012638     0x25b1 /home/osboxes/fix_rttee_text/RT-TEE/edk2/Build/ArmVirtQemuKernel-AARCH64/DEBUG_GCC49/AARCH64/MdeModulePkg/Bus/Usb/UsbMassStorageDxe/UsbMassStorageDxe/OUTPUT/UsbMassStorageDxe.lib(ComponentName.obj)
 .debug_info    0x0000000000014be9      0x250 /home/osboxes/fix_rttee_text/RT-TEE/edk2/Build/ArmVirtQemuKernel-AARCH64/DEBUG_GCC49/AARCH64/MdePkg/Library/BaseMemoryLibOptDxe/BaseMemoryLibOptDxe/OUTPUT/BaseMemoryLibOptDxe.lib(ZeroMemWrapper.obj)
 .debug_info    0x0000000000014e39      0x2af /home/osboxes/fix_rttee_text/RT-TEE/edk2/Build/ArmVirtQemuKernel-AARCH64/DEBUG_GCC49/AARCH64/MdePkg/Library/BaseMemoryLibOptDxe/BaseMemoryLibOptDxe/OUTPUT/BaseMemoryLibOptDxe.lib(SetMemWrapper.obj)
 .debug_info    0x00000000000150e8      0x26a /home/osboxes/fix_rttee_text/RT-TEE/edk2/Build/ArmVirtQemuKernel-AARCH64/DEBUG_GCC49/AARCH64/MdePkg/Library/BaseMemoryLibOptDxe/BaseMemoryLibOptDxe/OUTPUT/BaseMemoryLibOptDxe.lib(CopyMemWrapper.obj)
 .debug_info    0x0000000000015352      0x28a /home/osboxes/fix_rttee_text/RT-TEE/edk2/Build/ArmVirtQemuKernel-AARCH64/DEBUG_GCC49/AARCH64/MdePkg/Library/BaseLib/BaseLib/OUTPUT/BaseLib.lib(SwapBytes64.obj)
 .debug_info    0x00000000000155dc      0x2a8 /home/osboxes/fix_rttee_text/RT-TEE/edk2/Build/ArmVirtQemuKernel-AARCH64/DEBUG_GCC49/AARCH64/MdePkg/Library/BaseLib/BaseLib/OUTPUT/BaseLib.lib(SwapBytes32.obj)
 .debug_info    0x0000000000015884      0x28a /home/osboxes/fix_rttee_text/RT-TEE/edk2/Build/ArmVirtQemuKernel-AARCH64/DEBUG_GCC49/AARCH64/MdePkg/Library/BaseLib/BaseLib/OUTPUT/BaseLib.lib(SwapBytes16.obj)
 .debug_info    0x0000000000015b0e      0x2a8 /home/osboxes/fix_rttee_text/RT-TEE/edk2/Build/ArmVirtQemuKernel-AARCH64/DEBUG_GCC49/AARCH64/MdePkg/Library/BaseLib/BaseLib/OUTPUT/BaseLib.lib(MultU64x32.obj)
 .debug_info    0x0000000000015db6      0x4b5 /home/osboxes/fix_rttee_text/RT-TEE/edk2/Build/ArmVirtQemuKernel-AARCH64/DEBUG_GCC49/AARCH64/MdePkg/Library/BaseLib/BaseLib/OUTPUT/BaseLib.lib(Unaligned.obj)
 .debug_info    0x000000000001626b      0x635 /home/osboxes/fix_rttee_text/RT-TEE/edk2/Build/ArmVirtQemuKernel-AARCH64/DEBUG_GCC49/AARCH64/MdePkg/Library/BaseLib/BaseLib/OUTPUT/BaseLib.lib(Math64.obj)
 .debug_info    0x00000000000168a0      0x2a5 /home/osboxes/fix_rttee_text/RT-TEE/edk2/Build/ArmVirtQemuKernel-AARCH64/DEBUG_GCC49/AARCH64/MdePkg/Library/BaseLib/BaseLib/OUTPUT/BaseLib.lib(RShiftU64.obj)
 .debug_info    0x0000000000016b45      0x2a5 /home/osboxes/fix_rttee_text/RT-TEE/edk2/Build/ArmVirtQemuKernel-AARCH64/DEBUG_GCC49/AARCH64/MdePkg/Library/BaseLib/BaseLib/OUTPUT/BaseLib.lib(LShiftU64.obj)
 .debug_info    0x0000000000016dea     0x253b /home/osboxes/fix_rttee_text/RT-TEE/edk2/Build/ArmVirtQemuKernel-AARCH64/DEBUG_GCC49/AARCH64/ArmVirtPkg/Library/ArmVirtDxeHobLib/ArmVirtDxeHobLib/OUTPUT/ArmVirtDxeHobLib.lib(HobLib.obj)
 .debug_info    0x0000000000019325      0x5f8 /home/osboxes/fix_rttee_text/RT-TEE/edk2/Build/ArmVirtQemuKernel-AARCH64/DEBUG_GCC49/AARCH64/ArmVirtPkg/Library/FdtPL011SerialPortLib/FdtPL011SerialPortLib/OUTPUT/FdtPL011SerialPortLib.lib(FdtPL011SerialPortLib.obj)
 .debug_info    0x000000000001991d      0x4aa /home/osboxes/fix_rttee_text/RT-TEE/edk2/Build/ArmVirtQemuKernel-AARCH64/DEBUG_GCC49/AARCH64/MdePkg/Library/BaseDebugLibSerialPort/BaseDebugLibSerialPort/OUTPUT/BaseDebugLibSerialPort.lib(DebugLib.obj)
 .debug_info    0x0000000000019dc7     0x19d4 /home/osboxes/fix_rttee_text/RT-TEE/edk2/Build/ArmVirtQemuKernel-AARCH64/DEBUG_GCC49/AARCH64/MdePkg/Library/UefiBootServicesTableLib/UefiBootServicesTableLib/OUTPUT/UefiBootServicesTableLib.lib(UefiBootServicesTableLib.obj)
 .debug_info    0x000000000001b79b     0x214e /home/osboxes/fix_rttee_text/RT-TEE/edk2/Build/ArmVirtQemuKernel-AARCH64/DEBUG_GCC49/AARCH64/MdePkg/Library/UefiMemoryAllocationLib/UefiMemoryAllocationLib/OUTPUT/UefiMemoryAllocationLib.lib(MemoryAllocationLib.obj)
 .debug_info    0x000000000001d8e9     0x1991 /home/osboxes/fix_rttee_text/RT-TEE/edk2/Build/ArmVirtQemuKernel-AARCH64/DEBUG_GCC49/AARCH64/MdePkg/Library/UefiRuntimeServicesTableLib/UefiRuntimeServicesTableLib/OUTPUT/UefiRuntimeServicesTableLib.lib(UefiRuntimeServicesTableLib.obj)
 .debug_info    0x000000000001f27a     0x2387 /home/osboxes/fix_rttee_text/RT-TEE/edk2/Build/ArmVirtQemuKernel-AARCH64/DEBUG_GCC49/AARCH64/MdePkg/Library/UefiDevicePathLibDevicePathProtocol/UefiDevicePathLibDevicePathProtocol/OUTPUT/UefiDevicePathLibDevicePathProtocol.lib(UefiDevicePathLib.obj)
 .debug_info    0x0000000000021601     0x2304 /home/osboxes/fix_rttee_text/RT-TEE/edk2/Build/ArmVirtQemuKernel-AARCH64/DEBUG_GCC49/AARCH64/MdePkg/Library/UefiLib/UefiLib/OUTPUT/UefiLib.lib(UefiDriverModel.obj)
 .debug_info    0x0000000000023905     0x2627 /home/osboxes/fix_rttee_text/RT-TEE/edk2/Build/ArmVirtQemuKernel-AARCH64/DEBUG_GCC49/AARCH64/MdePkg/Library/UefiLib/UefiLib/OUTPUT/UefiLib.lib(UefiLib.obj)
 .debug_info    0x0000000000025f2c      0x33e /home/osboxes/fix_rttee_text/RT-TEE/edk2/Build/ArmVirtQemuKernel-AARCH64/DEBUG_GCC49/AARCH64/MdePkg/Library/BaseMemoryLibOptDxe/BaseMemoryLibOptDxe/OUTPUT/BaseMemoryLibOptDxe.lib(MemLibGuid.obj)
 .debug_info    0x000000000002626a      0x297 /home/osboxes/fix_rttee_text/RT-TEE/edk2/Build/ArmVirtQemuKernel-AARCH64/DEBUG_GCC49/AARCH64/MdePkg/Library/BaseLib/BaseLib/OUTPUT/BaseLib.lib(CpuDeadLoop.obj)
 .debug_info    0x0000000000026501      0xa10 /home/osboxes/fix_rttee_text/RT-TEE/edk2/Build/ArmVirtQemuKernel-AARCH64/DEBUG_GCC49/AARCH64/MdePkg/Library/BaseLib/BaseLib/OUTPUT/BaseLib.lib(String.obj)
 .debug_info    0x0000000000026f11     0x1310 /home/osboxes/fix_rttee_text/RT-TEE/edk2/Build/ArmVirtQemuKernel-AARCH64/DEBUG_GCC49/AARCH64/MdePkg/Library/BaseLib/BaseLib/OUTPUT/BaseLib.lib(SafeString.obj)
 .debug_info    0x0000000000028221      0x689 /home/osboxes/fix_rttee_text/RT-TEE/edk2/Build/ArmVirtQemuKernel-AARCH64/DEBUG_GCC49/AARCH64/ArmPlatformPkg/Library/PL011UartLib/PL011UartLib/OUTPUT/PL011UartLib.lib(PL011UartLib.obj)
 .debug_info    0x00000000000288aa      0x272 /home/osboxes/fix_rttee_text/RT-TEE/edk2/Build/ArmVirtQemuKernel-AARCH64/DEBUG_GCC49/AARCH64/MdePkg/Library/BaseDebugPrintErrorLevelLib/BaseDebugPrintErrorLevelLib/OUTPUT/BaseDebugPrintErrorLevelLib.lib(BaseDebugPrintErrorLevelLib.obj)
 .debug_info    0x0000000000028b1c      0x94d /home/osboxes/fix_rttee_text/RT-TEE/edk2/Build/ArmVirtQemuKernel-AARCH64/DEBUG_GCC49/AARCH64/MdePkg/Library/BasePrintLib/BasePrintLib/OUTPUT/BasePrintLib.lib(PrintLib.obj)
 .debug_info    0x0000000000029469      0x9c7 /home/osboxes/fix_rttee_text/RT-TEE/edk2/Build/ArmVirtQemuKernel-AARCH64/DEBUG_GCC49/AARCH64/MdePkg/Library/BasePrintLib/BasePrintLib/OUTPUT/BasePrintLib.lib(PrintLibInternal.obj)
 .debug_info    0x0000000000029e30      0x2b2 /home/osboxes/fix_rttee_text/RT-TEE/edk2/Build/ArmVirtQemuKernel-AARCH64/DEBUG_GCC49/AARCH64/MdePkg/Library/BaseLib/BaseLib/OUTPUT/BaseLib.lib(DivU64x32Remainder.obj)
 .debug_info    0x000000000002a0e2      0x7a8 /home/osboxes/fix_rttee_text/RT-TEE/edk2/Build/ArmVirtQemuKernel-AARCH64/DEBUG_GCC49/AARCH64/MdePkg/Library/BaseIoLibIntrinsic/BaseIoLibIntrinsicArmVirt/OUTPUT/BaseIoLibIntrinsicArmVirt.lib(IoLibArmVirt.obj)

.debug_abbrev   0x0000000000000000     0x3cfb
 .debug_abbrev  0x0000000000000000      0x203 /home/osboxes/fix_rttee_text/RT-TEE/edk2/Build/ArmVirtQemuKernel-AARCH64/DEBUG_GCC49/AARCH64/MdePkg/Library/UefiDriverEntryPoint/UefiDriverEntryPoint/OUTPUT/UefiDriverEntryPoint.lib(DriverEntryPoint.obj)
 .debug_abbrev  0x0000000000000203      0x29b /home/osboxes/fix_rttee_text/RT-TEE/edk2/Build/ArmVirtQemuKernel-AARCH64/DEBUG_GCC49/AARCH64/MdeModulePkg/Bus/Usb/UsbMassStorageDxe/UsbMassStorageDxe/OUTPUT/UsbMassStorageDxe.lib(AutoGen.obj)
 .debug_abbrev  0x000000000000049e      0x2a3 /home/osboxes/fix_rttee_text/RT-TEE/edk2/Build/ArmVirtQemuKernel-AARCH64/DEBUG_GCC49/AARCH64/MdeModulePkg/Bus/Usb/UsbMassStorageDxe/UsbMassStorageDxe/OUTPUT/UsbMassStorageDxe.lib(UsbMassImpl.obj)
 .debug_abbrev  0x0000000000000741      0x27d /home/osboxes/fix_rttee_text/RT-TEE/edk2/Build/ArmVirtQemuKernel-AARCH64/DEBUG_GCC49/AARCH64/MdeModulePkg/Bus/Usb/UsbMassStorageDxe/UsbMassStorageDxe/OUTPUT/UsbMassStorageDxe.lib(UsbMassBoot.obj)
 .debug_abbrev  0x00000000000009be      0x2ac /home/osboxes/fix_rttee_text/RT-TEE/edk2/Build/ArmVirtQemuKernel-AARCH64/DEBUG_GCC49/AARCH64/MdeModulePkg/Bus/Usb/UsbMassStorageDxe/UsbMassStorageDxe/OUTPUT/UsbMassStorageDxe.lib(UsbMassCbi.obj)
 .debug_abbrev  0x0000000000000c6a      0x232 /home/osboxes/fix_rttee_text/RT-TEE/edk2/Build/ArmVirtQemuKernel-AARCH64/DEBUG_GCC49/AARCH64/MdeModulePkg/Bus/Usb/UsbMassStorageDxe/UsbMassStorageDxe/OUTPUT/UsbMassStorageDxe.lib(UsbMassDiskInfo.obj)
 .debug_abbrev  0x0000000000000e9c      0x2ae /home/osboxes/fix_rttee_text/RT-TEE/edk2/Build/ArmVirtQemuKernel-AARCH64/DEBUG_GCC49/AARCH64/MdeModulePkg/Bus/Usb/UsbMassStorageDxe/UsbMassStorageDxe/OUTPUT/UsbMassStorageDxe.lib(UsbMassBot.obj)
 .debug_abbrev  0x000000000000114a      0x221 /home/osboxes/fix_rttee_text/RT-TEE/edk2/Build/ArmVirtQemuKernel-AARCH64/DEBUG_GCC49/AARCH64/MdeModulePkg/Bus/Usb/UsbMassStorageDxe/UsbMassStorageDxe/OUTPUT/UsbMassStorageDxe.lib(ComponentName.obj)
 .debug_abbrev  0x000000000000136b       0xcf /home/osboxes/fix_rttee_text/RT-TEE/edk2/Build/ArmVirtQemuKernel-AARCH64/DEBUG_GCC49/AARCH64/MdePkg/Library/BaseMemoryLibOptDxe/BaseMemoryLibOptDxe/OUTPUT/BaseMemoryLibOptDxe.lib(ZeroMemWrapper.obj)
 .debug_abbrev  0x000000000000143a       0xed /home/osboxes/fix_rttee_text/RT-TEE/edk2/Build/ArmVirtQemuKernel-AARCH64/DEBUG_GCC49/AARCH64/MdePkg/Library/BaseMemoryLibOptDxe/BaseMemoryLibOptDxe/OUTPUT/BaseMemoryLibOptDxe.lib(SetMemWrapper.obj)
 .debug_abbrev  0x0000000000001527       0xd6 /home/osboxes/fix_rttee_text/RT-TEE/edk2/Build/ArmVirtQemuKernel-AARCH64/DEBUG_GCC49/AARCH64/MdePkg/Library/BaseMemoryLibOptDxe/BaseMemoryLibOptDxe/OUTPUT/BaseMemoryLibOptDxe.lib(CopyMemWrapper.obj)
 .debug_abbrev  0x00000000000015fd       0xcf /home/osboxes/fix_rttee_text/RT-TEE/edk2/Build/ArmVirtQemuKernel-AARCH64/DEBUG_GCC49/AARCH64/MdePkg/Library/BaseLib/BaseLib/OUTPUT/BaseLib.lib(SwapBytes64.obj)
 .debug_abbrev  0x00000000000016cc       0xe0 /home/osboxes/fix_rttee_text/RT-TEE/edk2/Build/ArmVirtQemuKernel-AARCH64/DEBUG_GCC49/AARCH64/MdePkg/Library/BaseLib/BaseLib/OUTPUT/BaseLib.lib(SwapBytes32.obj)
 .debug_abbrev  0x00000000000017ac       0xcf /home/osboxes/fix_rttee_text/RT-TEE/edk2/Build/ArmVirtQemuKernel-AARCH64/DEBUG_GCC49/AARCH64/MdePkg/Library/BaseLib/BaseLib/OUTPUT/BaseLib.lib(SwapBytes16.obj)
 .debug_abbrev  0x000000000000187b       0xe0 /home/osboxes/fix_rttee_text/RT-TEE/edk2/Build/ArmVirtQemuKernel-AARCH64/DEBUG_GCC49/AARCH64/MdePkg/Library/BaseLib/BaseLib/OUTPUT/BaseLib.lib(MultU64x32.obj)
 .debug_abbrev  0x000000000000195b       0xe9 /home/osboxes/fix_rttee_text/RT-TEE/edk2/Build/ArmVirtQemuKernel-AARCH64/DEBUG_GCC49/AARCH64/MdePkg/Library/BaseLib/BaseLib/OUTPUT/BaseLib.lib(Unaligned.obj)
 .debug_abbrev  0x0000000000001a44      0x14b /home/osboxes/fix_rttee_text/RT-TEE/edk2/Build/ArmVirtQemuKernel-AARCH64/DEBUG_GCC49/AARCH64/MdePkg/Library/BaseLib/BaseLib/OUTPUT/BaseLib.lib(Math64.obj)
 .debug_abbrev  0x0000000000001b8f       0xcf /home/osboxes/fix_rttee_text/RT-TEE/edk2/Build/ArmVirtQemuKernel-AARCH64/DEBUG_GCC49/AARCH64/MdePkg/Library/BaseLib/BaseLib/OUTPUT/BaseLib.lib(RShiftU64.obj)
 .debug_abbrev  0x0000000000001c5e       0xcf /home/osboxes/fix_rttee_text/RT-TEE/edk2/Build/ArmVirtQemuKernel-AARCH64/DEBUG_GCC49/AARCH64/MdePkg/Library/BaseLib/BaseLib/OUTPUT/BaseLib.lib(LShiftU64.obj)
 .debug_abbrev  0x0000000000001d2d      0x2a8 /home/osboxes/fix_rttee_text/RT-TEE/edk2/Build/ArmVirtQemuKernel-AARCH64/DEBUG_GCC49/AARCH64/ArmVirtPkg/Library/ArmVirtDxeHobLib/ArmVirtDxeHobLib/OUTPUT/ArmVirtDxeHobLib.lib(HobLib.obj)
 .debug_abbrev  0x0000000000001fd5      0x1c1 /home/osboxes/fix_rttee_text/RT-TEE/edk2/Build/ArmVirtQemuKernel-AARCH64/DEBUG_GCC49/AARCH64/ArmVirtPkg/Library/FdtPL011SerialPortLib/FdtPL011SerialPortLib/OUTPUT/FdtPL011SerialPortLib.lib(FdtPL011SerialPortLib.obj)
 .debug_abbrev  0x0000000000002196      0x1bc /home/osboxes/fix_rttee_text/RT-TEE/edk2/Build/ArmVirtQemuKernel-AARCH64/DEBUG_GCC49/AARCH64/MdePkg/Library/BaseDebugLibSerialPort/BaseDebugLibSerialPort/OUTPUT/BaseDebugLibSerialPort.lib(DebugLib.obj)
 .debug_abbrev  0x0000000000002352      0x1f0 /home/osboxes/fix_rttee_text/RT-TEE/edk2/Build/ArmVirtQemuKernel-AARCH64/DEBUG_GCC49/AARCH64/MdePkg/Library/UefiBootServicesTableLib/UefiBootServicesTableLib/OUTPUT/UefiBootServicesTableLib.lib(UefiBootServicesTableLib.obj)
 .debug_abbrev  0x0000000000002542      0x27b /home/osboxes/fix_rttee_text/RT-TEE/edk2/Build/ArmVirtQemuKernel-AARCH64/DEBUG_GCC49/AARCH64/MdePkg/Library/UefiMemoryAllocationLib/UefiMemoryAllocationLib/OUTPUT/UefiMemoryAllocationLib.lib(MemoryAllocationLib.obj)
 .debug_abbrev  0x00000000000027bd      0x1d4 /home/osboxes/fix_rttee_text/RT-TEE/edk2/Build/ArmVirtQemuKernel-AARCH64/DEBUG_GCC49/AARCH64/MdePkg/Library/UefiRuntimeServicesTableLib/UefiRuntimeServicesTableLib/OUTPUT/UefiRuntimeServicesTableLib.lib(UefiRuntimeServicesTableLib.obj)
 .debug_abbrev  0x0000000000002991      0x272 /home/osboxes/fix_rttee_text/RT-TEE/edk2/Build/ArmVirtQemuKernel-AARCH64/DEBUG_GCC49/AARCH64/MdePkg/Library/UefiDevicePathLibDevicePathProtocol/UefiDevicePathLibDevicePathProtocol/OUTPUT/UefiDevicePathLibDevicePathProtocol.lib(UefiDevicePathLib.obj)
 .debug_abbrev  0x0000000000002c03      0x243 /home/osboxes/fix_rttee_text/RT-TEE/edk2/Build/ArmVirtQemuKernel-AARCH64/DEBUG_GCC49/AARCH64/MdePkg/Library/UefiLib/UefiLib/OUTPUT/UefiLib.lib(UefiDriverModel.obj)
 .debug_abbrev  0x0000000000002e46      0x2a8 /home/osboxes/fix_rttee_text/RT-TEE/edk2/Build/ArmVirtQemuKernel-AARCH64/DEBUG_GCC49/AARCH64/MdePkg/Library/UefiLib/UefiLib/OUTPUT/UefiLib.lib(UefiLib.obj)
 .debug_abbrev  0x00000000000030ee       0xee /home/osboxes/fix_rttee_text/RT-TEE/edk2/Build/ArmVirtQemuKernel-AARCH64/DEBUG_GCC49/AARCH64/MdePkg/Library/BaseMemoryLibOptDxe/BaseMemoryLibOptDxe/OUTPUT/BaseMemoryLibOptDxe.lib(MemLibGuid.obj)
 .debug_abbrev  0x00000000000031dc       0xd4 /home/osboxes/fix_rttee_text/RT-TEE/edk2/Build/ArmVirtQemuKernel-AARCH64/DEBUG_GCC49/AARCH64/MdePkg/Library/BaseLib/BaseLib/OUTPUT/BaseLib.lib(CpuDeadLoop.obj)
 .debug_abbrev  0x00000000000032b0      0x16d /home/osboxes/fix_rttee_text/RT-TEE/edk2/Build/ArmVirtQemuKernel-AARCH64/DEBUG_GCC49/AARCH64/MdePkg/Library/BaseLib/BaseLib/OUTPUT/BaseLib.lib(String.obj)
 .debug_abbrev  0x000000000000341d      0x174 /home/osboxes/fix_rttee_text/RT-TEE/edk2/Build/ArmVirtQemuKernel-AARCH64/DEBUG_GCC49/AARCH64/MdePkg/Library/BaseLib/BaseLib/OUTPUT/BaseLib.lib(SafeString.obj)
 .debug_abbrev  0x0000000000003591      0x151 /home/osboxes/fix_rttee_text/RT-TEE/edk2/Build/ArmVirtQemuKernel-AARCH64/DEBUG_GCC49/AARCH64/ArmPlatformPkg/Library/PL011UartLib/PL011UartLib/OUTPUT/PL011UartLib.lib(PL011UartLib.obj)
 .debug_abbrev  0x00000000000036e2       0xed /home/osboxes/fix_rttee_text/RT-TEE/edk2/Build/ArmVirtQemuKernel-AARCH64/DEBUG_GCC49/AARCH64/MdePkg/Library/BaseDebugPrintErrorLevelLib/BaseDebugPrintErrorLevelLib/OUTPUT/BaseDebugPrintErrorLevelLib.lib(BaseDebugPrintErrorLevelLib.obj)
 .debug_abbrev  0x00000000000037cf      0x179 /home/osboxes/fix_rttee_text/RT-TEE/edk2/Build/ArmVirtQemuKernel-AARCH64/DEBUG_GCC49/AARCH64/MdePkg/Library/BasePrintLib/BasePrintLib/OUTPUT/BasePrintLib.lib(PrintLib.obj)
 .debug_abbrev  0x0000000000003948      0x1aa /home/osboxes/fix_rttee_text/RT-TEE/edk2/Build/ArmVirtQemuKernel-AARCH64/DEBUG_GCC49/AARCH64/MdePkg/Library/BasePrintLib/BasePrintLib/OUTPUT/BasePrintLib.lib(PrintLibInternal.obj)
 .debug_abbrev  0x0000000000003af2       0xd1 /home/osboxes/fix_rttee_text/RT-TEE/edk2/Build/ArmVirtQemuKernel-AARCH64/DEBUG_GCC49/AARCH64/MdePkg/Library/BaseLib/BaseLib/OUTPUT/BaseLib.lib(DivU64x32Remainder.obj)
 .debug_abbrev  0x0000000000003bc3      0x138 /home/osboxes/fix_rttee_text/RT-TEE/edk2/Build/ArmVirtQemuKernel-AARCH64/DEBUG_GCC49/AARCH64/MdePkg/Library/BaseIoLibIntrinsic/BaseIoLibIntrinsicArmVirt/OUTPUT/BaseIoLibIntrinsicArmVirt.lib(IoLibArmVirt.obj)

.debug_aranges  0x0000000000000000     0x1950
 .debug_aranges
                0x0000000000000000       0x50 /home/osboxes/fix_rttee_text/RT-TEE/edk2/Build/ArmVirtQemuKernel-AARCH64/DEBUG_GCC49/AARCH64/MdePkg/Library/UefiDriverEntryPoint/UefiDriverEntryPoint/OUTPUT/UefiDriverEntryPoint.lib(DriverEntryPoint.obj)
 .debug_aranges
                0x0000000000000050       0x70 /home/osboxes/fix_rttee_text/RT-TEE/edk2/Build/ArmVirtQemuKernel-AARCH64/DEBUG_GCC49/AARCH64/MdeModulePkg/Bus/Usb/UsbMassStorageDxe/UsbMassStorageDxe/OUTPUT/UsbMassStorageDxe.lib(AutoGen.obj)
 .debug_aranges
                0x00000000000000c0       0xe0 /home/osboxes/fix_rttee_text/RT-TEE/edk2/Build/ArmVirtQemuKernel-AARCH64/DEBUG_GCC49/AARCH64/MdeModulePkg/Bus/Usb/UsbMassStorageDxe/UsbMassStorageDxe/OUTPUT/UsbMassStorageDxe.lib(UsbMassImpl.obj)
 .debug_aranges
                0x00000000000001a0      0x110 /home/osboxes/fix_rttee_text/RT-TEE/edk2/Build/ArmVirtQemuKernel-AARCH64/DEBUG_GCC49/AARCH64/MdeModulePkg/Bus/Usb/UsbMassStorageDxe/UsbMassStorageDxe/OUTPUT/UsbMassStorageDxe.lib(UsbMassBoot.obj)
 .debug_aranges
                0x00000000000002b0       0x90 /home/osboxes/fix_rttee_text/RT-TEE/edk2/Build/ArmVirtQemuKernel-AARCH64/DEBUG_GCC49/AARCH64/MdeModulePkg/Bus/Usb/UsbMassStorageDxe/UsbMassStorageDxe/OUTPUT/UsbMassStorageDxe.lib(UsbMassCbi.obj)
 .debug_aranges
                0x0000000000000340       0x70 /home/osboxes/fix_rttee_text/RT-TEE/edk2/Build/ArmVirtQemuKernel-AARCH64/DEBUG_GCC49/AARCH64/MdeModulePkg/Bus/Usb/UsbMassStorageDxe/UsbMassStorageDxe/OUTPUT/UsbMassStorageDxe.lib(UsbMassDiskInfo.obj)
 .debug_aranges
                0x00000000000003b0       0xa0 /home/osboxes/fix_rttee_text/RT-TEE/edk2/Build/ArmVirtQemuKernel-AARCH64/DEBUG_GCC49/AARCH64/MdeModulePkg/Bus/Usb/UsbMassStorageDxe/UsbMassStorageDxe/OUTPUT/UsbMassStorageDxe.lib(UsbMassBot.obj)
 .debug_aranges
                0x0000000000000450       0x40 /home/osboxes/fix_rttee_text/RT-TEE/edk2/Build/ArmVirtQemuKernel-AARCH64/DEBUG_GCC49/AARCH64/MdeModulePkg/Bus/Usb/UsbMassStorageDxe/UsbMassStorageDxe/OUTPUT/UsbMassStorageDxe.lib(ComponentName.obj)
 .debug_aranges
                0x0000000000000490       0x30 /home/osboxes/fix_rttee_text/RT-TEE/edk2/Build/ArmVirtQemuKernel-AARCH64/DEBUG_GCC49/AARCH64/MdePkg/Library/BaseMemoryLibOptDxe/BaseMemoryLibOptDxe/OUTPUT/BaseMemoryLibOptDxe.lib(ZeroMemWrapper.obj)
 .debug_aranges
                0x00000000000004c0       0x40 /home/osboxes/fix_rttee_text/RT-TEE/edk2/Build/ArmVirtQemuKernel-AARCH64/DEBUG_GCC49/AARCH64/MdePkg/Library/BaseMemoryLibOptDxe/BaseMemoryLibOptDxe/OUTPUT/BaseMemoryLibOptDxe.lib(SetMemWrapper.obj)
 .debug_aranges
                0x0000000000000500       0x30 /home/osboxes/fix_rttee_text/RT-TEE/edk2/Build/ArmVirtQemuKernel-AARCH64/DEBUG_GCC49/AARCH64/MdePkg/Library/BaseMemoryLibOptDxe/BaseMemoryLibOptDxe/OUTPUT/BaseMemoryLibOptDxe.lib(CopyMemWrapper.obj)
 .debug_aranges
                0x0000000000000530       0x30 /home/osboxes/fix_rttee_text/RT-TEE/edk2/Build/ArmVirtQemuKernel-AARCH64/DEBUG_GCC49/AARCH64/MdePkg/Library/BaseLib/BaseLib/OUTPUT/BaseLib.lib(SwapBytes64.obj)
 .debug_aranges
                0x0000000000000560       0x30 /home/osboxes/fix_rttee_text/RT-TEE/edk2/Build/ArmVirtQemuKernel-AARCH64/DEBUG_GCC49/AARCH64/MdePkg/Library/BaseLib/BaseLib/OUTPUT/BaseLib.lib(SwapBytes32.obj)
 .debug_aranges
                0x0000000000000590       0x30 /home/osboxes/fix_rttee_text/RT-TEE/edk2/Build/ArmVirtQemuKernel-AARCH64/DEBUG_GCC49/AARCH64/MdePkg/Library/BaseLib/BaseLib/OUTPUT/BaseLib.lib(SwapBytes16.obj)
 .debug_aranges
                0x00000000000005c0       0x30 /home/osboxes/fix_rttee_text/RT-TEE/edk2/Build/ArmVirtQemuKernel-AARCH64/DEBUG_GCC49/AARCH64/MdePkg/Library/BaseLib/BaseLib/OUTPUT/BaseLib.lib(MultU64x32.obj)
 .debug_aranges
                0x00000000000005f0       0xa0 /home/osboxes/fix_rttee_text/RT-TEE/edk2/Build/ArmVirtQemuKernel-AARCH64/DEBUG_GCC49/AARCH64/MdePkg/Library/BaseLib/BaseLib/OUTPUT/BaseLib.lib(Unaligned.obj)
 .debug_aranges
                0x0000000000000690       0xf0 /home/osboxes/fix_rttee_text/RT-TEE/edk2/Build/ArmVirtQemuKernel-AARCH64/DEBUG_GCC49/AARCH64/MdePkg/Library/BaseLib/BaseLib/OUTPUT/BaseLib.lib(Math64.obj)
 .debug_aranges
                0x0000000000000780       0x30 /home/osboxes/fix_rttee_text/RT-TEE/edk2/Build/ArmVirtQemuKernel-AARCH64/DEBUG_GCC49/AARCH64/MdePkg/Library/BaseLib/BaseLib/OUTPUT/BaseLib.lib(RShiftU64.obj)
 .debug_aranges
                0x00000000000007b0       0x30 /home/osboxes/fix_rttee_text/RT-TEE/edk2/Build/ArmVirtQemuKernel-AARCH64/DEBUG_GCC49/AARCH64/MdePkg/Library/BaseLib/BaseLib/OUTPUT/BaseLib.lib(LShiftU64.obj)
 .debug_aranges
                0x00000000000007e0      0x150 /home/osboxes/fix_rttee_text/RT-TEE/edk2/Build/ArmVirtQemuKernel-AARCH64/DEBUG_GCC49/AARCH64/ArmVirtPkg/Library/ArmVirtDxeHobLib/ArmVirtDxeHobLib/OUTPUT/ArmVirtDxeHobLib.lib(HobLib.obj)
 .debug_aranges
                0x0000000000000930       0xa0 /home/osboxes/fix_rttee_text/RT-TEE/edk2/Build/ArmVirtQemuKernel-AARCH64/DEBUG_GCC49/AARCH64/ArmVirtPkg/Library/FdtPL011SerialPortLib/FdtPL011SerialPortLib/OUTPUT/FdtPL011SerialPortLib.lib(FdtPL011SerialPortLib.obj)
 .debug_aranges
                0x00000000000009d0       0xb0 /home/osboxes/fix_rttee_text/RT-TEE/edk2/Build/ArmVirtQemuKernel-AARCH64/DEBUG_GCC49/AARCH64/MdePkg/Library/BaseDebugLibSerialPort/BaseDebugLibSerialPort/OUTPUT/BaseDebugLibSerialPort.lib(DebugLib.obj)
 .debug_aranges
                0x0000000000000a80       0x30 /home/osboxes/fix_rttee_text/RT-TEE/edk2/Build/ArmVirtQemuKernel-AARCH64/DEBUG_GCC49/AARCH64/MdePkg/Library/UefiBootServicesTableLib/UefiBootServicesTableLib/OUTPUT/UefiBootServicesTableLib.lib(UefiBootServicesTableLib.obj)
 .debug_aranges