Archive member included to satisfy reference by file (symbol)

/home/osboxes/fix_rttee_text/RT-TEE/edk2/Build/ArmVirtQemuKernel-AARCH64/DEBUG_GCC49/AARCH64/MdePkg/Library/UefiDriverEntryPoint/UefiDriverEntryPoint/OUTPUT/UefiDriverEntryPoint.lib(DriverEntryPoint.obj)
                              (_ModuleEntryPoint)
/home/osboxes/fix_rttee_text/RT-TEE/edk2/Build/ArmVirtQemuKernel-AARCH64/DEBUG_GCC49/AARCH64/MdeModulePkg/Universal/Console/ConSplitterDxe/ConSplitterDxe/OUTPUT/ConSplitterDxe.lib(AutoGen.obj)
                              /home/osboxes/fix_rttee_text/RT-TEE/edk2/Build/ArmVirtQemuKernel-AARCH64/DEBUG_GCC49/AARCH64/MdePkg/Library/UefiDriverEntryPoint/UefiDriverEntryPoint/OUTPUT/UefiDriverEntryPoint.lib(DriverEntryPoint.obj) (gEfiLoadedImageProtocolGuid)
/home/osboxes/fix_rttee_text/RT-TEE/edk2/Build/ArmVirtQemuKernel-AARCH64/DEBUG_GCC49/AARCH64/MdeModulePkg/Universal/Console/ConSplitterDxe/ConSplitterDxe/OUTPUT/ConSplitterDxe.lib(ConSplitter.obj)
                              /home/osboxes/fix_rttee_text/RT-TEE/edk2/Build/ArmVirtQemuKernel-AARCH64/DEBUG_GCC49/AARCH64/MdeModulePkg/Universal/Console/ConSplitterDxe/ConSplitterDxe/OUTPUT/ConSplitterDxe.lib(AutoGen.obj) (ConSplitterDriverEntry)
/home/osboxes/fix_rttee_text/RT-TEE/edk2/Build/ArmVirtQemuKernel-AARCH64/DEBUG_GCC49/AARCH64/MdeModulePkg/Universal/Console/ConSplitterDxe/ConSplitterDxe/OUTPUT/ConSplitterDxe.lib(ConSplitterGraphics.obj)
                              /home/osboxes/fix_rttee_text/RT-TEE/edk2/Build/ArmVirtQemuKernel-AARCH64/DEBUG_GCC49/AARCH64/MdeModulePkg/Universal/Console/ConSplitterDxe/ConSplitterDxe/OUTPUT/ConSplitterDxe.lib(ConSplitter.obj) (ConSplitterGraphicsOutputQueryMode)
/home/osboxes/fix_rttee_text/RT-TEE/edk2/Build/ArmVirtQemuKernel-AARCH64/DEBUG_GCC49/AARCH64/MdeModulePkg/Universal/Console/ConSplitterDxe/ConSplitterDxe/OUTPUT/ConSplitterDxe.lib(ComponentName.obj)
                              /home/osboxes/fix_rttee_text/RT-TEE/edk2/Build/ArmVirtQemuKernel-AARCH64/DEBUG_GCC49/AARCH64/MdeModulePkg/Universal/Console/ConSplitterDxe/ConSplitterDxe/OUTPUT/ConSplitterDxe.lib(ConSplitter.obj) (gConSplitterConInComponentName)
/home/osboxes/fix_rttee_text/RT-TEE/edk2/Build/ArmVirtQemuKernel-AARCH64/DEBUG_GCC49/AARCH64/MdePkg/Library/BaseLib/BaseLib/OUTPUT/BaseLib.lib(MultU64x64.obj)
                              /home/osboxes/fix_rttee_text/RT-TEE/edk2/Build/ArmVirtQemuKernel-AARCH64/DEBUG_GCC49/AARCH64/MdeModulePkg/Universal/Console/ConSplitterDxe/ConSplitterDxe/OUTPUT/ConSplitterDxe.lib(ConSplitter.obj) (MultU64x64)
/home/osboxes/fix_rttee_text/RT-TEE/edk2/Build/ArmVirtQemuKernel-AARCH64/DEBUG_GCC49/AARCH64/MdePkg/Library/BaseLib/BaseLib/OUTPUT/BaseLib.lib(DivU64x64Remainder.obj)
                              /home/osboxes/fix_rttee_text/RT-TEE/edk2/Build/ArmVirtQemuKernel-AARCH64/DEBUG_GCC49/AARCH64/MdeModulePkg/Universal/Console/ConSplitterDxe/ConSplitterDxe/OUTPUT/ConSplitterDxe.lib(ConSplitter.obj) (DivU64x64Remainder)
/home/osboxes/fix_rttee_text/RT-TEE/edk2/Build/ArmVirtQemuKernel-AARCH64/DEBUG_GCC49/AARCH64/MdePkg/Library/BaseLib/BaseLib/OUTPUT/BaseLib.lib(LinkedList.obj)
                              /home/osboxes/fix_rttee_text/RT-TEE/edk2/Build/ArmVirtQemuKernel-AARCH64/DEBUG_GCC49/AARCH64/MdeModulePkg/Universal/Console/ConSplitterDxe/ConSplitterDxe/OUTPUT/ConSplitterDxe.lib(ConSplitter.obj) (InitializeListHead)
/home/osboxes/fix_rttee_text/RT-TEE/edk2/Build/ArmVirtQemuKernel-AARCH64/DEBUG_GCC49/AARCH64/MdePkg/Library/BaseLib/BaseLib/OUTPUT/BaseLib.lib(Math64.obj)
                              /home/osboxes/fix_rttee_text/RT-TEE/edk2/Build/ArmVirtQemuKernel-AARCH64/DEBUG_GCC49/AARCH64/MdePkg/Library/BaseLib/BaseLib/OUTPUT/BaseLib.lib(MultU64x64.obj) (InternalMathMultU64x64)
/home/osboxes/fix_rttee_text/RT-TEE/edk2/Build/ArmVirtQemuKernel-AARCH64/DEBUG_GCC49/AARCH64/MdePkg/Library/BaseLib/BaseLib/OUTPUT/BaseLib.lib(SwapBytes32.obj)
                              /home/osboxes/fix_rttee_text/RT-TEE/edk2/Build/ArmVirtQemuKernel-AARCH64/DEBUG_GCC49/AARCH64/MdePkg/Library/BaseLib/BaseLib/OUTPUT/BaseLib.lib(Math64.obj) (SwapBytes32)
/home/osboxes/fix_rttee_text/RT-TEE/edk2/Build/ArmVirtQemuKernel-AARCH64/DEBUG_GCC49/AARCH64/MdePkg/Library/BaseLib/BaseLib/OUTPUT/BaseLib.lib(SwapBytes16.obj)
                              /home/osboxes/fix_rttee_text/RT-TEE/edk2/Build/ArmVirtQemuKernel-AARCH64/DEBUG_GCC49/AARCH64/MdePkg/Library/BaseLib/BaseLib/OUTPUT/BaseLib.lib(SwapBytes32.obj) (SwapBytes16)
/home/osboxes/fix_rttee_text/RT-TEE/edk2/Build/ArmVirtQemuKernel-AARCH64/DEBUG_GCC49/AARCH64/MdePkg/Library/BaseMemoryLibOptDxe/BaseMemoryLibOptDxe/OUTPUT/BaseMemoryLibOptDxe.lib(ZeroMemWrapper.obj)
                              /home/osboxes/fix_rttee_text/RT-TEE/edk2/Build/ArmVirtQemuKernel-AARCH64/DEBUG_GCC49/AARCH64/MdeModulePkg/Universal/Console/ConSplitterDxe/ConSplitterDxe/OUTPUT/ConSplitterDxe.lib(ConSplitter.obj) (ZeroMem)
[...]
Memory Configuration

Name             Origin             Length             Attributes
*default*        0x0000000000000000 0xffffffffffffffff

Linker script and memory map

START GROUP
LOAD /home/osboxes/fix_rttee_text/RT-TEE/edk2/Build/ArmVirtQemuKernel-AARCH64/DEBUG_GCC49/AARCH64/MdePkg/Library/DxePcdLib/DxePcdLib/OUTPUT/DxePcdLib.lib
LOAD /home/osboxes/fix_rttee_text/RT-TEE/edk2/Build/ArmVirtQemuKernel-AARCH64/DEBUG_GCC49/AARCH64/MdePkg/Library/BaseLib/BaseLib/OUTPUT/BaseLib.lib
LOAD /home/osboxes/fix_rttee_text/RT-TEE/edk2/Build/ArmVirtQemuKernel-AARCH64/DEBUG_GCC49/AARCH64/MdePkg/Library/BaseMemoryLibOptDxe/BaseMemoryLibOptDxe/OUTPUT/BaseMemoryLibOptDxe.lib
LOAD /home/osboxes/fix_rttee_text/RT-TEE/edk2/Build/ArmVirtQemuKernel-AARCH64/DEBUG_GCC49/AARCH64/MdePkg/Library/BaseIoLibIntrinsic/BaseIoLibIntrinsicArmVirt/OUTPUT/BaseIoLibIntrinsicArmVirt.lib
LOAD /home/osboxes/fix_rttee_text/RT-TEE/edk2/Build/ArmVirtQemuKernel-AARCH64/DEBUG_GCC49/AARCH64/ArmVirtPkg/Library/ArmVirtDxeHobLib/ArmVirtDxeHobLib/OUTPUT/ArmVirtDxeHobLib.lib
LOAD /home/osboxes/fix_rttee_text/RT-TEE/edk2/Build/ArmVirtQemuKernel-AARCH64/DEBUG_GCC49/AARCH64/ArmPlatformPkg/Library/PL011UartLib/PL011UartLib/OUTPUT/PL011UartLib.lib
LOAD /home/osboxes/fix_rttee_text/RT-TEE/edk2/Build/ArmVirtQemuKernel-AARCH64/DEBUG_GCC49/AARCH64/MdePkg/Library/BaseDebugPrintErrorLevelLib/BaseDebugPrintErrorLevelLib/OUTPUT/BaseDebugPrintErrorLevelLib.lib
LOAD /home/osboxes/fix_rttee_text/RT-TEE/edk2/Build/ArmVirtQemuKernel-AARCH64/DEBUG_GCC49/AARCH64/MdePkg/Library/BasePrintLib/BasePrintLib/OUTPUT/BasePrintLib.lib
LOAD /home/osboxes/fix_rttee_text/RT-TEE/edk2/Build/ArmVirtQemuKernel-AARCH64/DEBUG_GCC49/AARCH64/ArmVirtPkg/Library/FdtPL011SerialPortLib/FdtPL011SerialPortLib/OUTPUT/FdtPL011SerialPortLib.lib
LOAD /home/osboxes/fix_rttee_text/RT-TEE/edk2/Build/ArmVirtQemuKernel-AARCH64/DEBUG_GCC49/AARCH64/MdePkg/Library/BaseDebugLibSerialPort/BaseDebugLibSerialPort/OUTPUT/BaseDebugLibSerialPort.lib
LOAD /home/osboxes/fix_rttee_text/RT-TEE/edk2/Build/ArmVirtQemuKernel-AARCH64/DEBUG_GCC49/AARCH64/MdePkg/Library/UefiBootServicesTableLib/UefiBootServicesTableLib/OUTPUT/UefiBootServicesTableLib.lib
LOAD /home/osboxes/fix_rttee_text/RT-TEE/edk2/Build/ArmVirtQemuKernel-AARCH64/DEBUG_GCC49/AARCH64/MdePkg/Library/UefiMemoryAllocationLib/UefiMemoryAllocationLib/OUTPUT/UefiMemoryAllocationLib.lib
LOAD /home/osboxes/fix_rttee_text/RT-TEE/edk2/Build/ArmVirtQemuKernel-AARCH64/DEBUG_GCC49/AARCH64/MdePkg/Library/UefiRuntimeServicesTableLib/UefiRuntimeServicesTableLib/OUTPUT/UefiRuntimeServicesTableLib.lib
LOAD /home/osboxes/fix_rttee_text/RT-TEE/edk2/Build/ArmVirtQemuKernel-AARCH64/DEBUG_GCC49/AARCH64/MdePkg/Library/UefiDevicePathLibDevicePathProtocol/UefiDevicePathLibDevicePathProtocol/OUTPUT/UefiDevicePathLibDevicePathProtocol.lib
LOAD /home/osboxes/fix_rttee_text/RT-TEE/edk2/Build/ArmVirtQemuKernel-AARCH64/DEBUG_GCC49/AARCH64/MdePkg/Library/UefiLib/UefiLib/OUTPUT/UefiLib.lib
LOAD /home/osboxes/fix_rttee_text/RT-TEE/edk2/Build/ArmVirtQemuKernel-AARCH64/DEBUG_GCC49/AARCH64/MdePkg/Library/UefiDriverEntryPoint/UefiDriverEntryPoint/OUTPUT/UefiDriverEntryPoint.lib
LOAD /home/osboxes/fix_rttee_text/RT-TEE/edk2/Build/ArmVirtQemuKernel-AARCH64/DEBUG_GCC49/AARCH64/ArmPkg/Library/CompilerIntrinsicsLib/CompilerIntrinsicsLib/OUTPUT/CompilerIntrinsicsLib.lib
LOAD /home/osboxes/fix_rttee_text/RT-TEE/edk2/Build/ArmVirtQemuKernel-AARCH64/DEBUG_GCC49/AARCH64/MdePkg/Library/BaseStackCheckLib/BaseStackCheckLib/OUTPUT/BaseStackCheckLib.lib
LOAD /home/osboxes/fix_rttee_text/RT-TEE/edk2/Build/ArmVirtQemuKernel-AARCH64/DEBUG_GCC49/AARCH64/MdeModulePkg/Universal/Console/ConSplitterDxe/ConSplitterDxe/OUTPUT/ConSplitterDxe.lib
END GROUP
                0x0000000000000228                . = PECOFF_HEADER_SIZE

.text           0x0000000000001000     0xf4b8
 *(.text .text.* .stub .gnu.linkonce.t.*)
 .text._DriverUnloadHandler
                0x0000000000001000       0x48 /home/osboxes/fix_rttee_text/RT-TEE/edk2/Build/ArmVirtQemuKernel-AARCH64/DEBUG_GCC49/AARCH64/MdePkg/Library/UefiDriverEntryPoint/UefiDriverEntryPoint/OUTPUT/UefiDriverEntryPoint.lib(DriverEntryPoint.obj)
                0x0000000000001000                _DriverUnloadHandler
 .text._ModuleEntryPoint
                0x0000000000001048      0x148 /home/osboxes/fix_rttee_text/RT-TEE/edk2/Build/ArmVirtQemuKernel-AARCH64/DEBUG_GCC49/AARCH64/MdePkg/Library/UefiDriverEntryPoint/UefiDriverEntryPoint/OUTPUT/UefiDriverEntryPoint.lib(DriverEntryPoint.obj)
                0x0000000000001048                _ModuleEntryPoint
 .text.ProcessLibraryConstructorList
                0x0000000000001190      0x370 /home/osboxes/fix_rttee_text/RT-TEE/edk2/Build/ArmVirtQemuKernel-AARCH64/DEBUG_GCC49/AARCH64/MdeModulePkg/Universal/Console/ConSplitterDxe/ConSplitterDxe/OUTPUT/ConSplitterDxe.lib(AutoGen.obj)
                0x0000000000001190                ProcessLibraryConstructorList
 .text.ProcessLibraryDestructorList
                0x0000000000001500       0x18 /home/osboxes/fix_rttee_text/RT-TEE/edk2/Build/ArmVirtQemuKernel-AARCH64/DEBUG_GCC49/AARCH64/MdeModulePkg/Universal/Console/ConSplitterDxe/ConSplitterDxe/OUTPUT/ConSplitterDxe.lib(AutoGen.obj)
                0x0000000000001500                ProcessLibraryDestructorList
 .text.ProcessModuleEntryPointList
                0x0000000000001518       0x24 /home/osboxes/fix_rttee_text/RT-TEE/edk2/Build/ArmVirtQemuKernel-AARCH64/DEBUG_GCC49/AARCH64/MdeModulePkg/Universal/Console/ConSplitterDxe/ConSplitterDxe/OUTPUT/ConSplitterDxe.lib(AutoGen.obj)
                0x0000000000001518                ProcessModuleEntryPointList
 .text.ProcessModuleUnloadList
                0x000000000000153c       0x14 /home/osboxes/fix_rttee_text/RT-TEE/edk2/Build/ArmVirtQemuKernel-AARCH64/DEBUG_GCC49/AARCH64/MdeModulePkg/Universal/Console/ConSplitterDxe/ConSplitterDxe/OUTPUT/ConSplitterDxe.lib(AutoGen.obj)
                0x000000000000153c                ProcessModuleUnloadList
 .text.ToggleStateSyncKeyNotify
                0x0000000000001550      0x11c /home/osboxes/fix_rttee_text/RT-TEE/edk2/Build/ArmVirtQemuKernel-AARCH64/DEBUG_GCC49/AARCH64/MdeModulePkg/Universal/Console/ConSplitterDxe/ConSplitterDxe/OUTPUT/ConSplitterDxe.lib(ConSplitter.obj)
                0x0000000000001550                ToggleStateSyncKeyNotify
 .text.ToggleStateSyncInitialization
                0x000000000000166c       0x68 /home/osboxes/fix_rttee_text/RT-TEE/edk2/Build/ArmVirtQemuKernel-AARCH64/DEBUG_GCC49/AARCH64/MdeModulePkg/Universal/Console/ConSplitterDxe/ConSplitterDxe/OUTPUT/ConSplitterDxe.lib(ConSplitter.obj)
                0x000000000000166c                ToggleStateSyncInitialization
 .text.ToggleStateSyncReInitialization
                0x00000000000016d4       0x9c /home/osboxes/fix_rttee_text/RT-TEE/edk2/Build/ArmVirtQemuKernel-AARCH64/DEBUG_GCC49/AARCH64/MdeModulePkg/Universal/Console/ConSplitterDxe/ConSplitterDxe/OUTPUT/ConSplitterDxe.lib(ConSplitter.obj)
                0x00000000000016d4                ToggleStateSyncReInitialization
 .text.ConSplitterDriverEntry
                0x0000000000001770      0x5b0 /home/osboxes/fix_rttee_text/RT-TEE/edk2/Build/ArmVirtQemuKernel-AARCH64/DEBUG_GCC49/AARCH64/MdeModulePkg/Universal/Console/ConSplitterDxe/ConSplitterDxe/OUTPUT/ConSplitterDxe.lib(ConSplitter.obj)
                0x0000000000001770                ConSplitterDriverEntry
 .text.ConSplitterTextInConstructor
                0x0000000000001d20      0x440 /home/osboxes/fix_rttee_text/RT-TEE/edk2/Build/ArmVirtQemuKernel-AARCH64/DEBUG_GCC49/AARCH64/MdeModulePkg/Universal/Console/ConSplitterDxe/ConSplitterDxe/OUTPUT/ConSplitterDxe.lib(ConSplitter.obj)
                0x0000000000001d20                ConSplitterTextInConstructor
 .text.ConSplitterTextOutConstructor
                0x0000000000002160      0x2c4 /home/osboxes/fix_rttee_text/RT-TEE/edk2/Build/ArmVirtQemuKernel-AARCH64/DEBUG_GCC49/AARCH64/MdeModulePkg/Universal/Console/ConSplitterDxe/ConSplitterDxe/OUTPUT/ConSplitterDxe.lib(ConSplitter.obj)
                0x0000000000002160                ConSplitterTextOutConstructor
 .text.ConSplitterSupported
                0x0000000000002424       0xec /home/osboxes/fix_rttee_text/RT-TEE/edk2/Build/ArmVirtQemuKernel-AARCH64/DEBUG_GCC49/AARCH64/MdeModulePkg/Universal/Console/ConSplitterDxe/ConSplitterDxe/OUTPUT/ConSplitterDxe.lib(ConSplitter.obj)
                0x0000000000002424                ConSplitterSupported
 .text.ConSplitterConInDriverBindingSupported
                0x0000000000002510       0x30 /home/osboxes/fix_rttee_text/RT-TEE/edk2/Build/ArmVirtQemuKernel-AARCH64/DEBUG_GCC49/AARCH64/MdeModulePkg/Universal/Console/ConSplitterDxe/ConSplitterDxe/OUTPUT/ConSplitterDxe.lib(ConSplitter.obj)
                0x0000000000002510                ConSplitterConInDriverBindingSupported
 .text.ConSplitterSimplePointerDriverBindingSupported
                0x0000000000002540       0x30 /home/osboxes/fix_rttee_text/RT-TEE/edk2/Build/ArmVirtQemuKernel-AARCH64/DEBUG_GCC49/AARCH64/MdeModulePkg/Universal/Console/ConSplitterDxe/ConSplitterDxe/OUTPUT/ConSplitterDxe.lib(ConSplitter.obj)
                0x0000000000002540                ConSplitterSimplePointerDriverBindingSupported
 .text.ConSplitterAbsolutePointerDriverBindingSupported
                0x0000000000002570       0x30 /home/osboxes/fix_rttee_text/RT-TEE/edk2/Build/ArmVirtQemuKernel-AARCH64/DEBUG_GCC49/AARCH64/MdeModulePkg/Universal/Console/ConSplitterDxe/ConSplitterDxe/OUTPUT/ConSplitterDxe.lib(ConSplitter.obj)
                0x0000000000002570                ConSplitterAbsolutePointerDriverBindingSupported
 .text.ConSplitterConOutDriverBindingSupported
                0x00000000000025a0       0x30 /home/osboxes/fix_rttee_text/RT-TEE/edk2/Build/ArmVirtQemuKernel-AARCH64/DEBUG_GCC49/AARCH64/MdeModulePkg/Universal/Console/ConSplitterDxe/ConSplitterDxe/OUTPUT/ConSplitterDxe.lib(ConSplitter.obj)
                0x00000000000025a0                ConSplitterConOutDriverBindingSupported
 .text.ConSplitterStdErrDriverBindingSupported
                0x00000000000025d0       0x30 /home/osboxes/fix_rttee_text/RT-TEE/edk2/Build/ArmVirtQemuKernel-AARCH64/DEBUG_GCC49/AARCH64/MdeModulePkg/Universal/Console/ConSplitterDxe/ConSplitterDxe/OUTPUT/ConSplitterDxe.lib(ConSplitter.obj)
                0x00000000000025d0                ConSplitterStdErrDriverBindingSupported
 .text.ConSplitterStart
                0x0000000000002600      0x170 /home/osboxes/fix_rttee_text/RT-TEE/edk2/Build/ArmVirtQemuKernel-AARCH64/DEBUG_GCC49/AARCH64/MdeModulePkg/Universal/Console/ConSplitterDxe/ConSplitterDxe/OUTPUT/ConSplitterDxe.lib(ConSplitter.obj)
                0x0000000000002600                ConSplitterStart
 .text.ConSplitterConInDriverBindingStart
                0x0000000000002770      0x108 /home/osboxes/fix_rttee_text/RT-TEE/edk2/Build/ArmVirtQemuKernel-AARCH64/DEBUG_GCC49/AARCH64/MdeModulePkg/Universal/Console/ConSplitterDxe/ConSplitterDxe/OUTPUT/ConSplitterDxe.lib(ConSplitter.obj)
                0x0000000000002770                ConSplitterConInDriverBindingStart
 .text.ConSplitterSimplePointerDriverBindingStart
                0x0000000000002878       0x7c /home/osboxes/fix_rttee_text/RT-TEE/edk2/Build/ArmVirtQemuKernel-AARCH64/DEBUG_GCC49/AARCH64/MdeModulePkg/Universal/Console/ConSplitterDxe/ConSplitterDxe/OUTPUT/ConSplitterDxe.lib(ConSplitter.obj)
                0x0000000000002878                ConSplitterSimplePointerDriverBindingStart
 .text.ConSplitterAbsolutePointerDriverBindingStart
                0x00000000000028f4       0x7c /home/osboxes/fix_rttee_text/RT-TEE/edk2/Build/ArmVirtQemuKernel-AARCH64/DEBUG_GCC49/AARCH64/MdeModulePkg/Universal/Console/ConSplitterDxe/ConSplitterDxe/OUTPUT/ConSplitterDxe.lib(ConSplitter.obj)
                0x00000000000028f4                ConSplitterAbsolutePointerDriverBindingStart
 .text.ConSplitterConOutDriverBindingStart
                0x0000000000002970      0x2a8 /home/osboxes/fix_rttee_text/RT-TEE/edk2/Build/ArmVirtQemuKernel-AARCH64/DEBUG_GCC49/AARCH64/MdeModulePkg/Universal/Console/ConSplitterDxe/ConSplitterDxe/OUTPUT/ConSplitterDxe.lib(ConSplitter.obj)
                0x0000000000002970                ConSplitterConOutDriverBindingStart
 .text.ConSplitterStdErrDriverBindingStart
                0x0000000000002c18       0xac /home/osboxes/fix_rttee_text/RT-TEE/edk2/Build/ArmVirtQemuKernel-AARCH64/DEBUG_GCC49/AARCH64/MdeModulePkg/Universal/Console/ConSplitterDxe/ConSplitterDxe/OUTPUT/ConSplitterDxe.lib(ConSplitter.obj)
                0x0000000000002c18                ConSplitterStdErrDriverBindingStart
 .text.ConSplitterStop
                0x0000000000002cc4       0xd0 /home/osboxes/fix_rttee_text/RT-TEE/edk2/Build/ArmVirtQemuKernel-AARCH64/DEBUG_GCC49/AARCH64/MdeModulePkg/Universal/Console/ConSplitterDxe/ConSplitterDxe/OUTPUT/ConSplitterDxe.lib(ConSplitter.obj)
                0x0000000000002cc4                ConSplitterStop
 .text.ConSplitterConInDriverBindingStop
                0x0000000000002d94      0x10c /home/osboxes/fix_rttee_text/RT-TEE/edk2/Build/ArmVirtQemuKernel-AARCH64/DEBUG_GCC49/AARCH64/MdeModulePkg/Universal/Console/ConSplitterDxe/ConSplitterDxe/OUTPUT/ConSplitterDxe.lib(ConSplitter.obj)
                0x0000000000002d94                ConSplitterConInDriverBindingStop
 .text.ConSplitterSimplePointerDriverBindingStop
                0x0000000000002ea0       0x94 /home/osboxes/fix_rttee_text/RT-TEE/edk2/Build/ArmVirtQemuKernel-AARCH64/DEBUG_GCC49/AARCH64/MdeModulePkg/Universal/Console/ConSplitterDxe/ConSplitterDxe/OUTPUT/ConSplitterDxe.lib(ConSplitter.obj)
                0x0000000000002ea0                ConSplitterSimplePointerDriverBindingStop
 .text.ConSplitterAbsolutePointerDriverBindingStop
                0x0000000000002f34       0x94 /home/osboxes/fix_rttee_text/RT-TEE/edk2/Build/ArmVirtQemuKernel-AARCH64/DEBUG_GCC49/AARCH64/MdeModulePkg/Universal/Console/ConSplitterDxe/ConSplitterDxe/OUTPUT/ConSplitterDxe.lib(ConSplitter.obj)
                0x0000000000002f34                ConSplitterAbsolutePointerDriverBindingStop
 .text.ConSplitterConOutDriverBindingStop
                0x0000000000002fc8       0x94 /home/osboxes/fix_rttee_text/RT-TEE/edk2/Build/ArmVirtQemuKernel-AARCH64/DEBUG_GCC49/AARCH64/MdeModulePkg/Universal/Console/ConSplitterDxe/ConSplitterDxe/OUTPUT/ConSplitterDxe.lib(ConSplitter.obj)
                0x0000000000002fc8                ConSplitterConOutDriverBindingStop
 .text.ConSplitterStdErrDriverBindingStop
                0x000000000000305c       0x94 /home/osboxes/fix_rttee_text/RT-TEE/edk2/Build/ArmVirtQemuKernel-AARCH64/DEBUG_GCC49/AARCH64/MdeModulePkg/Universal/Console/ConSplitterDxe/ConSplitterDxe/OUTPUT/ConSplitterDxe.lib(ConSplitter.obj)
                0x000000000000305c                ConSplitterStdErrDriverBindingStop
 .text.ConSplitterGrowBuffer
                0x00000000000030f0       0x94 /home/osboxes/fix_rttee_text/RT-TEE/edk2/Build/ArmVirtQemuKernel-AARCH64/DEBUG_GCC49/AARCH64/MdeModulePkg/Universal/Console/ConSplitterDxe/ConSplitterDxe/OUTPUT/ConSplitterDxe.lib(ConSplitter.obj)
                0x00000000000030f0                ConSplitterGrowBuffer
 .text.ConSplitterTextInAddDevice
                0x0000000000003184       0xbc /home/osboxes/fix_rttee_text/RT-TEE/edk2/Build/ArmVirtQemuKernel-AARCH64/DEBUG_GCC49/AARCH64/MdeModulePkg/Universal/Console/ConSplitterDxe/ConSplitterDxe/OUTPUT/ConSplitterDxe.lib(ConSplitter.obj)
                0x0000000000003184                ConSplitterTextInAddDevice
 .text.ConSplitterTextInDeleteDevice
                0x0000000000003240       0xe0 /home/osboxes/fix_rttee_text/RT-TEE/edk2/Build/ArmVirtQemuKernel-AARCH64/DEBUG_GCC49/AARCH64/MdeModulePkg/Universal/Console/ConSplitterDxe/ConSplitterDxe/OUTPUT/ConSplitterDxe.lib(ConSplitter.obj)
                0x0000000000003240                ConSplitterTextInDeleteDevice
 .text.ConSplitterTextInExAddDevice
                0x0000000000003320      0x380 /home/osboxes/fix_rttee_text/RT-TEE/edk2/Build/ArmVirtQemuKernel-AARCH64/DEBUG_GCC49/AARCH64/MdeModulePkg/Universal/Console/ConSplitterDxe/ConSplitterDxe/OUTPUT/ConSplitterDxe.lib(ConSplitter.obj)
                0x0000000000003320                ConSplitterTextInExAddDevice
 .text.ConSplitterTextInExDeleteDevice
                0x00000000000036a0       0xe0 /home/osboxes/fix_rttee_text/RT-TEE/edk2/Build/ArmVirtQemuKernel-AARCH64/DEBUG_GCC49/AARCH64/MdeModulePkg/Universal/Console/ConSplitterDxe/ConSplitterDxe/OUTPUT/ConSplitterDxe.lib(ConSplitter.obj)
                0x00000000000036a0                ConSplitterTextInExDeleteDevice
 .text.ConSplitterSimplePointerAddDevice
                0x0000000000003780       0xa0 /home/osboxes/fix_rttee_text/RT-TEE/edk2/Build/ArmVirtQemuKernel-AARCH64/DEBUG_GCC49/AARCH64/MdeModulePkg/Universal/Console/ConSplitterDxe/ConSplitterDxe/OUTPUT/ConSplitterDxe.lib(ConSplitter.obj)
                0x0000000000003780                ConSplitterSimplePointerAddDevice
 .text.ConSplitterSimplePointerDeleteDevice
                0x0000000000003820       0xe0 /home/osboxes/fix_rttee_text/RT-TEE/edk2/Build/ArmVirtQemuKernel-AARCH64/DEBUG_GCC49/AARCH64/MdeModulePkg/Universal/Console/ConSplitterDxe/ConSplitterDxe/OUTPUT/ConSplitterDxe.lib(ConSplitter.obj)
                0x0000000000003820                ConSplitterSimplePointerDeleteDevice
 .text.ConSplitterAbsolutePointerAddDevice
                0x0000000000003900       0xa0 /home/osboxes/fix_rttee_text/RT-TEE/edk2/Build/ArmVirtQemuKernel-AARCH64/DEBUG_GCC49/AARCH64/MdeModulePkg/Universal/Console/ConSplitterDxe/ConSplitterDxe/OUTPUT/ConSplitterDxe.lib(ConSplitter.obj)
                0x0000000000003900                ConSplitterAbsolutePointerAddDevice
 .text.ConSplitterAbsolutePointerDeleteDevice
                0x00000000000039a0       0xe0 /home/osboxes/fix_rttee_text/RT-TEE/edk2/Build/ArmVirtQemuKernel-AARCH64/DEBUG_GCC49/AARCH64/MdeModulePkg/Universal/Console/ConSplitterDxe/ConSplitterDxe/OUTPUT/ConSplitterDxe.lib(ConSplitter.obj)
                0x00000000000039a0                ConSplitterAbsolutePointerDeleteDevice
 .text.ConSplitterGrowMapTable
                0x0000000000003a80      0x12c /home/osboxes/fix_rttee_text/RT-TEE/edk2/Build/ArmVirtQemuKernel-AARCH64/DEBUG_GCC49/AARCH64/MdeModulePkg/Universal/Console/ConSplitterDxe/ConSplitterDxe/OUTPUT/ConSplitterDxe.lib(ConSplitter.obj)
                0x0000000000003a80                ConSplitterGrowMapTable
 .text.ConSplitterAddOutputMode
                0x0000000000003bac      0x1a0 /home/osboxes/fix_rttee_text/RT-TEE/edk2/Build/ArmVirtQemuKernel-AARCH64/DEBUG_GCC49/AARCH64/MdeModulePkg/Universal/Console/ConSplitterDxe/ConSplitterDxe/OUTPUT/ConSplitterDxe.lib(ConSplitter.obj)
                0x0000000000003bac                ConSplitterAddOutputMode
 .text.ConSplitterGetIntersection
                0x0000000000003d4c      0x174 /home/osboxes/fix_rttee_text/RT-TEE/edk2/Build/ArmVirtQemuKernel-AARCH64/DEBUG_GCC49/AARCH64/MdeModulePkg/Universal/Console/ConSplitterDxe/ConSplitterDxe/OUTPUT/ConSplitterDxe.lib(ConSplitter.obj)
                0x0000000000003d4c                ConSplitterGetIntersection
 .text.ConSplitterSyncOutputMode
                0x0000000000003ec0      0x1f8 /home/osboxes/fix_rttee_text/RT-TEE/edk2/Build/ArmVirtQemuKernel-AARCH64/DEBUG_GCC49/AARCH64/MdeModulePkg/Universal/Console/ConSplitterDxe/ConSplitterDxe/OUTPUT/ConSplitterDxe.lib(ConSplitter.obj)
                0x0000000000003ec0                ConSplitterSyncOutputMode
 .text.ConSplitterGetIntersectionBetweenConOutAndStrErr
                0x00000000000040b8      0x408 /home/osboxes/fix_rttee_text/RT-TEE/edk2/Build/ArmVirtQemuKernel-AARCH64/DEBUG_GCC49/AARCH64/MdeModulePkg/Universal/Console/ConSplitterDxe/ConSplitterDxe/OUTPUT/ConSplitterDxe.lib(ConSplitter.obj)
                0x00000000000040b8                ConSplitterGetIntersectionBetweenConOutAndStrErr
 .text.ConSplitterAddGraphicsOutputMode
                0x00000000000044c0      0x94c /home/osboxes/fix_rttee_text/RT-TEE/edk2/Build/ArmVirtQemuKernel-AARCH64/DEBUG_GCC49/AARCH64/MdeModulePkg/Universal/Console/ConSplitterDxe/ConSplitterDxe/OUTPUT/ConSplitterDxe.lib(ConSplitter.obj)
                0x00000000000044c0                ConSplitterAddGraphicsOutputMode
 .text.ConsplitterSetConsoleOutMode
                0x0000000000004e0c      0x278 /home/osboxes/fix_rttee_text/RT-TEE/edk2/Build/ArmVirtQemuKernel-AARCH64/DEBUG_GCC49/AARCH64/MdeModulePkg/Universal/Console/ConSplitterDxe/ConSplitterDxe/OUTPUT/ConSplitterDxe.lib(ConSplitter.obj)
                0x0000000000004e0c                ConsplitterSetConsoleOutMode
 .text.ConSplitterTextOutAddDevice
                0x0000000000005084      0x42c /home/osboxes/fix_rttee_text/RT-TEE/edk2/Build/ArmVirtQemuKernel-AARCH64/DEBUG_GCC49/AARCH64/MdeModulePkg/Universal/Console/ConSplitterDxe/ConSplitterDxe/OUTPUT/ConSplitterDxe.lib(ConSplitter.obj)
                0x0000000000005084                ConSplitterTextOutAddDevice
 .text.ConSplitterTextOutDeleteDevice
                0x00000000000054b0      0x34c /home/osboxes/fix_rttee_text/RT-TEE/edk2/Build/ArmVirtQemuKernel-AARCH64/DEBUG_GCC49/AARCH64/MdeModulePkg/Universal/Console/ConSplitterDxe/ConSplitterDxe/OUTPUT/ConSplitterDxe.lib(ConSplitter.obj)
                0x00000000000054b0                ConSplitterTextOutDeleteDevice
 .text.ConSplitterTextInReset
                0x00000000000057fc      0x118 /home/osboxes/fix_rttee_text/RT-TEE/edk2/Build/ArmVirtQemuKernel-AARCH64/DEBUG_GCC49/AARCH64/MdeModulePkg/Universal/Console/ConSplitterDxe/ConSplitterDxe/OUTPUT/ConSplitterDxe.lib(ConSplitter.obj)
                0x00000000000057fc                ConSplitterTextInReset
 .text.ConSplitterTextInExDequeueKey
                0x0000000000005914       0xa0 /home/osboxes/fix_rttee_text/RT-TEE/edk2/Build/ArmVirtQemuKernel-AARCH64/DEBUG_GCC49/AARCH64/MdeModulePkg/Universal/Console/ConSplitterDxe/ConSplitterDxe/OUTPUT/ConSplitterDxe.lib(ConSplitter.obj)
                0x0000000000005914                ConSplitterTextInExDequeueKey
 .text.ConSplitterTextInPrivateReadKeyStroke
                0x00000000000059b4      0x130 /home/osboxes/fix_rttee_text/RT-TEE/edk2/Build/ArmVirtQemuKernel-AARCH64/DEBUG_GCC49/AARCH64/MdeModulePkg/Universal/Console/ConSplitterDxe/ConSplitterDxe/OUTPUT/ConSplitterDxe.lib(ConSplitter.obj)
                0x00000000000059b4                ConSplitterTextInPrivateReadKeyStroke
 .text.ConSplitterTextInReadKeyStroke
                0x0000000000005ae4      0x10c /home/osboxes/fix_rttee_text/RT-TEE/edk2/Build/ArmVirtQemuKernel-AARCH64/DEBUG_GCC49/AARCH64/MdeModulePkg/Universal/Console/ConSplitterDxe/ConSplitterDxe/OUTPUT/ConSplitterDxe.lib(ConSplitter.obj)
                0x0000000000005ae4                ConSplitterTextInReadKeyStroke
 .text.ConSplitterTextInWaitForKey
                0x0000000000005bf0       0xd8 /home/osboxes/fix_rttee_text/RT-TEE/edk2/Build/ArmVirtQemuKernel-AARCH64/DEBUG_GCC49/AARCH64/MdeModulePkg/Universal/Console/ConSplitterDxe/ConSplitterDxe/OUTPUT/ConSplitterDxe.lib(ConSplitter.obj)
                0x0000000000005bf0                ConSplitterTextInWaitForKey
 .text.IsKeyRegistered
                0x0000000000005cc8       0xf4 /home/osboxes/fix_rttee_text/RT-TEE/edk2/Build/ArmVirtQemuKernel-AARCH64/DEBUG_GCC49/AARCH64/MdeModulePkg/Universal/Console/ConSplitterDxe/ConSplitterDxe/OUTPUT/ConSplitterDxe.lib(ConSplitter.obj)
                0x0000000000005cc8                IsKeyRegistered
 .text.ConSplitterTextInResetEx
                0x0000000000005dbc      0x118 /home/osboxes/fix_rttee_text/RT-TEE/edk2/Build/ArmVirtQemuKernel-AARCH64/DEBUG_GCC49/AARCH64/MdeModulePkg/Universal/Console/ConSplitterDxe/ConSplitterDxe/OUTPUT/ConSplitterDxe.lib(ConSplitter.obj)
                0x0000000000005dbc                ConSplitterTextInResetEx
 .text.ConSplitterTextInReadKeyStrokeEx
                0x0000000000005ed4      0x378 /home/osboxes/fix_rttee_text/RT-TEE/edk2/Build/ArmVirtQemuKernel-AARCH64/DEBUG_GCC49/AARCH64/MdeModulePkg/Universal/Console/ConSplitterDxe/ConSplitterDxe/OUTPUT/ConSplitterDxe.lib(ConSplitter.obj)
                0x0000000000005ed4                ConSplitterTextInReadKeyStrokeEx
 .text.ConSplitterTextInSetState
                0x000000000000624c      0x14c /home/osboxes/fix_rttee_text/RT-TEE/edk2/Build/ArmVirtQemuKernel-AARCH64/DEBUG_GCC49/AARCH64/MdeModulePkg/Universal/Console/ConSplitterDxe/ConSplitterDxe/OUTPUT/ConSplitterDxe.lib(ConSplitter.obj)
                0x000000000000624c                ConSplitterTextInSetState
 .text.ConSplitterTextInRegisterKeyNotify
                0x0000000000006398      0x384 /home/osboxes/fix_rttee_text/RT-TEE/edk2/Build/ArmVirtQemuKernel-AARCH64/DEBUG_GCC49/AARCH64/MdeModulePkg/Universal/Console/ConSplitterDxe/ConSplitterDxe/OUTPUT/ConSplitterDxe.lib(ConSplitter.obj)
                0x0000000000006398                ConSplitterTextInRegisterKeyNotify
 .text.ConSplitterTextInUnregisterKeyNotify
                0x000000000000671c      0x1f0 /home/osboxes/fix_rttee_text/RT-TEE/edk2/Build/ArmVirtQemuKernel-AARCH64/DEBUG_GCC49/AARCH64/MdeModulePkg/Universal/Console/ConSplitterDxe/ConSplitterDxe/OUTPUT/ConSplitterDxe.lib(ConSplitter.obj)
                0x000000000000671c                ConSplitterTextInUnregisterKeyNotify
 .text.ConSplitterSimplePointerReset
                0x000000000000690c      0x114 /home/osboxes/fix_rttee_text/RT-TEE/edk2/Build/ArmVirtQemuKernel-AARCH64/DEBUG_GCC49/AARCH64/MdeModulePkg/Universal/Console/ConSplitterDxe/ConSplitterDxe/OUTPUT/ConSplitterDxe.lib(ConSplitter.obj)
                0x000000000000690c                ConSplitterSimplePointerReset
 .text.ConSplitterSimplePointerPrivateGetState
                0x0000000000006a20      0x29c /home/osboxes/fix_rttee_text/RT-TEE/edk2/Build/ArmVirtQemuKernel-AARCH64/DEBUG_GCC49/AARCH64/MdeModulePkg/Universal/Console/ConSplitterDxe/ConSplitterDxe/OUTPUT/ConSplitterDxe.lib(ConSplitter.obj)
                0x0000000000006a20                ConSplitterSimplePointerPrivateGetState
 .text.ConSplitterSimplePointerGetState
                0x0000000000006cbc       0x84 /home/osboxes/fix_rttee_text/RT-TEE/edk2/Build/ArmVirtQemuKernel-AARCH64/DEBUG_GCC49/AARCH64/MdeModulePkg/Universal/Console/ConSplitterDxe/ConSplitterDxe/OUTPUT/ConSplitterDxe.lib(ConSplitter.obj)
                0x0000000000006cbc                ConSplitterSimplePointerGetState
 .text.ConSplitterSimplePointerWaitForInput
                0x0000000000006d40       0xd8 /home/osboxes/fix_rttee_text/RT-TEE/edk2/Build/ArmVirtQemuKernel-AARCH64/DEBUG_GCC49/AARCH64/MdeModulePkg/Universal/Console/ConSplitterDxe/ConSplitterDxe/OUTPUT/ConSplitterDxe.lib(ConSplitter.obj)
                0x0000000000006d40                ConSplitterSimplePointerWaitForInput
 .text.ConSplitterAbsolutePointerReset
                0x0000000000006e18      0x114 /home/osboxes/fix_rttee_text/RT-TEE/edk2/Build/ArmVirtQemuKernel-AARCH64/DEBUG_GCC49/AARCH64/MdeModulePkg/Universal/Console/ConSplitterDxe/ConSplitterDxe/OUTPUT/ConSplitterDxe.lib(ConSplitter.obj)
                0x0000000000006e18                ConSplitterAbsolutePointerReset
 .text.ConSplitterAbsolutePointerGetState
                0x0000000000006f2c      0x3b4 /home/osboxes/fix_rttee_text/RT-TEE/edk2/Build/ArmVirtQemuKernel-AARCH64/DEBUG_GCC49/AARCH64/MdeModulePkg/Universal/Console/ConSplitterDxe/ConSplitterDxe/OUTPUT/ConSplitterDxe.lib(ConSplitter.obj)
                0x0000000000006f2c                ConSplitterAbsolutePointerGetState
 .text.ConSplitterAbsolutePointerWaitForInput
                0x00000000000072e0       0xd8 /home/osboxes/fix_rttee_text/RT-TEE/edk2/Build/ArmVirtQemuKernel-AARCH64/DEBUG_GCC49/AARCH64/MdeModulePkg/Universal/Console/ConSplitterDxe/ConSplitterDxe/OUTPUT/ConSplitterDxe.lib(ConSplitter.obj)
                0x00000000000072e0                ConSplitterAbsolutePointerWaitForInput
 .text.ConSplitterTextOutReset
                0x00000000000073b8      0x140 /home/osboxes/fix_rttee_text/RT-TEE/edk2/Build/ArmVirtQemuKernel-AARCH64/DEBUG_GCC49/AARCH64/MdeModulePkg/Universal/Console/ConSplitterDxe/ConSplitterDxe/OUTPUT/ConSplitterDxe.lib(ConSplitter.obj)
                0x00000000000073b8                ConSplitterTextOutReset
 .text.ConSplitterTextOutOutputString
                0x00000000000074f8      0x320 /home/osboxes/fix_rttee_text/RT-TEE/edk2/Build/ArmVirtQemuKernel-AARCH64/DEBUG_GCC49/AARCH64/MdeModulePkg/Universal/Console/ConSplitterDxe/ConSplitterDxe/OUTPUT/ConSplitterDxe.lib(ConSplitter.obj)
                0x00000000000074f8                ConSplitterTextOutOutputString
 .text.ConSplitterTextOutTestString
                0x0000000000007818      0x10c /home/osboxes/fix_rttee_text/RT-TEE/edk2/Build/ArmVirtQemuKernel-AARCH64/DEBUG_GCC49/AARCH64/MdeModulePkg/Universal/Console/ConSplitterDxe/ConSplitterDxe/OUTPUT/ConSplitterDxe.lib(ConSplitter.obj)
                0x0000000000007818                ConSplitterTextOutTestString
 .text.ConSplitterTextOutQueryMode
                0x0000000000007924      0x1a8 /home/osboxes/fix_rttee_text/RT-TEE/edk2/Build/ArmVirtQemuKernel-AARCH64/DEBUG_GCC49/AARCH64/MdeModulePkg/Universal/Console/ConSplitterDxe/ConSplitterDxe/OUTPUT/ConSplitterDxe.lib(ConSplitter.obj)
                0x0000000000007924                ConSplitterTextOutQueryMode
 .text.ConSplitterTextOutSetMode
                0x0000000000007acc      0x1b4 /home/osboxes/fix_rttee_text/RT-TEE/edk2/Build/ArmVirtQemuKernel-AARCH64/DEBUG_GCC49/AARCH64/MdeModulePkg/Universal/Console/ConSplitterDxe/ConSplitterDxe/OUTPUT/ConSplitterDxe.lib(ConSplitter.obj)
                0x0000000000007acc                ConSplitterTextOutSetMode
 .text.ConSplitterTextOutSetAttribute
                0x0000000000007c80      0x134 /home/osboxes/fix_rttee_text/RT-TEE/edk2/Build/ArmVirtQemuKernel-AARCH64/DEBUG_GCC49/AARCH64/MdeModulePkg/Universal/Console/ConSplitterDxe/ConSplitterDxe/OUTPUT/ConSplitterDxe.lib(ConSplitter.obj)
                0x0000000000007c80                ConSplitterTextOutSetAttribute
 .text.ConSplitterTextOutClearScreen
                0x0000000000007db4      0x120 /home/osboxes/fix_rttee_text/RT-TEE/edk2/Build/ArmVirtQemuKernel-AARCH64/DEBUG_GCC49/AARCH64/MdeModulePkg/Universal/Console/ConSplitterDxe/ConSplitterDxe/OUTPUT/ConSplitterDxe.lib(ConSplitter.obj)
                0x0000000000007db4                ConSplitterTextOutClearScreen
 .text.ConSplitterTextOutSetCursorPosition
                0x0000000000007ed4      0x1f0 /home/osboxes/fix_rttee_text/RT-TEE/edk2/Build/ArmVirtQemuKernel-AARCH64/DEBUG_GCC49/AARCH64/MdeModulePkg/Universal/Console/ConSplitterDxe/ConSplitterDxe/OUTPUT/ConSplitterDxe.lib(ConSplitter.obj)
                0x0000000000007ed4                ConSplitterTextOutSetCursorPosition
 .text.ConSplitterTextOutEnableCursor
                0x00000000000080c4      0x118 /home/osboxes/fix_rttee_text/RT-TEE/edk2/Build/ArmVirtQemuKernel-AARCH64/DEBUG_GCC49/AARCH64/MdeModulePkg/Universal/Console/ConSplitterDxe/ConSplitterDxe/OUTPUT/ConSplitterDxe.lib(ConSplitter.obj)
                0x00000000000080c4                ConSplitterTextOutEnableCursor
 .text.ConSplitterGraphicsOutputQueryMode
                0x00000000000081dc      0x1e8 /home/osboxes/fix_rttee_text/RT-TEE/edk2/Build/ArmVirtQemuKernel-AARCH64/DEBUG_GCC49/AARCH64/MdeModulePkg/Universal/Console/ConSplitterDxe/ConSplitterDxe/OUTPUT/ConSplitterDxe.lib(ConSplitterGraphics.obj)
                0x00000000000081dc                ConSplitterGraphicsOutputQueryMode
 .text.ConSplitterGraphicsOutputSetMode
                0x00000000000083c4      0x38c /home/osboxes/fix_rttee_text/RT-TEE/edk2/Build/ArmVirtQemuKernel-AARCH64/DEBUG_GCC49/AARCH64/MdeModulePkg/Universal/Console/ConSplitterDxe/ConSplitterDxe/OUTPUT/ConSplitterDxe.lib(ConSplitterGraphics.obj)
                0x00000000000083c4                ConSplitterGraphicsOutputSetMode
 .text.ConSplitterGraphicsOutputBlt
                0x0000000000008750      0x238 /home/osboxes/fix_rttee_text/RT-TEE/edk2/Build/ArmVirtQemuKernel-AARCH64/DEBUG_GCC49/AARCH64/MdeModulePkg/Universal/Console/ConSplitterDxe/ConSplitterDxe/OUTPUT/ConSplitterDxe.lib(ConSplitterGraphics.obj)
                0x0000000000008750                ConSplitterGraphicsOutputBlt
 .text.ConSplitterUgaDrawGetMode
                0x0000000000008988       0xfc /home/osboxes/fix_rttee_text/RT-TEE/edk2/Build/ArmVirtQemuKernel-AARCH64/DEBUG_GCC49/AARCH64/MdeModulePkg/Universal/Console/ConSplitterDxe/ConSplitterDxe/OUTPUT/ConSplitterDxe.lib(ConSplitterGraphics.obj)
                0x0000000000008988                ConSplitterUgaDrawGetMode
 .text.ConSplitterUgaDrawSetMode
                0x0000000000008a84      0x274 /home/osboxes/fix_rttee_text/RT-TEE/edk2/Build/ArmVirtQemuKernel-AARCH64/DEBUG_GCC49/AARCH64/MdeModulePkg/Universal/Console/ConSplitterDxe/ConSplitterDxe/OUTPUT/ConSplitterDxe.lib(ConSplitterGraphics.obj)
                0x0000000000008a84                ConSplitterUgaDrawSetMode
 .text.ConSplitterUgaDrawBlt
                0x0000000000008cf8      0x250 /home/osboxes/fix_rttee_text/RT-TEE/edk2/Build/ArmVirtQemuKernel-AARCH64/DEBUG_GCC49/AARCH64/MdeModulePkg/Universal/Console/ConSplitterDxe/ConSplitterDxe/OUTPUT/ConSplitterDxe.lib(ConSplitterGraphics.obj)
                0x0000000000008cf8                ConSplitterUgaDrawBlt
 .text.TextOutSetMode
                0x0000000000008f48       0x44 /home/osboxes/fix_rttee_text/RT-TEE/edk2/Build/ArmVirtQemuKernel-AARCH64/DEBUG_GCC49/AARCH64/MdeModulePkg/Universal/Console/ConSplitterDxe/ConSplitterDxe/OUTPUT/ConSplitterDxe.lib(ConSplitterGraphics.obj)
                0x0000000000008f48                TextOutSetMode
 .text.ConSplitterComponentNameGetDriverName
                0x0000000000008f8c       0xb4 /home/osboxes/fix_rttee_text/RT-TEE/edk2/Build/ArmVirtQemuKernel-AARCH64/DEBUG_GCC49/AARCH64/MdeModulePkg/Universal/Console/ConSplitterDxe/ConSplitterDxe/OUTPUT/ConSplitterDxe.lib(ComponentName.obj)
                0x0000000000008f8c                ConSplitterComponentNameGetDriverName
 .text.ConSplitterTestControllerHandles
                0x0000000000009040       0x78 /home/osboxes/fix_rttee_text/RT-TEE/edk2/Build/ArmVirtQemuKernel-AARCH64/DEBUG_GCC49/AARCH64/MdeModulePkg/Universal/Console/ConSplitterDxe/ConSplitterDxe/OUTPUT/ConSplitterDxe.lib(ComponentName.obj)
                0x0000000000009040                ConSplitterTestControllerHandles
 .text.ConSplitterConInComponentNameGetControllerName
                0x00000000000090b8       0xa0 /home/osboxes/fix_rttee_text/RT-TEE/edk2/Build/ArmVirtQemuKernel-AARCH64/DEBUG_GCC49/AARCH64/MdeModulePkg/Universal/Console/ConSplitterDxe/ConSplitterDxe/OUTPUT/ConSplitterDxe.lib(ComponentName.obj)
                0x00000000000090b8                ConSplitterConInComponentNameGetControllerName
 .text.ConSplitterSimplePointerComponentNameGetControllerName
                0x0000000000009158       0xa0 /home/osboxes/fix_rttee_text/RT-TEE/edk2/Build/ArmVirtQemuKernel-AARCH64/DEBUG_GCC49/AARCH64/MdeModulePkg/Universal/Console/ConSplitterDxe/ConSplitterDxe/OUTPUT/ConSplitterDxe.lib(ComponentName.obj)
                0x0000000000009158                ConSplitterSimplePointerComponentNameGetControllerName
 .text.ConSplitterAbsolutePointerComponentNameGetControllerName
                0x00000000000091f8       0xa0 /home/osboxes/fix_rttee_text/RT-TEE/edk2/Build/ArmVirtQemuKernel-AARCH64/DEBUG_GCC49/AARCH64/MdeModulePkg/Universal/Console/ConSplitterDxe/ConSplitterDxe/OUTPUT/ConSplitterDxe.lib(ComponentName.obj)
                0x00000000000091f8                ConSplitterAbsolutePointerComponentNameGetControllerName
 .text.ConSplitterConOutComponentNameGetControllerName
                0x0000000000009298       0xa0 /home/osboxes/fix_rttee_text/RT-TEE/edk2/Build/ArmVirtQemuKernel-AARCH64/DEBUG_GCC49/AARCH64/MdeModulePkg/Universal/Console/ConSplitterDxe/ConSplitterDxe/OUTPUT/ConSplitterDxe.lib(ComponentName.obj)
                0x0000000000009298                ConSplitterConOutComponentNameGetControllerName
 .text.ConSplitterStdErrComponentNameGetControllerName
                0x0000000000009338       0xa0 /home/osboxes/fix_rttee_text/RT-TEE/edk2/Build/ArmVirtQemuKernel-AARCH64/DEBUG_GCC49/AARCH64/MdeModulePkg/Universal/Console/ConSplitterDxe/ConSplitterDxe/OUTPUT/ConSplitterDxe.lib(ComponentName.obj)
                0x0000000000009338                ConSplitterStdErrComponentNameGetControllerName
 .text.MultU64x64
                0x00000000000093d8       0x2c /home/osboxes/fix_rttee_text/RT-TEE/edk2/Build/ArmVirtQemuKernel-AARCH64/DEBUG_GCC49/AARCH64/MdePkg/Library/BaseLib/BaseLib/OUTPUT/BaseLib.lib(MultU64x64.obj)
                0x00000000000093d8                MultU64x64
 .text.DivU64x64Remainder
                0x0000000000009404       0x60 /home/osboxes/fix_rttee_text/RT-TEE/edk2/Build/ArmVirtQemuKernel-AARCH64/DEBUG_GCC49/AARCH64/MdePkg/Library/BaseLib/BaseLib/OUTPUT/BaseLib.lib(DivU64x64Remainder.obj)
                0x0000000000009404                DivU64x64Remainder
 .text.InternalBaseLibIsListValid
                0x0000000000009464      0x144 /home/osboxes/fix_rttee_text/RT-TEE/edk2/Build/ArmVirtQemuKernel-AARCH64/DEBUG_GCC49/AARCH64/MdePkg/Library/BaseLib/BaseLib/OUTPUT/BaseLib.lib(LinkedList.obj)
                0x0000000000009464                InternalBaseLibIsListValid
 .text.IsNodeInList
                0x00000000000095a8      0x120 /home/osboxes/fix_rttee_text/RT-TEE/edk2/Build/ArmVirtQemuKernel-AARCH64/DEBUG_GCC49/AARCH64/MdePkg/Library/BaseLib/BaseLib/OUTPUT/BaseLib.lib(LinkedList.obj)
                0x00000000000095a8                IsNodeInList
 .text.InitializeListHead
                0x00000000000096c8       0x64 /home/osboxes/fix_rttee_text/RT-TEE/edk2/Build/ArmVirtQemuKernel-AARCH64/DEBUG_GCC49/AARCH64/MdePkg/Library/BaseLib/BaseLib/OUTPUT/BaseLib.lib(LinkedList.obj)
                0x00000000000096c8                InitializeListHead
 .text.InsertTailList
                0x000000000000972c       0xe8 /home/osboxes/fix_rttee_text/RT-TEE/edk2/Build/ArmVirtQemuKernel-AARCH64/DEBUG_GCC49/AARCH64/MdePkg/Library/BaseLib/BaseLib/OUTPUT/BaseLib.lib(LinkedList.obj)
                0x000000000000972c                InsertTailList
 .text.IsListEmpty
                0x0000000000009814       0x68 /home/osboxes/fix_rttee_text/RT-TEE/edk2/Build/ArmVirtQemuKernel-AARCH64/DEBUG_GCC49/AARCH64/MdePkg/Library/BaseLib/BaseLib/OUTPUT/BaseLib.lib(LinkedList.obj)
                0x0000000000009814                IsListEmpty
 .text.RemoveEntryList
                0x000000000000987c       0x80 /home/osboxes/fix_rttee_text/RT-TEE/edk2/Build/ArmVirtQemuKernel-AARCH64/DEBUG_GCC49/AARCH64/MdePkg/Library/BaseLib/BaseLib/OUTPUT/BaseLib.lib(LinkedList.obj)
                0x000000000000987c                RemoveEntryList
 .text.InternalMathMultU64x64
                0x00000000000098fc       0x20 /home/osboxes/fix_rttee_text/RT-TEE/edk2/Build/ArmVirtQemuKernel-AARCH64/DEBUG_GCC49/AARCH64/MdePkg/Library/BaseLib/BaseLib/OUTPUT/BaseLib.lib(Math64.obj)
                0x00000000000098fc                InternalMathMultU64x64
 .text.InternalMathDivRemU64x32
                0x000000000000991c       0x50 /home/osboxes/fix_rttee_text/RT-TEE/edk2/Build/ArmVirtQemuKernel-AARCH64/DEBUG_GCC49/AARCH64/MdePkg/Library/BaseLib/BaseLib/OUTPUT/BaseLib.lib(Math64.obj)
                0x000000000000991c                InternalMathDivRemU64x32
 .text.InternalMathDivRemU64x64
                0x000000000000996c       0x50 /home/osboxes/fix_rttee_text/RT-TEE/edk2/Build/ArmVirtQemuKernel-AARCH64/DEBUG_GCC49/AARCH64/MdePkg/Library/BaseLib/BaseLib/OUTPUT/BaseLib.lib(Math64.obj)
                0x000000000000996c                InternalMathDivRemU64x64
 .text.ZeroMem  0x00000000000099bc       0xa8 /home/osboxes/fix_rttee_text/RT-TEE/edk2/Build/ArmVirtQemuKernel-AARCH64/DEBUG_GCC49/AARCH64/MdePkg/Library/BaseMemoryLibOptDxe/BaseMemoryLibOptDxe/OUTPUT/BaseMemoryLibOptDxe.lib(ZeroMemWrapper.obj)
                0x00000000000099bc                ZeroMem
 .text.SetMem   0x0000000000009a64       0x80 /home/osboxes/fix_rttee_text/RT-TEE/edk2/Build/ArmVirtQemuKernel-AARCH64/DEBUG_GCC49/AARCH64/MdePkg/Library/BaseMemoryLibOptDxe/BaseMemoryLibOptDxe/OUTPUT/BaseMemoryLibOptDxe.lib(SetMemWrapper.obj)
                0x0000000000009a64                SetMem
 .text.CopyMem  0x0000000000009ae4       0xd8 /home/osboxes/fix_rttee_text/RT-TEE/edk2/Build/ArmVirtQemuKernel-AARCH64/DEBUG_GCC49/AARCH64/MdePkg/Library/BaseMemoryLibOptDxe/BaseMemoryLibOptDxe/OUTPUT/BaseMemoryLibOptDxe.lib(CopyMemWrapper.obj)
                0x0000000000009ae4                CopyMem
 *fill*         0x0000000000009bbc        0x4 
 .text          0x0000000000009bc0      0x200 /home/osboxes/fix_rttee_text/RT-TEE/edk2/Build/ArmVirtQemuKernel-AARCH64/DEBUG_GCC49/AARCH64/MdePkg/Library/BaseMemoryLibOptDxe/BaseMemoryLibOptDxe/OUTPUT/BaseMemoryLibOptDxe.lib(SetMem.obj)
                0x0000000000009bc0                InternalMemSetMem16
                0x0000000000009bcc                InternalMemSetMem32
                0x0000000000009bd8                InternalMemSetMem64
                0x0000000000009be4                InternalMemZeroMem
                0x0000000000009bec                InternalMemSetMem
 .text          0x0000000000009dc0      0x218 /home/osboxes/fix_rttee_text/RT-TEE/edk2/Build/ArmVirtQemuKernel-AARCH64/DEBUG_GCC49/AARCH64/MdePkg/Library/BaseMemoryLibOptDxe/BaseMemoryLibOptDxe/OUTPUT/BaseMemoryLibOptDxe.lib(CopyMem.obj)
                0x0000000000009f2c                InternalMemCopyMem
 .text.HobLibConstructor
                0x0000000000009fd8       0xbc /home/osboxes/fix_rttee_text/RT-TEE/edk2/Build/ArmVirtQemuKernel-AARCH64/DEBUG_GCC49/AARCH64/ArmVirtPkg/Library/ArmVirtDxeHobLib/ArmVirtDxeHobLib/OUTPUT/ArmVirtDxeHobLib.lib(HobLib.obj)
                0x0000000000009fd8                HobLibConstructor
 .text.GetHobList
                0x000000000000a094       0x34 /home/osboxes/fix_rttee_text/RT-TEE/edk2/Build/ArmVirtQemuKernel-AARCH64/DEBUG_GCC49/AARCH64/ArmVirtPkg/Library/ArmVirtDxeHobLib/ArmVirtDxeHobLib/OUTPUT/ArmVirtDxeHobLib.lib(HobLib.obj)
                0x000000000000a094                GetHobList
 .text.GetNextHob
                0x000000000000a0c8       0x8c /home/osboxes/fix_rttee_text/RT-TEE/edk2/Build/ArmVirtQemuKernel-AARCH64/DEBUG_GCC49/AARCH64/ArmVirtPkg/Library/ArmVirtDxeHobLib/ArmVirtDxeHobLib/OUTPUT/ArmVirtDxeHobLib.lib(HobLib.obj)
                0x000000000000a0c8                GetNextHob
 .text.GetNextGuidHob
                0x000000000000a154       0x90 /home/osboxes/fix_rttee_text/RT-TEE/edk2/Build/ArmVirtQemuKernel-AARCH64/DEBUG_GCC49/AARCH64/ArmVirtPkg/Library/ArmVirtDxeHobLib/ArmVirtDxeHobLib/OUTPUT/ArmVirtDxeHobLib.lib(HobLib.obj)
                0x000000000000a154                GetNextGuidHob
 .text.GetFirstGuidHob
                0x000000000000a1e4       0x28 /home/osboxes/fix_rttee_text/RT-TEE/edk2/Build/ArmVirtQemuKernel-AARCH64/DEBUG_GCC49/AARCH64/ArmVirtPkg/Library/ArmVirtDxeHobLib/ArmVirtDxeHobLib/OUTPUT/ArmVirtDxeHobLib.lib(HobLib.obj)
                0x000000000000a1e4                GetFirstGuidHob
 .text.SerialPortInitialize
                0x000000000000a20c        0x8 /home/osboxes/fix_rttee_text/RT-TEE/edk2/Build/ArmVirtQemuKernel-AARCH64/DEBUG_GCC49/AARCH64/ArmVirtPkg/Library/FdtPL011SerialPortLib/FdtPL011SerialPortLib/OUTPUT/FdtPL011SerialPortLib.lib(FdtPL011SerialPortLib.obj)
                0x000000000000a20c                SerialPortInitialize
 .text.FdtPL011SerialPortLibInitialize
                0x000000000000a214      0x114 /home/osboxes/fix_rttee_text/RT-TEE/edk2/Build/ArmVirtQemuKernel-AARCH64/DEBUG_GCC49/AARCH64/ArmVirtPkg/Library/FdtPL011SerialPortLib/FdtPL011SerialPortLib/OUTPUT/FdtPL011SerialPortLib.lib(FdtPL011SerialPortLib.obj)
                0x000000000000a214                FdtPL011SerialPortLibInitialize
 .text.SerialPortWrite
                0x000000000000a328       0x4c /home/osboxes/fix_rttee_text/RT-TEE/edk2/Build/ArmVirtQemuKernel-AARCH64/DEBUG_GCC49/AARCH64/ArmVirtPkg/Library/FdtPL011SerialPortLib/FdtPL011SerialPortLib/OUTPUT/FdtPL011SerialPortLib.lib(FdtPL011SerialPortLib.obj)
                0x000000000000a328                SerialPortWrite
 .text.BaseDebugLibSerialPortConstructor
                0x000000000000a374       0x14 /home/osboxes/fix_rttee_text/RT-TEE/edk2/Build/ArmVirtQemuKernel-AARCH64/DEBUG_GCC49/AARCH64/MdePkg/Library/BaseDebugLibSerialPort/BaseDebugLibSerialPort/OUTPUT/BaseDebugLibSerialPort.lib(DebugLib.obj)
                0x000000000000a374                BaseDebugLibSerialPortConstructor
 .text.DebugPrint
                0x000000000000a388       0xe4 /home/osboxes/fix_rttee_text/RT-TEE/edk2/Build/ArmVirtQemuKernel-AARCH64/DEBUG_GCC49/AARCH64/MdePkg/Library/BaseDebugLibSerialPort/BaseDebugLibSerialPort/OUTPUT/BaseDebugLibSerialPort.lib(DebugLib.obj)
                0x000000000000a388                DebugPrint
 .text.DebugAssert
                0x000000000000a46c       0xa4 /home/osboxes/fix_rttee_text/RT-TEE/edk2/Build/ArmVirtQemuKernel-AARCH64/DEBUG_GCC49/AARCH64/MdePkg/Library/BaseDebugLibSerialPort/BaseDebugLibSerialPort/OUTPUT/BaseDebugLibSerialPort.lib(DebugLib.obj)
                0x000000000000a46c                DebugAssert
 .text.DebugAssertEnabled
                0x000000000000a510       0x20 /home/osboxes/fix_rttee_text/RT-TEE/edk2/Build/ArmVirtQemuKernel-AARCH64/DEBUG_GCC49/AARCH64/MdePkg/Library/BaseDebugLibSerialPort/BaseDebugLibSerialPort/OUTPUT/BaseDebugLibSerialPort.lib(DebugLib.obj)
                0x000000000000a510                DebugAssertEnabled
 .text.DebugPrintEnabled
                0x000000000000a530       0x20 /home/osboxes/fix_rttee_text/RT-TEE/edk2/Build/ArmVirtQemuKernel-AARCH64/DEBUG_GCC49/AARCH64/MdePkg/Library/BaseDebugLibSerialPort/BaseDebugLibSerialPort/OUTPUT/BaseDebugLibSerialPort.lib(DebugLib.obj)
                0x000000000000a530                DebugPrintEnabled
 .text.DebugPrintLevelEnabled
                0x000000000000a550       0x34 /home/osboxes/fix_rttee_text/RT-TEE/edk2/Build/ArmVirtQemuKernel-AARCH64/DEBUG_GCC49/AARCH64/MdePkg/Library/BaseDebugLibSerialPort/BaseDebugLibSerialPort/OUTPUT/BaseDebugLibSerialPort.lib(DebugLib.obj)
                0x000000000000a550                DebugPrintLevelEnabled
 .text.UefiBootServicesTableLibConstructor
                0x000000000000a584      0x104 /home/osboxes/fix_rttee_text/RT-TEE/edk2/Build/ArmVirtQemuKernel-AARCH64/DEBUG_GCC49/AARCH64/MdePkg/Library/UefiBootServicesTableLib/UefiBootServicesTableLib/OUTPUT/UefiBootServicesTableLib.lib(UefiBootServicesTableLib.obj)
                0x000000000000a584                UefiBootServicesTableLibConstructor
 .text.InternalAllocatePool
                0x000000000000a688       0x54 /home/osboxes/fix_rttee_text/RT-TEE/edk2/Build/ArmVirtQemuKernel-AARCH64/DEBUG_GCC49/AARCH64/MdePkg/Library/UefiMemoryAllocationLib/UefiMemoryAllocationLib/OUTPUT/UefiMemoryAllocationLib.lib(MemoryAllocationLib.obj)
                0x000000000000a688                InternalAllocatePool
 .text.AllocatePool
                0x000000000000a6dc       0x20 /home/osboxes/fix_rttee_text/RT-TEE/edk2/Build/ArmVirtQemuKernel-AARCH64/DEBUG_GCC49/AARCH64/MdePkg/Library/UefiMemoryAllocationLib/UefiMemoryAllocationLib/OUTPUT/UefiMemoryAllocationLib.lib(MemoryAllocationLib.obj)
                0x000000000000a6dc                AllocatePool
 .text.InternalAllocateZeroPool
                0x000000000000a6fc       0x48 /home/osboxes/fix_rttee_text/RT-TEE/edk2/Build/ArmVirtQemuKernel-AARCH64/DEBUG_GCC49/AARCH64/MdePkg/Library/UefiMemoryAllocationLib/UefiMemoryAllocationLib/OUTPUT/UefiMemoryAllocationLib.lib(MemoryAllocationLib.obj)
                0x000000000000a6fc                InternalAllocateZeroPool
 .text.AllocateZeroPool
                0x000000000000a744       0x20 /home/osboxes/fix_rttee_text/RT-TEE/edk2/Build/ArmVirtQemuKernel-AARCH64/DEBUG_GCC49/AARCH64/MdePkg/Library/UefiMemoryAllocationLib/UefiMemoryAllocationLib/OUTPUT/UefiMemoryAllocationLib.lib(MemoryAllocationLib.obj)
                0x000000000000a744                AllocateZeroPool
 .text.InternalReallocatePool
                0x000000000000a764       0x78 /home/osboxes/fix_rttee_text/RT-TEE/edk2/Build/ArmVirtQemuKernel-AARCH64/DEBUG_GCC49/AARCH64/MdePkg/Library/UefiMemoryAllocationLib/UefiMemoryAllocationLib/OUTPUT/UefiMemoryAllocationLib.lib(MemoryAllocationLib.obj)
                0x000000000000a764                InternalReallocatePool
 .text.ReallocatePool
                0x000000000000a7dc       0x30 /home/osboxes/fix_rttee_text/RT-TEE/edk2/Build/ArmVirtQemuKernel-AARCH64/DEBUG_GCC49/AARCH64/MdePkg/Library/UefiMemoryAllocationLib/UefiMemoryAllocationLib/OUTPUT/UefiMemoryAllocationLib.lib(MemoryAllocationLib.obj)
                0x000000000000a7dc                ReallocatePool
 .text.FreePool
                0x000000000000a80c       0xa0 /home/osboxes/fix_rttee_text/RT-TEE/edk2/Build/ArmVirtQemuKernel-AARCH64/DEBUG_GCC49/AARCH64/MdePkg/Library/UefiMemoryAllocationLib/UefiMemoryAllocationLib/OUTPUT/UefiMemoryAllocationLib.lib(MemoryAllocationLib.obj)
                0x000000000000a80c                FreePool
 .text.UefiRuntimeServicesTableLibConstructor
                0x000000000000a8ac       0x6c /home/osboxes/fix_rttee_text/RT-TEE/edk2/Build/ArmVirtQemuKernel-AARCH64/DEBUG_GCC49/AARCH64/MdePkg/Library/UefiRuntimeServicesTableLib/UefiRuntimeServicesTableLib/OUTPUT/UefiRuntimeServicesTableLib.lib(UefiRuntimeServicesTableLib.obj)
                0x000000000000a8ac                UefiRuntimeServicesTableLibConstructor
 .text.DevicePathLibConstructor
                0x000000000000a918       0xf0 /home/osboxes/fix_rttee_text/RT-TEE/edk2/Build/ArmVirtQemuKernel-AARCH64/DEBUG_GCC49/AARCH64/MdePkg/Library/UefiDevicePathLibDevicePathProtocol/UefiDevicePathLibDevicePathProtocol/OUTPUT/UefiDevicePathLibDevicePathProtocol.lib(UefiDevicePathLib.obj)
                0x000000000000a918                DevicePathLibConstructor
 .text.EfiLibInstallDriverBindingComponentName2
                0x000000000000aa08      0x254 /home/osboxes/fix_rttee_text/RT-TEE/edk2/Build/ArmVirtQemuKernel-AARCH64/DEBUG_GCC49/AARCH64/MdePkg/Library/UefiLib/UefiLib/OUTPUT/UefiLib.lib(UefiDriverModel.obj)
                0x000000000000aa08                EfiLibInstallDriverBindingComponentName2
 .text.UefiLibConstructor
                0x000000000000ac5c       0x18 /home/osboxes/fix_rttee_text/RT-TEE/edk2/Build/ArmVirtQemuKernel-AARCH64/DEBUG_GCC49/AARCH64/MdePkg/Library/UefiLib/UefiLib/OUTPUT/UefiLib.lib(UefiLib.obj)
                0x000000000000ac5c                UefiLibConstructor
 .text.CompareIso639LanguageCode
                0x000000000000ac74       0x44 /home/osboxes/fix_rttee_text/RT-TEE/edk2/Build/ArmVirtQemuKernel-AARCH64/DEBUG_GCC49/AARCH64/MdePkg/Library/UefiLib/UefiLib/OUTPUT/UefiLib.lib(UefiLib.obj)
                0x000000000000ac74                CompareIso639LanguageCode
 .text.EfiEventEmptyFunction
                0x000000000000acb8       0x18 /home/osboxes/fix_rttee_text/RT-TEE/edk2/Build/ArmVirtQemuKernel-AARCH64/DEBUG_GCC49/AARCH64/MdePkg/Library/UefiLib/UefiLib/OUTPUT/UefiLib.lib(UefiLib.obj)
                0x000000000000acb8                EfiEventEmptyFunction
 .text.EfiTestManagedDevice
                0x000000000000acd0       0xdc /home/osboxes/fix_rttee_text/RT-TEE/edk2/Build/ArmVirtQemuKernel-AARCH64/DEBUG_GCC49/AARCH64/MdePkg/Library/UefiLib/UefiLib/OUTPUT/UefiLib.lib(UefiLib.obj)
                0x000000000000acd0                EfiTestManagedDevice
 .text.EfiTestChildHandle
                0x000000000000adac      0x12c /home/osboxes/fix_rttee_text/RT-TEE/edk2/Build/ArmVirtQemuKernel-AARCH64/DEBUG_GCC49/AARCH64/MdePkg/Library/UefiLib/UefiLib/OUTPUT/UefiLib.lib(UefiLib.obj)
                0x000000000000adac                EfiTestChildHandle
 .text.LookupUnicodeString2
                0x000000000000aed8      0x29c /home/osboxes/fix_rttee_text/RT-TEE/edk2/Build/ArmVirtQemuKernel-AARCH64/DEBUG_GCC49/AARCH64/MdePkg/Library/UefiLib/UefiLib/OUTPUT/UefiLib.lib(UefiLib.obj)
                0x000000000000aed8                LookupUnicodeString2
 .text.CpuDeadLoop
                0x000000000000b174       0x24 /home/osboxes/fix_rttee_text/RT-TEE/edk2/Build/ArmVirtQemuKernel-AARCH64/DEBUG_GCC49/AARCH64/MdePkg/Library/BaseLib/BaseLib/OUTPUT/BaseLib.lib(CpuDeadLoop.obj)
                0x000000000000b174                CpuDeadLoop
 .text.AsciiStrLen
                0x000000000000b198       0xd4 /home/osboxes/fix_rttee_text/RT-TEE/edk2/Build/ArmVirtQemuKernel-AARCH64/DEBUG_GCC49/AARCH64/MdePkg/Library/BaseLib/BaseLib/OUTPUT/BaseLib.lib(String.obj)
                0x000000000000b198                AsciiStrLen
 .text.AsciiStrSize
                0x000000000000b26c       0x20 /home/osboxes/fix_rttee_text/RT-TEE/edk2/Build/ArmVirtQemuKernel-AARCH64/DEBUG_GCC49/AARCH64/MdePkg/Library/BaseLib/BaseLib/OUTPUT/BaseLib.lib(String.obj)
                0x000000000000b26c                AsciiStrSize
 .text.AsciiStrnCmp
                0x000000000000b28c      0x180 /home/osboxes/fix_rttee_text/RT-TEE/edk2/Build/ArmVirtQemuKernel-AARCH64/DEBUG_GCC49/AARCH64/MdePkg/Library/BaseLib/BaseLib/OUTPUT/BaseLib.lib(String.obj)
                0x000000000000b28c                AsciiStrnCmp
 .text.ReadUnaligned16
                0x000000000000b40c       0x88 /home/osboxes/fix_rttee_text/RT-TEE/edk2/Build/ArmVirtQemuKernel-AARCH64/DEBUG_GCC49/AARCH64/MdePkg/Library/BaseLib/BaseLib/OUTPUT/BaseLib.lib(Unaligned.obj)
                0x000000000000b40c                ReadUnaligned16
 .text.ReadUnaligned24
                0x000000000000b494       0x6c /home/osboxes/fix_rttee_text/RT-TEE/edk2/Build/ArmVirtQemuKernel-AARCH64/DEBUG_GCC49/AARCH64/MdePkg/Library/BaseLib/BaseLib/OUTPUT/BaseLib.lib(Unaligned.obj)
                0x000000000000b494                ReadUnaligned24
 .text.ReadUnaligned32
                0x000000000000b500       0x74 /home/osboxes/fix_rttee_text/RT-TEE/edk2/Build/ArmVirtQemuKernel-AARCH64/DEBUG_GCC49/AARCH64/MdePkg/Library/BaseLib/BaseLib/OUTPUT/BaseLib.lib(Unaligned.obj)
                0x000000000000b500                ReadUnaligned32
 .text          0x000000000000b574        0x8 /home/osboxes/fix_rttee_text/RT-TEE/edk2/Build/ArmVirtQemuKernel-AARCH64/DEBUG_GCC49/AARCH64/MdePkg/Library/BaseLib/BaseLib/OUTPUT/BaseLib.lib(CpuBreakpoint.obj)
                0x000000000000b574                CpuBreakpoint
 .text.StrnLenS
                0x000000000000b57c       0xc0 /home/osboxes/fix_rttee_text/RT-TEE/edk2/Build/ArmVirtQemuKernel-AARCH64/DEBUG_GCC49/AARCH64/MdePkg/Library/BaseLib/BaseLib/OUTPUT/BaseLib.lib(SafeString.obj)
                0x000000000000b57c                StrnLenS
 .text.AsciiStrnLenS
                0x000000000000b63c       0x80 /home/osboxes/fix_rttee_text/RT-TEE/edk2/Build/ArmVirtQemuKernel-AARCH64/DEBUG_GCC49/AARCH64/MdePkg/Library/BaseLib/BaseLib/OUTPUT/BaseLib.lib(SafeString.obj)
                0x000000000000b63c                AsciiStrnLenS
 .text.CompareGuid
                0x000000000000b6bc       0x90 /home/osboxes/fix_rttee_text/RT-TEE/edk2/Build/ArmVirtQemuKernel-AARCH64/DEBUG_GCC49/AARCH64/MdePkg/Library/BaseMemoryLibOptDxe/BaseMemoryLibOptDxe/OUTPUT/BaseMemoryLibOptDxe.lib(MemLibGuid.obj)
                0x000000000000b6bc                CompareGuid
 *fill*         0x000000000000b74c       0x14 
 .text          0x000000000000b760       0x20 /home/osboxes/fix_rttee_text/RT-TEE/edk2/Build/ArmVirtQemuKernel-AARCH64/DEBUG_GCC49/AARCH64/MdePkg/Library/BaseMemoryLibOptDxe/BaseMemoryLibOptDxe/OUTPUT/BaseMemoryLibOptDxe.lib(CompareGuid.obj)
                0x000000000000b760                InternalMemCompareGuid
 .text.PL011UartInitializePort
                0x000000000000b780      0x3b0 /home/osboxes/fix_rttee_text/RT-TEE/edk2/Build/ArmVirtQemuKernel-AARCH64/DEBUG_GCC49/AARCH64/ArmPlatformPkg/Library/PL011UartLib/PL011UartLib/OUTPUT/PL011UartLib.lib(PL011UartLib.obj)
                0x000000000000b780                PL011UartInitializePort
 .text.PL011UartWrite
                0x000000000000bb30       0x7c /home/osboxes/fix_rttee_text/RT-TEE/edk2/Build/ArmVirtQemuKernel-AARCH64/DEBUG_GCC49/AARCH64/ArmPlatformPkg/Library/PL011UartLib/PL011UartLib/OUTPUT/PL011UartLib.lib(PL011UartLib.obj)
                0x000000000000bb30                PL011UartWrite
 .text.GetDebugPrintErrorLevel
                0x000000000000bbac       0x10 /home/osboxes/fix_rttee_text/RT-TEE/edk2/Build/ArmVirtQemuKernel-AARCH64/DEBUG_GCC49/AARCH64/MdePkg/Library/BaseDebugPrintErrorLevelLib/BaseDebugPrintErrorLevelLib/OUTPUT/BaseDebugPrintErrorLevelLib.lib(BaseDebugPrintErrorLevelLib.obj)
                0x000000000000bbac                GetDebugPrintErrorLevel
 .text.AsciiVSPrint
                0x000000000000bbbc       0x68 /home/osboxes/fix_rttee_text/RT-TEE/edk2/Build/ArmVirtQemuKernel-AARCH64/DEBUG_GCC49/AARCH64/MdePkg/Library/BasePrintLib/BasePrintLib/OUTPUT/BasePrintLib.lib(PrintLib.obj)
                0x000000000000bbbc                AsciiVSPrint
 .text.AsciiSPrint
                0x000000000000bc24       0x94 /home/osboxes/fix_rttee_text/RT-TEE/edk2/Build/ArmVirtQemuKernel-AARCH64/DEBUG_GCC49/AARCH64/MdePkg/Library/BasePrintLib/BasePrintLib/OUTPUT/BasePrintLib.lib(PrintLib.obj)
                0x000000000000bc24                AsciiSPrint
 .text.BasePrintLibFillBuffer
                0x000000000000bcb8       0x9c /home/osboxes/fix_rttee_text/RT-TEE/edk2/Build/ArmVirtQemuKernel-AARCH64/DEBUG_GCC49/AARCH64/MdePkg/Library/BasePrintLib/BasePrintLib/OUTPUT/BasePrintLib.lib(PrintLibInternal.obj)
                0x000000000000bcb8                BasePrintLibFillBuffer
 .text.BasePrintLibValueToString
                0x000000000000bd54       0x7c /home/osboxes/fix_rttee_text/RT-TEE/edk2/Build/ArmVirtQemuKernel-AARCH64/DEBUG_GCC49/AARCH64/MdePkg/Library/BasePrintLib/BasePrintLib/OUTPUT/BasePrintLib.lib(PrintLibInternal.obj)
                0x000000000000bd54                BasePrintLibValueToString
 .text.BasePrintLibSPrintMarker
                0x000000000000bdd0     0x1bcc /home/osboxes/fix_rttee_text/RT-TEE/edk2/Build/ArmVirtQemuKernel-AARCH64/DEBUG_GCC49/AARCH64/MdePkg/Library/BasePrintLib/BasePrintLib/OUTPUT/BasePrintLib.lib(PrintLibInternal.obj)
                0x000000000000bdd0                BasePrintLibSPrintMarker
 .text.BasePrintLibSPrint
                0x000000000000d99c       0x9c /home/osboxes/fix_rttee_text/RT-TEE/edk2/Build/ArmVirtQemuKernel-AARCH64/DEBUG_GCC49/AARCH64/MdePkg/Library/BasePrintLib/BasePrintLib/OUTPUT/BasePrintLib.lib(PrintLibInternal.obj)
                0x000000000000d99c                BasePrintLibSPrint
 .text.DivU64x32Remainder
                0x000000000000da38       0x60 /home/osboxes/fix_rttee_text/RT-TEE/edk2/Build/ArmVirtQemuKernel-AARCH64/DEBUG_GCC49/AARCH64/MdePkg/Library/BaseLib/BaseLib/OUTPUT/BaseLib.lib(DivU64x32Remainder.obj)
                0x000000000000da38                DivU64x32Remainder
 .text.MmioWrite8
                0x000000000000da98       0x28 /home/osboxes/fix_rttee_text/RT-TEE/edk2/Build/ArmVirtQemuKernel-AARCH64/DEBUG_GCC49/AARCH64/MdePkg/Library/BaseIoLibIntrinsic/BaseIoLibIntrinsicArmVirt/OUTPUT/BaseIoLibIntrinsicArmVirt.lib(IoLibArmVirt.obj)
                0x000000000000da98                MmioWrite8
 .text.MmioRead32
                0x000000000000dac0       0x54 /home/osboxes/fix_rttee_text/RT-TEE/edk2/Build/ArmVirtQemuKernel-AARCH64/DEBUG_GCC49/AARCH64/MdePkg/Library/BaseIoLibIntrinsic/BaseIoLibIntrinsicArmVirt/OUTPUT/BaseIoLibIntrinsicArmVirt.lib(IoLibArmVirt.obj)
                0x000000000000dac0                MmioRead32
 .text.MmioWrite32
                0x000000000000db14       0x60 /home/osboxes/fix_rttee_text/RT-TEE/edk2/Build/ArmVirtQemuKernel-AARCH64/DEBUG_GCC49/AARCH64/MdePkg/Library/BaseIoLibIntrinsic/BaseIoLibIntrinsicArmVirt/OUTPUT/BaseIoLibIntrinsicArmVirt.lib(IoLibArmVirt.obj)
                0x000000000000db14                MmioWrite32
 *fill*         0x000000000000db74        0x4 
 .text          0x000000000000db78       0x60 /home/osboxes/fix_rttee_text/RT-TEE/edk2/Build/ArmVirtQemuKernel-AARCH64/DEBUG_GCC49/AARCH64/MdePkg/Library/BaseIoLibIntrinsic/BaseIoLibIntrinsicArmVirt/OUTPUT/BaseIoLibIntrinsicArmVirt.lib(ArmVirtMmio.obj)
                0x000000000000db78                MmioRead8Internal
                0x000000000000db84                MmioWrite8Internal
                0x000000000000db90                MmioRead16Internal
                0x000000000000db9c                MmioWrite16Internal
                0x000000000000dba8                MmioRead32Internal
                0x000000000000dbb4                MmioWrite32Internal
                0x000000000000dbc0                MmioRead64Internal
                0x000000000000dbcc                MmioWrite64Internal
 *(.rodata .rodata.* .gnu.linkonce.r.*)
 .rodata        0x000000000000dbd8       0xa0 /home/osboxes/fix_rttee_text/RT-TEE/edk2/Build/ArmVirtQemuKernel-AARCH64/DEBUG_GCC49/AARCH64/MdePkg/Library/UefiDriverEntryPoint/UefiDriverEntryPoint/OUTPUT/UefiDriverEntryPoint.lib(DriverEntryPoint.obj)
 .rodata        0x000000000000dc78       0xfa /home/osboxes/fix_rttee_text/RT-TEE/edk2/Build/ArmVirtQemuKernel-AARCH64/DEBUG_GCC49/AARCH64/MdeModulePkg/Universal/Console/ConSplitterDxe/ConSplitterDxe/OUTPUT/ConSplitterDxe.lib(AutoGen.obj)
 .rodata._gPcd_FixedAtBuild_PcdConOutGopSupport
                0x000000000000dd72        0x1 /home/osboxes/fix_rttee_text/RT-TEE/edk2/Build/ArmVirtQemuKernel-AARCH64/DEBUG_GCC49/AARCH64/MdeModulePkg/Universal/Console/ConSplitterDxe/ConSplitterDxe/OUTPUT/ConSplitterDxe.lib(AutoGen.obj)
                0x000000000000dd72                _gPcd_FixedAtBuild_PcdConOutGopSupport
 .rodata._gPcd_FixedAtBuild_PcdConOutUgaSupport
                0x000000000000dd73        0x1 /home/osboxes/fix_rttee_text/RT-TEE/edk2/Build/ArmVirtQemuKernel-AARCH64/DEBUG_GCC49/AARCH64/MdeModulePkg/Universal/Console/ConSplitterDxe/ConSplitterDxe/OUTPUT/ConSplitterDxe.lib(AutoGen.obj)
                0x000000000000dd73                _gPcd_FixedAtBuild_PcdConOutUgaSupport
 .rodata._gPcd_FixedAtBuild_PcdUgaConsumeSupport
                0x000000000000dd74        0x1 /home/osboxes/fix_rttee_text/RT-TEE/edk2/Build/ArmVirtQemuKernel-AARCH64/DEBUG_GCC49/AARCH64/MdeModulePkg/Universal/Console/ConSplitterDxe/ConSplitterDxe/OUTPUT/ConSplitterDxe.lib(AutoGen.obj)
                0x000000000000dd74                _gPcd_FixedAtBuild_PcdUgaConsumeSupport
 .rodata._gPcd_FixedAtBuild_PcdConInConnectOnDemand
                0x000000000000dd75        0x1 /home/osboxes/fix_rttee_text/RT-TEE/edk2/Build/ArmVirtQemuKernel-AARCH64/DEBUG_GCC49/AARCH64/MdeModulePkg/Universal/Console/ConSplitterDxe/ConSplitterDxe/OUTPUT/ConSplitterDxe.lib(AutoGen.obj)
                0x000000000000dd75                _gPcd_FixedAtBuild_PcdConInConnectOnDemand
 .rodata._gPcd_FixedAtBuild_PcdVerifyNodeInList
                0x000000000000dd76        0x1 /home/osboxes/fix_rttee_text/RT-TEE/edk2/Build/ArmVirtQemuKernel-AARCH64/DEBUG_GCC49/AARCH64/MdeModulePkg/Universal/Console/ConSplitterDxe/ConSplitterDxe/OUTPUT/ConSplitterDxe.lib(AutoGen.obj)
                0x000000000000dd76                _gPcd_FixedAtBuild_PcdVerifyNodeInList
 *fill*         0x000000000000dd77        0x1 
 .rodata._gPcd_FixedAtBuild_PcdMaximumLinkedListLength
                0x000000000000dd78        0x4 /home/osboxes/fix_rttee_text/RT-TEE/edk2/Build/ArmVirtQemuKernel-AARCH64/DEBUG_GCC49/AARCH64/MdeModulePkg/Universal/Console/ConSplitterDxe/ConSplitterDxe/OUTPUT/ConSplitterDxe.lib(AutoGen.obj)
                0x000000000000dd78                _gPcd_FixedAtBuild_PcdMaximumLinkedListLength
 .rodata._gPcd_FixedAtBuild_PcdMaximumAsciiStringLength
                0x000000000000dd7c        0x4 /home/osboxes/fix_rttee_text/RT-TEE/edk2/Build/ArmVirtQemuKernel-AARCH64/DEBUG_GCC49/AARCH64/MdeModulePkg/Universal/Console/ConSplitterDxe/ConSplitterDxe/OUTPUT/ConSplitterDxe.lib(AutoGen.obj)
                0x000000000000dd7c                _gPcd_FixedAtBuild_PcdMaximumAsciiStringLength
 .rodata._gPcd_FixedAtBuild_PcdMaximumUnicodeStringLength
                0x000000000000dd80        0x4 /home/osboxes/fix_rttee_text/RT-TEE/edk2/Build/ArmVirtQemuKernel-AARCH64/DEBUG_GCC49/AARCH64/MdeModulePkg/Universal/Console/ConSplitterDxe/ConSplitterDxe/OUTPUT/ConSplitterDxe.lib(AutoGen.obj)
                0x000000000000dd80                _gPcd_FixedAtBuild_PcdMaximumUnicodeStringLength
 .rodata._gPcd_FixedAtBuild_PcdDebugPropertyMask
                0x000000000000dd84        0x1 /home/osboxes/fix_rttee_text/RT-TEE/edk2/Build/ArmVirtQemuKernel-AARCH64/DEBUG_GCC49/AARCH64/MdeModulePkg/Universal/Console/ConSplitterDxe/ConSplitterDxe/OUTPUT/ConSplitterDxe.lib(AutoGen.obj)
                0x000000000000dd84                _gPcd_FixedAtBuild_PcdDebugPropertyMask
 *fill*         0x000000000000dd85        0x3 
 .rodata._gPcd_FixedAtBuild_PcdDebugPrintErrorLevel
                0x000000000000dd88        0x4 /home/osboxes/fix_rttee_text/RT-TEE/edk2/Build/ArmVirtQemuKernel-AARCH64/DEBUG_GCC49/AARCH64/MdeModulePkg/Universal/Console/ConSplitterDxe/ConSplitterDxe/OUTPUT/ConSplitterDxe.lib(AutoGen.obj)
                0x000000000000dd88                _gPcd_FixedAtBuild_PcdDebugPrintErrorLevel
 *fill*         0x000000000000dd8c        0x4 
 .rodata._gPcd_FixedAtBuild_PcdUartDefaultBaudRate
                0x000000000000dd90        0x8 /home/osboxes/fix_rttee_text/RT-TEE/edk2/Build/ArmVirtQemuKernel-AARCH64/DEBUG_GCC49/AARCH64/MdeModulePkg/Universal/Console/ConSplitterDxe/ConSplitterDxe/OUTPUT/ConSplitterDxe.lib(AutoGen.obj)
                0x000000000000dd90                _gPcd_FixedAtBuild_PcdUartDefaultBaudRate
 .rodata._gPcd_FixedAtBuild_PcdUartDefaultDataBits
                0x000000000000dd98        0x1 /home/osboxes/fix_rttee_text/RT-TEE/edk2/Build/ArmVirtQemuKernel-AARCH64/DEBUG_GCC49/AARCH64/MdeModulePkg/Universal/Console/ConSplitterDxe/ConSplitterDxe/OUTPUT/ConSplitterDxe.lib(AutoGen.obj)
                0x000000000000dd98                _gPcd_FixedAtBuild_PcdUartDefaultDataBits
 .rodata._gPcd_FixedAtBuild_PcdUartDefaultParity
                0x000000000000dd99        0x1 /home/osboxes/fix_rttee_text/RT-TEE/edk2/Build/ArmVirtQemuKernel-AARCH64/DEBUG_GCC49/AARCH64/MdeModulePkg/Universal/Console/ConSplitterDxe/ConSplitterDxe/OUTPUT/ConSplitterDxe.lib(AutoGen.obj)
                0x000000000000dd99                _gPcd_FixedAtBuild_PcdUartDefaultParity
 .rodata._gPcd_FixedAtBuild_PcdUartDefaultStopBits
                0x000000000000dd9a        0x1 /home/osboxes/fix_rttee_text/RT-TEE/edk2/Build/ArmVirtQemuKernel-AARCH64/DEBUG_GCC49/AARCH64/MdeModulePkg/Universal/Console/ConSplitterDxe/ConSplitterDxe/OUTPUT/ConSplitterDxe.lib(AutoGen.obj)
                0x000000000000dd9a                _gPcd_FixedAtBuild_PcdUartDefaultStopBits
 *fill*         0x000000000000dd9b        0x1 
 .rodata._gPcd_FixedAtBuild_PcdFixedDebugPrintErrorLevel
                0x000000000000dd9c        0x4 /home/osboxes/fix_rttee_text/RT-TEE/edk2/Build/ArmVirtQemuKernel-AARCH64/DEBUG_GCC49/AARCH64/MdeModulePkg/Universal/Console/ConSplitterDxe/ConSplitterDxe/OUTPUT/ConSplitterDxe.lib(AutoGen.obj)
                0x000000000000dd9c                _gPcd_FixedAtBuild_PcdFixedDebugPrintErrorLevel
 .rodata._gPcd_FixedAtBuild_PcdComponentNameDisable
                0x000000000000dda0        0x1 /home/osboxes/fix_rttee_text/RT-TEE/edk2/Build/ArmVirtQemuKernel-AARCH64/DEBUG_GCC49/AARCH64/MdeModulePkg/Universal/Console/ConSplitterDxe/ConSplitterDxe/OUTPUT/ConSplitterDxe.lib(AutoGen.obj)
                0x000000000000dda0                _gPcd_FixedAtBuild_PcdComponentNameDisable
 .rodata._gPcd_FixedAtBuild_PcdComponentName2Disable
                0x000000000000dda1        0x1 /home/osboxes/fix_rttee_text/RT-TEE/edk2/Build/ArmVirtQemuKernel-AARCH64/DEBUG_GCC49/AARCH64/MdeModulePkg/Universal/Console/ConSplitterDxe/ConSplitterDxe/OUTPUT/ConSplitterDxe.lib(AutoGen.obj)
                0x000000000000dda1                _gPcd_FixedAtBuild_PcdComponentName2Disable
 *fill*         0x000000000000dda2        0x2 
 .rodata._gUefiDriverRevision
                0x000000000000dda4        0x4 /home/osboxes/fix_rttee_text/RT-TEE/edk2/Build/ArmVirtQemuKernel-AARCH64/DEBUG_GCC49/AARCH64/MdeModulePkg/Universal/Console/ConSplitterDxe/ConSplitterDxe/OUTPUT/ConSplitterDxe.lib(AutoGen.obj)
                0x000000000000dda4                _gUefiDriverRevision
 .rodata._gDriverUnloadImageCount
                0x000000000000dda8        0x1 /home/osboxes/fix_rttee_text/RT-TEE/edk2/Build/ArmVirtQemuKernel-AARCH64/DEBUG_GCC49/AARCH64/MdeModulePkg/Universal/Console/ConSplitterDxe/ConSplitterDxe/OUTPUT/ConSplitterDxe.lib(AutoGen.obj)
                0x000000000000dda8                _gDriverUnloadImageCount
 *fill*         0x000000000000dda9        0x7 
 .rodata        0x000000000000ddb0      0x292 /home/osboxes/fix_rttee_text/RT-TEE/edk2/Build/ArmVirtQemuKernel-AARCH64/DEBUG_GCC49/AARCH64/MdeModulePkg/Universal/Console/ConSplitterDxe/ConSplitterDxe/OUTPUT/ConSplitterDxe.lib(ConSplitter.obj)
 *fill*         0x000000000000e042        0x6 
 .rodata        0x000000000000e048       0x85 /home/osboxes/fix_rttee_text/RT-TEE/edk2/Build/ArmVirtQemuKernel-AARCH64/DEBUG_GCC49/AARCH64/MdeModulePkg/Universal/Console/ConSplitterDxe/ConSplitterDxe/OUTPUT/ConSplitterDxe.lib(ConSplitterGraphics.obj)
 *fill*         0x000000000000e0cd        0x3 
 .rodata        0x000000000000e0d0      0x184 /home/osboxes/fix_rttee_text/RT-TEE/edk2/Build/ArmVirtQemuKernel-AARCH64/DEBUG_GCC49/AARCH64/MdeModulePkg/Universal/Console/ConSplitterDxe/ConSplitterDxe/OUTPUT/ConSplitterDxe.lib(ComponentName.obj)
 *fill*         0x000000000000e254        0x4 
 .rodata        0x000000000000e258       0x65 /home/osboxes/fix_rttee_text/RT-TEE/edk2/Build/ArmVirtQemuKernel-AARCH64/DEBUG_GCC49/AARCH64/MdePkg/Library/BaseLib/BaseLib/OUTPUT/BaseLib.lib(DivU64x64Remainder.obj)
 *fill*         0x000000000000e2bd        0x3 
 .rodata        0x000000000000e2c0      0x22d /home/osboxes/fix_rttee_text/RT-TEE/edk2/Build/ArmVirtQemuKernel-AARCH64/DEBUG_GCC49/AARCH64/MdePkg/Library/BaseLib/BaseLib/OUTPUT/BaseLib.lib(LinkedList.obj)
 *fill*         0x000000000000e4ed        0x3 
 .rodata        0x000000000000e4f0       0xae /home/osboxes/fix_rttee_text/RT-TEE/edk2/Build/ArmVirtQemuKernel-AARCH64/DEBUG_GCC49/AARCH64/MdePkg/Library/BaseMemoryLibOptDxe/BaseMemoryLibOptDxe/OUTPUT/BaseMemoryLibOptDxe.lib(ZeroMemWrapper.obj)
 *fill*         0x000000000000e59e        0x2 
 .rodata        0x000000000000e5a0       0x94 /home/osboxes/fix_rttee_text/RT-TEE/edk2/Build/ArmVirtQemuKernel-AARCH64/DEBUG_GCC49/AARCH64/MdePkg/Library/BaseMemoryLibOptDxe/BaseMemoryLibOptDxe/OUTPUT/BaseMemoryLibOptDxe.lib(SetMemWrapper.obj)
 *fill*         0x000000000000e634        0x4 
 .rodata        0x000000000000e638       0xe6 /home/osboxes/fix_rttee_text/RT-TEE/edk2/Build/ArmVirtQemuKernel-AARCH64/DEBUG_GCC49/AARCH64/MdePkg/Library/BaseMemoryLibOptDxe/BaseMemoryLibOptDxe/OUTPUT/BaseMemoryLibOptDxe.lib(CopyMemWrapper.obj)
 *fill*         0x000000000000e71e        0x2 
 .rodata        0x000000000000e720       0xa7 /home/osboxes/fix_rttee_text/RT-TEE/edk2/Build/ArmVirtQemuKernel-AARCH64/DEBUG_GCC49/AARCH64/MdePkg/Library/BaseDebugLibSerialPort/BaseDebugLibSerialPort/OUTPUT/BaseDebugLibSerialPort.lib(DebugLib.obj)
 *fill*         0x000000000000e7c7        0x1 
 .rodata        0x000000000000e7c8       0xbc /home/osboxes/fix_rttee_text/RT-TEE/edk2/Build/ArmVirtQemuKernel-AARCH64/DEBUG_GCC49/AARCH64/MdePkg/Library/UefiBootServicesTableLib/UefiBootServicesTableLib/OUTPUT/UefiBootServicesTableLib.lib(UefiBootServicesTableLib.obj)
 *fill*         0x000000000000e884        0x4 
 .rodata        0x000000000000e888      0x14f /home/osboxes/fix_rttee_text/RT-TEE/edk2/Build/ArmVirtQemuKernel-AARCH64/DEBUG_GCC49/AARCH64/MdePkg/Library/UefiMemoryAllocationLib/UefiMemoryAllocationLib/OUTPUT/UefiMemoryAllocationLib.lib(MemoryAllocationLib.obj)
 *fill*         0x000000000000e9d7        0x1 
 .rodata        0x000000000000e9d8       0x8a /home/osboxes/fix_rttee_text/RT-TEE/edk2/Build/ArmVirtQemuKernel-AARCH64/DEBUG_GCC49/AARCH64/MdePkg/Library/UefiRuntimeServicesTableLib/UefiRuntimeServicesTableLib/OUTPUT/UefiRuntimeServicesTableLib.lib(UefiRuntimeServicesTableLib.obj)
 *fill*         0x000000000000ea62        0x6 
 .rodata        0x000000000000ea68      0x17d /home/osboxes/fix_rttee_text/RT-TEE/edk2/Build/ArmVirtQemuKernel-AARCH64/DEBUG_GCC49/AARCH64/MdePkg/Library/UefiDevicePathLibDevicePathProtocol/UefiDevicePathLibDevicePathProtocol/OUTPUT/UefiDevicePathLibDevicePathProtocol.lib(UefiDevicePathLib.obj)
 *fill*         0x000000000000ebe5        0x3 
 .rodata        0x000000000000ebe8       0xb4 /home/osboxes/fix_rttee_text/RT-TEE/edk2/Build/ArmVirtQemuKernel-AARCH64/DEBUG_GCC49/AARCH64/MdePkg/Library/UefiLib/UefiLib/OUTPUT/UefiLib.lib(UefiDriverModel.obj)
 *fill*         0x000000000000ec9c        0x4 
 .rodata        0x000000000000eca0      0x263 /home/osboxes/fix_rttee_text/RT-TEE/edk2/Build/ArmVirtQemuKernel-AARCH64/DEBUG_GCC49/AARCH64/MdePkg/Library/UefiLib/UefiLib/OUTPUT/UefiLib.lib(UefiLib.obj)
 *fill*         0x000000000000ef03        0x5 
 .rodata        0x000000000000ef08      0x2bc /home/osboxes/fix_rttee_text/RT-TEE/edk2/Build/ArmVirtQemuKernel-AARCH64/DEBUG_GCC49/AARCH64/MdePkg/Library/BaseLib/BaseLib/OUTPUT/BaseLib.lib(String.obj)
 *fill*         0x000000000000f1c4        0x4 
 .rodata        0x000000000000f1c8       0x68 /home/osboxes/fix_rttee_text/RT-TEE/edk2/Build/ArmVirtQemuKernel-AARCH64/DEBUG_GCC49/AARCH64/MdePkg/Library/BaseLib/BaseLib/OUTPUT/BaseLib.lib(Unaligned.obj)
 .rodata        0x000000000000f230      0x644 /home/osboxes/fix_rttee_text/RT-TEE/edk2/Build/ArmVirtQemuKernel-AARCH64/DEBUG_GCC49/AARCH64/MdePkg/Library/BaseLib/BaseLib/OUTPUT/BaseLib.lib(SafeString.obj)
 *fill*         0x000000000000f874        0x4 
 .rodata        0x000000000000f878      0x17d /home/osboxes/fix_rttee_text/RT-TEE/edk2/Build/ArmVirtQemuKernel-AARCH64/DEBUG_GCC49/AARCH64/MdePkg/Library/BaseMemoryLibOptDxe/BaseMemoryLibOptDxe/OUTPUT/BaseMemoryLibOptDxe.lib(MemLibGuid.obj)
 *fill*         0x000000000000f9f5        0x3 
 .rodata.mHexStr
                0x000000000000f9f8       0x10 /home/osboxes/fix_rttee_text/RT-TEE/edk2/Build/ArmVirtQemuKernel-AARCH64/DEBUG_GCC49/AARCH64/MdePkg/Library/BasePrintLib/BasePrintLib/OUTPUT/BasePrintLib.lib(PrintLibInternal.obj)
                0x000000000000f9f8                mHexStr
 .rodata        0x000000000000fa08      0x72a /home/osboxes/fix_rttee_text/RT-TEE/edk2/Build/ArmVirtQemuKernel-AARCH64/DEBUG_GCC49/AARCH64/MdePkg/Library/BasePrintLib/BasePrintLib/OUTPUT/BasePrintLib.lib(PrintLibInternal.obj)
 *fill*         0x0000000000010132        0x6 
 .rodata.mStatusString
                0x0000000000010138      0x138 /home/osboxes/fix_rttee_text/RT-TEE/edk2/Build/ArmVirtQemuKernel-AARCH64/DEBUG_GCC49/AARCH64/MdePkg/Library/BasePrintLib/BasePrintLib/OUTPUT/BasePrintLib.lib(PrintLibInternal.obj)
                0x0000000000010138                mStatusString
 .rodata        0x0000000000010270       0x65 /home/osboxes/fix_rttee_text/RT-TEE/edk2/Build/ArmVirtQemuKernel-AARCH64/DEBUG_GCC49/AARCH64/MdePkg/Library/BaseLib/BaseLib/OUTPUT/BaseLib.lib(DivU64x32Remainder.obj)
 *fill*         0x00000000000102d5        0x3 
 .rodata        0x00000000000102d8       0xbb /home/osboxes/fix_rttee_text/RT-TEE/edk2/Build/ArmVirtQemuKernel-AARCH64/DEBUG_GCC49/AARCH64/MdePkg/Library/BaseIoLibIntrinsic/BaseIoLibIntrinsicArmVirt/OUTPUT/BaseIoLibIntrinsicArmVirt.lib(IoLibArmVirt.obj)
 *(.got .got.*)
 *:AutoGen.obj(.data.g*Guid)
 *fill*         0x0000000000010393        0x5 
 .data.gEfiConsoleInDeviceGuid
                0x0000000000010398       0x10 /home/osboxes/fix_rttee_text/RT-TEE/edk2/Build/ArmVirtQemuKernel-AARCH64/DEBUG_GCC49/AARCH64/MdeModulePkg/Universal/Console/ConSplitterDxe/ConSplitterDxe/OUTPUT/ConSplitterDxe.lib(AutoGen.obj)
                0x0000000000010398                gEfiConsoleInDeviceGuid
 .data.gEfiStandardErrorDeviceGuid
                0x00000000000103a8       0x10 /home/osboxes/fix_rttee_text/RT-TEE/edk2/Build/ArmVirtQemuKernel-AARCH64/DEBUG_GCC49/AARCH64/MdeModulePkg/Universal/Console/ConSplitterDxe/ConSplitterDxe/OUTPUT/ConSplitterDxe.lib(AutoGen.obj)
                0x00000000000103a8                gEfiStandardErrorDeviceGuid
 .data.gEfiConsoleOutDeviceGuid
                0x00000000000103b8       0x10 /home/osboxes/fix_rttee_text/RT-TEE/edk2/Build/ArmVirtQemuKernel-AARCH64/DEBUG_GCC49/AARCH64/MdeModulePkg/Universal/Console/ConSplitterDxe/ConSplitterDxe/OUTPUT/ConSplitterDxe.lib(AutoGen.obj)
                0x00000000000103b8                gEfiConsoleOutDeviceGuid
 .data.gConnectConInEventGuid
                0x00000000000103c8       0x10 /home/osboxes/fix_rttee_text/RT-TEE/edk2/Build/ArmVirtQemuKernel-AARCH64/DEBUG_GCC49/AARCH64/MdeModulePkg/Universal/Console/ConSplitterDxe/ConSplitterDxe/OUTPUT/ConSplitterDxe.lib(AutoGen.obj)
                0x00000000000103c8                gConnectConInEventGuid
 .data.gEfiHobListGuid
                0x00000000000103d8       0x10 /home/osboxes/fix_rttee_text/RT-TEE/edk2/Build/ArmVirtQemuKernel-AARCH64/DEBUG_GCC49/AARCH64/MdeModulePkg/Universal/Console/ConSplitterDxe/ConSplitterDxe/OUTPUT/ConSplitterDxe.lib(AutoGen.obj)
                0x00000000000103d8                gEfiHobListGuid
 .data.gEarlyPL011BaseAddressGuid
                0x00000000000103e8       0x10 /home/osboxes/fix_rttee_text/RT-TEE/edk2/Build/ArmVirtQemuKernel-AARCH64/DEBUG_GCC49/AARCH64/MdeModulePkg/Universal/Console/ConSplitterDxe/ConSplitterDxe/OUTPUT/ConSplitterDxe.lib(AutoGen.obj)
                0x00000000000103e8                gEarlyPL011BaseAddressGuid
 .data.gEfiSimplePointerProtocolGuid
                0x00000000000103f8       0x10 /home/osboxes/fix_rttee_text/RT-TEE/edk2/Build/ArmVirtQemuKernel-AARCH64/DEBUG_GCC49/AARCH64/MdeModulePkg/Universal/Console/ConSplitterDxe/ConSplitterDxe/OUTPUT/ConSplitterDxe.lib(AutoGen.obj)
                0x00000000000103f8                gEfiSimplePointerProtocolGuid
 .data.gEfiAbsolutePointerProtocolGuid
                0x0000000000010408       0x10 /home/osboxes/fix_rttee_text/RT-TEE/edk2/Build/ArmVirtQemuKernel-AARCH64/DEBUG_GCC49/AARCH64/MdeModulePkg/Universal/Console/ConSplitterDxe/ConSplitterDxe/OUTPUT/ConSplitterDxe.lib(AutoGen.obj)
                0x0000000000010408                gEfiAbsolutePointerProtocolGuid
 .data.gEfiSimpleTextInProtocolGuid
                0x0000000000010418       0x10 /home/osboxes/fix_rttee_text/RT-TEE/edk2/Build/ArmVirtQemuKernel-AARCH64/DEBUG_GCC49/AARCH64/MdeModulePkg/Universal/Console/ConSplitterDxe/ConSplitterDxe/OUTPUT/ConSplitterDxe.lib(AutoGen.obj)
                0x0000000000010418                gEfiSimpleTextInProtocolGuid
 .data.gEfiSimpleTextInputExProtocolGuid
                0x0000000000010428       0x10 /home/osboxes/fix_rttee_text/RT-TEE/edk2/Build/ArmVirtQemuKernel-AARCH64/DEBUG_GCC49/AARCH64/MdeModulePkg/Universal/Console/ConSplitterDxe/ConSplitterDxe/OUTPUT/ConSplitterDxe.lib(AutoGen.obj)
                0x0000000000010428                gEfiSimpleTextInputExProtocolGuid
 .data.gEfiSimpleTextOutProtocolGuid
                0x0000000000010438       0x10 /home/osboxes/fix_rttee_text/RT-TEE/edk2/Build/ArmVirtQemuKernel-AARCH64/DEBUG_GCC49/AARCH64/MdeModulePkg/Universal/Console/ConSplitterDxe/ConSplitterDxe/OUTPUT/ConSplitterDxe.lib(AutoGen.obj)
                0x0000000000010438                gEfiSimpleTextOutProtocolGuid
 .data.gEfiGraphicsOutputProtocolGuid
                0x0000000000010448       0x10 /home/osboxes/fix_rttee_text/RT-TEE/edk2/Build/ArmVirtQemuKernel-AARCH64/DEBUG_GCC49/AARCH64/MdeModulePkg/Universal/Console/ConSplitterDxe/ConSplitterDxe/OUTPUT/ConSplitterDxe.lib(AutoGen.obj)
                0x0000000000010448                gEfiGraphicsOutputProtocolGuid
 .data.gEfiUgaDrawProtocolGuid
                0x0000000000010458       0x10 /home/osboxes/fix_rttee_text/RT-TEE/edk2/Build/ArmVirtQemuKernel-AARCH64/DEBUG_GCC49/AARCH64/MdeModulePkg/Universal/Console/ConSplitterDxe/ConSplitterDxe/OUTPUT/ConSplitterDxe.lib(AutoGen.obj)
                0x0000000000010458                gEfiUgaDrawProtocolGuid
 .data.gEfiDevicePathUtilitiesProtocolGuid
                0x0000000000010468       0x10 /home/osboxes/fix_rttee_text/RT-TEE/edk2/Build/ArmVirtQemuKernel-AARCH64/DEBUG_GCC49/AARCH64/MdeModulePkg/Universal/Console/ConSplitterDxe/ConSplitterDxe/OUTPUT/ConSplitterDxe.lib(AutoGen.obj)
                0x0000000000010468                gEfiDevicePathUtilitiesProtocolGuid
 .data.gEfiDriverBindingProtocolGuid
                0x0000000000010478       0x10 /home/osboxes/fix_rttee_text/RT-TEE/edk2/Build/ArmVirtQemuKernel-AARCH64/DEBUG_GCC49/AARCH64/MdeModulePkg/Universal/Console/ConSplitterDxe/ConSplitterDxe/OUTPUT/ConSplitterDxe.lib(AutoGen.obj)
                0x0000000000010478                gEfiDriverBindingProtocolGuid
 .data.gEfiComponentNameProtocolGuid
                0x0000000000010488       0x10 /home/osboxes/fix_rttee_text/RT-TEE/edk2/Build/ArmVirtQemuKernel-AARCH64/DEBUG_GCC49/AARCH64/MdeModulePkg/Universal/Console/ConSplitterDxe/ConSplitterDxe/OUTPUT/ConSplitterDxe.lib(AutoGen.obj)
                0x0000000000010488                gEfiComponentNameProtocolGuid
 .data.gEfiComponentName2ProtocolGuid
                0x0000000000010498       0x10 /home/osboxes/fix_rttee_text/RT-TEE/edk2/Build/ArmVirtQemuKernel-AARCH64/DEBUG_GCC49/AARCH64/MdeModulePkg/Universal/Console/ConSplitterDxe/ConSplitterDxe/OUTPUT/ConSplitterDxe.lib(AutoGen.obj)
                0x0000000000010498                gEfiComponentName2ProtocolGuid
 .data.gEfiLoadedImageProtocolGuid
                0x00000000000104a8       0x10 /home/osboxes/fix_rttee_text/RT-TEE/edk2/Build/ArmVirtQemuKernel-AARCH64/DEBUG_GCC49/AARCH64/MdeModulePkg/Universal/Console/ConSplitterDxe/ConSplitterDxe/OUTPUT/ConSplitterDxe.lib(AutoGen.obj)
                0x00000000000104a8                gEfiLoadedImageProtocolGuid

.iplt           0x00000000000104b8        0x0
 .iplt          0x00000000000104b8        0x0 /home/osboxes/fix_rttee_text/RT-TEE/edk2/Build/ArmVirtQemuKernel-AARCH64/DEBUG_GCC49/AARCH64/MdePkg/Library/UefiDriverEntryPoint/UefiDriverEntryPoint/OUTPUT/UefiDriverEntryPoint.lib(DriverEntryPoint.obj)

.data           0x0000000000011000      0x6c0
 *(.data .data.* .gnu.linkonce.d.*)
 .data.gEfiCallerBaseName
                0x0000000000011000        0x8 /home/osboxes/fix_rttee_text/RT-TEE/edk2/Build/ArmVirtQemuKernel-AARCH64/DEBUG_GCC49/AARCH64/MdeModulePkg/Universal/Console/ConSplitterDxe/ConSplitterDxe/OUTPUT/ConSplitterDxe.lib(AutoGen.obj)
                0x0000000000011000                gEfiCallerBaseName
 .data._gPcd_BinaryPatch_PcdConOutRow
                0x0000000000011008        0x4 /home/osboxes/fix_rttee_text/RT-TEE/edk2/Build/ArmVirtQemuKernel-AARCH64/DEBUG_GCC49/AARCH64/MdeModulePkg/Universal/Console/ConSplitterDxe/ConSplitterDxe/OUTPUT/ConSplitterDxe.lib(AutoGen.obj)
                0x0000000000011008                _gPcd_BinaryPatch_PcdConOutRow
 .data._gPcd_BinaryPatch_PcdConOutColumn
                0x000000000001100c        0x4 /home/osboxes/fix_rttee_text/RT-TEE/edk2/Build/ArmVirtQemuKernel-AARCH64/DEBUG_GCC49/AARCH64/MdeModulePkg/Universal/Console/ConSplitterDxe/ConSplitterDxe/OUTPUT/ConSplitterDxe.lib(AutoGen.obj)
                0x000000000001100c                _gPcd_BinaryPatch_PcdConOutColumn
 .data.mConIn   0x0000000000011010      0x188 /home/osboxes/fix_rttee_text/RT-TEE/edk2/Build/ArmVirtQemuKernel-AARCH64/DEBUG_GCC49/AARCH64/MdeModulePkg/Universal/Console/ConSplitterDxe/ConSplitterDxe/OUTPUT/ConSplitterDxe.lib(ConSplitter.obj)
                0x0000000000011010                mConIn
 .data.mUgaDrawProtocolTemplate
                0x0000000000011198       0x18 /home/osboxes/fix_rttee_text/RT-TEE/edk2/Build/ArmVirtQemuKernel-AARCH64/DEBUG_GCC49/AARCH64/MdeModulePkg/Universal/Console/ConSplitterDxe/ConSplitterDxe/OUTPUT/ConSplitterDxe.lib(ConSplitter.obj)
                0x0000000000011198                mUgaDrawProtocolTemplate
 .data.mGraphicsOutputProtocolTemplate
                0x00000000000111b0       0x20 /home/osboxes/fix_rttee_text/RT-TEE/edk2/Build/ArmVirtQemuKernel-AARCH64/DEBUG_GCC49/AARCH64/MdeModulePkg/Universal/Console/ConSplitterDxe/ConSplitterDxe/OUTPUT/ConSplitterDxe.lib(ConSplitter.obj)
                0x00000000000111b0                mGraphicsOutputProtocolTemplate
 .data.mConOut  0x00000000000111d0      0x108 /home/osboxes/fix_rttee_text/RT-TEE/edk2/Build/ArmVirtQemuKernel-AARCH64/DEBUG_GCC49/AARCH64/MdeModulePkg/Universal/Console/ConSplitterDxe/ConSplitterDxe/OUTPUT/ConSplitterDxe.lib(ConSplitter.obj)
                0x00000000000111d0                mConOut
 .data.mStdErr  0x00000000000112d8      0x108 /home/osboxes/fix_rttee_text/RT-TEE/edk2/Build/ArmVirtQemuKernel-AARCH64/DEBUG_GCC49/AARCH64/MdeModulePkg/Universal/Console/ConSplitterDxe/ConSplitterDxe/OUTPUT/ConSplitterDxe.lib(ConSplitter.obj)
                0x00000000000112d8                mStdErr
 .data.gConSplitterConInDriverBinding
                0x00000000000113e0       0x30 /home/osboxes/fix_rttee_text/RT-TEE/edk2/Build/ArmVirtQemuKernel-AARCH64/DEBUG_GCC49/AARCH64/MdeModulePkg/Universal/Console/ConSplitterDxe/ConSplitterDxe/OUTPUT/ConSplitterDxe.lib(ConSplitter.obj)
                0x00000000000113e0                gConSplitterConInDriverBinding
 .data.gConSplitterConOutDriverBinding
                0x0000000000011410       0x30 /home/osboxes/fix_rttee_text/RT-TEE/edk2/Build/ArmVirtQemuKernel-AARCH64/DEBUG_GCC49/AARCH64/MdeModulePkg/Universal/Console/ConSplitterDxe/ConSplitterDxe/OUTPUT/ConSplitterDxe.lib(ConSplitter.obj)
                0x0000000000011410                gConSplitterConOutDriverBinding
 .data.gConSplitterStdErrDriverBinding
                0x0000000000011440       0x30 /home/osboxes/fix_rttee_text/RT-TEE/edk2/Build/ArmVirtQemuKernel-AARCH64/DEBUG_GCC49/AARCH64/MdeModulePkg/Universal/Console/ConSplitterDxe/ConSplitterDxe/OUTPUT/ConSplitterDxe.lib(ConSplitter.obj)
                0x0000000000011440                gConSplitterStdErrDriverBinding
 .data.gConSplitterSimplePointerDriverBinding
                0x0000000000011470       0x30 /home/osboxes/fix_rttee_text/RT-TEE/edk2/Build/ArmVirtQemuKernel-AARCH64/DEBUG_GCC49/AARCH64/MdeModulePkg/Universal/Console/ConSplitterDxe/ConSplitterDxe/OUTPUT/ConSplitterDxe.lib(ConSplitter.obj)
                0x0000000000011470                gConSplitterSimplePointerDriverBinding
 .data.gConSplitterAbsolutePointerDriverBinding
                0x00000000000114a0       0x30 /home/osboxes/fix_rttee_text/RT-TEE/edk2/Build/ArmVirtQemuKernel-AARCH64/DEBUG_GCC49/AARCH64/MdeModulePkg/Universal/Console/ConSplitterDxe/ConSplitterDxe/OUTPUT/ConSplitterDxe.lib(ConSplitter.obj)
                0x00000000000114a0                gConSplitterAbsolutePointerDriverBinding
 .data.gConSplitterConInComponentName
                0x00000000000114d0       0x18 /home/osboxes/fix_rttee_text/RT-TEE/edk2/Build/ArmVirtQemuKernel-AARCH64/DEBUG_GCC49/AARCH64/MdeModulePkg/Universal/Console/ConSplitterDxe/ConSplitterDxe/OUTPUT/ConSplitterDxe.lib(ComponentName.obj)
                0x00000000000114d0                gConSplitterConInComponentName
 .data.gConSplitterConInComponentName2
                0x00000000000114e8       0x18 /home/osboxes/fix_rttee_text/RT-TEE/edk2/Build/ArmVirtQemuKernel-AARCH64/DEBUG_GCC49/AARCH64/MdeModulePkg/Universal/Console/ConSplitterDxe/ConSplitterDxe/OUTPUT/ConSplitterDxe.lib(ComponentName.obj)
                0x00000000000114e8                gConSplitterConInComponentName2
 .data.gConSplitterSimplePointerComponentName
                0x0000000000011500       0x18 /home/osboxes/fix_rttee_text/RT-TEE/edk2/Build/ArmVirtQemuKernel-AARCH64/DEBUG_GCC49/AARCH64/MdeModulePkg/Universal/Console/ConSplitterDxe/ConSplitterDxe/OUTPUT/ConSplitterDxe.lib(ComponentName.obj)
                0x0000000000011500                gConSplitterSimplePointerComponentName
 .data.gConSplitterSimplePointerComponentName2
                0x0000000000011518       0x18 /home/osboxes/fix_rttee_text/RT-TEE/edk2/Build/ArmVirtQemuKernel-AARCH64/DEBUG_GCC49/AARCH64/MdeModulePkg/Universal/Console/ConSplitterDxe/ConSplitterDxe/OUTPUT/ConSplitterDxe.lib(ComponentName.obj)
                0x0000000000011518                gConSplitterSimplePointerComponentName2
 .data.gConSplitterAbsolutePointerComponentName
                0x0000000000011530       0x18 /home/osboxes/fix_rttee_text/RT-TEE/edk2/Build/ArmVirtQemuKernel-AARCH64/DEBUG_GCC49/AARCH64/MdeModulePkg/Universal/Console/ConSplitterDxe/ConSplitterDxe/OUTPUT/ConSplitterDxe.lib(ComponentName.obj)
                0x0000000000011530                gConSplitterAbsolutePointerComponentName
 .data.gConSplitterAbsolutePointerComponentName2
                0x0000000000011548       0x18 /home/osboxes/fix_rttee_text/RT-TEE/edk2/Build/ArmVirtQemuKernel-AARCH64/DEBUG_GCC49/AARCH64/MdeModulePkg/Universal/Console/ConSplitterDxe/ConSplitterDxe/OUTPUT/ConSplitterDxe.lib(ComponentName.obj)
                0x0000000000011548                gConSplitterAbsolutePointerComponentName2
 .data.gConSplitterConOutComponentName
                0x0000000000011560       0x18 /home/osboxes/fix_rttee_text/RT-TEE/edk2/Build/ArmVirtQemuKernel-AARCH64/DEBUG_GCC49/AARCH64/MdeModulePkg/Universal/Console/ConSplitterDxe/ConSplitterDxe/OUTPUT/ConSplitterDxe.lib(ComponentName.obj)
                0x0000000000011560                gConSplitterConOutComponentName
 .data.gConSplitterConOutComponentName2
                0x0000000000011578       0x18 /home/osboxes/fix_rttee_text/RT-TEE/edk2/Build/ArmVirtQemuKernel-AARCH64/DEBUG_GCC49/AARCH64/MdeModulePkg/Universal/Console/ConSplitterDxe/ConSplitterDxe/OUTPUT/ConSplitterDxe.lib(ComponentName.obj)
                0x0000000000011578                gConSplitterConOutComponentName2
 .data.gConSplitterStdErrComponentName
                0x0000000000011590       0x18 /home/osboxes/fix_rttee_text/RT-TEE/edk2/Build/ArmVirtQemuKernel-AARCH64/DEBUG_GCC49/AARCH64/MdeModulePkg/Universal/Console/ConSplitterDxe/ConSplitterDxe/OUTPUT/ConSplitterDxe.lib(ComponentName.obj)
                0x0000000000011590                gConSplitterStdErrComponentName
 .data.gConSplitterStdErrComponentName2
                0x00000000000115a8       0x18 /home/osboxes/fix_rttee_text/RT-TEE/edk2/Build/ArmVirtQemuKernel-AARCH64/DEBUG_GCC49/AARCH64/MdeModulePkg/Universal/Console/ConSplitterDxe/ConSplitterDxe/OUTPUT/ConSplitterDxe.lib(ComponentName.obj)
                0x00000000000115a8                gConSplitterStdErrComponentName2
 .data.mConSplitterDriverNameTable
                0x00000000000115c0       0x20 /home/osboxes/fix_rttee_text/RT-TEE/edk2/Build/ArmVirtQemuKernel-AARCH64/DEBUG_GCC49/AARCH64/MdeModulePkg/Universal/Console/ConSplitterDxe/ConSplitterDxe/OUTPUT/ConSplitterDxe.lib(ComponentName.obj)
                0x00000000000115c0                mConSplitterDriverNameTable
 .data.mConSplitterConInControllerNameTable
                0x00000000000115e0       0x20 /home/osboxes/fix_rttee_text/RT-TEE/edk2/Build/ArmVirtQemuKernel-AARCH64/DEBUG_GCC49/AARCH64/MdeModulePkg/Universal/Console/ConSplitterDxe/ConSplitterDxe/OUTPUT/ConSplitterDxe.lib(ComponentName.obj)
                0x00000000000115e0                mConSplitterConInControllerNameTable
 .data.mConSplitterSimplePointerControllerNameTable
                0x0000000000011600       0x20 /home/osboxes/fix_rttee_text/RT-TEE/edk2/Build/ArmVirtQemuKernel-AARCH64/DEBUG_GCC49/AARCH64/MdeModulePkg/Universal/Console/ConSplitterDxe/ConSplitterDxe/OUTPUT/ConSplitterDxe.lib(ComponentName.obj)
                0x0000000000011600                mConSplitterSimplePointerControllerNameTable
 .data.mConSplitterAbsolutePointerControllerNameTable
                0x0000000000011620       0x20 /home/osboxes/fix_rttee_text/RT-TEE/edk2/Build/ArmVirtQemuKernel-AARCH64/DEBUG_GCC49/AARCH64/MdeModulePkg/Universal/Console/ConSplitterDxe/ConSplitterDxe/OUTPUT/ConSplitterDxe.lib(ComponentName.obj)
                0x0000000000011620                mConSplitterAbsolutePointerControllerNameTable
 .data.mConSplitterConOutControllerNameTable
                0x0000000000011640       0x20 /home/osboxes/fix_rttee_text/RT-TEE/edk2/Build/ArmVirtQemuKernel-AARCH64/DEBUG_GCC49/AARCH64/MdeModulePkg/Universal/Console/ConSplitterDxe/ConSplitterDxe/OUTPUT/ConSplitterDxe.lib(ComponentName.obj)
                0x0000000000011640                mConSplitterConOutControllerNameTable
 .data.mConSplitterStdErrControllerNameTable
                0x0000000000011660       0x20 /home/osboxes/fix_rttee_text/RT-TEE/edk2/Build/ArmVirtQemuKernel-AARCH64/DEBUG_GCC49/AARCH64/MdeModulePkg/Universal/Console/ConSplitterDxe/ConSplitterDxe/OUTPUT/ConSplitterDxe.lib(ComponentName.obj)
                0x0000000000011660                mConSplitterStdErrControllerNameTable
 *(.bss .bss.*)
 .bss.mConInIsConnect
                0x0000000000011680        0x1 /home/osboxes/fix_rttee_text/RT-TEE/edk2/Build/ArmVirtQemuKernel-AARCH64/DEBUG_GCC49/AARCH64/MdeModulePkg/Universal/Console/ConSplitterDxe/ConSplitterDxe/OUTPUT/ConSplitterDxe.lib(ConSplitter.obj)
                0x0000000000011680                mConInIsConnect
 *fill*         0x0000000000011681        0x7 
 .bss.mHobList  0x0000000000011688        0x8 /home/osboxes/fix_rttee_text/RT-TEE/edk2/Build/ArmVirtQemuKernel-AARCH64/DEBUG_GCC49/AARCH64/ArmVirtPkg/Library/ArmVirtDxeHobLib/ArmVirtDxeHobLib/OUTPUT/ArmVirtDxeHobLib.lib(HobLib.obj)
                0x0000000000011688                mHobList
 .bss.mSerialBaseAddress
                0x0000000000011690        0x8 /home/osboxes/fix_rttee_text/RT-TEE/edk2/Build/ArmVirtQemuKernel-AARCH64/DEBUG_GCC49/AARCH64/ArmVirtPkg/Library/FdtPL011SerialPortLib/FdtPL011SerialPortLib/OUTPUT/FdtPL011SerialPortLib.lib(FdtPL011SerialPortLib.obj)
 .bss.gImageHandle
                0x0000000000011698        0x8 /home/osboxes/fix_rttee_text/RT-TEE/edk2/Build/ArmVirtQemuKernel-AARCH64/DEBUG_GCC49/AARCH64/MdePkg/Library/UefiBootServicesTableLib/UefiBootServicesTableLib/OUTPUT/UefiBootServicesTableLib.lib(UefiBootServicesTableLib.obj)
                0x0000000000011698                gImageHandle
 .bss.gST       0x00000000000116a0        0x8 /home/osboxes/fix_rttee_text/RT-TEE/edk2/Build/ArmVirtQemuKernel-AARCH64/DEBUG_GCC49/AARCH64/MdePkg/Library/UefiBootServicesTableLib/UefiBootServicesTableLib/OUTPUT/UefiBootServicesTableLib.lib(UefiBootServicesTableLib.obj)
                0x00000000000116a0                gST
 .bss.gBS       0x00000000000116a8        0x8 /home/osboxes/fix_rttee_text/RT-TEE/edk2/Build/ArmVirtQemuKernel-AARCH64/DEBUG_GCC49/AARCH64/MdePkg/Library/UefiBootServicesTableLib/UefiBootServicesTableLib/OUTPUT/UefiBootServicesTableLib.lib(UefiBootServicesTableLib.obj)
                0x00000000000116a8                gBS