Archive member included to satisfy reference by file (symbol)

/home/osboxes/fix_rttee_text/RT-TEE/edk2/Build/ArmVirtQemuKernel-AARCH64/DEBUG_GCC49/AARCH64/MdePkg/Library/UefiDriverEntryPoint/UefiDriverEntryPoint/OUTPUT/UefiDriverEntryPoint.lib(DriverEntryPoint.obj)
                              (_ModuleEntryPoint)
/home/osboxes/fix_rttee_text/RT-TEE/edk2/Build/ArmVirtQemuKernel-AARCH64/DEBUG_GCC49/AARCH64/MdeModulePkg/Universal/DevicePathDxe/DevicePathDxe/OUTPUT/DevicePathDxe.lib(AutoGen.obj)
                              /home/osboxes/fix_rttee_text/RT-TEE/edk2/Build/ArmVirtQemuKernel-AARCH64/DEBUG_GCC49/AARCH64/MdePkg/Library/UefiDriverEntryPoint/UefiDriverEntryPoint/OUTPUT/UefiDriverEntryPoint.lib(DriverEntryPoint.obj) (gEfiLoadedImageProtocolGuid)
/home/osboxes/fix_rttee_text/RT-TEE/edk2/Build/ArmVirtQemuKernel-AARCH64/DEBUG_GCC49/AARCH64/MdeModulePkg/Universal/DevicePathDxe/DevicePathDxe/OUTPUT/DevicePathDxe.lib(DevicePath.obj)
                              /home/osboxes/fix_rttee_text/RT-TEE/edk2/Build/ArmVirtQemuKernel-AARCH64/DEBUG_GCC49/AARCH64/MdeModulePkg/Universal/DevicePathDxe/DevicePathDxe/OUTPUT/DevicePathDxe.lib(AutoGen.obj) (DevicePathEntryPoint)
/home/osboxes/fix_rttee_text/RT-TEE/edk2/Build/ArmVirtQemuKernel-AARCH64/DEBUG_GCC49/AARCH64/ArmVirtPkg/Library/ArmVirtDxeHobLib/ArmVirtDxeHobLib/OUTPUT/ArmVirtDxeHobLib.lib(HobLib.obj)
                              /home/osboxes/fix_rttee_text/RT-TEE/edk2/Build/ArmVirtQemuKernel-AARCH64/DEBUG_GCC49/AARCH64/MdeModulePkg/Universal/DevicePathDxe/DevicePathDxe/OUTPUT/DevicePathDxe.lib(AutoGen.obj) (HobLibConstructor)
/home/osboxes/fix_rttee_text/RT-TEE/edk2/Build/ArmVirtQemuKernel-AARCH64/DEBUG_GCC49/AARCH64/ArmVirtPkg/Library/FdtPL011SerialPortLib/FdtPL011SerialPortLib/OUTPUT/FdtPL011SerialPortLib.lib(FdtPL011SerialPortLib.obj)
                              /home/osboxes/fix_rttee_text/RT-TEE/edk2/Build/ArmVirtQemuKernel-AARCH64/DEBUG_GCC49/AARCH64/MdeModulePkg/Universal/DevicePathDxe/DevicePathDxe/OUTPUT/DevicePathDxe.lib(AutoGen.obj) (FdtPL011SerialPortLibInitialize)
/home/osboxes/fix_rttee_text/RT-TEE/edk2/Build/ArmVirtQemuKernel-AARCH64/DEBUG_GCC49/AARCH64/MdePkg/Library/BaseDebugLibSerialPort/BaseDebugLibSerialPort/OUTPUT/BaseDebugLibSerialPort.lib(DebugLib.obj)
                              /home/osboxes/fix_rttee_text/RT-TEE/edk2/Build/ArmVirtQemuKernel-AARCH64/DEBUG_GCC49/AARCH64/MdeModulePkg/Universal/DevicePathDxe/DevicePathDxe/OUTPUT/DevicePathDxe.lib(AutoGen.obj) (BaseDebugLibSerialPortConstructor)
/home/osboxes/fix_rttee_text/RT-TEE/edk2/Build/ArmVirtQemuKernel-AARCH64/DEBUG_GCC49/AARCH64/MdePkg/Library/UefiBootServicesTableLib/UefiBootServicesTableLib/OUTPUT/UefiBootServicesTableLib.lib(UefiBootServicesTableLib.obj)
                              /home/osboxes/fix_rttee_text/RT-TEE/edk2/Build/ArmVirtQemuKernel-AARCH64/DEBUG_GCC49/AARCH64/MdeModulePkg/Universal/DevicePathDxe/DevicePathDxe/OUTPUT/DevicePathDxe.lib(AutoGen.obj) (gImageHandle)
/home/osboxes/fix_rttee_text/RT-TEE/edk2/Build/ArmVirtQemuKernel-AARCH64/DEBUG_GCC49/AARCH64/MdePkg/Library/UefiDevicePathLib/UefiDevicePathLib/OUTPUT/UefiDevicePathLib.lib(UefiDevicePathLib.obj)
                              /home/osboxes/fix_rttee_text/RT-TEE/edk2/Build/ArmVirtQemuKernel-AARCH64/DEBUG_GCC49/AARCH64/MdeModulePkg/Universal/DevicePathDxe/DevicePathDxe/OUTPUT/DevicePathDxe.lib(DevicePath.obj) (GetDevicePathSize)
/home/osboxes/fix_rttee_text/RT-TEE/edk2/Build/ArmVirtQemuKernel-AARCH64/DEBUG_GCC49/AARCH64/MdePkg/Library/UefiDevicePathLib/UefiDevicePathLib/OUTPUT/UefiDevicePathLib.lib(DevicePathUtilities.obj)
                              /home/osboxes/fix_rttee_text/RT-TEE/edk2/Build/ArmVirtQemuKernel-AARCH64/DEBUG_GCC49/AARCH64/MdePkg/Library/UefiDevicePathLib/UefiDevicePathLib/OUTPUT/UefiDevicePathLib.lib(UefiDevicePathLib.obj) (UefiDevicePathLibGetDevicePathSize)
/home/osboxes/fix_rttee_text/RT-TEE/edk2/Build/ArmVirtQemuKernel-AARCH64/DEBUG_GCC49/AARCH64/MdePkg/Library/UefiDevicePathLib/UefiDevicePathLib/OUTPUT/UefiDevicePathLib.lib(DevicePathToText.obj)
                              /home/osboxes/fix_rttee_text/RT-TEE/edk2/Build/ArmVirtQemuKernel-AARCH64/DEBUG_GCC49/AARCH64/MdePkg/Library/UefiDevicePathLib/UefiDevicePathLib/OUTPUT/UefiDevicePathLib.lib(UefiDevicePathLib.obj) (UefiDevicePathLibConvertDeviceNodeToText)
/home/osboxes/fix_rttee_text/RT-TEE/edk2/Build/ArmVirtQemuKernel-AARCH64/DEBUG_GCC49/AARCH64/MdePkg/Library/UefiDevicePathLib/UefiDevicePathLib/OUTPUT/UefiDevicePathLib.lib(DevicePathFromText.obj)
                              /home/osboxes/fix_rttee_text/RT-TEE/edk2/Build/ArmVirtQemuKernel-AARCH64/DEBUG_GCC49/AARCH64/MdePkg/Library/UefiDevicePathLib/UefiDevicePathLib/OUTPUT/UefiDevicePathLib.lib(UefiDevicePathLib.obj) (UefiDevicePathLibConvertTextToDeviceNode)
/home/osboxes/fix_rttee_text/RT-TEE/edk2/Build/ArmVirtQemuKernel-AARCH64/DEBUG_GCC49/AARCH64/MdePkg/Library/BaseMemoryLibOptDxe/BaseMemoryLibOptDxe/OUTPUT/BaseMemoryLibOptDxe.lib(MemLibGuid.obj)
[...]
Memory Configuration

Name             Origin             Length             Attributes
*default*        0x0000000000000000 0xffffffffffffffff

Linker script and memory map

START GROUP
LOAD /home/osboxes/fix_rttee_text/RT-TEE/edk2/Build/ArmVirtQemuKernel-AARCH64/DEBUG_GCC49/AARCH64/MdePkg/Library/BasePcdLibNull/BasePcdLibNull/OUTPUT/BasePcdLibNull.lib
LOAD /home/osboxes/fix_rttee_text/RT-TEE/edk2/Build/ArmVirtQemuKernel-AARCH64/DEBUG_GCC49/AARCH64/MdePkg/Library/BaseMemoryLibOptDxe/BaseMemoryLibOptDxe/OUTPUT/BaseMemoryLibOptDxe.lib
LOAD /home/osboxes/fix_rttee_text/RT-TEE/edk2/Build/ArmVirtQemuKernel-AARCH64/DEBUG_GCC49/AARCH64/MdePkg/Library/BaseLib/BaseLib/OUTPUT/BaseLib.lib
LOAD /home/osboxes/fix_rttee_text/RT-TEE/edk2/Build/ArmVirtQemuKernel-AARCH64/DEBUG_GCC49/AARCH64/MdePkg/Library/BaseIoLibIntrinsic/BaseIoLibIntrinsicArmVirt/OUTPUT/BaseIoLibIntrinsicArmVirt.lib
LOAD /home/osboxes/fix_rttee_text/RT-TEE/edk2/Build/ArmVirtQemuKernel-AARCH64/DEBUG_GCC49/AARCH64/ArmVirtPkg/Library/ArmVirtDxeHobLib/ArmVirtDxeHobLib/OUTPUT/ArmVirtDxeHobLib.lib
LOAD /home/osboxes/fix_rttee_text/RT-TEE/edk2/Build/ArmVirtQemuKernel-AARCH64/DEBUG_GCC49/AARCH64/ArmPlatformPkg/Library/PL011UartLib/PL011UartLib/OUTPUT/PL011UartLib.lib
LOAD /home/osboxes/fix_rttee_text/RT-TEE/edk2/Build/ArmVirtQemuKernel-AARCH64/DEBUG_GCC49/AARCH64/MdePkg/Library/BaseDebugPrintErrorLevelLib/BaseDebugPrintErrorLevelLib/OUTPUT/BaseDebugPrintErrorLevelLib.lib
LOAD /home/osboxes/fix_rttee_text/RT-TEE/edk2/Build/ArmVirtQemuKernel-AARCH64/DEBUG_GCC49/AARCH64/MdePkg/Library/BasePrintLib/BasePrintLib/OUTPUT/BasePrintLib.lib
LOAD /home/osboxes/fix_rttee_text/RT-TEE/edk2/Build/ArmVirtQemuKernel-AARCH64/DEBUG_GCC49/AARCH64/ArmVirtPkg/Library/FdtPL011SerialPortLib/FdtPL011SerialPortLib/OUTPUT/FdtPL011SerialPortLib.lib
LOAD /home/osboxes/fix_rttee_text/RT-TEE/edk2/Build/ArmVirtQemuKernel-AARCH64/DEBUG_GCC49/AARCH64/MdePkg/Library/BaseDebugLibSerialPort/BaseDebugLibSerialPort/OUTPUT/BaseDebugLibSerialPort.lib
LOAD /home/osboxes/fix_rttee_text/RT-TEE/edk2/Build/ArmVirtQemuKernel-AARCH64/DEBUG_GCC49/AARCH64/MdePkg/Library/UefiBootServicesTableLib/UefiBootServicesTableLib/OUTPUT/UefiBootServicesTableLib.lib
LOAD /home/osboxes/fix_rttee_text/RT-TEE/edk2/Build/ArmVirtQemuKernel-AARCH64/DEBUG_GCC49/AARCH64/MdePkg/Library/UefiMemoryAllocationLib/UefiMemoryAllocationLib/OUTPUT/UefiMemoryAllocationLib.lib
LOAD /home/osboxes/fix_rttee_text/RT-TEE/edk2/Build/ArmVirtQemuKernel-AARCH64/DEBUG_GCC49/AARCH64/MdePkg/Library/UefiDevicePathLib/UefiDevicePathLib/OUTPUT/UefiDevicePathLib.lib
LOAD /home/osboxes/fix_rttee_text/RT-TEE/edk2/Build/ArmVirtQemuKernel-AARCH64/DEBUG_GCC49/AARCH64/MdePkg/Library/UefiDriverEntryPoint/UefiDriverEntryPoint/OUTPUT/UefiDriverEntryPoint.lib
LOAD /home/osboxes/fix_rttee_text/RT-TEE/edk2/Build/ArmVirtQemuKernel-AARCH64/DEBUG_GCC49/AARCH64/ArmPkg/Library/CompilerIntrinsicsLib/CompilerIntrinsicsLib/OUTPUT/CompilerIntrinsicsLib.lib
LOAD /home/osboxes/fix_rttee_text/RT-TEE/edk2/Build/ArmVirtQemuKernel-AARCH64/DEBUG_GCC49/AARCH64/MdePkg/Library/BaseStackCheckLib/BaseStackCheckLib/OUTPUT/BaseStackCheckLib.lib
LOAD /home/osboxes/fix_rttee_text/RT-TEE/edk2/Build/ArmVirtQemuKernel-AARCH64/DEBUG_GCC49/AARCH64/MdeModulePkg/Universal/DevicePathDxe/DevicePathDxe/OUTPUT/DevicePathDxe.lib
END GROUP
                0x0000000000000228                . = PECOFF_HEADER_SIZE

.text           0x0000000000001000    0x12690
 *(.text .text.* .stub .gnu.linkonce.t.*)
 .text._DriverUnloadHandler
                0x0000000000001000       0x48 /home/osboxes/fix_rttee_text/RT-TEE/edk2/Build/ArmVirtQemuKernel-AARCH64/DEBUG_GCC49/AARCH64/MdePkg/Library/UefiDriverEntryPoint/UefiDriverEntryPoint/OUTPUT/UefiDriverEntryPoint.lib(DriverEntryPoint.obj)
                0x0000000000001000                _DriverUnloadHandler
 .text._ModuleEntryPoint
                0x0000000000001048      0x148 /home/osboxes/fix_rttee_text/RT-TEE/edk2/Build/ArmVirtQemuKernel-AARCH64/DEBUG_GCC49/AARCH64/MdePkg/Library/UefiDriverEntryPoint/UefiDriverEntryPoint/OUTPUT/UefiDriverEntryPoint.lib(DriverEntryPoint.obj)
                0x0000000000001048                _ModuleEntryPoint
 .text.ProcessLibraryConstructorList
                0x0000000000001190      0x1fc /home/osboxes/fix_rttee_text/RT-TEE/edk2/Build/ArmVirtQemuKernel-AARCH64/DEBUG_GCC49/AARCH64/MdeModulePkg/Universal/DevicePathDxe/DevicePathDxe/OUTPUT/DevicePathDxe.lib(AutoGen.obj)
                0x0000000000001190                ProcessLibraryConstructorList
 .text.ProcessLibraryDestructorList
                0x000000000000138c       0x18 /home/osboxes/fix_rttee_text/RT-TEE/edk2/Build/ArmVirtQemuKernel-AARCH64/DEBUG_GCC49/AARCH64/MdeModulePkg/Universal/DevicePathDxe/DevicePathDxe/OUTPUT/DevicePathDxe.lib(AutoGen.obj)
                0x000000000000138c                ProcessLibraryDestructorList
 .text.ProcessModuleEntryPointList
                0x00000000000013a4       0x24 /home/osboxes/fix_rttee_text/RT-TEE/edk2/Build/ArmVirtQemuKernel-AARCH64/DEBUG_GCC49/AARCH64/MdeModulePkg/Universal/DevicePathDxe/DevicePathDxe/OUTPUT/DevicePathDxe.lib(AutoGen.obj)
                0x00000000000013a4                ProcessModuleEntryPointList
 .text.ProcessModuleUnloadList
                0x00000000000013c8       0x14 /home/osboxes/fix_rttee_text/RT-TEE/edk2/Build/ArmVirtQemuKernel-AARCH64/DEBUG_GCC49/AARCH64/MdeModulePkg/Universal/DevicePathDxe/DevicePathDxe/OUTPUT/DevicePathDxe.lib(AutoGen.obj)
                0x00000000000013c8                ProcessModuleUnloadList
 .text.DevicePathEntryPoint
                0x00000000000013dc      0x180 /home/osboxes/fix_rttee_text/RT-TEE/edk2/Build/ArmVirtQemuKernel-AARCH64/DEBUG_GCC49/AARCH64/MdeModulePkg/Universal/DevicePathDxe/DevicePathDxe/OUTPUT/DevicePathDxe.lib(DevicePath.obj)
                0x00000000000013dc                DevicePathEntryPoint
 .text.HobLibConstructor
                0x000000000000155c       0xbc /home/osboxes/fix_rttee_text/RT-TEE/edk2/Build/ArmVirtQemuKernel-AARCH64/DEBUG_GCC49/AARCH64/ArmVirtPkg/Library/ArmVirtDxeHobLib/ArmVirtDxeHobLib/OUTPUT/ArmVirtDxeHobLib.lib(HobLib.obj)
                0x000000000000155c                HobLibConstructor
 .text.GetHobList
                0x0000000000001618       0x34 /home/osboxes/fix_rttee_text/RT-TEE/edk2/Build/ArmVirtQemuKernel-AARCH64/DEBUG_GCC49/AARCH64/ArmVirtPkg/Library/ArmVirtDxeHobLib/ArmVirtDxeHobLib/OUTPUT/ArmVirtDxeHobLib.lib(HobLib.obj)
                0x0000000000001618                GetHobList
 .text.GetNextHob
                0x000000000000164c       0x8c /home/osboxes/fix_rttee_text/RT-TEE/edk2/Build/ArmVirtQemuKernel-AARCH64/DEBUG_GCC49/AARCH64/ArmVirtPkg/Library/ArmVirtDxeHobLib/ArmVirtDxeHobLib/OUTPUT/ArmVirtDxeHobLib.lib(HobLib.obj)
                0x000000000000164c                GetNextHob
 .text.GetNextGuidHob
                0x00000000000016d8       0x90 /home/osboxes/fix_rttee_text/RT-TEE/edk2/Build/ArmVirtQemuKernel-AARCH64/DEBUG_GCC49/AARCH64/ArmVirtPkg/Library/ArmVirtDxeHobLib/ArmVirtDxeHobLib/OUTPUT/ArmVirtDxeHobLib.lib(HobLib.obj)
                0x00000000000016d8                GetNextGuidHob
 .text.GetFirstGuidHob
                0x0000000000001768       0x28 /home/osboxes/fix_rttee_text/RT-TEE/edk2/Build/ArmVirtQemuKernel-AARCH64/DEBUG_GCC49/AARCH64/ArmVirtPkg/Library/ArmVirtDxeHobLib/ArmVirtDxeHobLib/OUTPUT/ArmVirtDxeHobLib.lib(HobLib.obj)
                0x0000000000001768                GetFirstGuidHob
 .text.SerialPortInitialize
                0x0000000000001790        0x8 /home/osboxes/fix_rttee_text/RT-TEE/edk2/Build/ArmVirtQemuKernel-AARCH64/DEBUG_GCC49/AARCH64/ArmVirtPkg/Library/FdtPL011SerialPortLib/FdtPL011SerialPortLib/OUTPUT/FdtPL011SerialPortLib.lib(FdtPL011SerialPortLib.obj)
                0x0000000000001790                SerialPortInitialize
 .text.FdtPL011SerialPortLibInitialize
                0x0000000000001798      0x114 /home/osboxes/fix_rttee_text/RT-TEE/edk2/Build/ArmVirtQemuKernel-AARCH64/DEBUG_GCC49/AARCH64/ArmVirtPkg/Library/FdtPL011SerialPortLib/FdtPL011SerialPortLib/OUTPUT/FdtPL011SerialPortLib.lib(FdtPL011SerialPortLib.obj)
                0x0000000000001798                FdtPL011SerialPortLibInitialize
 .text.SerialPortWrite
                0x00000000000018ac       0x4c /home/osboxes/fix_rttee_text/RT-TEE/edk2/Build/ArmVirtQemuKernel-AARCH64/DEBUG_GCC49/AARCH64/ArmVirtPkg/Library/FdtPL011SerialPortLib/FdtPL011SerialPortLib/OUTPUT/FdtPL011SerialPortLib.lib(FdtPL011SerialPortLib.obj)
                0x00000000000018ac                SerialPortWrite
 .text.BaseDebugLibSerialPortConstructor
                0x00000000000018f8       0x14 /home/osboxes/fix_rttee_text/RT-TEE/edk2/Build/ArmVirtQemuKernel-AARCH64/DEBUG_GCC49/AARCH64/MdePkg/Library/BaseDebugLibSerialPort/BaseDebugLibSerialPort/OUTPUT/BaseDebugLibSerialPort.lib(DebugLib.obj)
                0x00000000000018f8                BaseDebugLibSerialPortConstructor
 .text.DebugPrint
                0x000000000000190c       0xe4 /home/osboxes/fix_rttee_text/RT-TEE/edk2/Build/ArmVirtQemuKernel-AARCH64/DEBUG_GCC49/AARCH64/MdePkg/Library/BaseDebugLibSerialPort/BaseDebugLibSerialPort/OUTPUT/BaseDebugLibSerialPort.lib(DebugLib.obj)
                0x000000000000190c                DebugPrint
 .text.DebugAssert
                0x00000000000019f0       0xa4 /home/osboxes/fix_rttee_text/RT-TEE/edk2/Build/ArmVirtQemuKernel-AARCH64/DEBUG_GCC49/AARCH64/MdePkg/Library/BaseDebugLibSerialPort/BaseDebugLibSerialPort/OUTPUT/BaseDebugLibSerialPort.lib(DebugLib.obj)
                0x00000000000019f0                DebugAssert
 .text.DebugAssertEnabled
                0x0000000000001a94       0x20 /home/osboxes/fix_rttee_text/RT-TEE/edk2/Build/ArmVirtQemuKernel-AARCH64/DEBUG_GCC49/AARCH64/MdePkg/Library/BaseDebugLibSerialPort/BaseDebugLibSerialPort/OUTPUT/BaseDebugLibSerialPort.lib(DebugLib.obj)
                0x0000000000001a94                DebugAssertEnabled
 .text.DebugPrintEnabled
                0x0000000000001ab4       0x20 /home/osboxes/fix_rttee_text/RT-TEE/edk2/Build/ArmVirtQemuKernel-AARCH64/DEBUG_GCC49/AARCH64/MdePkg/Library/BaseDebugLibSerialPort/BaseDebugLibSerialPort/OUTPUT/BaseDebugLibSerialPort.lib(DebugLib.obj)
                0x0000000000001ab4                DebugPrintEnabled
 .text.DebugPrintLevelEnabled
                0x0000000000001ad4       0x34 /home/osboxes/fix_rttee_text/RT-TEE/edk2/Build/ArmVirtQemuKernel-AARCH64/DEBUG_GCC49/AARCH64/MdePkg/Library/BaseDebugLibSerialPort/BaseDebugLibSerialPort/OUTPUT/BaseDebugLibSerialPort.lib(DebugLib.obj)
                0x0000000000001ad4                DebugPrintLevelEnabled
 .text.UefiBootServicesTableLibConstructor
                0x0000000000001b08      0x104 /home/osboxes/fix_rttee_text/RT-TEE/edk2/Build/ArmVirtQemuKernel-AARCH64/DEBUG_GCC49/AARCH64/MdePkg/Library/UefiBootServicesTableLib/UefiBootServicesTableLib/OUTPUT/UefiBootServicesTableLib.lib(UefiBootServicesTableLib.obj)
                0x0000000000001b08                UefiBootServicesTableLibConstructor
 .text.GetDevicePathSize
                0x0000000000001c0c       0x1c /home/osboxes/fix_rttee_text/RT-TEE/edk2/Build/ArmVirtQemuKernel-AARCH64/DEBUG_GCC49/AARCH64/MdePkg/Library/UefiDevicePathLib/UefiDevicePathLib/OUTPUT/UefiDevicePathLib.lib(UefiDevicePathLib.obj)
                0x0000000000001c0c                GetDevicePathSize
 .text.DuplicateDevicePath
                0x0000000000001c28       0x1c /home/osboxes/fix_rttee_text/RT-TEE/edk2/Build/ArmVirtQemuKernel-AARCH64/DEBUG_GCC49/AARCH64/MdePkg/Library/UefiDevicePathLib/UefiDevicePathLib/OUTPUT/UefiDevicePathLib.lib(UefiDevicePathLib.obj)
                0x0000000000001c28                DuplicateDevicePath
 .text.AppendDevicePath
                0x0000000000001c44       0x24 /home/osboxes/fix_rttee_text/RT-TEE/edk2/Build/ArmVirtQemuKernel-AARCH64/DEBUG_GCC49/AARCH64/MdePkg/Library/UefiDevicePathLib/UefiDevicePathLib/OUTPUT/UefiDevicePathLib.lib(UefiDevicePathLib.obj)
                0x0000000000001c44                AppendDevicePath
 .text.AppendDevicePathNode
                0x0000000000001c68       0x24 /home/osboxes/fix_rttee_text/RT-TEE/edk2/Build/ArmVirtQemuKernel-AARCH64/DEBUG_GCC49/AARCH64/MdePkg/Library/UefiDevicePathLib/UefiDevicePathLib/OUTPUT/UefiDevicePathLib.lib(UefiDevicePathLib.obj)
                0x0000000000001c68                AppendDevicePathNode
 .text.AppendDevicePathInstance
                0x0000000000001c8c       0x24 /home/osboxes/fix_rttee_text/RT-TEE/edk2/Build/ArmVirtQemuKernel-AARCH64/DEBUG_GCC49/AARCH64/MdePkg/Library/UefiDevicePathLib/UefiDevicePathLib/OUTPUT/UefiDevicePathLib.lib(UefiDevicePathLib.obj)
                0x0000000000001c8c                AppendDevicePathInstance
 .text.GetNextDevicePathInstance
                0x0000000000001cb0       0x24 /home/osboxes/fix_rttee_text/RT-TEE/edk2/Build/ArmVirtQemuKernel-AARCH64/DEBUG_GCC49/AARCH64/MdePkg/Library/UefiDevicePathLib/UefiDevicePathLib/OUTPUT/UefiDevicePathLib.lib(UefiDevicePathLib.obj)
                0x0000000000001cb0                GetNextDevicePathInstance
 .text.CreateDeviceNode
                0x0000000000001cd4       0x2c /home/osboxes/fix_rttee_text/RT-TEE/edk2/Build/ArmVirtQemuKernel-AARCH64/DEBUG_GCC49/AARCH64/MdePkg/Library/UefiDevicePathLib/UefiDevicePathLib/OUTPUT/UefiDevicePathLib.lib(UefiDevicePathLib.obj)
                0x0000000000001cd4                CreateDeviceNode
 .text.IsDevicePathMultiInstance
                0x0000000000001d00       0x20 /home/osboxes/fix_rttee_text/RT-TEE/edk2/Build/ArmVirtQemuKernel-AARCH64/DEBUG_GCC49/AARCH64/MdePkg/Library/UefiDevicePathLib/UefiDevicePathLib/OUTPUT/UefiDevicePathLib.lib(UefiDevicePathLib.obj)
                0x0000000000001d00                IsDevicePathMultiInstance
 .text.ConvertDeviceNodeToText
                0x0000000000001d20       0x2c /home/osboxes/fix_rttee_text/RT-TEE/edk2/Build/ArmVirtQemuKernel-AARCH64/DEBUG_GCC49/AARCH64/MdePkg/Library/UefiDevicePathLib/UefiDevicePathLib/OUTPUT/UefiDevicePathLib.lib(UefiDevicePathLib.obj)
                0x0000000000001d20                ConvertDeviceNodeToText
 .text.ConvertDevicePathToText
                0x0000000000001d4c       0x2c /home/osboxes/fix_rttee_text/RT-TEE/edk2/Build/ArmVirtQemuKernel-AARCH64/DEBUG_GCC49/AARCH64/MdePkg/Library/UefiDevicePathLib/UefiDevicePathLib/OUTPUT/UefiDevicePathLib.lib(UefiDevicePathLib.obj)
                0x0000000000001d4c                ConvertDevicePathToText
 .text.ConvertTextToDeviceNode
                0x0000000000001d78       0x1c /home/osboxes/fix_rttee_text/RT-TEE/edk2/Build/ArmVirtQemuKernel-AARCH64/DEBUG_GCC49/AARCH64/MdePkg/Library/UefiDevicePathLib/UefiDevicePathLib/OUTPUT/UefiDevicePathLib.lib(UefiDevicePathLib.obj)
                0x0000000000001d78                ConvertTextToDeviceNode
 .text.ConvertTextToDevicePath
                0x0000000000001d94       0x1c /home/osboxes/fix_rttee_text/RT-TEE/edk2/Build/ArmVirtQemuKernel-AARCH64/DEBUG_GCC49/AARCH64/MdePkg/Library/UefiDevicePathLib/UefiDevicePathLib/OUTPUT/UefiDevicePathLib.lib(UefiDevicePathLib.obj)
                0x0000000000001d94                ConvertTextToDevicePath
 .text.IsDevicePathValid
                0x0000000000001db0      0x160 /home/osboxes/fix_rttee_text/RT-TEE/edk2/Build/ArmVirtQemuKernel-AARCH64/DEBUG_GCC49/AARCH64/MdePkg/Library/UefiDevicePathLib/UefiDevicePathLib/OUTPUT/UefiDevicePathLib.lib(DevicePathUtilities.obj)
                0x0000000000001db0                IsDevicePathValid
 .text.DevicePathType
                0x0000000000001f10       0x50 /home/osboxes/fix_rttee_text/RT-TEE/edk2/Build/ArmVirtQemuKernel-AARCH64/DEBUG_GCC49/AARCH64/MdePkg/Library/UefiDevicePathLib/UefiDevicePathLib/OUTPUT/UefiDevicePathLib.lib(DevicePathUtilities.obj)
                0x0000000000001f10                DevicePathType
 .text.DevicePathSubType
                0x0000000000001f60       0x50 /home/osboxes/fix_rttee_text/RT-TEE/edk2/Build/ArmVirtQemuKernel-AARCH64/DEBUG_GCC49/AARCH64/MdePkg/Library/UefiDevicePathLib/UefiDevicePathLib/OUTPUT/UefiDevicePathLib.lib(DevicePathUtilities.obj)
                0x0000000000001f60                DevicePathSubType
 .text.DevicePathNodeLength
                0x0000000000001fb0       0x5c /home/osboxes/fix_rttee_text/RT-TEE/edk2/Build/ArmVirtQemuKernel-AARCH64/DEBUG_GCC49/AARCH64/MdePkg/Library/UefiDevicePathLib/UefiDevicePathLib/OUTPUT/UefiDevicePathLib.lib(DevicePathUtilities.obj)
                0x0000000000001fb0                DevicePathNodeLength
 .text.NextDevicePathNode
                0x000000000000200c       0x5c /home/osboxes/fix_rttee_text/RT-TEE/edk2/Build/ArmVirtQemuKernel-AARCH64/DEBUG_GCC49/AARCH64/MdePkg/Library/UefiDevicePathLib/UefiDevicePathLib/OUTPUT/UefiDevicePathLib.lib(DevicePathUtilities.obj)
                0x000000000000200c                NextDevicePathNode
 .text.IsDevicePathEndType
                0x0000000000002068       0x60 /home/osboxes/fix_rttee_text/RT-TEE/edk2/Build/ArmVirtQemuKernel-AARCH64/DEBUG_GCC49/AARCH64/MdePkg/Library/UefiDevicePathLib/UefiDevicePathLib/OUTPUT/UefiDevicePathLib.lib(DevicePathUtilities.obj)
                0x0000000000002068                IsDevicePathEndType
 .text.IsDevicePathEnd
                0x00000000000020c8       0x80 /home/osboxes/fix_rttee_text/RT-TEE/edk2/Build/ArmVirtQemuKernel-AARCH64/DEBUG_GCC49/AARCH64/MdePkg/Library/UefiDevicePathLib/UefiDevicePathLib/OUTPUT/UefiDevicePathLib.lib(DevicePathUtilities.obj)
                0x00000000000020c8                IsDevicePathEnd
 .text.IsDevicePathEndInstance
                0x0000000000002148       0x80 /home/osboxes/fix_rttee_text/RT-TEE/edk2/Build/ArmVirtQemuKernel-AARCH64/DEBUG_GCC49/AARCH64/MdePkg/Library/UefiDevicePathLib/UefiDevicePathLib/OUTPUT/UefiDevicePathLib.lib(DevicePathUtilities.obj)
                0x0000000000002148                IsDevicePathEndInstance
 .text.SetDevicePathNodeLength
                0x00000000000021c8       0xa8 /home/osboxes/fix_rttee_text/RT-TEE/edk2/Build/ArmVirtQemuKernel-AARCH64/DEBUG_GCC49/AARCH64/MdePkg/Library/UefiDevicePathLib/UefiDevicePathLib/OUTPUT/UefiDevicePathLib.lib(DevicePathUtilities.obj)
                0x00000000000021c8                SetDevicePathNodeLength
 .text.SetDevicePathEndNode
                0x0000000000002270       0x60 /home/osboxes/fix_rttee_text/RT-TEE/edk2/Build/ArmVirtQemuKernel-AARCH64/DEBUG_GCC49/AARCH64/MdePkg/Library/UefiDevicePathLib/UefiDevicePathLib/OUTPUT/UefiDevicePathLib.lib(DevicePathUtilities.obj)
                0x0000000000002270                SetDevicePathEndNode
 .text.UefiDevicePathLibGetDevicePathSize
                0x00000000000022d0       0x94 /home/osboxes/fix_rttee_text/RT-TEE/edk2/Build/ArmVirtQemuKernel-AARCH64/DEBUG_GCC49/AARCH64/MdePkg/Library/UefiDevicePathLib/UefiDevicePathLib/OUTPUT/UefiDevicePathLib.lib(DevicePathUtilities.obj)
                0x00000000000022d0                UefiDevicePathLibGetDevicePathSize
 .text.UefiDevicePathLibDuplicateDevicePath
                0x0000000000002364       0x40 /home/osboxes/fix_rttee_text/RT-TEE/edk2/Build/ArmVirtQemuKernel-AARCH64/DEBUG_GCC49/AARCH64/MdePkg/Library/UefiDevicePathLib/UefiDevicePathLib/OUTPUT/UefiDevicePathLib.lib(DevicePathUtilities.obj)
                0x0000000000002364                UefiDevicePathLibDuplicateDevicePath
 .text.UefiDevicePathLibAppendDevicePath
                0x00000000000023a4      0x118 /home/osboxes/fix_rttee_text/RT-TEE/edk2/Build/ArmVirtQemuKernel-AARCH64/DEBUG_GCC49/AARCH64/MdePkg/Library/UefiDevicePathLib/UefiDevicePathLib/OUTPUT/UefiDevicePathLib.lib(DevicePathUtilities.obj)
                0x00000000000023a4                UefiDevicePathLibAppendDevicePath
 .text.UefiDevicePathLibAppendDevicePathNode
                0x00000000000024bc       0xbc /home/osboxes/fix_rttee_text/RT-TEE/edk2/Build/ArmVirtQemuKernel-AARCH64/DEBUG_GCC49/AARCH64/MdePkg/Library/UefiDevicePathLib/UefiDevicePathLib/OUTPUT/UefiDevicePathLib.lib(DevicePathUtilities.obj)
                0x00000000000024bc                UefiDevicePathLibAppendDevicePathNode
 .text.UefiDevicePathLibAppendDevicePathInstance
                0x0000000000002578      0x118 /home/osboxes/fix_rttee_text/RT-TEE/edk2/Build/ArmVirtQemuKernel-AARCH64/DEBUG_GCC49/AARCH64/MdePkg/Library/UefiDevicePathLib/UefiDevicePathLib/OUTPUT/UefiDevicePathLib.lib(DevicePathUtilities.obj)
                0x0000000000002578                UefiDevicePathLibAppendDevicePathInstance
 .text.UefiDevicePathLibGetNextDevicePathInstance
                0x0000000000002690      0x154 /home/osboxes/fix_rttee_text/RT-TEE/edk2/Build/ArmVirtQemuKernel-AARCH64/DEBUG_GCC49/AARCH64/MdePkg/Library/UefiDevicePathLib/UefiDevicePathLib/OUTPUT/UefiDevicePathLib.lib(DevicePathUtilities.obj)
                0x0000000000002690                UefiDevicePathLibGetNextDevicePathInstance
 .text.UefiDevicePathLibCreateDeviceNode
                0x00000000000027e4       0x74 /home/osboxes/fix_rttee_text/RT-TEE/edk2/Build/ArmVirtQemuKernel-AARCH64/DEBUG_GCC49/AARCH64/MdePkg/Library/UefiDevicePathLib/UefiDevicePathLib/OUTPUT/UefiDevicePathLib.lib(DevicePathUtilities.obj)
                0x00000000000027e4                UefiDevicePathLibCreateDeviceNode
 .text.UefiDevicePathLibIsDevicePathMultiInstance
                0x0000000000002858       0x94 /home/osboxes/fix_rttee_text/RT-TEE/edk2/Build/ArmVirtQemuKernel-AARCH64/DEBUG_GCC49/AARCH64/MdePkg/Library/UefiDevicePathLib/UefiDevicePathLib/OUTPUT/UefiDevicePathLib.lib(DevicePathUtilities.obj)
                0x0000000000002858                UefiDevicePathLibIsDevicePathMultiInstance
 .text.UefiDevicePathLibCatPrint
                0x00000000000028ec      0x204 /home/osboxes/fix_rttee_text/RT-TEE/edk2/Build/ArmVirtQemuKernel-AARCH64/DEBUG_GCC49/AARCH64/MdePkg/Library/UefiDevicePathLib/UefiDevicePathLib/OUTPUT/UefiDevicePathLib.lib(DevicePathToText.obj)
                0x00000000000028ec                UefiDevicePathLibCatPrint
 .text.DevPathToTextPci
                0x0000000000002af0       0x58 /home/osboxes/fix_rttee_text/RT-TEE/edk2/Build/ArmVirtQemuKernel-AARCH64/DEBUG_GCC49/AARCH64/MdePkg/Library/UefiDevicePathLib/UefiDevicePathLib/OUTPUT/UefiDevicePathLib.lib(DevicePathToText.obj)
                0x0000000000002af0                DevPathToTextPci
 .text.DevPathToTextPccard
                0x0000000000002b48       0x48 /home/osboxes/fix_rttee_text/RT-TEE/edk2/Build/ArmVirtQemuKernel-AARCH64/DEBUG_GCC49/AARCH64/MdePkg/Library/UefiDevicePathLib/UefiDevicePathLib/OUTPUT/UefiDevicePathLib.lib(DevicePathToText.obj)
                0x0000000000002b48                DevPathToTextPccard
 .text.DevPathToTextMemMap
                0x0000000000002b90       0x60 /home/osboxes/fix_rttee_text/RT-TEE/edk2/Build/ArmVirtQemuKernel-AARCH64/DEBUG_GCC49/AARCH64/MdePkg/Library/UefiDevicePathLib/UefiDevicePathLib/OUTPUT/UefiDevicePathLib.lib(DevicePathToText.obj)
                0x0000000000002b90                DevPathToTextMemMap
 .text.DevPathToTextVendor
                0x0000000000002bf0      0x4c8 /home/osboxes/fix_rttee_text/RT-TEE/edk2/Build/ArmVirtQemuKernel-AARCH64/DEBUG_GCC49/AARCH64/MdePkg/Library/UefiDevicePathLib/UefiDevicePathLib/OUTPUT/UefiDevicePathLib.lib(DevicePathToText.obj)
                0x0000000000002bf0                DevPathToTextVendor
 .text.DevPathToTextController
                0x00000000000030b8       0x48 /home/osboxes/fix_rttee_text/RT-TEE/edk2/Build/ArmVirtQemuKernel-AARCH64/DEBUG_GCC49/AARCH64/MdePkg/Library/UefiDevicePathLib/UefiDevicePathLib/OUTPUT/UefiDevicePathLib.lib(DevicePathToText.obj)
                0x00000000000030b8                DevPathToTextController
 .text.DevPathToTextBmc
                0x0000000000003100       0x64 /home/osboxes/fix_rttee_text/RT-TEE/edk2/Build/ArmVirtQemuKernel-AARCH64/DEBUG_GCC49/AARCH64/MdePkg/Library/UefiDevicePathLib/UefiDevicePathLib/OUTPUT/UefiDevicePathLib.lib(DevicePathToText.obj)
                0x0000000000003100                DevPathToTextBmc
 .text.DevPathToTextAcpi
                0x0000000000003164      0x1ac /home/osboxes/fix_rttee_text/RT-TEE/edk2/Build/ArmVirtQemuKernel-AARCH64/DEBUG_GCC49/AARCH64/MdePkg/Library/UefiDevicePathLib/UefiDevicePathLib/OUTPUT/UefiDevicePathLib.lib(DevicePathToText.obj)
                0x0000000000003164                DevPathToTextAcpi
 .text.DevPathToTextAcpiEx
                0x0000000000003310      0x2a4 /home/osboxes/fix_rttee_text/RT-TEE/edk2/Build/ArmVirtQemuKernel-AARCH64/DEBUG_GCC49/AARCH64/MdePkg/Library/UefiDevicePathLib/UefiDevicePathLib/OUTPUT/UefiDevicePathLib.lib(DevicePathToText.obj)
                0x0000000000003310                DevPathToTextAcpiEx
 .text.DevPathToTextAcpiAdr
                0x00000000000035b4       0xd4 /home/osboxes/fix_rttee_text/RT-TEE/edk2/Build/ArmVirtQemuKernel-AARCH64/DEBUG_GCC49/AARCH64/MdePkg/Library/UefiDevicePathLib/UefiDevicePathLib/OUTPUT/UefiDevicePathLib.lib(DevicePathToText.obj)
                0x00000000000035b4                DevPathToTextAcpiAdr
 .text.DevPathToTextAtapi
                0x0000000000003688       0xc4 /home/osboxes/fix_rttee_text/RT-TEE/edk2/Build/ArmVirtQemuKernel-AARCH64/DEBUG_GCC49/AARCH64/MdePkg/Library/UefiDevicePathLib/UefiDevicePathLib/OUTPUT/UefiDevicePathLib.lib(DevicePathToText.obj)
                0x0000000000003688                DevPathToTextAtapi
 .text.DevPathToTextScsi
                0x000000000000374c       0x58 /home/osboxes/fix_rttee_text/RT-TEE/edk2/Build/ArmVirtQemuKernel-AARCH64/DEBUG_GCC49/AARCH64/MdePkg/Library/UefiDevicePathLib/UefiDevicePathLib/OUTPUT/UefiDevicePathLib.lib(DevicePathToText.obj)
                0x000000000000374c                DevPathToTextScsi
 .text.DevPathToTextFibre
                0x00000000000037a4       0x54 /home/osboxes/fix_rttee_text/RT-TEE/edk2/Build/ArmVirtQemuKernel-AARCH64/DEBUG_GCC49/AARCH64/MdePkg/Library/UefiDevicePathLib/UefiDevicePathLib/OUTPUT/UefiDevicePathLib.lib(DevicePathToText.obj)
                0x00000000000037a4                DevPathToTextFibre
 .text.DevPathToTextFibreEx
                0x00000000000037f8       0xe4 /home/osboxes/fix_rttee_text/RT-TEE/edk2/Build/ArmVirtQemuKernel-AARCH64/DEBUG_GCC49/AARCH64/MdePkg/Library/UefiDevicePathLib/UefiDevicePathLib/OUTPUT/UefiDevicePathLib.lib(DevicePathToText.obj)
                0x00000000000037f8                DevPathToTextFibreEx
 .text.DevPathToTextSasEx
                0x00000000000038dc      0x26c /home/osboxes/fix_rttee_text/RT-TEE/edk2/Build/ArmVirtQemuKernel-AARCH64/DEBUG_GCC49/AARCH64/MdePkg/Library/UefiDevicePathLib/UefiDevicePathLib/OUTPUT/UefiDevicePathLib.lib(DevicePathToText.obj)
                0x00000000000038dc                DevPathToTextSasEx
 .text.DevPathToTextNVMe
                0x0000000000003b48       0xe4 /home/osboxes/fix_rttee_text/RT-TEE/edk2/Build/ArmVirtQemuKernel-AARCH64/DEBUG_GCC49/AARCH64/MdePkg/Library/UefiDevicePathLib/UefiDevicePathLib/OUTPUT/UefiDevicePathLib.lib(DevicePathToText.obj)
                0x0000000000003b48                DevPathToTextNVMe
 .text.DevPathToTextUfs
                0x0000000000003c2c       0x58 /home/osboxes/fix_rttee_text/RT-TEE/edk2/Build/ArmVirtQemuKernel-AARCH64/DEBUG_GCC49/AARCH64/MdePkg/Library/UefiDevicePathLib/UefiDevicePathLib/OUTPUT/UefiDevicePathLib.lib(DevicePathToText.obj)
                0x0000000000003c2c                DevPathToTextUfs
 .text.DevPathToTextSd
                0x0000000000003c84       0x48 /home/osboxes/fix_rttee_text/RT-TEE/edk2/Build/ArmVirtQemuKernel-AARCH64/DEBUG_GCC49/AARCH64/MdePkg/Library/UefiDevicePathLib/UefiDevicePathLib/OUTPUT/UefiDevicePathLib.lib(DevicePathToText.obj)
                0x0000000000003c84                DevPathToTextSd
 .text.DevPathToTextEmmc
                0x0000000000003ccc       0x48 /home/osboxes/fix_rttee_text/RT-TEE/edk2/Build/ArmVirtQemuKernel-AARCH64/DEBUG_GCC49/AARCH64/MdePkg/Library/UefiDevicePathLib/UefiDevicePathLib/OUTPUT/UefiDevicePathLib.lib(DevicePathToText.obj)
                0x0000000000003ccc                DevPathToTextEmmc
 .text.DevPathToText1394
                0x0000000000003d14       0x48 /home/osboxes/fix_rttee_text/RT-TEE/edk2/Build/ArmVirtQemuKernel-AARCH64/DEBUG_GCC49/AARCH64/MdePkg/Library/UefiDevicePathLib/UefiDevicePathLib/OUTPUT/UefiDevicePathLib.lib(DevicePathToText.obj)
                0x0000000000003d14                DevPathToText1394
 .text.DevPathToTextUsb
                0x0000000000003d5c       0x58 /home/osboxes/fix_rttee_text/RT-TEE/edk2/Build/ArmVirtQemuKernel-AARCH64/DEBUG_GCC49/AARCH64/MdePkg/Library/UefiDevicePathLib/UefiDevicePathLib/OUTPUT/UefiDevicePathLib.lib(DevicePathToText.obj)
                0x0000000000003d5c                DevPathToTextUsb
 .text.DevPathToTextUsbWWID
                0x0000000000003db4      0x118 /home/osboxes/fix_rttee_text/RT-TEE/edk2/Build/ArmVirtQemuKernel-AARCH64/DEBUG_GCC49/AARCH64/MdePkg/Library/UefiDevicePathLib/UefiDevicePathLib/OUTPUT/UefiDevicePathLib.lib(DevicePathToText.obj)
                0x0000000000003db4                DevPathToTextUsbWWID
 .text.DevPathToTextLogicalUnit
                0x0000000000003ecc       0x48 /home/osboxes/fix_rttee_text/RT-TEE/edk2/Build/ArmVirtQemuKernel-AARCH64/DEBUG_GCC49/AARCH64/MdePkg/Library/UefiDevicePathLib/UefiDevicePathLib/OUTPUT/UefiDevicePathLib.lib(DevicePathToText.obj)
                0x0000000000003ecc                DevPathToTextLogicalUnit
 .text.DevPathToTextUsbClass
                0x0000000000003f14      0x370 /home/osboxes/fix_rttee_text/RT-TEE/edk2/Build/ArmVirtQemuKernel-AARCH64/DEBUG_GCC49/AARCH64/MdePkg/Library/UefiDevicePathLib/UefiDevicePathLib/OUTPUT/UefiDevicePathLib.lib(DevicePathToText.obj)
                0x0000000000003f14                DevPathToTextUsbClass
 .text.DevPathToTextSata
                0x0000000000004284       0x68 /home/osboxes/fix_rttee_text/RT-TEE/edk2/Build/ArmVirtQemuKernel-AARCH64/DEBUG_GCC49/AARCH64/MdePkg/Library/UefiDevicePathLib/UefiDevicePathLib/OUTPUT/UefiDevicePathLib.lib(DevicePathToText.obj)
                0x0000000000004284                DevPathToTextSata
 .text.DevPathToTextI2O
                0x00000000000042ec       0x48 /home/osboxes/fix_rttee_text/RT-TEE/edk2/Build/ArmVirtQemuKernel-AARCH64/DEBUG_GCC49/AARCH64/MdePkg/Library/UefiDevicePathLib/UefiDevicePathLib/OUTPUT/UefiDevicePathLib.lib(DevicePathToText.obj)
                0x00000000000042ec                DevPathToTextI2O
 .text.DevPathToTextMacAddr
                0x0000000000004334       0xd0 /home/osboxes/fix_rttee_text/RT-TEE/edk2/Build/ArmVirtQemuKernel-AARCH64/DEBUG_GCC49/AARCH64/MdePkg/Library/UefiDevicePathLib/UefiDevicePathLib/OUTPUT/UefiDevicePathLib.lib(DevicePathToText.obj)
                0x0000000000004334                DevPathToTextMacAddr
 .text.CatNetworkProtocol
                0x0000000000004404       0x74 /home/osboxes/fix_rttee_text/RT-TEE/edk2/Build/ArmVirtQemuKernel-AARCH64/DEBUG_GCC49/AARCH64/MdePkg/Library/UefiDevicePathLib/UefiDevicePathLib/OUTPUT/UefiDevicePathLib.lib(DevicePathToText.obj)
                0x0000000000004404                CatNetworkProtocol
 .text.CatIPv4Address
                0x0000000000004478       0x68 /home/osboxes/fix_rttee_text/RT-TEE/edk2/Build/ArmVirtQemuKernel-AARCH64/DEBUG_GCC49/AARCH64/MdePkg/Library/UefiDevicePathLib/UefiDevicePathLib/OUTPUT/UefiDevicePathLib.lib(DevicePathToText.obj)
                0x0000000000004478                CatIPv4Address
 .text.CatIPv6Address
                0x00000000000044e0      0x130 /home/osboxes/fix_rttee_text/RT-TEE/edk2/Build/ArmVirtQemuKernel-AARCH64/DEBUG_GCC49/AARCH64/MdePkg/Library/UefiDevicePathLib/UefiDevicePathLib/OUTPUT/UefiDevicePathLib.lib(DevicePathToText.obj)
                0x00000000000044e0                CatIPv6Address
 .text.DevPathToTextIPv4
                0x0000000000004610      0x144 /home/osboxes/fix_rttee_text/RT-TEE/edk2/Build/ArmVirtQemuKernel-AARCH64/DEBUG_GCC49/AARCH64/MdePkg/Library/UefiDevicePathLib/UefiDevicePathLib/OUTPUT/UefiDevicePathLib.lib(DevicePathToText.obj)
                0x0000000000004610                DevPathToTextIPv4
 .text.DevPathToTextIPv6
                0x0000000000004754      0x14c /home/osboxes/fix_rttee_text/RT-TEE/edk2/Build/ArmVirtQemuKernel-AARCH64/DEBUG_GCC49/AARCH64/MdePkg/Library/UefiDevicePathLib/UefiDevicePathLib/OUTPUT/UefiDevicePathLib.lib(DevicePathToText.obj)
                0x0000000000004754                DevPathToTextIPv6
 .text.DevPathToTextInfiniBand
                0x00000000000048a0       0x78 /home/osboxes/fix_rttee_text/RT-TEE/edk2/Build/ArmVirtQemuKernel-AARCH64/DEBUG_GCC49/AARCH64/MdePkg/Library/UefiDevicePathLib/UefiDevicePathLib/OUTPUT/UefiDevicePathLib.lib(DevicePathToText.obj)
                0x00000000000048a0                DevPathToTextInfiniBand
 .text.DevPathToTextUart
                0x0000000000004918      0x1fc /home/osboxes/fix_rttee_text/RT-TEE/edk2/Build/ArmVirtQemuKernel-AARCH64/DEBUG_GCC49/AARCH64/MdePkg/Library/UefiDevicePathLib/UefiDevicePathLib/OUTPUT/UefiDevicePathLib.lib(DevicePathToText.obj)
                0x0000000000004918                DevPathToTextUart
 .text.DevPathToTextiSCSI
                0x0000000000004b14      0x1e0 /home/osboxes/fix_rttee_text/RT-TEE/edk2/Build/ArmVirtQemuKernel-AARCH64/DEBUG_GCC49/AARCH64/MdePkg/Library/UefiDevicePathLib/UefiDevicePathLib/OUTPUT/UefiDevicePathLib.lib(DevicePathToText.obj)
                0x0000000000004b14                DevPathToTextiSCSI
 .text.DevPathToTextVlan
                0x0000000000004cf4       0x48 /home/osboxes/fix_rttee_text/RT-TEE/edk2/Build/ArmVirtQemuKernel-AARCH64/DEBUG_GCC49/AARCH64/MdePkg/Library/UefiDevicePathLib/UefiDevicePathLib/OUTPUT/UefiDevicePathLib.lib(DevicePathToText.obj)
                0x0000000000004cf4                DevPathToTextVlan
 .text.DevPathToTextBluetooth
                0x0000000000004d3c       0x98 /home/osboxes/fix_rttee_text/RT-TEE/edk2/Build/ArmVirtQemuKernel-AARCH64/DEBUG_GCC49/AARCH64/MdePkg/Library/UefiDevicePathLib/UefiDevicePathLib/OUTPUT/UefiDevicePathLib.lib(DevicePathToText.obj)
                0x0000000000004d3c                DevPathToTextBluetooth
 .text.DevPathToTextWiFi
                0x0000000000004dd4       0x5c /home/osboxes/fix_rttee_text/RT-TEE/edk2/Build/ArmVirtQemuKernel-AARCH64/DEBUG_GCC49/AARCH64/MdePkg/Library/UefiDevicePathLib/UefiDevicePathLib/OUTPUT/UefiDevicePathLib.lib(DevicePathToText.obj)
                0x0000000000004dd4                DevPathToTextWiFi
 .text.DevPathToTextBluetoothLE
                0x0000000000004e30       0xb0 /home/osboxes/fix_rttee_text/RT-TEE/edk2/Build/ArmVirtQemuKernel-AARCH64/DEBUG_GCC49/AARCH64/MdePkg/Library/UefiDevicePathLib/UefiDevicePathLib/OUTPUT/UefiDevicePathLib.lib(DevicePathToText.obj)
                0x0000000000004e30                DevPathToTextBluetoothLE
 .text.DevPathToTextDns
                0x0000000000004ee0       0xfc /home/osboxes/fix_rttee_text/RT-TEE/edk2/Build/ArmVirtQemuKernel-AARCH64/DEBUG_GCC49/AARCH64/MdePkg/Library/UefiDevicePathLib/UefiDevicePathLib/OUTPUT/UefiDevicePathLib.lib(DevicePathToText.obj)
                0x0000000000004ee0                DevPathToTextDns
 .text.DevPathToTextUri
                0x0000000000004fdc       0xc4 /home/osboxes/fix_rttee_text/RT-TEE/edk2/Build/ArmVirtQemuKernel-AARCH64/DEBUG_GCC49/AARCH64/MdePkg/Library/UefiDevicePathLib/UefiDevicePathLib/OUTPUT/UefiDevicePathLib.lib(DevicePathToText.obj)
                0x0000000000004fdc                DevPathToTextUri
 .text.DevPathToTextHardDrive
                0x00000000000050a0      0x108 /home/osboxes/fix_rttee_text/RT-TEE/edk2/Build/ArmVirtQemuKernel-AARCH64/DEBUG_GCC49/AARCH64/MdePkg/Library/UefiDevicePathLib/UefiDevicePathLib/OUTPUT/UefiDevicePathLib.lib(DevicePathToText.obj)
                0x00000000000050a0                DevPathToTextHardDrive
 .text.DevPathToTextCDROM
                0x00000000000051a8       0x88 /home/osboxes/fix_rttee_text/RT-TEE/edk2/Build/ArmVirtQemuKernel-AARCH64/DEBUG_GCC49/AARCH64/MdePkg/Library/UefiDevicePathLib/UefiDevicePathLib/OUTPUT/UefiDevicePathLib.lib(DevicePathToText.obj)
                0x00000000000051a8                DevPathToTextCDROM
 .text.DevPathToTextFilePath
                0x0000000000005230       0x48 /home/osboxes/fix_rttee_text/RT-TEE/edk2/Build/ArmVirtQemuKernel-AARCH64/DEBUG_GCC49/AARCH64/MdePkg/Library/UefiDevicePathLib/UefiDevicePathLib/OUTPUT/UefiDevicePathLib.lib(DevicePathToText.obj)
                0x0000000000005230                DevPathToTextFilePath
 .text.DevPathToTextMediaProtocol
                0x0000000000005278       0x48 /home/osboxes/fix_rttee_text/RT-TEE/edk2/Build/ArmVirtQemuKernel-AARCH64/DEBUG_GCC49/AARCH64/MdePkg/Library/UefiDevicePathLib/UefiDevicePathLib/OUTPUT/UefiDevicePathLib.lib(DevicePathToText.obj)
                0x0000000000005278                DevPathToTextMediaProtocol
 .text.DevPathToTextFv
                0x00000000000052c0       0x48 /home/osboxes/fix_rttee_text/RT-TEE/edk2/Build/ArmVirtQemuKernel-AARCH64/DEBUG_GCC49/AARCH64/MdePkg/Library/UefiDevicePathLib/UefiDevicePathLib/OUTPUT/UefiDevicePathLib.lib(DevicePathToText.obj)
                0x00000000000052c0                DevPathToTextFv
 .text.DevPathToTextFvFile
                0x0000000000005308       0x48 /home/osboxes/fix_rttee_text/RT-TEE/edk2/Build/ArmVirtQemuKernel-AARCH64/DEBUG_GCC49/AARCH64/MdePkg/Library/UefiDevicePathLib/UefiDevicePathLib/OUTPUT/UefiDevicePathLib.lib(DevicePathToText.obj)
                0x0000000000005308                DevPathToTextFvFile
 .text.DevPathRelativeOffsetRange
                0x0000000000005350       0x54 /home/osboxes/fix_rttee_text/RT-TEE/edk2/Build/ArmVirtQemuKernel-AARCH64/DEBUG_GCC49/AARCH64/MdePkg/Library/UefiDevicePathLib/UefiDevicePathLib/OUTPUT/UefiDevicePathLib.lib(DevicePathToText.obj)
                0x0000000000005350                DevPathRelativeOffsetRange
 .text.DevPathToTextRamDisk
                0x00000000000053a4      0x328 /home/osboxes/fix_rttee_text/RT-TEE/edk2/Build/ArmVirtQemuKernel-AARCH64/DEBUG_GCC49/AARCH64/MdePkg/Library/UefiDevicePathLib/UefiDevicePathLib/OUTPUT/UefiDevicePathLib.lib(DevicePathToText.obj)
                0x00000000000053a4                DevPathToTextRamDisk
 .text.DevPathToTextBBS
                0x00000000000056cc      0x170 /home/osboxes/fix_rttee_text/RT-TEE/edk2/Build/ArmVirtQemuKernel-AARCH64/DEBUG_GCC49/AARCH64/MdePkg/Library/UefiDevicePathLib/UefiDevicePathLib/OUTPUT/UefiDevicePathLib.lib(DevicePathToText.obj)
                0x00000000000056cc                DevPathToTextBBS
 .text.DevPathToTextEndInstance
                0x000000000000583c       0x34 /home/osboxes/fix_rttee_text/RT-TEE/edk2/Build/ArmVirtQemuKernel-AARCH64/DEBUG_GCC49/AARCH64/MdePkg/Library/UefiDevicePathLib/UefiDevicePathLib/OUTPUT/UefiDevicePathLib.lib(DevicePathToText.obj)
                0x000000000000583c                DevPathToTextEndInstance
 .text.DevPathToTextNodeGeneric
                0x0000000000005870      0x1bc /home/osboxes/fix_rttee_text/RT-TEE/edk2/Build/ArmVirtQemuKernel-AARCH64/DEBUG_GCC49/AARCH64/MdePkg/Library/UefiDevicePathLib/UefiDevicePathLib/OUTPUT/UefiDevicePathLib.lib(DevicePathToText.obj)
                0x0000000000005870                DevPathToTextNodeGeneric
 .text.UefiDevicePathLibConvertDeviceNodeToText
                0x0000000000005a2c      0x144 /home/osboxes/fix_rttee_text/RT-TEE/edk2/Build/ArmVirtQemuKernel-AARCH64/DEBUG_GCC49/AARCH64/MdePkg/Library/UefiDevicePathLib/UefiDevicePathLib/OUTPUT/UefiDevicePathLib.lib(DevicePathToText.obj)
                0x0000000000005a2c                UefiDevicePathLibConvertDeviceNodeToText
 .text.UefiDevicePathLibConvertDevicePathToText
                0x0000000000005b70      0x1c0 /home/osboxes/fix_rttee_text/RT-TEE/edk2/Build/ArmVirtQemuKernel-AARCH64/DEBUG_GCC49/AARCH64/MdePkg/Library/UefiDevicePathLib/UefiDevicePathLib/OUTPUT/UefiDevicePathLib.lib(DevicePathToText.obj)
                0x0000000000005b70                UefiDevicePathLibConvertDevicePathToText
 .text.UefiDevicePathLibStrDuplicate
                0x0000000000005d30       0x24 /home/osboxes/fix_rttee_text/RT-TEE/edk2/Build/ArmVirtQemuKernel-AARCH64/DEBUG_GCC49/AARCH64/MdePkg/Library/UefiDevicePathLib/UefiDevicePathLib/OUTPUT/UefiDevicePathLib.lib(DevicePathFromText.obj)
                0x0000000000005d30                UefiDevicePathLibStrDuplicate
 .text.GetParamByNodeName
                0x0000000000005d54      0x128 /home/osboxes/fix_rttee_text/RT-TEE/edk2/Build/ArmVirtQemuKernel-AARCH64/DEBUG_GCC49/AARCH64/MdePkg/Library/UefiDevicePathLib/UefiDevicePathLib/OUTPUT/UefiDevicePathLib.lib(DevicePathFromText.obj)
                0x0000000000005d54                GetParamByNodeName
 .text.SplitStr
                0x0000000000005e7c       0xb0 /home/osboxes/fix_rttee_text/RT-TEE/edk2/Build/ArmVirtQemuKernel-AARCH64/DEBUG_GCC49/AARCH64/MdePkg/Library/UefiDevicePathLib/UefiDevicePathLib/OUTPUT/UefiDevicePathLib.lib(DevicePathFromText.obj)
                0x0000000000005e7c                SplitStr
 .text.GetNextParamStr
                0x0000000000005f2c       0x20 /home/osboxes/fix_rttee_text/RT-TEE/edk2/Build/ArmVirtQemuKernel-AARCH64/DEBUG_GCC49/AARCH64/MdePkg/Library/UefiDevicePathLib/UefiDevicePathLib/OUTPUT/UefiDevicePathLib.lib(DevicePathFromText.obj)
                0x0000000000005f2c                GetNextParamStr
 .text.GetNextDeviceNodeStr
                0x0000000000005f4c      0x1bc /home/osboxes/fix_rttee_text/RT-TEE/edk2/Build/ArmVirtQemuKernel-AARCH64/DEBUG_GCC49/AARCH64/MdePkg/Library/UefiDevicePathLib/UefiDevicePathLib/OUTPUT/UefiDevicePathLib.lib(DevicePathFromText.obj)
                0x0000000000005f4c                GetNextDeviceNodeStr
 .text.IsHexStr
                0x0000000000006108       0xa0 /home/osboxes/fix_rttee_text/RT-TEE/edk2/Build/ArmVirtQemuKernel-AARCH64/DEBUG_GCC49/AARCH64/MdePkg/Library/UefiDevicePathLib/UefiDevicePathLib/OUTPUT/UefiDevicePathLib.lib(DevicePathFromText.obj)
                0x0000000000006108                IsHexStr
 .text.Strtoi   0x00000000000061a8       0x3c /home/osboxes/fix_rttee_text/RT-TEE/edk2/Build/ArmVirtQemuKernel-AARCH64/DEBUG_GCC49/AARCH64/MdePkg/Library/UefiDevicePathLib/UefiDevicePathLib/OUTPUT/UefiDevicePathLib.lib(DevicePathFromText.obj)
                0x00000000000061a8                Strtoi
 .text.Strtoi64
                0x00000000000061e4       0x5c /home/osboxes/fix_rttee_text/RT-TEE/edk2/Build/ArmVirtQemuKernel-AARCH64/DEBUG_GCC49/AARCH64/MdePkg/Library/UefiDevicePathLib/UefiDevicePathLib/OUTPUT/UefiDevicePathLib.lib(DevicePathFromText.obj)
                0x00000000000061e4                Strtoi64
 .text.StrToAscii
                0x0000000000006240       0x74 /home/osboxes/fix_rttee_text/RT-TEE/edk2/Build/ArmVirtQemuKernel-AARCH64/DEBUG_GCC49/AARCH64/MdePkg/Library/UefiDevicePathLib/UefiDevicePathLib/OUTPUT/UefiDevicePathLib.lib(DevicePathFromText.obj)
                0x0000000000006240                StrToAscii
 .text.DevPathFromTextGenericPath
                0x00000000000062b4       0xa8 /home/osboxes/fix_rttee_text/RT-TEE/edk2/Build/ArmVirtQemuKernel-AARCH64/DEBUG_GCC49/AARCH64/MdePkg/Library/UefiDevicePathLib/UefiDevicePathLib/OUTPUT/UefiDevicePathLib.lib(DevicePathFromText.obj)
                0x00000000000062b4                DevPathFromTextGenericPath
 .text.DevPathFromTextPath
                0x000000000000635c       0x34 /home/osboxes/fix_rttee_text/RT-TEE/edk2/Build/ArmVirtQemuKernel-AARCH64/DEBUG_GCC49/AARCH64/MdePkg/Library/UefiDevicePathLib/UefiDevicePathLib/OUTPUT/UefiDevicePathLib.lib(DevicePathFromText.obj)
                0x000000000000635c                DevPathFromTextPath
 .text.DevPathFromTextHardwarePath
                0x0000000000006390       0x20 /home/osboxes/fix_rttee_text/RT-TEE/edk2/Build/ArmVirtQemuKernel-AARCH64/DEBUG_GCC49/AARCH64/MdePkg/Library/UefiDevicePathLib/UefiDevicePathLib/OUTPUT/UefiDevicePathLib.lib(DevicePathFromText.obj)
                0x0000000000006390                DevPathFromTextHardwarePath
 .text.DevPathFromTextPci
                0x00000000000063b0       0x6c /home/osboxes/fix_rttee_text/RT-TEE/edk2/Build/ArmVirtQemuKernel-AARCH64/DEBUG_GCC49/AARCH64/MdePkg/Library/UefiDevicePathLib/UefiDevicePathLib/OUTPUT/UefiDevicePathLib.lib(DevicePathFromText.obj)
                0x00000000000063b0                DevPathFromTextPci
 .text.DevPathFromTextPcCard
                0x000000000000641c       0x4c /home/osboxes/fix_rttee_text/RT-TEE/edk2/Build/ArmVirtQemuKernel-AARCH64/DEBUG_GCC49/AARCH64/MdePkg/Library/UefiDevicePathLib/UefiDevicePathLib/OUTPUT/UefiDevicePathLib.lib(DevicePathFromText.obj)
                0x000000000000641c                DevPathFromTextPcCard
 .text.DevPathFromTextMemoryMapped
                0x0000000000006468       0x8c /home/osboxes/fix_rttee_text/RT-TEE/edk2/Build/ArmVirtQemuKernel-AARCH64/DEBUG_GCC49/AARCH64/MdePkg/Library/UefiDevicePathLib/UefiDevicePathLib/OUTPUT/UefiDevicePathLib.lib(DevicePathFromText.obj)
                0x0000000000006468                DevPathFromTextMemoryMapped
 .text.ConvertFromTextVendor
                0x00000000000064f4       0xac /home/osboxes/fix_rttee_text/RT-TEE/edk2/Build/ArmVirtQemuKernel-AARCH64/DEBUG_GCC49/AARCH64/MdePkg/Library/UefiDevicePathLib/UefiDevicePathLib/OUTPUT/UefiDevicePathLib.lib(DevicePathFromText.obj)
                0x00000000000064f4                ConvertFromTextVendor
 .text.DevPathFromTextVenHw
                0x00000000000065a0       0x24 /home/osboxes/fix_rttee_text/RT-TEE/edk2/Build/ArmVirtQemuKernel-AARCH64/DEBUG_GCC49/AARCH64/MdePkg/Library/UefiDevicePathLib/UefiDevicePathLib/OUTPUT/UefiDevicePathLib.lib(DevicePathFromText.obj)
                0x00000000000065a0                DevPathFromTextVenHw
 .text.DevPathFromTextCtrl
                0x00000000000065c4       0x4c /home/osboxes/fix_rttee_text/RT-TEE/edk2/Build/ArmVirtQemuKernel-AARCH64/DEBUG_GCC49/AARCH64/MdePkg/Library/UefiDevicePathLib/UefiDevicePathLib/OUTPUT/UefiDevicePathLib.lib(DevicePathFromText.obj)
                0x00000000000065c4                DevPathFromTextCtrl
 .text.DevPathFromTextBmc
                0x0000000000006610       0x7c /home/osboxes/fix_rttee_text/RT-TEE/edk2/Build/ArmVirtQemuKernel-AARCH64/DEBUG_GCC49/AARCH64/MdePkg/Library/UefiDevicePathLib/UefiDevicePathLib/OUTPUT/UefiDevicePathLib.lib(DevicePathFromText.obj)
                0x0000000000006610                DevPathFromTextBmc
 .text.DevPathFromTextAcpiPath
                0x000000000000668c       0x20 /home/osboxes/fix_rttee_text/RT-TEE/edk2/Build/ArmVirtQemuKernel-AARCH64/DEBUG_GCC49/AARCH64/MdePkg/Library/UefiDevicePathLib/UefiDevicePathLib/OUTPUT/UefiDevicePathLib.lib(DevicePathFromText.obj)
                0x000000000000668c                DevPathFromTextAcpiPath
 .text.EisaIdFromText
                0x00000000000066ac       0x70 /home/osboxes/fix_rttee_text/RT-TEE/edk2/Build/ArmVirtQemuKernel-AARCH64/DEBUG_GCC49/AARCH64/MdePkg/Library/UefiDevicePathLib/UefiDevicePathLib/OUTPUT/UefiDevicePathLib.lib(DevicePathFromText.obj)
                0x00000000000066ac                EisaIdFromText
 .text.DevPathFromTextAcpi
                0x000000000000671c       0x6c /home/osboxes/fix_rttee_text/RT-TEE/edk2/Build/ArmVirtQemuKernel-AARCH64/DEBUG_GCC49/AARCH64/MdePkg/Library/UefiDevicePathLib/UefiDevicePathLib/OUTPUT/UefiDevicePathLib.lib(DevicePathFromText.obj)
                0x000000000000671c                DevPathFromTextAcpi
 .text.ConvertFromTextAcpi
                0x0000000000006788       0x68 /home/osboxes/fix_rttee_text/RT-TEE/edk2/Build/ArmVirtQemuKernel-AARCH64/DEBUG_GCC49/AARCH64/MdePkg/Library/UefiDevicePathLib/UefiDevicePathLib/OUTPUT/UefiDevicePathLib.lib(DevicePathFromText.obj)
                0x0000000000006788                ConvertFromTextAcpi
 .text.DevPathFromTextPciRoot
                0x00000000000067f0       0x20 /home/osboxes/fix_rttee_text/RT-TEE/edk2/Build/ArmVirtQemuKernel-AARCH64/DEBUG_GCC49/AARCH64/MdePkg/Library/UefiDevicePathLib/UefiDevicePathLib/OUTPUT/UefiDevicePathLib.lib(DevicePathFromText.obj)
                0x00000000000067f0                DevPathFromTextPciRoot
 .text.DevPathFromTextPcieRoot
                0x0000000000006810       0x20 /home/osboxes/fix_rttee_text/RT-TEE/edk2/Build/ArmVirtQemuKernel-AARCH64/DEBUG_GCC49/AARCH64/MdePkg/Library/UefiDevicePathLib/UefiDevicePathLib/OUTPUT/UefiDevicePathLib.lib(DevicePathFromText.obj)
                0x0000000000006810                DevPathFromTextPcieRoot
 .text.DevPathFromTextFloppy
                0x0000000000006830       0x20 /home/osboxes/fix_rttee_text/RT-TEE/edk2/Build/ArmVirtQemuKernel-AARCH64/DEBUG_GCC49/AARCH64/MdePkg/Library/UefiDevicePathLib/UefiDevicePathLib/OUTPUT/UefiDevicePathLib.lib(DevicePathFromText.obj)
                0x0000000000006830                DevPathFromTextFloppy
 .text.DevPathFromTextKeyboard
                0x0000000000006850       0x20 /home/osboxes/fix_rttee_text/RT-TEE/edk2/Build/ArmVirtQemuKernel-AARCH64/DEBUG_GCC49/AARCH64/MdePkg/Library/UefiDevicePathLib/UefiDevicePathLib/OUTPUT/UefiDevicePathLib.lib(DevicePathFromText.obj)
                0x0000000000006850                DevPathFromTextKeyboard
 .text.DevPathFromTextSerial
                0x0000000000006870       0x20 /home/osboxes/fix_rttee_text/RT-TEE/edk2/Build/ArmVirtQemuKernel-AARCH64/DEBUG_GCC49/AARCH64/MdePkg/Library/UefiDevicePathLib/UefiDevicePathLib/OUTPUT/UefiDevicePathLib.lib(DevicePathFromText.obj)
                0x0000000000006870                DevPathFromTextSerial
 .text.DevPathFromTextParallelPort
                0x0000000000006890       0x20 /home/osboxes/fix_rttee_text/RT-TEE/edk2/Build/ArmVirtQemuKernel-AARCH64/DEBUG_GCC49/AARCH64/MdePkg/Library/UefiDevicePathLib/UefiDevicePathLib/OUTPUT/UefiDevicePathLib.lib(DevicePathFromText.obj)
                0x0000000000006890                DevPathFromTextParallelPort
 .text.DevPathFromTextAcpiEx
                0x00000000000068b0      0x140 /home/osboxes/fix_rttee_text/RT-TEE/edk2/Build/ArmVirtQemuKernel-AARCH64/DEBUG_GCC49/AARCH64/MdePkg/Library/UefiDevicePathLib/UefiDevicePathLib/OUTPUT/UefiDevicePathLib.lib(DevicePathFromText.obj)
                0x00000000000068b0                DevPathFromTextAcpiEx
 .text.DevPathFromTextAcpiExp
                0x00000000000069f0       0xcc /home/osboxes/fix_rttee_text/RT-TEE/edk2/Build/ArmVirtQemuKernel-AARCH64/DEBUG_GCC49/AARCH64/MdePkg/Library/UefiDevicePathLib/UefiDevicePathLib/OUTPUT/UefiDevicePathLib.lib(DevicePathFromText.obj)
                0x00000000000069f0                DevPathFromTextAcpiExp
 .text.DevPathFromTextAcpiAdr
                0x0000000000006abc      0x138 /home/osboxes/fix_rttee_text/RT-TEE/edk2/Build/ArmVirtQemuKernel-AARCH64/DEBUG_GCC49/AARCH64/MdePkg/Library/UefiDevicePathLib/UefiDevicePathLib/OUTPUT/UefiDevicePathLib.lib(DevicePathFromText.obj)
                0x0000000000006abc                DevPathFromTextAcpiAdr
 .text.DevPathFromTextMsg
                0x0000000000006bf4       0x20 /home/osboxes/fix_rttee_text/RT-TEE/edk2/Build/ArmVirtQemuKernel-AARCH64/DEBUG_GCC49/AARCH64/MdePkg/Library/UefiDevicePathLib/UefiDevicePathLib/OUTPUT/UefiDevicePathLib.lib(DevicePathFromText.obj)
                0x0000000000006bf4                DevPathFromTextMsg
 .text.DevPathFromTextAta
                0x0000000000006c14      0x124 /home/osboxes/fix_rttee_text/RT-TEE/edk2/Build/ArmVirtQemuKernel-AARCH64/DEBUG_GCC49/AARCH64/MdePkg/Library/UefiDevicePathLib/UefiDevicePathLib/OUTPUT/UefiDevicePathLib.lib(DevicePathFromText.obj)
                0x0000000000006c14                DevPathFromTextAta
 .text.DevPathFromTextScsi
                0x0000000000006d38       0x6c /home/osboxes/fix_rttee_text/RT-TEE/edk2/Build/ArmVirtQemuKernel-AARCH64/DEBUG_GCC49/AARCH64/MdePkg/Library/UefiDevicePathLib/UefiDevicePathLib/OUTPUT/UefiDevicePathLib.lib(DevicePathFromText.obj)
                0x0000000000006d38                DevPathFromTextScsi
 .text.DevPathFromTextFibre
                0x0000000000006da4       0x74 /home/osboxes/fix_rttee_text/RT-TEE/edk2/Build/ArmVirtQemuKernel-AARCH64/DEBUG_GCC49/AARCH64/MdePkg/Library/UefiDevicePathLib/UefiDevicePathLib/OUTPUT/UefiDevicePathLib.lib(DevicePathFromText.obj)
                0x0000000000006da4                DevPathFromTextFibre
 .text.DevPathFromTextFibreEx
                0x0000000000006e18       0xbc /home/osboxes/fix_rttee_text/RT-TEE/edk2/Build/ArmVirtQemuKernel-AARCH64/DEBUG_GCC49/AARCH64/MdePkg/Library/UefiDevicePathLib/UefiDevicePathLib/OUTPUT/UefiDevicePathLib.lib(DevicePathFromText.obj)
                0x0000000000006e18                DevPathFromTextFibreEx
 .text.DevPathFromText1394
                0x0000000000006ed4       0x54 /home/osboxes/fix_rttee_text/RT-TEE/edk2/Build/ArmVirtQemuKernel-AARCH64/DEBUG_GCC49/AARCH64/MdePkg/Library/UefiDevicePathLib/UefiDevicePathLib/OUTPUT/UefiDevicePathLib.lib(DevicePathFromText.obj)
                0x0000000000006ed4                DevPathFromText1394
 .text.DevPathFromTextUsb
                0x0000000000006f28       0x6c /home/osboxes/fix_rttee_text/RT-TEE/edk2/Build/ArmVirtQemuKernel-AARCH64/DEBUG_GCC49/AARCH64/MdePkg/Library/UefiDevicePathLib/UefiDevicePathLib/OUTPUT/UefiDevicePathLib.lib(DevicePathFromText.obj)
                0x0000000000006f28                DevPathFromTextUsb
 .text.DevPathFromTextI2O
                0x0000000000006f94       0x4c /home/osboxes/fix_rttee_text/RT-TEE/edk2/Build/ArmVirtQemuKernel-AARCH64/DEBUG_GCC49/AARCH64/MdePkg/Library/UefiDevicePathLib/UefiDevicePathLib/OUTPUT/UefiDevicePathLib.lib(DevicePathFromText.obj)
                0x0000000000006f94                DevPathFromTextI2O
 .text.DevPathFromTextInfiniband
                0x0000000000006fe0       0xcc /home/osboxes/fix_rttee_text/RT-TEE/edk2/Build/ArmVirtQemuKernel-AARCH64/DEBUG_GCC49/AARCH64/MdePkg/Library/UefiDevicePathLib/UefiDevicePathLib/OUTPUT/UefiDevicePathLib.lib(DevicePathFromText.obj)
                0x0000000000006fe0                DevPathFromTextInfiniband
 .text.DevPathFromTextVenMsg
                0x00000000000070ac       0x24 /home/osboxes/fix_rttee_text/RT-TEE/edk2/Build/ArmVirtQemuKernel-AARCH64/DEBUG_GCC49/AARCH64/MdePkg/Library/UefiDevicePathLib/UefiDevicePathLib/OUTPUT/UefiDevicePathLib.lib(DevicePathFromText.obj)
                0x00000000000070ac                DevPathFromTextVenMsg
 .text.DevPathFromTextVenPcAnsi
                0x00000000000070d0       0x44 /home/osboxes/fix_rttee_text/RT-TEE/edk2/Build/ArmVirtQemuKernel-AARCH64/DEBUG_GCC49/AARCH64/MdePkg/Library/UefiDevicePathLib/UefiDevicePathLib/OUTPUT/UefiDevicePathLib.lib(DevicePathFromText.obj)
                0x00000000000070d0                DevPathFromTextVenPcAnsi
 .text.DevPathFromTextVenVt100
                0x0000000000007114       0x44 /home/osboxes/fix_rttee_text/RT-TEE/edk2/Build/ArmVirtQemuKernel-AARCH64/DEBUG_GCC49/AARCH64/MdePkg/Library/UefiDevicePathLib/UefiDevicePathLib/OUTPUT/UefiDevicePathLib.lib(DevicePathFromText.obj)
                0x0000000000007114                DevPathFromTextVenVt100
 .text.DevPathFromTextVenVt100Plus
                0x0000000000007158       0x44 /home/osboxes/fix_rttee_text/RT-TEE/edk2/Build/ArmVirtQemuKernel-AARCH64/DEBUG_GCC49/AARCH64/MdePkg/Library/UefiDevicePathLib/UefiDevicePathLib/OUTPUT/UefiDevicePathLib.lib(DevicePathFromText.obj)
                0x0000000000007158                DevPathFromTextVenVt100Plus
 .text.DevPathFromTextVenUtf8
                0x000000000000719c       0x44 /home/osboxes/fix_rttee_text/RT-TEE/edk2/Build/ArmVirtQemuKernel-AARCH64/DEBUG_GCC49/AARCH64/MdePkg/Library/UefiDevicePathLib/UefiDevicePathLib/OUTPUT/UefiDevicePathLib.lib(DevicePathFromText.obj)
                0x000000000000719c                DevPathFromTextVenUtf8
 .text.DevPathFromTextUartFlowCtrl
                0x00000000000071e0       0xa8 /home/osboxes/fix_rttee_text/RT-TEE/edk2/Build/ArmVirtQemuKernel-AARCH64/DEBUG_GCC49/AARCH64/MdePkg/Library/UefiDevicePathLib/UefiDevicePathLib/OUTPUT/UefiDevicePathLib.lib(DevicePathFromText.obj)
                0x00000000000071e0                DevPathFromTextUartFlowCtrl
 .text.DevPathFromTextSAS
                0x0000000000007288      0x2ac /home/osboxes/fix_rttee_text/RT-TEE/edk2/Build/ArmVirtQemuKernel-AARCH64/DEBUG_GCC49/AARCH64/MdePkg/Library/UefiDevicePathLib/UefiDevicePathLib/OUTPUT/UefiDevicePathLib.lib(DevicePathFromText.obj)
                0x0000000000007288                DevPathFromTextSAS
 .text.DevPathFromTextSasEx
                0x0000000000007534      0x2ac /home/osboxes/fix_rttee_text/RT-TEE/edk2/Build/ArmVirtQemuKernel-AARCH64/DEBUG_GCC49/AARCH64/MdePkg/Library/UefiDevicePathLib/UefiDevicePathLib/OUTPUT/UefiDevicePathLib.lib(DevicePathFromText.obj)
                0x0000000000007534                DevPathFromTextSasEx
 .text.DevPathFromTextNVMe
                0x00000000000077e0       0xac /home/osboxes/fix_rttee_text/RT-TEE/edk2/Build/ArmVirtQemuKernel-AARCH64/DEBUG_GCC49/AARCH64/MdePkg/Library/UefiDevicePathLib/UefiDevicePathLib/OUTPUT/UefiDevicePathLib.lib(DevicePathFromText.obj)
                0x00000000000077e0                DevPathFromTextNVMe
 .text.DevPathFromTextUfs
                0x000000000000788c       0x6c /home/osboxes/fix_rttee_text/RT-TEE/edk2/Build/ArmVirtQemuKernel-AARCH64/DEBUG_GCC49/AARCH64/MdePkg/Library/UefiDevicePathLib/UefiDevicePathLib/OUTPUT/UefiDevicePathLib.lib(DevicePathFromText.obj)
                0x000000000000788c                DevPathFromTextUfs
 .text.DevPathFromTextSd
                0x00000000000078f8       0x4c /home/osboxes/fix_rttee_text/RT-TEE/edk2/Build/ArmVirtQemuKernel-AARCH64/DEBUG_GCC49/AARCH64/MdePkg/Library/UefiDevicePathLib/UefiDevicePathLib/OUTPUT/UefiDevicePathLib.lib(DevicePathFromText.obj)
                0x00000000000078f8                DevPathFromTextSd
 .text.DevPathFromTextEmmc
                0x0000000000007944       0x4c /home/osboxes/fix_rttee_text/RT-TEE/edk2/Build/ArmVirtQemuKernel-AARCH64/DEBUG_GCC49/AARCH64/MdePkg/Library/UefiDevicePathLib/UefiDevicePathLib/OUTPUT/UefiDevicePathLib.lib(DevicePathFromText.obj)
                0x0000000000007944                DevPathFromTextEmmc
 .text.DevPathFromTextDebugPort
                0x0000000000007990       0x44 /home/osboxes/fix_rttee_text/RT-TEE/edk2/Build/ArmVirtQemuKernel-AARCH64/DEBUG_GCC49/AARCH64/MdePkg/Library/UefiDevicePathLib/UefiDevicePathLib/OUTPUT/UefiDevicePathLib.lib(DevicePathFromText.obj)
                0x0000000000007990                DevPathFromTextDebugPort
 .text.DevPathFromTextMAC
                0x00000000000079d4       0xa8 /home/osboxes/fix_rttee_text/RT-TEE/edk2/Build/ArmVirtQemuKernel-AARCH64/DEBUG_GCC49/AARCH64/MdePkg/Library/UefiDevicePathLib/UefiDevicePathLib/OUTPUT/UefiDevicePathLib.lib(DevicePathFromText.obj)
                0x00000000000079d4                DevPathFromTextMAC
 .text.NetworkProtocolFromText
                0x0000000000007a7c       0x5c /home/osboxes/fix_rttee_text/RT-TEE/edk2/Build/ArmVirtQemuKernel-AARCH64/DEBUG_GCC49/AARCH64/MdePkg/Library/UefiDevicePathLib/UefiDevicePathLib/OUTPUT/UefiDevicePathLib.lib(DevicePathFromText.obj)
                0x0000000000007a7c                NetworkProtocolFromText
 .text.DevPathFromTextIPv4
                0x0000000000007ad8      0x17c /home/osboxes/fix_rttee_text/RT-TEE/edk2/Build/ArmVirtQemuKernel-AARCH64/DEBUG_GCC49/AARCH64/MdePkg/Library/UefiDevicePathLib/UefiDevicePathLib/OUTPUT/UefiDevicePathLib.lib(DevicePathFromText.obj)
                0x0000000000007ad8                DevPathFromTextIPv4
 .text.DevPathFromTextIPv6
                0x0000000000007c54      0x194 /home/osboxes/fix_rttee_text/RT-TEE/edk2/Build/ArmVirtQemuKernel-AARCH64/DEBUG_GCC49/AARCH64/MdePkg/Library/UefiDevicePathLib/UefiDevicePathLib/OUTPUT/UefiDevicePathLib.lib(DevicePathFromText.obj)
                0x0000000000007c54                DevPathFromTextIPv6
 .text.DevPathFromTextUart
                0x0000000000007de8      0x23c /home/osboxes/fix_rttee_text/RT-TEE/edk2/Build/ArmVirtQemuKernel-AARCH64/DEBUG_GCC49/AARCH64/MdePkg/Library/UefiDevicePathLib/UefiDevicePathLib/OUTPUT/UefiDevicePathLib.lib(DevicePathFromText.obj)
                0x0000000000007de8                DevPathFromTextUart
 .text.ConvertFromTextUsbClass
                0x0000000000008024      0x118 /home/osboxes/fix_rttee_text/RT-TEE/edk2/Build/ArmVirtQemuKernel-AARCH64/DEBUG_GCC49/AARCH64/MdePkg/Library/UefiDevicePathLib/UefiDevicePathLib/OUTPUT/UefiDevicePathLib.lib(DevicePathFromText.obj)
                0x0000000000008024                ConvertFromTextUsbClass
 .text.DevPathFromTextUsbClass
                0x000000000000813c       0x34 /home/osboxes/fix_rttee_text/RT-TEE/edk2/Build/ArmVirtQemuKernel-AARCH64/DEBUG_GCC49/AARCH64/MdePkg/Library/UefiDevicePathLib/UefiDevicePathLib/OUTPUT/UefiDevicePathLib.lib(DevicePathFromText.obj)
                0x000000000000813c                DevPathFromTextUsbClass
 .text.DevPathFromTextUsbAudio
                0x0000000000008170       0x38 /home/osboxes/fix_rttee_text/RT-TEE/edk2/Build/ArmVirtQemuKernel-AARCH64/DEBUG_GCC49/AARCH64/MdePkg/Library/UefiDevicePathLib/UefiDevicePathLib/OUTPUT/UefiDevicePathLib.lib(DevicePathFromText.obj)
                0x0000000000008170                DevPathFromTextUsbAudio
 .text.DevPathFromTextUsbCDCControl
                0x00000000000081a8       0x38 /home/osboxes/fix_rttee_text/RT-TEE/edk2/Build/ArmVirtQemuKernel-AARCH64/DEBUG_GCC49/AARCH64/MdePkg/Library/UefiDevicePathLib/UefiDevicePathLib/OUTPUT/UefiDevicePathLib.lib(DevicePathFromText.obj)
                0x00000000000081a8                DevPathFromTextUsbCDCControl
 .text.DevPathFromTextUsbHID
                0x00000000000081e0       0x38 /home/osboxes/fix_rttee_text/RT-TEE/edk2/Build/ArmVirtQemuKernel-AARCH64/DEBUG_GCC49/AARCH64/MdePkg/Library/UefiDevicePathLib/UefiDevicePathLib/OUTPUT/UefiDevicePathLib.lib(DevicePathFromText.obj)
                0x00000000000081e0                DevPathFromTextUsbHID
 .text.DevPathFromTextUsbImage
                0x0000000000008218       0x38 /home/osboxes/fix_rttee_text/RT-TEE/edk2/Build/ArmVirtQemuKernel-AARCH64/DEBUG_GCC49/AARCH64/MdePkg/Library/UefiDevicePathLib/UefiDevicePathLib/OUTPUT/UefiDevicePathLib.lib(DevicePathFromText.obj)
                0x0000000000008218                DevPathFromTextUsbImage
 .text.DevPathFromTextUsbPrinter
                0x0000000000008250       0x38 /home/osboxes/fix_rttee_text/RT-TEE/edk2/Build/ArmVirtQemuKernel-AARCH64/DEBUG_GCC49/AARCH64/MdePkg/Library/UefiDevicePathLib/UefiDevicePathLib/OUTPUT/UefiDevicePathLib.lib(DevicePathFromText.obj)
                0x0000000000008250                DevPathFromTextUsbPrinter
 .text.DevPathFromTextUsbMassStorage
                0x0000000000008288       0x38 /home/osboxes/fix_rttee_text/RT-TEE/edk2/Build/ArmVirtQemuKernel-AARCH64/DEBUG_GCC49/AARCH64/MdePkg/Library/UefiDevicePathLib/UefiDevicePathLib/OUTPUT/UefiDevicePathLib.lib(DevicePathFromText.obj)
                0x0000000000008288                DevPathFromTextUsbMassStorage
 .text.DevPathFromTextUsbHub
                0x00000000000082c0       0x38 /home/osboxes/fix_rttee_text/RT-TEE/edk2/Build/ArmVirtQemuKernel-AARCH64/DEBUG_GCC49/AARCH64/MdePkg/Library/UefiDevicePathLib/UefiDevicePathLib/OUTPUT/UefiDevicePathLib.lib(DevicePathFromText.obj)
                0x00000000000082c0                DevPathFromTextUsbHub
 .text.DevPathFromTextUsbCDCData
                0x00000000000082f8       0x38 /home/osboxes/fix_rttee_text/RT-TEE/edk2/Build/ArmVirtQemuKernel-AARCH64/DEBUG_GCC49/AARCH64/MdePkg/Library/UefiDevicePathLib/UefiDevicePathLib/OUTPUT/UefiDevicePathLib.lib(DevicePathFromText.obj)
                0x00000000000082f8                DevPathFromTextUsbCDCData
 .text.DevPathFromTextUsbSmartCard
                0x0000000000008330       0x38 /home/osboxes/fix_rttee_text/RT-TEE/edk2/Build/ArmVirtQemuKernel-AARCH64/DEBUG_GCC49/AARCH64/MdePkg/Library/UefiDevicePathLib/UefiDevicePathLib/OUTPUT/UefiDevicePathLib.lib(DevicePathFromText.obj)
                0x0000000000008330                DevPathFromTextUsbSmartCard
 .text.DevPathFromTextUsbVideo
                0x0000000000008368       0x38 /home/osboxes/fix_rttee_text/RT-TEE/edk2/Build/ArmVirtQemuKernel-AARCH64/DEBUG_GCC49/AARCH64/MdePkg/Library/UefiDevicePathLib/UefiDevicePathLib/OUTPUT/UefiDevicePathLib.lib(DevicePathFromText.obj)
                0x0000000000008368                DevPathFromTextUsbVideo
 .text.DevPathFromTextUsbDiagnostic
                0x00000000000083a0       0x38 /home/osboxes/fix_rttee_text/RT-TEE/edk2/Build/ArmVirtQemuKernel-AARCH64/DEBUG_GCC49/AARCH64/MdePkg/Library/UefiDevicePathLib/UefiDevicePathLib/OUTPUT/UefiDevicePathLib.lib(DevicePathFromText.obj)
                0x00000000000083a0                DevPathFromTextUsbDiagnostic
 .text.DevPathFromTextUsbWireless
                0x00000000000083d8       0x38 /home/osboxes/fix_rttee_text/RT-TEE/edk2/Build/ArmVirtQemuKernel-AARCH64/DEBUG_GCC49/AARCH64/MdePkg/Library/UefiDevicePathLib/UefiDevicePathLib/OUTPUT/UefiDevicePathLib.lib(DevicePathFromText.obj)
                0x00000000000083d8                DevPathFromTextUsbWireless
 .text.DevPathFromTextUsbDeviceFirmwareUpdate
                0x0000000000008410       0x3c /home/osboxes/fix_rttee_text/RT-TEE/edk2/Build/ArmVirtQemuKernel-AARCH64/DEBUG_GCC49/AARCH64/MdePkg/Library/UefiDevicePathLib/UefiDevicePathLib/OUTPUT/UefiDevicePathLib.lib(DevicePathFromText.obj)
                0x0000000000008410                DevPathFromTextUsbDeviceFirmwareUpdate
 .text.DevPathFromTextUsbIrdaBridge
                0x000000000000844c       0x3c /home/osboxes/fix_rttee_text/RT-TEE/edk2/Build/ArmVirtQemuKernel-AARCH64/DEBUG_GCC49/AARCH64/MdePkg/Library/UefiDevicePathLib/UefiDevicePathLib/OUTPUT/UefiDevicePathLib.lib(DevicePathFromText.obj)
                0x000000000000844c                DevPathFromTextUsbIrdaBridge
 .text.DevPathFromTextUsbTestAndMeasurement
                0x0000000000008488       0x3c /home/osboxes/fix_rttee_text/RT-TEE/edk2/Build/ArmVirtQemuKernel-AARCH64/DEBUG_GCC49/AARCH64/MdePkg/Library/UefiDevicePathLib/UefiDevicePathLib/OUTPUT/UefiDevicePathLib.lib(DevicePathFromText.obj)
                0x0000000000008488                DevPathFromTextUsbTestAndMeasurement
 .text.DevPathFromTextUsbWwid
                0x00000000000084c4      0x148 /home/osboxes/fix_rttee_text/RT-TEE/edk2/Build/ArmVirtQemuKernel-AARCH64/DEBUG_GCC49/AARCH64/MdePkg/Library/UefiDevicePathLib/UefiDevicePathLib/OUTPUT/UefiDevicePathLib.lib(DevicePathFromText.obj)
                0x00000000000084c4                DevPathFromTextUsbWwid
 .text.DevPathFromTextUnit
                0x000000000000860c       0x4c /home/osboxes/fix_rttee_text/RT-TEE/edk2/Build/ArmVirtQemuKernel-AARCH64/DEBUG_GCC49/AARCH64/MdePkg/Library/UefiDevicePathLib/UefiDevicePathLib/OUTPUT/UefiDevicePathLib.lib(DevicePathFromText.obj)
                0x000000000000860c                DevPathFromTextUnit
 .text.DevPathFromTextiSCSI
                0x0000000000008658      0x1d8 /home/osboxes/fix_rttee_text/RT-TEE/edk2/Build/ArmVirtQemuKernel-AARCH64/DEBUG_GCC49/AARCH64/MdePkg/Library/UefiDevicePathLib/UefiDevicePathLib/OUTPUT/UefiDevicePathLib.lib(DevicePathFromText.obj)
                0x0000000000008658                DevPathFromTextiSCSI
 .text.DevPathFromTextVlan
                0x0000000000008830       0x4c /home/osboxes/fix_rttee_text/RT-TEE/edk2/Build/ArmVirtQemuKernel-AARCH64/DEBUG_GCC49/AARCH64/MdePkg/Library/UefiDevicePathLib/UefiDevicePathLib/OUTPUT/UefiDevicePathLib.lib(DevicePathFromText.obj)
                0x0000000000008830                DevPathFromTextVlan
 .text.DevPathFromTextBluetooth
                0x000000000000887c       0x54 /home/osboxes/fix_rttee_text/RT-TEE/edk2/Build/ArmVirtQemuKernel-AARCH64/DEBUG_GCC49/AARCH64/MdePkg/Library/UefiDevicePathLib/UefiDevicePathLib/OUTPUT/UefiDevicePathLib.lib(DevicePathFromText.obj)
                0x000000000000887c                DevPathFromTextBluetooth
 .text.DevPathFromTextWiFi
                0x00000000000088d0       0x9c /home/osboxes/fix_rttee_text/RT-TEE/edk2/Build/ArmVirtQemuKernel-AARCH64/DEBUG_GCC49/AARCH64/MdePkg/Library/UefiDevicePathLib/UefiDevicePathLib/OUTPUT/UefiDevicePathLib.lib(DevicePathFromText.obj)
                0x00000000000088d0                DevPathFromTextWiFi
 .text.DevPathFromTextBluetoothLE
                0x000000000000896c       0x74 /home/osboxes/fix_rttee_text/RT-TEE/edk2/Build/ArmVirtQemuKernel-AARCH64/DEBUG_GCC49/AARCH64/MdePkg/Library/UefiDevicePathLib/UefiDevicePathLib/OUTPUT/UefiDevicePathLib.lib(DevicePathFromText.obj)
                0x000000000000896c                DevPathFromTextBluetoothLE
 .text.DevPathFromTextDns
                0x00000000000089e0      0x1d0 /home/osboxes/fix_rttee_text/RT-TEE/edk2/Build/ArmVirtQemuKernel-AARCH64/DEBUG_GCC49/AARCH64/MdePkg/Library/UefiDevicePathLib/UefiDevicePathLib/OUTPUT/UefiDevicePathLib.lib(DevicePathFromText.obj)
                0x00000000000089e0                DevPathFromTextDns
 .text.DevPathFromTextUri
                0x0000000000008bb0       0x9c /home/osboxes/fix_rttee_text/RT-TEE/edk2/Build/ArmVirtQemuKernel-AARCH64/DEBUG_GCC49/AARCH64/MdePkg/Library/UefiDevicePathLib/UefiDevicePathLib/OUTPUT/UefiDevicePathLib.lib(DevicePathFromText.obj)
                0x0000000000008bb0                DevPathFromTextUri
 .text.DevPathFromTextMediaPath
                0x0000000000008c4c       0x20 /home/osboxes/fix_rttee_text/RT-TEE/edk2/Build/ArmVirtQemuKernel-AARCH64/DEBUG_GCC49/AARCH64/MdePkg/Library/UefiDevicePathLib/UefiDevicePathLib/OUTPUT/UefiDevicePathLib.lib(DevicePathFromText.obj)
                0x0000000000008c4c                DevPathFromTextMediaPath
 .text.DevPathFromTextHD
                0x0000000000008c6c      0x16c /home/osboxes/fix_rttee_text/RT-TEE/edk2/Build/ArmVirtQemuKernel-AARCH64/DEBUG_GCC49/AARCH64/MdePkg/Library/UefiDevicePathLib/UefiDevicePathLib/OUTPUT/UefiDevicePathLib.lib(DevicePathFromText.obj)
                0x0000000000008c6c                DevPathFromTextHD
 .text.DevPathFromTextCDROM
                0x0000000000008dd8       0x8c /home/osboxes/fix_rttee_text/RT-TEE/edk2/Build/ArmVirtQemuKernel-AARCH64/DEBUG_GCC49/AARCH64/MdePkg/Library/UefiDevicePathLib/UefiDevicePathLib/OUTPUT/UefiDevicePathLib.lib(DevicePathFromText.obj)
                0x0000000000008dd8                DevPathFromTextCDROM
 .text.DevPathFromTextVenMedia
                0x0000000000008e64       0x24 /home/osboxes/fix_rttee_text/RT-TEE/edk2/Build/ArmVirtQemuKernel-AARCH64/DEBUG_GCC49/AARCH64/MdePkg/Library/UefiDevicePathLib/UefiDevicePathLib/OUTPUT/UefiDevicePathLib.lib(DevicePathFromText.obj)
                0x0000000000008e64                DevPathFromTextVenMedia
 .text.DevPathFromTextFilePath
                0x0000000000008e88       0x74 /home/osboxes/fix_rttee_text/RT-TEE/edk2/Build/ArmVirtQemuKernel-AARCH64/DEBUG_GCC49/AARCH64/MdePkg/Library/UefiDevicePathLib/UefiDevicePathLib/OUTPUT/UefiDevicePathLib.lib(DevicePathFromText.obj)
                0x0000000000008e88                DevPathFromTextFilePath
 .text.DevPathFromTextMedia
                0x0000000000008efc       0x4c /home/osboxes/fix_rttee_text/RT-TEE/edk2/Build/ArmVirtQemuKernel-AARCH64/DEBUG_GCC49/AARCH64/MdePkg/Library/UefiDevicePathLib/UefiDevicePathLib/OUTPUT/UefiDevicePathLib.lib(DevicePathFromText.obj)
                0x0000000000008efc                DevPathFromTextMedia
 .text.DevPathFromTextFv
                0x0000000000008f48       0x4c /home/osboxes/fix_rttee_text/RT-TEE/edk2/Build/ArmVirtQemuKernel-AARCH64/DEBUG_GCC49/AARCH64/MdePkg/Library/UefiDevicePathLib/UefiDevicePathLib/OUTPUT/UefiDevicePathLib.lib(DevicePathFromText.obj)
                0x0000000000008f48                DevPathFromTextFv
 .text.DevPathFromTextFvFile
                0x0000000000008f94       0x4c /home/osboxes/fix_rttee_text/RT-TEE/edk2/Build/ArmVirtQemuKernel-AARCH64/DEBUG_GCC49/AARCH64/MdePkg/Library/UefiDevicePathLib/UefiDevicePathLib/OUTPUT/UefiDevicePathLib.lib(DevicePathFromText.obj)
                0x0000000000008f94                DevPathFromTextFvFile
 .text.DevPathFromTextRelativeOffsetRange
                0x0000000000008fe0       0x6c /home/osboxes/fix_rttee_text/RT-TEE/edk2/Build/ArmVirtQemuKernel-AARCH64/DEBUG_GCC49/AARCH64/MdePkg/Library/UefiDevicePathLib/UefiDevicePathLib/OUTPUT/UefiDevicePathLib.lib(DevicePathFromText.obj)
                0x0000000000008fe0                DevPathFromTextRelativeOffsetRange
 .text.DevPathFromTextRamDisk
                0x000000000000904c       0xc4 /home/osboxes/fix_rttee_text/RT-TEE/edk2/Build/ArmVirtQemuKernel-AARCH64/DEBUG_GCC49/AARCH64/MdePkg/Library/UefiDevicePathLib/UefiDevicePathLib/OUTPUT/UefiDevicePathLib.lib(DevicePathFromText.obj)
                0x000000000000904c                DevPathFromTextRamDisk
 .text.DevPathFromTextVirtualDisk
                0x0000000000009110       0xbc /home/osboxes/fix_rttee_text/RT-TEE/edk2/Build/ArmVirtQemuKernel-AARCH64/DEBUG_GCC49/AARCH64/MdePkg/Library/UefiDevicePathLib/UefiDevicePathLib/OUTPUT/UefiDevicePathLib.lib(DevicePathFromText.obj)
                0x0000000000009110                DevPathFromTextVirtualDisk
 .text.DevPathFromTextVirtualCd
                0x00000000000091cc       0xbc /home/osboxes/fix_rttee_text/RT-TEE/edk2/Build/ArmVirtQemuKernel-AARCH64/DEBUG_GCC49/AARCH64/MdePkg/Library/UefiDevicePathLib/UefiDevicePathLib/OUTPUT/UefiDevicePathLib.lib(DevicePathFromText.obj)
                0x00000000000091cc                DevPathFromTextVirtualCd
 .text.DevPathFromTextPersistentVirtualDisk
                0x0000000000009288       0xbc /home/osboxes/fix_rttee_text/RT-TEE/edk2/Build/ArmVirtQemuKernel-AARCH64/DEBUG_GCC49/AARCH64/MdePkg/Library/UefiDevicePathLib/UefiDevicePathLib/OUTPUT/UefiDevicePathLib.lib(DevicePathFromText.obj)
                0x0000000000009288                DevPathFromTextPersistentVirtualDisk
 .text.DevPathFromTextPersistentVirtualCd
                0x0000000000009344       0xbc /home/osboxes/fix_rttee_text/RT-TEE/edk2/Build/ArmVirtQemuKernel-AARCH64/DEBUG_GCC49/AARCH64/MdePkg/Library/UefiDevicePathLib/UefiDevicePathLib/OUTPUT/UefiDevicePathLib.lib(DevicePathFromText.obj)
                0x0000000000009344                DevPathFromTextPersistentVirtualCd
 .text.DevPathFromTextBbsPath
                0x0000000000009400       0x20 /home/osboxes/fix_rttee_text/RT-TEE/edk2/Build/ArmVirtQemuKernel-AARCH64/DEBUG_GCC49/AARCH64/MdePkg/Library/UefiDevicePathLib/UefiDevicePathLib/OUTPUT/UefiDevicePathLib.lib(DevicePathFromText.obj)
                0x0000000000009400                DevPathFromTextBbsPath
 .text.DevPathFromTextBBS
                0x0000000000009420      0x198 /home/osboxes/fix_rttee_text/RT-TEE/edk2/Build/ArmVirtQemuKernel-AARCH64/DEBUG_GCC49/AARCH64/MdePkg/Library/UefiDevicePathLib/UefiDevicePathLib/OUTPUT/UefiDevicePathLib.lib(DevicePathFromText.obj)
                0x0000000000009420                DevPathFromTextBBS
 .text.DevPathFromTextSata
                0x00000000000095b8       0x8c /home/osboxes/fix_rttee_text/RT-TEE/edk2/Build/ArmVirtQemuKernel-AARCH64/DEBUG_GCC49/AARCH64/MdePkg/Library/UefiDevicePathLib/UefiDevicePathLib/OUTPUT/UefiDevicePathLib.lib(DevicePathFromText.obj)
                0x00000000000095b8                DevPathFromTextSata
 .text.UefiDevicePathLibConvertTextToDeviceNode
                0x0000000000009644      0x158 /home/osboxes/fix_rttee_text/RT-TEE/edk2/Build/ArmVirtQemuKernel-AARCH64/DEBUG_GCC49/AARCH64/MdePkg/Library/UefiDevicePathLib/UefiDevicePathLib/OUTPUT/UefiDevicePathLib.lib(DevicePathFromText.obj)
                0x0000000000009644                UefiDevicePathLibConvertTextToDeviceNode
 .text.UefiDevicePathLibConvertTextToDevicePath
                0x000000000000979c      0x17c /home/osboxes/fix_rttee_text/RT-TEE/edk2/Build/ArmVirtQemuKernel-AARCH64/DEBUG_GCC49/AARCH64/MdePkg/Library/UefiDevicePathLib/UefiDevicePathLib/OUTPUT/UefiDevicePathLib.lib(DevicePathFromText.obj)
                0x000000000000979c                UefiDevicePathLibConvertTextToDevicePath
 .text.CopyGuid
                0x0000000000009918       0x90 /home/osboxes/fix_rttee_text/RT-TEE/edk2/Build/ArmVirtQemuKernel-AARCH64/DEBUG_GCC49/AARCH64/MdePkg/Library/BaseMemoryLibOptDxe/BaseMemoryLibOptDxe/OUTPUT/BaseMemoryLibOptDxe.lib(MemLibGuid.obj)
                0x0000000000009918                CopyGuid
 .text.CompareGuid
                0x00000000000099a8       0x90 /home/osboxes/fix_rttee_text/RT-TEE/edk2/Build/ArmVirtQemuKernel-AARCH64/DEBUG_GCC49/AARCH64/MdePkg/Library/BaseMemoryLibOptDxe/BaseMemoryLibOptDxe/OUTPUT/BaseMemoryLibOptDxe.lib(MemLibGuid.obj)
                0x00000000000099a8                CompareGuid
 .text.ZeroMem  0x0000000000009a38       0xa8 /home/osboxes/fix_rttee_text/RT-TEE/edk2/Build/ArmVirtQemuKernel-AARCH64/DEBUG_GCC49/AARCH64/MdePkg/Library/BaseMemoryLibOptDxe/BaseMemoryLibOptDxe/OUTPUT/BaseMemoryLibOptDxe.lib(ZeroMemWrapper.obj)
                0x0000000000009a38                ZeroMem
 .text.CopyMem  0x0000000000009ae0       0xd8 /home/osboxes/fix_rttee_text/RT-TEE/edk2/Build/ArmVirtQemuKernel-AARCH64/DEBUG_GCC49/AARCH64/MdePkg/Library/BaseMemoryLibOptDxe/BaseMemoryLibOptDxe/OUTPUT/BaseMemoryLibOptDxe.lib(CopyMemWrapper.obj)
                0x0000000000009ae0                CopyMem
 *fill*         0x0000000000009bb8        0x8 
 .text          0x0000000000009bc0      0x200 /home/osboxes/fix_rttee_text/RT-TEE/edk2/Build/ArmVirtQemuKernel-AARCH64/DEBUG_GCC49/AARCH64/MdePkg/Library/BaseMemoryLibOptDxe/BaseMemoryLibOptDxe/OUTPUT/BaseMemoryLibOptDxe.lib(SetMem.obj)
                0x0000000000009bc0                InternalMemSetMem16
                0x0000000000009bcc                InternalMemSetMem32
                0x0000000000009bd8                InternalMemSetMem64
                0x0000000000009be4                InternalMemZeroMem
                0x0000000000009bec                InternalMemSetMem
 .text          0x0000000000009dc0      0x218 /home/osboxes/fix_rttee_text/RT-TEE/edk2/Build/ArmVirtQemuKernel-AARCH64/DEBUG_GCC49/AARCH64/MdePkg/Library/BaseMemoryLibOptDxe/BaseMemoryLibOptDxe/OUTPUT/BaseMemoryLibOptDxe.lib(CopyMem.obj)
                0x0000000000009f2c                InternalMemCopyMem
 *fill*         0x0000000000009fd8        0x8 
 .text          0x0000000000009fe0       0x20 /home/osboxes/fix_rttee_text/RT-TEE/edk2/Build/ArmVirtQemuKernel-AARCH64/DEBUG_GCC49/AARCH64/MdePkg/Library/BaseMemoryLibOptDxe/BaseMemoryLibOptDxe/OUTPUT/BaseMemoryLibOptDxe.lib(CompareGuid.obj)
                0x0000000000009fe0                InternalMemCompareGuid
 .text.SwapBytes64
                0x000000000000a000       0x1c /home/osboxes/fix_rttee_text/RT-TEE/edk2/Build/ArmVirtQemuKernel-AARCH64/DEBUG_GCC49/AARCH64/MdePkg/Library/BaseLib/BaseLib/OUTPUT/BaseLib.lib(SwapBytes64.obj)
                0x000000000000a000                SwapBytes64
 .text.LShiftU64
                0x000000000000a01c       0x58 /home/osboxes/fix_rttee_text/RT-TEE/edk2/Build/ArmVirtQemuKernel-AARCH64/DEBUG_GCC49/AARCH64/MdePkg/Library/BaseLib/BaseLib/OUTPUT/BaseLib.lib(LShiftU64.obj)
                0x000000000000a01c                LShiftU64
 .text.CpuDeadLoop
                0x000000000000a074       0x24 /home/osboxes/fix_rttee_text/RT-TEE/edk2/Build/ArmVirtQemuKernel-AARCH64/DEBUG_GCC49/AARCH64/MdePkg/Library/BaseLib/BaseLib/OUTPUT/BaseLib.lib(CpuDeadLoop.obj)
                0x000000000000a074                CpuDeadLoop
 .text.InternalSafeStringIsOverlap
                0x000000000000a098       0x78 /home/osboxes/fix_rttee_text/RT-TEE/edk2/Build/ArmVirtQemuKernel-AARCH64/DEBUG_GCC49/AARCH64/MdePkg/Library/BaseLib/BaseLib/OUTPUT/BaseLib.lib(SafeString.obj)
                0x000000000000a098                InternalSafeStringIsOverlap
 .text.InternalSafeStringNoStrOverlap
                0x000000000000a110       0x50 /home/osboxes/fix_rttee_text/RT-TEE/edk2/Build/ArmVirtQemuKernel-AARCH64/DEBUG_GCC49/AARCH64/MdePkg/Library/BaseLib/BaseLib/OUTPUT/BaseLib.lib(SafeString.obj)
                0x000000000000a110                InternalSafeStringNoStrOverlap
 .text.StrnLenS
                0x000000000000a160       0xc0 /home/osboxes/fix_rttee_text/RT-TEE/edk2/Build/ArmVirtQemuKernel-AARCH64/DEBUG_GCC49/AARCH64/MdePkg/Library/BaseLib/BaseLib/OUTPUT/BaseLib.lib(SafeString.obj)
                0x000000000000a160                StrnLenS
 .text.StrCpyS  0x000000000000a220      0x310 /home/osboxes/fix_rttee_text/RT-TEE/edk2/Build/ArmVirtQemuKernel-AARCH64/DEBUG_GCC49/AARCH64/MdePkg/Library/BaseLib/BaseLib/OUTPUT/BaseLib.lib(SafeString.obj)
                0x000000000000a220                StrCpyS
 .text.StrDecimalToUintnS
                0x000000000000a530      0x2f8 /home/osboxes/fix_rttee_text/RT-TEE/edk2/Build/ArmVirtQemuKernel-AARCH64/DEBUG_GCC49/AARCH64/MdePkg/Library/BaseLib/BaseLib/OUTPUT/BaseLib.lib(SafeString.obj)
                0x000000000000a530                StrDecimalToUintnS
 .text.StrDecimalToUint64S
                0x000000000000a828      0x2f0 /home/osboxes/fix_rttee_text/RT-TEE/edk2/Build/ArmVirtQemuKernel-AARCH64/DEBUG_GCC49/AARCH64/MdePkg/Library/BaseLib/BaseLib/OUTPUT/BaseLib.lib(SafeString.obj)
                0x000000000000a828                StrDecimalToUint64S
 .text.StrHexToUintnS
                0x000000000000ab18      0x324 /home/osboxes/fix_rttee_text/RT-TEE/edk2/Build/ArmVirtQemuKernel-AARCH64/DEBUG_GCC49/AARCH64/MdePkg/Library/BaseLib/BaseLib/OUTPUT/BaseLib.lib(SafeString.obj)
                0x000000000000ab18                StrHexToUintnS
 .text.StrHexToUint64S
                0x000000000000ae3c      0x330 /home/osboxes/fix_rttee_text/RT-TEE/edk2/Build/ArmVirtQemuKernel-AARCH64/DEBUG_GCC49/AARCH64/MdePkg/Library/BaseLib/BaseLib/OUTPUT/BaseLib.lib(SafeString.obj)
                0x000000000000ae3c                StrHexToUint64S
 .text.StrToIpv6Address
                0x000000000000b16c      0x48c /home/osboxes/fix_rttee_text/RT-TEE/edk2/Build/ArmVirtQemuKernel-AARCH64/DEBUG_GCC49/AARCH64/MdePkg/Library/BaseLib/BaseLib/OUTPUT/BaseLib.lib(SafeString.obj)
                0x000000000000b16c                StrToIpv6Address
 .text.StrToIpv4Address
                0x000000000000b5f8      0x280 /home/osboxes/fix_rttee_text/RT-TEE/edk2/Build/ArmVirtQemuKernel-AARCH64/DEBUG_GCC49/AARCH64/MdePkg/Library/BaseLib/BaseLib/OUTPUT/BaseLib.lib(SafeString.obj)
                0x000000000000b5f8                StrToIpv4Address
 .text.StrToGuid
                0x000000000000b878      0x2a8 /home/osboxes/fix_rttee_text/RT-TEE/edk2/Build/ArmVirtQemuKernel-AARCH64/DEBUG_GCC49/AARCH64/MdePkg/Library/BaseLib/BaseLib/OUTPUT/BaseLib.lib(SafeString.obj)
                0x000000000000b878                StrToGuid
 .text.StrHexToBytes
                0x000000000000bb20      0x340 /home/osboxes/fix_rttee_text/RT-TEE/edk2/Build/ArmVirtQemuKernel-AARCH64/DEBUG_GCC49/AARCH64/MdePkg/Library/BaseLib/BaseLib/OUTPUT/BaseLib.lib(SafeString.obj)
                0x000000000000bb20                StrHexToBytes
 .text.AsciiStrnLenS
                0x000000000000be60       0x80 /home/osboxes/fix_rttee_text/RT-TEE/edk2/Build/ArmVirtQemuKernel-AARCH64/DEBUG_GCC49/AARCH64/MdePkg/Library/BaseLib/BaseLib/OUTPUT/BaseLib.lib(SafeString.obj)
                0x000000000000be60                AsciiStrnLenS
 .text.UnicodeStrToAsciiStrS
                0x000000000000bee0      0x39c /home/osboxes/fix_rttee_text/RT-TEE/edk2/Build/ArmVirtQemuKernel-AARCH64/DEBUG_GCC49/AARCH64/MdePkg/Library/BaseLib/BaseLib/OUTPUT/BaseLib.lib(SafeString.obj)
                0x000000000000bee0                UnicodeStrToAsciiStrS
 .text.StrLen   0x000000000000c27c      0x10c /home/osboxes/fix_rttee_text/RT-TEE/edk2/Build/ArmVirtQemuKernel-AARCH64/DEBUG_GCC49/AARCH64/MdePkg/Library/BaseLib/BaseLib/OUTPUT/BaseLib.lib(String.obj)
                0x000000000000c27c                StrLen
 .text.StrSize  0x000000000000c388       0x24 /home/osboxes/fix_rttee_text/RT-TEE/edk2/Build/ArmVirtQemuKernel-AARCH64/DEBUG_GCC49/AARCH64/MdePkg/Library/BaseLib/BaseLib/OUTPUT/BaseLib.lib(String.obj)
                0x000000000000c388                StrSize
 .text.StrCmp   0x000000000000c3ac       0xe8 /home/osboxes/fix_rttee_text/RT-TEE/edk2/Build/ArmVirtQemuKernel-AARCH64/DEBUG_GCC49/AARCH64/MdePkg/Library/BaseLib/BaseLib/OUTPUT/BaseLib.lib(String.obj)
                0x000000000000c3ac                StrCmp
 .text.StrnCmp  0x000000000000c494      0x180 /home/osboxes/fix_rttee_text/RT-TEE/edk2/Build/ArmVirtQemuKernel-AARCH64/DEBUG_GCC49/AARCH64/MdePkg/Library/BaseLib/BaseLib/OUTPUT/BaseLib.lib(String.obj)
                0x000000000000c494                StrnCmp
 .text.InternalIsDecimalDigitCharacter
                0x000000000000c614       0x38 /home/osboxes/fix_rttee_text/RT-TEE/edk2/Build/ArmVirtQemuKernel-AARCH64/DEBUG_GCC49/AARCH64/MdePkg/Library/BaseLib/BaseLib/OUTPUT/BaseLib.lib(String.obj)
                0x000000000000c614                InternalIsDecimalDigitCharacter
 .text.InternalCharToUpper
                0x000000000000c64c       0x3c /home/osboxes/fix_rttee_text/RT-TEE/edk2/Build/ArmVirtQemuKernel-AARCH64/DEBUG_GCC49/AARCH64/MdePkg/Library/BaseLib/BaseLib/OUTPUT/BaseLib.lib(String.obj)
                0x000000000000c64c                InternalCharToUpper
 .text.InternalHexCharToUintn
                0x000000000000c688       0x4c /home/osboxes/fix_rttee_text/RT-TEE/edk2/Build/ArmVirtQemuKernel-AARCH64/DEBUG_GCC49/AARCH64/MdePkg/Library/BaseLib/BaseLib/OUTPUT/BaseLib.lib(String.obj)
                0x000000000000c688                InternalHexCharToUintn
 .text.InternalIsHexaDecimalDigitCharacter
                0x000000000000c6d4       0x68 /home/osboxes/fix_rttee_text/RT-TEE/edk2/Build/ArmVirtQemuKernel-AARCH64/DEBUG_GCC49/AARCH64/MdePkg/Library/BaseLib/BaseLib/OUTPUT/BaseLib.lib(String.obj)
                0x000000000000c6d4                InternalIsHexaDecimalDigitCharacter
 .text.StrDecimalToUintn
                0x000000000000c73c       0x2c /home/osboxes/fix_rttee_text/RT-TEE/edk2/Build/ArmVirtQemuKernel-AARCH64/DEBUG_GCC49/AARCH64/MdePkg/Library/BaseLib/BaseLib/OUTPUT/BaseLib.lib(String.obj)
                0x000000000000c73c                StrDecimalToUintn
 .text.StrDecimalToUint64
                0x000000000000c768       0x2c /home/osboxes/fix_rttee_text/RT-TEE/edk2/Build/ArmVirtQemuKernel-AARCH64/DEBUG_GCC49/AARCH64/MdePkg/Library/BaseLib/BaseLib/OUTPUT/BaseLib.lib(String.obj)
                0x000000000000c768                StrDecimalToUint64
 .text.StrHexToUintn
                0x000000000000c794       0x2c /home/osboxes/fix_rttee_text/RT-TEE/edk2/Build/ArmVirtQemuKernel-AARCH64/DEBUG_GCC49/AARCH64/MdePkg/Library/BaseLib/BaseLib/OUTPUT/BaseLib.lib(String.obj)
                0x000000000000c794                StrHexToUintn
 .text.StrHexToUint64
                0x000000000000c7c0       0x2c /home/osboxes/fix_rttee_text/RT-TEE/edk2/Build/ArmVirtQemuKernel-AARCH64/DEBUG_GCC49/AARCH64/MdePkg/Library/BaseLib/BaseLib/OUTPUT/BaseLib.lib(String.obj)
                0x000000000000c7c0                StrHexToUint64
 .text.AsciiStrLen
                0x000000000000c7ec       0xd4 /home/osboxes/fix_rttee_text/RT-TEE/edk2/Build/ArmVirtQemuKernel-AARCH64/DEBUG_GCC49/AARCH64/MdePkg/Library/BaseLib/BaseLib/OUTPUT/BaseLib.lib(String.obj)
                0x000000000000c7ec                AsciiStrLen
 .text.ReadUnaligned16
                0x000000000000c8c0       0x88 /home/osboxes/fix_rttee_text/RT-TEE/edk2/Build/ArmVirtQemuKernel-AARCH64/DEBUG_GCC49/AARCH64/MdePkg/Library/BaseLib/BaseLib/OUTPUT/BaseLib.lib(Unaligned.obj)
                0x000000000000c8c0                ReadUnaligned16
 .text.WriteUnaligned16
                0x000000000000c948       0x7c /home/osboxes/fix_rttee_text/RT-TEE/edk2/Build/ArmVirtQemuKernel-AARCH64/DEBUG_GCC49/AARCH64/MdePkg/Library/BaseLib/BaseLib/OUTPUT/BaseLib.lib(Unaligned.obj)
                0x000000000000c948                WriteUnaligned16
 .text.ReadUnaligned32
                0x000000000000c9c4       0x74 /home/osboxes/fix_rttee_text/RT-TEE/edk2/Build/ArmVirtQemuKernel-AARCH64/DEBUG_GCC49/AARCH64/MdePkg/Library/BaseLib/BaseLib/OUTPUT/BaseLib.lib(Unaligned.obj)
                0x000000000000c9c4                ReadUnaligned32
 .text.WriteUnaligned32
                0x000000000000ca38       0x84 /home/osboxes/fix_rttee_text/RT-TEE/edk2/Build/ArmVirtQemuKernel-AARCH64/DEBUG_GCC49/AARCH64/MdePkg/Library/BaseLib/BaseLib/OUTPUT/BaseLib.lib(Unaligned.obj)
                0x000000000000ca38                WriteUnaligned32
 .text.ReadUnaligned64
                0x000000000000cabc       0x80 /home/osboxes/fix_rttee_text/RT-TEE/edk2/Build/ArmVirtQemuKernel-AARCH64/DEBUG_GCC49/AARCH64/MdePkg/Library/BaseLib/BaseLib/OUTPUT/BaseLib.lib(Unaligned.obj)
                0x000000000000cabc                ReadUnaligned64
 .text.WriteUnaligned64
                0x000000000000cb3c       0x88 /home/osboxes/fix_rttee_text/RT-TEE/edk2/Build/ArmVirtQemuKernel-AARCH64/DEBUG_GCC49/AARCH64/MdePkg/Library/BaseLib/BaseLib/OUTPUT/BaseLib.lib(Unaligned.obj)
                0x000000000000cb3c                WriteUnaligned64
 .text.InternalMathLShiftU64
                0x000000000000cbc4       0x24 /home/osboxes/fix_rttee_text/RT-TEE/edk2/Build/ArmVirtQemuKernel-AARCH64/DEBUG_GCC49/AARCH64/MdePkg/Library/BaseLib/BaseLib/OUTPUT/BaseLib.lib(Math64.obj)
                0x000000000000cbc4                InternalMathLShiftU64
 .text.InternalMathRShiftU64
                0x000000000000cbe8       0x24 /home/osboxes/fix_rttee_text/RT-TEE/edk2/Build/ArmVirtQemuKernel-AARCH64/DEBUG_GCC49/AARCH64/MdePkg/Library/BaseLib/BaseLib/OUTPUT/BaseLib.lib(Math64.obj)
                0x000000000000cbe8                InternalMathRShiftU64
 .text.InternalMathSwapBytes64
                0x000000000000cc0c       0x48 /home/osboxes/fix_rttee_text/RT-TEE/edk2/Build/ArmVirtQemuKernel-AARCH64/DEBUG_GCC49/AARCH64/MdePkg/Library/BaseLib/BaseLib/OUTPUT/BaseLib.lib(Math64.obj)
                0x000000000000cc0c                InternalMathSwapBytes64
 .text.InternalMathMultU64x32
                0x000000000000cc54       0x20 /home/osboxes/fix_rttee_text/RT-TEE/edk2/Build/ArmVirtQemuKernel-AARCH64/DEBUG_GCC49/AARCH64/MdePkg/Library/BaseLib/BaseLib/OUTPUT/BaseLib.lib(Math64.obj)
                0x000000000000cc54                InternalMathMultU64x32
 .text.InternalMathDivU64x32
                0x000000000000cc74       0x20 /home/osboxes/fix_rttee_text/RT-TEE/edk2/Build/ArmVirtQemuKernel-AARCH64/DEBUG_GCC49/AARCH64/MdePkg/Library/BaseLib/BaseLib/OUTPUT/BaseLib.lib(Math64.obj)
                0x000000000000cc74                InternalMathDivU64x32
 .text.InternalMathDivRemU64x32
                0x000000000000cc94       0x50 /home/osboxes/fix_rttee_text/RT-TEE/edk2/Build/ArmVirtQemuKernel-AARCH64/DEBUG_GCC49/AARCH64/MdePkg/Library/BaseLib/BaseLib/OUTPUT/BaseLib.lib(Math64.obj)
                0x000000000000cc94                InternalMathDivRemU64x32
 .text          0x000000000000cce4        0x8 /home/osboxes/fix_rttee_text/RT-TEE/edk2/Build/ArmVirtQemuKernel-AARCH64/DEBUG_GCC49/AARCH64/MdePkg/Library/BaseLib/BaseLib/OUTPUT/BaseLib.lib(CpuBreakpoint.obj)
                0x000000000000cce4                CpuBreakpoint
 .text.SwapBytes32
                0x000000000000ccec       0x50 /home/osboxes/fix_rttee_text/RT-TEE/edk2/Build/ArmVirtQemuKernel-AARCH64/DEBUG_GCC49/AARCH64/MdePkg/Library/BaseLib/BaseLib/OUTPUT/BaseLib.lib(SwapBytes32.obj)
                0x000000000000ccec                SwapBytes32
 .text.SwapBytes16
                0x000000000000cd3c       0x38 /home/osboxes/fix_rttee_text/RT-TEE/edk2/Build/ArmVirtQemuKernel-AARCH64/DEBUG_GCC49/AARCH64/MdePkg/Library/BaseLib/BaseLib/OUTPUT/BaseLib.lib(SwapBytes16.obj)
                0x000000000000cd3c                SwapBytes16
 .text.RShiftU64
                0x000000000000cd74       0x58 /home/osboxes/fix_rttee_text/RT-TEE/edk2/Build/ArmVirtQemuKernel-AARCH64/DEBUG_GCC49/AARCH64/MdePkg/Library/BaseLib/BaseLib/OUTPUT/BaseLib.lib(RShiftU64.obj)
                0x000000000000cd74                RShiftU64
 .text.MultU64x32
                0x000000000000cdcc       0x2c /home/osboxes/fix_rttee_text/RT-TEE/edk2/Build/ArmVirtQemuKernel-AARCH64/DEBUG_GCC49/AARCH64/MdePkg/Library/BaseLib/BaseLib/OUTPUT/BaseLib.lib(MultU64x32.obj)
                0x000000000000cdcc                MultU64x32
 .text.DivU64x32
                0x000000000000cdf8       0x58 /home/osboxes/fix_rttee_text/RT-TEE/edk2/Build/ArmVirtQemuKernel-AARCH64/DEBUG_GCC49/AARCH64/MdePkg/Library/BaseLib/BaseLib/OUTPUT/BaseLib.lib(DivU64x32.obj)
                0x000000000000cdf8                DivU64x32
 .text.PL011UartInitializePort
                0x000000000000ce50      0x3b0 /home/osboxes/fix_rttee_text/RT-TEE/edk2/Build/ArmVirtQemuKernel-AARCH64/DEBUG_GCC49/AARCH64/ArmPlatformPkg/Library/PL011UartLib/PL011UartLib/OUTPUT/PL011UartLib.lib(PL011UartLib.obj)
                0x000000000000ce50                PL011UartInitializePort
 .text.PL011UartWrite
                0x000000000000d200       0x7c /home/osboxes/fix_rttee_text/RT-TEE/edk2/Build/ArmVirtQemuKernel-AARCH64/DEBUG_GCC49/AARCH64/ArmPlatformPkg/Library/PL011UartLib/PL011UartLib/OUTPUT/PL011UartLib.lib(PL011UartLib.obj)
                0x000000000000d200                PL011UartWrite
 .text.GetDebugPrintErrorLevel
                0x000000000000d27c       0x10 /home/osboxes/fix_rttee_text/RT-TEE/edk2/Build/ArmVirtQemuKernel-AARCH64/DEBUG_GCC49/AARCH64/MdePkg/Library/BaseDebugPrintErrorLevelLib/BaseDebugPrintErrorLevelLib/OUTPUT/BaseDebugPrintErrorLevelLib.lib(BaseDebugPrintErrorLevelLib.obj)
                0x000000000000d27c                GetDebugPrintErrorLevel
 .text.UnicodeVSPrint
                0x000000000000d28c       0xdc /home/osboxes/fix_rttee_text/RT-TEE/edk2/Build/ArmVirtQemuKernel-AARCH64/DEBUG_GCC49/AARCH64/MdePkg/Library/BasePrintLib/BasePrintLib/OUTPUT/BasePrintLib.lib(PrintLib.obj)
                0x000000000000d28c                UnicodeVSPrint
 .text.UnicodeSPrint
                0x000000000000d368       0x94 /home/osboxes/fix_rttee_text/RT-TEE/edk2/Build/ArmVirtQemuKernel-AARCH64/DEBUG_GCC49/AARCH64/MdePkg/Library/BasePrintLib/BasePrintLib/OUTPUT/BasePrintLib.lib(PrintLib.obj)
                0x000000000000d368                UnicodeSPrint
 .text.AsciiVSPrint
                0x000000000000d3fc       0x68 /home/osboxes/fix_rttee_text/RT-TEE/edk2/Build/ArmVirtQemuKernel-AARCH64/DEBUG_GCC49/AARCH64/MdePkg/Library/BasePrintLib/BasePrintLib/OUTPUT/BasePrintLib.lib(PrintLib.obj)
                0x000000000000d3fc                AsciiVSPrint
 .text.AsciiSPrint
                0x000000000000d464       0x94 /home/osboxes/fix_rttee_text/RT-TEE/edk2/Build/ArmVirtQemuKernel-AARCH64/DEBUG_GCC49/AARCH64/MdePkg/Library/BasePrintLib/BasePrintLib/OUTPUT/BasePrintLib.lib(PrintLib.obj)
                0x000000000000d464                AsciiSPrint
 .text.SPrintLength
                0x000000000000d4f8       0x98 /home/osboxes/fix_rttee_text/RT-TEE/edk2/Build/ArmVirtQemuKernel-AARCH64/DEBUG_GCC49/AARCH64/MdePkg/Library/BasePrintLib/BasePrintLib/OUTPUT/BasePrintLib.lib(PrintLib.obj)
                0x000000000000d4f8                SPrintLength
 .text.BasePrintLibFillBuffer