Archive member included to satisfy reference by file (symbol)

/home/osboxes/fix_rttee_text/RT-TEE/edk2/Build/ArmVirtQemuKernel-AARCH64/DEBUG_GCC49/AARCH64/MdePkg/Library/UefiDriverEntryPoint/UefiDriverEntryPoint/OUTPUT/UefiDriverEntryPoint.lib(DriverEntryPoint.obj)
                              (_ModuleEntryPoint)
/home/osboxes/fix_rttee_text/RT-TEE/edk2/Build/ArmVirtQemuKernel-AARCH64/DEBUG_GCC49/AARCH64/MdeModulePkg/Universal/Console/TerminalDxe/TerminalDxe/OUTPUT/TerminalDxe.lib(AutoGen.obj)
                              /home/osboxes/fix_rttee_text/RT-TEE/edk2/Build/ArmVirtQemuKernel-AARCH64/DEBUG_GCC49/AARCH64/MdePkg/Library/UefiDriverEntryPoint/UefiDriverEntryPoint/OUTPUT/UefiDriverEntryPoint.lib(DriverEntryPoint.obj) (gEfiLoadedImageProtocolGuid)
/home/osboxes/fix_rttee_text/RT-TEE/edk2/Build/ArmVirtQemuKernel-AARCH64/DEBUG_GCC49/AARCH64/MdeModulePkg/Universal/Console/TerminalDxe/TerminalDxe/OUTPUT/TerminalDxe.lib(Terminal.obj)
                              /home/osboxes/fix_rttee_text/RT-TEE/edk2/Build/ArmVirtQemuKernel-AARCH64/DEBUG_GCC49/AARCH64/MdeModulePkg/Universal/Console/TerminalDxe/TerminalDxe/OUTPUT/TerminalDxe.lib(AutoGen.obj) (InitializeTerminal)
/home/osboxes/fix_rttee_text/RT-TEE/edk2/Build/ArmVirtQemuKernel-AARCH64/DEBUG_GCC49/AARCH64/MdeModulePkg/Universal/Console/TerminalDxe/TerminalDxe/OUTPUT/TerminalDxe.lib(ComponentName.obj)
                              /home/osboxes/fix_rttee_text/RT-TEE/edk2/Build/ArmVirtQemuKernel-AARCH64/DEBUG_GCC49/AARCH64/MdeModulePkg/Universal/Console/TerminalDxe/TerminalDxe/OUTPUT/TerminalDxe.lib(Terminal.obj) (gTerminalComponentName)
/home/osboxes/fix_rttee_text/RT-TEE/edk2/Build/ArmVirtQemuKernel-AARCH64/DEBUG_GCC49/AARCH64/MdeModulePkg/Universal/Console/TerminalDxe/TerminalDxe/OUTPUT/TerminalDxe.lib(TerminalConOut.obj)
                              /home/osboxes/fix_rttee_text/RT-TEE/edk2/Build/ArmVirtQemuKernel-AARCH64/DEBUG_GCC49/AARCH64/MdeModulePkg/Universal/Console/TerminalDxe/TerminalDxe/OUTPUT/TerminalDxe.lib(Terminal.obj) (TerminalConOutReset)
/home/osboxes/fix_rttee_text/RT-TEE/edk2/Build/ArmVirtQemuKernel-AARCH64/DEBUG_GCC49/AARCH64/MdeModulePkg/Universal/Console/TerminalDxe/TerminalDxe/OUTPUT/TerminalDxe.lib(TerminalConIn.obj)
                              /home/osboxes/fix_rttee_text/RT-TEE/edk2/Build/ArmVirtQemuKernel-AARCH64/DEBUG_GCC49/AARCH64/MdeModulePkg/Universal/Console/TerminalDxe/TerminalDxe/OUTPUT/TerminalDxe.lib(Terminal.obj) (TerminalConInReset)
/home/osboxes/fix_rttee_text/RT-TEE/edk2/Build/ArmVirtQemuKernel-AARCH64/DEBUG_GCC49/AARCH64/MdeModulePkg/Universal/Console/TerminalDxe/TerminalDxe/OUTPUT/TerminalDxe.lib(Vtutf8.obj)
                              /home/osboxes/fix_rttee_text/RT-TEE/edk2/Build/ArmVirtQemuKernel-AARCH64/DEBUG_GCC49/AARCH64/MdeModulePkg/Universal/Console/TerminalDxe/TerminalDxe/OUTPUT/TerminalDxe.lib(TerminalConIn.obj) (VTUTF8RawDataToUnicode)
/home/osboxes/fix_rttee_text/RT-TEE/edk2/Build/ArmVirtQemuKernel-AARCH64/DEBUG_GCC49/AARCH64/MdeModulePkg/Universal/Console/TerminalDxe/TerminalDxe/OUTPUT/TerminalDxe.lib(Ansi.obj)
                              /home/osboxes/fix_rttee_text/RT-TEE/edk2/Build/ArmVirtQemuKernel-AARCH64/DEBUG_GCC49/AARCH64/MdeModulePkg/Universal/Console/TerminalDxe/TerminalDxe/OUTPUT/TerminalDxe.lib(TerminalConIn.obj) (AnsiRawDataToUnicode)
/home/osboxes/fix_rttee_text/RT-TEE/edk2/Build/ArmVirtQemuKernel-AARCH64/DEBUG_GCC49/AARCH64/MdePkg/Library/BaseLib/BaseLib/OUTPUT/BaseLib.lib(LinkedList.obj)
                              /home/osboxes/fix_rttee_text/RT-TEE/edk2/Build/ArmVirtQemuKernel-AARCH64/DEBUG_GCC49/AARCH64/MdeModulePkg/Universal/Console/TerminalDxe/TerminalDxe/OUTPUT/TerminalDxe.lib(Terminal.obj) (InitializeListHead)
/home/osboxes/fix_rttee_text/RT-TEE/edk2/Build/ArmVirtQemuKernel-AARCH64/DEBUG_GCC49/AARCH64/MdePkg/Library/BaseLib/BaseLib/OUTPUT/BaseLib.lib(String.obj)
                              /home/osboxes/fix_rttee_text/RT-TEE/edk2/Build/ArmVirtQemuKernel-AARCH64/DEBUG_GCC49/AARCH64/MdeModulePkg/Universal/Console/TerminalDxe/TerminalDxe/OUTPUT/TerminalDxe.lib(Terminal.obj) (StrSize)
/home/osboxes/fix_rttee_text/RT-TEE/edk2/Build/ArmVirtQemuKernel-AARCH64/DEBUG_GCC49/AARCH64/MdePkg/Library/BaseLib/BaseLib/OUTPUT/BaseLib.lib(SafeString.obj)
                              /home/osboxes/fix_rttee_text/RT-TEE/edk2/Build/ArmVirtQemuKernel-AARCH64/DEBUG_GCC49/AARCH64/MdePkg/Library/BaseLib/BaseLib/OUTPUT/BaseLib.lib(String.obj) (StrDecimalToUintnS)
/home/osboxes/fix_rttee_text/RT-TEE/edk2/Build/ArmVirtQemuKernel-AARCH64/DEBUG_GCC49/AARCH64/MdePkg/Library/BaseLib/BaseLib/OUTPUT/BaseLib.lib(SwapBytes32.obj)
                              /home/osboxes/fix_rttee_text/RT-TEE/edk2/Build/ArmVirtQemuKernel-AARCH64/DEBUG_GCC49/AARCH64/MdePkg/Library/BaseLib/BaseLib/OUTPUT/BaseLib.lib(SafeString.obj) (SwapBytes32)
/home/osboxes/fix_rttee_text/RT-TEE/edk2/Build/ArmVirtQemuKernel-AARCH64/DEBUG_GCC49/AARCH64/MdePkg/Library/BaseLib/BaseLib/OUTPUT/BaseLib.lib(SwapBytes16.obj)
[...]
Memory Configuration

Name             Origin             Length             Attributes
*default*        0x0000000000000000 0xffffffffffffffff

Linker script and memory map

START GROUP
LOAD /home/osboxes/fix_rttee_text/RT-TEE/edk2/Build/ArmVirtQemuKernel-AARCH64/DEBUG_GCC49/AARCH64/MdePkg/Library/BaseLib/BaseLib/OUTPUT/BaseLib.lib
LOAD /home/osboxes/fix_rttee_text/RT-TEE/edk2/Build/ArmVirtQemuKernel-AARCH64/DEBUG_GCC49/AARCH64/MdePkg/Library/DxePcdLib/DxePcdLib/OUTPUT/DxePcdLib.lib
LOAD /home/osboxes/fix_rttee_text/RT-TEE/edk2/Build/ArmVirtQemuKernel-AARCH64/DEBUG_GCC49/AARCH64/MdePkg/Library/BaseMemoryLibOptDxe/BaseMemoryLibOptDxe/OUTPUT/BaseMemoryLibOptDxe.lib
LOAD /home/osboxes/fix_rttee_text/RT-TEE/edk2/Build/ArmVirtQemuKernel-AARCH64/DEBUG_GCC49/AARCH64/MdePkg/Library/BaseIoLibIntrinsic/BaseIoLibIntrinsicArmVirt/OUTPUT/BaseIoLibIntrinsicArmVirt.lib
LOAD /home/osboxes/fix_rttee_text/RT-TEE/edk2/Build/ArmVirtQemuKernel-AARCH64/DEBUG_GCC49/AARCH64/ArmVirtPkg/Library/ArmVirtDxeHobLib/ArmVirtDxeHobLib/OUTPUT/ArmVirtDxeHobLib.lib
LOAD /home/osboxes/fix_rttee_text/RT-TEE/edk2/Build/ArmVirtQemuKernel-AARCH64/DEBUG_GCC49/AARCH64/ArmPlatformPkg/Library/PL011UartLib/PL011UartLib/OUTPUT/PL011UartLib.lib
LOAD /home/osboxes/fix_rttee_text/RT-TEE/edk2/Build/ArmVirtQemuKernel-AARCH64/DEBUG_GCC49/AARCH64/MdePkg/Library/BaseDebugPrintErrorLevelLib/BaseDebugPrintErrorLevelLib/OUTPUT/BaseDebugPrintErrorLevelLib.lib
LOAD /home/osboxes/fix_rttee_text/RT-TEE/edk2/Build/ArmVirtQemuKernel-AARCH64/DEBUG_GCC49/AARCH64/MdePkg/Library/BasePrintLib/BasePrintLib/OUTPUT/BasePrintLib.lib
LOAD /home/osboxes/fix_rttee_text/RT-TEE/edk2/Build/ArmVirtQemuKernel-AARCH64/DEBUG_GCC49/AARCH64/ArmVirtPkg/Library/FdtPL011SerialPortLib/FdtPL011SerialPortLib/OUTPUT/FdtPL011SerialPortLib.lib
LOAD /home/osboxes/fix_rttee_text/RT-TEE/edk2/Build/ArmVirtQemuKernel-AARCH64/DEBUG_GCC49/AARCH64/MdePkg/Library/BaseDebugLibSerialPort/BaseDebugLibSerialPort/OUTPUT/BaseDebugLibSerialPort.lib
LOAD /home/osboxes/fix_rttee_text/RT-TEE/edk2/Build/ArmVirtQemuKernel-AARCH64/DEBUG_GCC49/AARCH64/MdePkg/Library/UefiBootServicesTableLib/UefiBootServicesTableLib/OUTPUT/UefiBootServicesTableLib.lib
LOAD /home/osboxes/fix_rttee_text/RT-TEE/edk2/Build/ArmVirtQemuKernel-AARCH64/DEBUG_GCC49/AARCH64/MdePkg/Library/UefiMemoryAllocationLib/UefiMemoryAllocationLib/OUTPUT/UefiMemoryAllocationLib.lib
LOAD /home/osboxes/fix_rttee_text/RT-TEE/edk2/Build/ArmVirtQemuKernel-AARCH64/DEBUG_GCC49/AARCH64/MdePkg/Library/UefiRuntimeServicesTableLib/UefiRuntimeServicesTableLib/OUTPUT/UefiRuntimeServicesTableLib.lib
LOAD /home/osboxes/fix_rttee_text/RT-TEE/edk2/Build/ArmVirtQemuKernel-AARCH64/DEBUG_GCC49/AARCH64/MdePkg/Library/UefiDevicePathLibDevicePathProtocol/UefiDevicePathLibDevicePathProtocol/OUTPUT/UefiDevicePathLibDevicePathProtocol.lib
LOAD /home/osboxes/fix_rttee_text/RT-TEE/edk2/Build/ArmVirtQemuKernel-AARCH64/DEBUG_GCC49/AARCH64/MdePkg/Library/BaseReportStatusCodeLibNull/BaseReportStatusCodeLibNull/OUTPUT/BaseReportStatusCodeLibNull.lib
LOAD /home/osboxes/fix_rttee_text/RT-TEE/edk2/Build/ArmVirtQemuKernel-AARCH64/DEBUG_GCC49/AARCH64/MdePkg/Library/UefiLib/UefiLib/OUTPUT/UefiLib.lib
LOAD /home/osboxes/fix_rttee_text/RT-TEE/edk2/Build/ArmVirtQemuKernel-AARCH64/DEBUG_GCC49/AARCH64/MdePkg/Library/UefiDriverEntryPoint/UefiDriverEntryPoint/OUTPUT/UefiDriverEntryPoint.lib
LOAD /home/osboxes/fix_rttee_text/RT-TEE/edk2/Build/ArmVirtQemuKernel-AARCH64/DEBUG_GCC49/AARCH64/ArmPkg/Library/CompilerIntrinsicsLib/CompilerIntrinsicsLib/OUTPUT/CompilerIntrinsicsLib.lib
LOAD /home/osboxes/fix_rttee_text/RT-TEE/edk2/Build/ArmVirtQemuKernel-AARCH64/DEBUG_GCC49/AARCH64/MdePkg/Library/BaseStackCheckLib/BaseStackCheckLib/OUTPUT/BaseStackCheckLib.lib
LOAD /home/osboxes/fix_rttee_text/RT-TEE/edk2/Build/ArmVirtQemuKernel-AARCH64/DEBUG_GCC49/AARCH64/MdeModulePkg/Universal/Console/TerminalDxe/TerminalDxe/OUTPUT/TerminalDxe.lib
END GROUP
                0x0000000000000228                . = PECOFF_HEADER_SIZE

.text           0x0000000000001000     0xf298
 *(.text .text.* .stub .gnu.linkonce.t.*)
 .text._DriverUnloadHandler
                0x0000000000001000       0x48 /home/osboxes/fix_rttee_text/RT-TEE/edk2/Build/ArmVirtQemuKernel-AARCH64/DEBUG_GCC49/AARCH64/MdePkg/Library/UefiDriverEntryPoint/UefiDriverEntryPoint/OUTPUT/UefiDriverEntryPoint.lib(DriverEntryPoint.obj)
                0x0000000000001000                _DriverUnloadHandler
 .text._ModuleEntryPoint
                0x0000000000001048      0x148 /home/osboxes/fix_rttee_text/RT-TEE/edk2/Build/ArmVirtQemuKernel-AARCH64/DEBUG_GCC49/AARCH64/MdePkg/Library/UefiDriverEntryPoint/UefiDriverEntryPoint/OUTPUT/UefiDriverEntryPoint.lib(DriverEntryPoint.obj)
                0x0000000000001048                _ModuleEntryPoint
 .text.ProcessLibraryConstructorList
                0x0000000000001190      0x370 /home/osboxes/fix_rttee_text/RT-TEE/edk2/Build/ArmVirtQemuKernel-AARCH64/DEBUG_GCC49/AARCH64/MdeModulePkg/Universal/Console/TerminalDxe/TerminalDxe/OUTPUT/TerminalDxe.lib(AutoGen.obj)
                0x0000000000001190                ProcessLibraryConstructorList
 .text.ProcessLibraryDestructorList
                0x0000000000001500       0x18 /home/osboxes/fix_rttee_text/RT-TEE/edk2/Build/ArmVirtQemuKernel-AARCH64/DEBUG_GCC49/AARCH64/MdeModulePkg/Universal/Console/TerminalDxe/TerminalDxe/OUTPUT/TerminalDxe.lib(AutoGen.obj)
                0x0000000000001500                ProcessLibraryDestructorList
 .text.ProcessModuleEntryPointList
                0x0000000000001518       0x24 /home/osboxes/fix_rttee_text/RT-TEE/edk2/Build/ArmVirtQemuKernel-AARCH64/DEBUG_GCC49/AARCH64/MdeModulePkg/Universal/Console/TerminalDxe/TerminalDxe/OUTPUT/TerminalDxe.lib(AutoGen.obj)
                0x0000000000001518                ProcessModuleEntryPointList
 .text.ProcessModuleUnloadList
                0x000000000000153c       0x14 /home/osboxes/fix_rttee_text/RT-TEE/edk2/Build/ArmVirtQemuKernel-AARCH64/DEBUG_GCC49/AARCH64/MdeModulePkg/Universal/Console/TerminalDxe/TerminalDxe/OUTPUT/TerminalDxe.lib(AutoGen.obj)
                0x000000000000153c                ProcessModuleUnloadList
 .text.TerminalTypeFromGuid
                0x0000000000001550       0x68 /home/osboxes/fix_rttee_text/RT-TEE/edk2/Build/ArmVirtQemuKernel-AARCH64/DEBUG_GCC49/AARCH64/MdeModulePkg/Universal/Console/TerminalDxe/TerminalDxe/OUTPUT/TerminalDxe.lib(Terminal.obj)
                0x0000000000001550                TerminalTypeFromGuid
 .text.TerminalDriverBindingSupported
                0x00000000000015b8      0x1dc /home/osboxes/fix_rttee_text/RT-TEE/edk2/Build/ArmVirtQemuKernel-AARCH64/DEBUG_GCC49/AARCH64/MdeModulePkg/Universal/Console/TerminalDxe/TerminalDxe/OUTPUT/TerminalDxe.lib(Terminal.obj)
                0x00000000000015b8                TerminalDriverBindingSupported
 .text.TerminalFreeNotifyList
                0x0000000000001794       0xbc /home/osboxes/fix_rttee_text/RT-TEE/edk2/Build/ArmVirtQemuKernel-AARCH64/DEBUG_GCC49/AARCH64/MdeModulePkg/Universal/Console/TerminalDxe/TerminalDxe/OUTPUT/TerminalDxe.lib(Terminal.obj)
                0x0000000000001794                TerminalFreeNotifyList
 .text.InitializeTerminalConsoleTextMode
                0x0000000000001850      0x130 /home/osboxes/fix_rttee_text/RT-TEE/edk2/Build/ArmVirtQemuKernel-AARCH64/DEBUG_GCC49/AARCH64/MdeModulePkg/Universal/Console/TerminalDxe/TerminalDxe/OUTPUT/TerminalDxe.lib(Terminal.obj)
                0x0000000000001850                InitializeTerminalConsoleTextMode
 .text.StopTerminalStateMachine
                0x0000000000001980       0x84 /home/osboxes/fix_rttee_text/RT-TEE/edk2/Build/ArmVirtQemuKernel-AARCH64/DEBUG_GCC49/AARCH64/MdeModulePkg/Universal/Console/TerminalDxe/TerminalDxe/OUTPUT/TerminalDxe.lib(Terminal.obj)
                0x0000000000001980                StopTerminalStateMachine
 .text.StartTerminalStateMachine
                0x0000000000001a04      0x1f8 /home/osboxes/fix_rttee_text/RT-TEE/edk2/Build/ArmVirtQemuKernel-AARCH64/DEBUG_GCC49/AARCH64/MdeModulePkg/Universal/Console/TerminalDxe/TerminalDxe/OUTPUT/TerminalDxe.lib(Terminal.obj)
                0x0000000000001a04                StartTerminalStateMachine
 .text.InitializeControllerNameTable
                0x0000000000001bfc      0x10c /home/osboxes/fix_rttee_text/RT-TEE/edk2/Build/ArmVirtQemuKernel-AARCH64/DEBUG_GCC49/AARCH64/MdeModulePkg/Universal/Console/TerminalDxe/TerminalDxe/OUTPUT/TerminalDxe.lib(Terminal.obj)
                0x0000000000001bfc                InitializeControllerNameTable
 .text.TerminalDriverBindingStart
                0x0000000000001d08      0xff8 /home/osboxes/fix_rttee_text/RT-TEE/edk2/Build/ArmVirtQemuKernel-AARCH64/DEBUG_GCC49/AARCH64/MdeModulePkg/Universal/Console/TerminalDxe/TerminalDxe/OUTPUT/TerminalDxe.lib(Terminal.obj)
                0x0000000000001d08                TerminalDriverBindingStart
 .text.TerminalDriverBindingStop
                0x0000000000002d00      0x45c /home/osboxes/fix_rttee_text/RT-TEE/edk2/Build/ArmVirtQemuKernel-AARCH64/DEBUG_GCC49/AARCH64/MdeModulePkg/Universal/Console/TerminalDxe/TerminalDxe/OUTPUT/TerminalDxe.lib(Terminal.obj)
                0x0000000000002d00                TerminalDriverBindingStop
 .text.MatchDevicePaths
                0x000000000000315c       0x88 /home/osboxes/fix_rttee_text/RT-TEE/edk2/Build/ArmVirtQemuKernel-AARCH64/DEBUG_GCC49/AARCH64/MdeModulePkg/Universal/Console/TerminalDxe/TerminalDxe/OUTPUT/TerminalDxe.lib(Terminal.obj)
                0x000000000000315c                MatchDevicePaths
 .text.TerminalUpdateConsoleDevVariable
                0x00000000000031e4      0x258 /home/osboxes/fix_rttee_text/RT-TEE/edk2/Build/ArmVirtQemuKernel-AARCH64/DEBUG_GCC49/AARCH64/MdeModulePkg/Universal/Console/TerminalDxe/TerminalDxe/OUTPUT/TerminalDxe.lib(Terminal.obj)
                0x00000000000031e4                TerminalUpdateConsoleDevVariable
 .text.TerminalRemoveConsoleDevVariable
                0x000000000000343c      0x230 /home/osboxes/fix_rttee_text/RT-TEE/edk2/Build/ArmVirtQemuKernel-AARCH64/DEBUG_GCC49/AARCH64/MdeModulePkg/Universal/Console/TerminalDxe/TerminalDxe/OUTPUT/TerminalDxe.lib(Terminal.obj)
                0x000000000000343c                TerminalRemoveConsoleDevVariable
 .text.SetTerminalDevicePath
                0x000000000000366c       0xc4 /home/osboxes/fix_rttee_text/RT-TEE/edk2/Build/ArmVirtQemuKernel-AARCH64/DEBUG_GCC49/AARCH64/MdeModulePkg/Universal/Console/TerminalDxe/TerminalDxe/OUTPUT/TerminalDxe.lib(Terminal.obj)
                0x000000000000366c                SetTerminalDevicePath
 .text.InitializeTerminal
                0x0000000000003730       0xb4 /home/osboxes/fix_rttee_text/RT-TEE/edk2/Build/ArmVirtQemuKernel-AARCH64/DEBUG_GCC49/AARCH64/MdeModulePkg/Universal/Console/TerminalDxe/TerminalDxe/OUTPUT/TerminalDxe.lib(Terminal.obj)
                0x0000000000003730                InitializeTerminal
 .text.IsHotPlugDevice
                0x00000000000037e4       0xcc /home/osboxes/fix_rttee_text/RT-TEE/edk2/Build/ArmVirtQemuKernel-AARCH64/DEBUG_GCC49/AARCH64/MdeModulePkg/Universal/Console/TerminalDxe/TerminalDxe/OUTPUT/TerminalDxe.lib(Terminal.obj)
                0x00000000000037e4                IsHotPlugDevice
 .text.TerminalComponentNameGetDriverName
                0x00000000000038b0       0x58 /home/osboxes/fix_rttee_text/RT-TEE/edk2/Build/ArmVirtQemuKernel-AARCH64/DEBUG_GCC49/AARCH64/MdeModulePkg/Universal/Console/TerminalDxe/TerminalDxe/OUTPUT/TerminalDxe.lib(ComponentName.obj)
                0x00000000000038b0                TerminalComponentNameGetDriverName
 .text.TerminalComponentNameGetControllerName
                0x0000000000003908      0x184 /home/osboxes/fix_rttee_text/RT-TEE/edk2/Build/ArmVirtQemuKernel-AARCH64/DEBUG_GCC49/AARCH64/MdeModulePkg/Universal/Console/TerminalDxe/TerminalDxe/OUTPUT/TerminalDxe.lib(ComponentName.obj)
                0x0000000000003908                TerminalComponentNameGetControllerName
 .text.TerminalConOutReset
                0x0000000000003a8c      0x164 /home/osboxes/fix_rttee_text/RT-TEE/edk2/Build/ArmVirtQemuKernel-AARCH64/DEBUG_GCC49/AARCH64/MdeModulePkg/Universal/Console/TerminalDxe/TerminalDxe/OUTPUT/TerminalDxe.lib(TerminalConOut.obj)
                0x0000000000003a8c                TerminalConOutReset
 .text.TerminalConOutOutputString
                0x0000000000003bf0      0x434 /home/osboxes/fix_rttee_text/RT-TEE/edk2/Build/ArmVirtQemuKernel-AARCH64/DEBUG_GCC49/AARCH64/MdeModulePkg/Universal/Console/TerminalDxe/TerminalDxe/OUTPUT/TerminalDxe.lib(TerminalConOut.obj)
                0x0000000000003bf0                TerminalConOutOutputString
 .text.TerminalConOutTestString
                0x0000000000004024       0xc8 /home/osboxes/fix_rttee_text/RT-TEE/edk2/Build/ArmVirtQemuKernel-AARCH64/DEBUG_GCC49/AARCH64/MdeModulePkg/Universal/Console/TerminalDxe/TerminalDxe/OUTPUT/TerminalDxe.lib(TerminalConOut.obj)
                0x0000000000004024                TerminalConOutTestString
 .text.TerminalConOutQueryMode
                0x00000000000040ec       0xe0 /home/osboxes/fix_rttee_text/RT-TEE/edk2/Build/ArmVirtQemuKernel-AARCH64/DEBUG_GCC49/AARCH64/MdeModulePkg/Universal/Console/TerminalDxe/TerminalDxe/OUTPUT/TerminalDxe.lib(TerminalConOut.obj)
                0x00000000000040ec                TerminalConOutQueryMode
 .text.TerminalConOutSetMode
                0x00000000000041cc      0x134 /home/osboxes/fix_rttee_text/RT-TEE/edk2/Build/ArmVirtQemuKernel-AARCH64/DEBUG_GCC49/AARCH64/MdeModulePkg/Universal/Console/TerminalDxe/TerminalDxe/OUTPUT/TerminalDxe.lib(TerminalConOut.obj)
                0x00000000000041cc                TerminalConOutSetMode
 .text.TerminalConOutSetAttribute
                0x0000000000004300      0x3c4 /home/osboxes/fix_rttee_text/RT-TEE/edk2/Build/ArmVirtQemuKernel-AARCH64/DEBUG_GCC49/AARCH64/MdeModulePkg/Universal/Console/TerminalDxe/TerminalDxe/OUTPUT/TerminalDxe.lib(TerminalConOut.obj)
                0x0000000000004300                TerminalConOutSetAttribute
 .text.TerminalConOutClearScreen
                0x00000000000046c4       0xd0 /home/osboxes/fix_rttee_text/RT-TEE/edk2/Build/ArmVirtQemuKernel-AARCH64/DEBUG_GCC49/AARCH64/MdeModulePkg/Universal/Console/TerminalDxe/TerminalDxe/OUTPUT/TerminalDxe.lib(TerminalConOut.obj)
                0x00000000000046c4                TerminalConOutClearScreen
 .text.TerminalConOutSetCursorPosition
                0x0000000000004794      0x3e8 /home/osboxes/fix_rttee_text/RT-TEE/edk2/Build/ArmVirtQemuKernel-AARCH64/DEBUG_GCC49/AARCH64/MdeModulePkg/Universal/Console/TerminalDxe/TerminalDxe/OUTPUT/TerminalDxe.lib(TerminalConOut.obj)
                0x0000000000004794                TerminalConOutSetCursorPosition
 .text.TerminalConOutEnableCursor
                0x0000000000004b7c       0x2c /home/osboxes/fix_rttee_text/RT-TEE/edk2/Build/ArmVirtQemuKernel-AARCH64/DEBUG_GCC49/AARCH64/MdeModulePkg/Universal/Console/TerminalDxe/TerminalDxe/OUTPUT/TerminalDxe.lib(TerminalConOut.obj)
                0x0000000000004b7c                TerminalConOutEnableCursor
 .text.TerminalIsValidTextGraphics
                0x0000000000004ba8       0xcc /home/osboxes/fix_rttee_text/RT-TEE/edk2/Build/ArmVirtQemuKernel-AARCH64/DEBUG_GCC49/AARCH64/MdeModulePkg/Universal/Console/TerminalDxe/TerminalDxe/OUTPUT/TerminalDxe.lib(TerminalConOut.obj)
                0x0000000000004ba8                TerminalIsValidTextGraphics
 .text.TerminalIsValidAscii
                0x0000000000004c74       0x34 /home/osboxes/fix_rttee_text/RT-TEE/edk2/Build/ArmVirtQemuKernel-AARCH64/DEBUG_GCC49/AARCH64/MdeModulePkg/Universal/Console/TerminalDxe/TerminalDxe/OUTPUT/TerminalDxe.lib(TerminalConOut.obj)
                0x0000000000004c74                TerminalIsValidAscii
 .text.TerminalIsValidEfiCntlChar
                0x0000000000004ca8       0x58 /home/osboxes/fix_rttee_text/RT-TEE/edk2/Build/ArmVirtQemuKernel-AARCH64/DEBUG_GCC49/AARCH64/MdeModulePkg/Universal/Console/TerminalDxe/TerminalDxe/OUTPUT/TerminalDxe.lib(TerminalConOut.obj)
                0x0000000000004ca8                TerminalIsValidEfiCntlChar
 .text.ReadKeyStrokeWorker
                0x0000000000004d00       0x6c /home/osboxes/fix_rttee_text/RT-TEE/edk2/Build/ArmVirtQemuKernel-AARCH64/DEBUG_GCC49/AARCH64/MdeModulePkg/Universal/Console/TerminalDxe/TerminalDxe/OUTPUT/TerminalDxe.lib(TerminalConIn.obj)
                0x0000000000004d00                ReadKeyStrokeWorker
 .text.TerminalConInReset
                0x0000000000004d6c      0x170 /home/osboxes/fix_rttee_text/RT-TEE/edk2/Build/ArmVirtQemuKernel-AARCH64/DEBUG_GCC49/AARCH64/MdeModulePkg/Universal/Console/TerminalDxe/TerminalDxe/OUTPUT/TerminalDxe.lib(TerminalConIn.obj)
                0x0000000000004d6c                TerminalConInReset
 .text.TerminalConInReadKeyStroke
                0x0000000000004edc       0xb0 /home/osboxes/fix_rttee_text/RT-TEE/edk2/Build/ArmVirtQemuKernel-AARCH64/DEBUG_GCC49/AARCH64/MdeModulePkg/Universal/Console/TerminalDxe/TerminalDxe/OUTPUT/TerminalDxe.lib(TerminalConIn.obj)
                0x0000000000004edc                TerminalConInReadKeyStroke
 .text.IsKeyRegistered
                0x0000000000004f8c       0x94 /home/osboxes/fix_rttee_text/RT-TEE/edk2/Build/ArmVirtQemuKernel-AARCH64/DEBUG_GCC49/AARCH64/MdeModulePkg/Universal/Console/TerminalDxe/TerminalDxe/OUTPUT/TerminalDxe.lib(TerminalConIn.obj)
                0x0000000000004f8c                IsKeyRegistered
 .text.TerminalConInWaitForKeyEx
                0x0000000000005020       0x28 /home/osboxes/fix_rttee_text/RT-TEE/edk2/Build/ArmVirtQemuKernel-AARCH64/DEBUG_GCC49/AARCH64/MdeModulePkg/Universal/Console/TerminalDxe/TerminalDxe/OUTPUT/TerminalDxe.lib(TerminalConIn.obj)
                0x0000000000005020                TerminalConInWaitForKeyEx
 .text.TerminalConInResetEx
                0x0000000000005048       0xa4 /home/osboxes/fix_rttee_text/RT-TEE/edk2/Build/ArmVirtQemuKernel-AARCH64/DEBUG_GCC49/AARCH64/MdeModulePkg/Universal/Console/TerminalDxe/TerminalDxe/OUTPUT/TerminalDxe.lib(TerminalConIn.obj)
                0x0000000000005048                TerminalConInResetEx
 .text.TerminalConInReadKeyStrokeEx
                0x00000000000050ec       0x94 /home/osboxes/fix_rttee_text/RT-TEE/edk2/Build/ArmVirtQemuKernel-AARCH64/DEBUG_GCC49/AARCH64/MdeModulePkg/Universal/Console/TerminalDxe/TerminalDxe/OUTPUT/TerminalDxe.lib(TerminalConIn.obj)
                0x00000000000050ec                TerminalConInReadKeyStrokeEx
 .text.TerminalConInSetState
                0x0000000000005180       0x4c /home/osboxes/fix_rttee_text/RT-TEE/edk2/Build/ArmVirtQemuKernel-AARCH64/DEBUG_GCC49/AARCH64/MdeModulePkg/Universal/Console/TerminalDxe/TerminalDxe/OUTPUT/TerminalDxe.lib(TerminalConIn.obj)
                0x0000000000005180                TerminalConInSetState
 .text.TerminalConInRegisterKeyNotify
                0x00000000000051cc      0x208 /home/osboxes/fix_rttee_text/RT-TEE/edk2/Build/ArmVirtQemuKernel-AARCH64/DEBUG_GCC49/AARCH64/MdeModulePkg/Universal/Console/TerminalDxe/TerminalDxe/OUTPUT/TerminalDxe.lib(TerminalConIn.obj)
                0x00000000000051cc                TerminalConInRegisterKeyNotify
 .text.TerminalConInUnregisterKeyNotify
                0x00000000000053d4      0x168 /home/osboxes/fix_rttee_text/RT-TEE/edk2/Build/ArmVirtQemuKernel-AARCH64/DEBUG_GCC49/AARCH64/MdeModulePkg/Universal/Console/TerminalDxe/TerminalDxe/OUTPUT/TerminalDxe.lib(TerminalConIn.obj)
                0x00000000000053d4                TerminalConInUnregisterKeyNotify
 .text.TranslateRawDataToEfiKey
                0x000000000000553c       0x60 /home/osboxes/fix_rttee_text/RT-TEE/edk2/Build/ArmVirtQemuKernel-AARCH64/DEBUG_GCC49/AARCH64/MdeModulePkg/Universal/Console/TerminalDxe/TerminalDxe/OUTPUT/TerminalDxe.lib(TerminalConIn.obj)
                0x000000000000553c                TranslateRawDataToEfiKey
 .text.TerminalConInWaitForKey
                0x000000000000559c       0x48 /home/osboxes/fix_rttee_text/RT-TEE/edk2/Build/ArmVirtQemuKernel-AARCH64/DEBUG_GCC49/AARCH64/MdeModulePkg/Universal/Console/TerminalDxe/TerminalDxe/OUTPUT/TerminalDxe.lib(TerminalConIn.obj)
                0x000000000000559c                TerminalConInWaitForKey
 .text.TerminalConInTimerHandler
                0x00000000000055e4      0x214 /home/osboxes/fix_rttee_text/RT-TEE/edk2/Build/ArmVirtQemuKernel-AARCH64/DEBUG_GCC49/AARCH64/MdeModulePkg/Universal/Console/TerminalDxe/TerminalDxe/OUTPUT/TerminalDxe.lib(TerminalConIn.obj)
                0x00000000000055e4                TerminalConInTimerHandler
 .text.KeyNotifyProcessHandler
                0x00000000000057f8      0x160 /home/osboxes/fix_rttee_text/RT-TEE/edk2/Build/ArmVirtQemuKernel-AARCH64/DEBUG_GCC49/AARCH64/MdeModulePkg/Universal/Console/TerminalDxe/TerminalDxe/OUTPUT/TerminalDxe.lib(TerminalConIn.obj)
                0x00000000000057f8                KeyNotifyProcessHandler
 .text.GetOneKeyFromSerial
                0x0000000000005958       0x9c /home/osboxes/fix_rttee_text/RT-TEE/edk2/Build/ArmVirtQemuKernel-AARCH64/DEBUG_GCC49/AARCH64/MdeModulePkg/Universal/Console/TerminalDxe/TerminalDxe/OUTPUT/TerminalDxe.lib(TerminalConIn.obj)
                0x0000000000005958                GetOneKeyFromSerial
 .text.RawFiFoInsertOneKey
                0x00000000000059f4       0xa8 /home/osboxes/fix_rttee_text/RT-TEE/edk2/Build/ArmVirtQemuKernel-AARCH64/DEBUG_GCC49/AARCH64/MdeModulePkg/Universal/Console/TerminalDxe/TerminalDxe/OUTPUT/TerminalDxe.lib(TerminalConIn.obj)
                0x00000000000059f4                RawFiFoInsertOneKey
 .text.RawFiFoRemoveOneKey
                0x0000000000005a9c       0xb4 /home/osboxes/fix_rttee_text/RT-TEE/edk2/Build/ArmVirtQemuKernel-AARCH64/DEBUG_GCC49/AARCH64/MdeModulePkg/Universal/Console/TerminalDxe/TerminalDxe/OUTPUT/TerminalDxe.lib(TerminalConIn.obj)
                0x0000000000005a9c                RawFiFoRemoveOneKey
 .text.IsRawFiFoEmpty
                0x0000000000005b50       0x3c /home/osboxes/fix_rttee_text/RT-TEE/edk2/Build/ArmVirtQemuKernel-AARCH64/DEBUG_GCC49/AARCH64/MdeModulePkg/Universal/Console/TerminalDxe/TerminalDxe/OUTPUT/TerminalDxe.lib(TerminalConIn.obj)
                0x0000000000005b50                IsRawFiFoEmpty
 .text.IsRawFiFoFull
                0x0000000000005b8c       0x7c /home/osboxes/fix_rttee_text/RT-TEE/edk2/Build/ArmVirtQemuKernel-AARCH64/DEBUG_GCC49/AARCH64/MdeModulePkg/Universal/Console/TerminalDxe/TerminalDxe/OUTPUT/TerminalDxe.lib(TerminalConIn.obj)
                0x0000000000005b8c                IsRawFiFoFull
 .text.EfiKeyFiFoForNotifyInsertOneKey
                0x0000000000005c08       0xa8 /home/osboxes/fix_rttee_text/RT-TEE/edk2/Build/ArmVirtQemuKernel-AARCH64/DEBUG_GCC49/AARCH64/MdeModulePkg/Universal/Console/TerminalDxe/TerminalDxe/OUTPUT/TerminalDxe.lib(TerminalConIn.obj)
                0x0000000000005c08                EfiKeyFiFoForNotifyInsertOneKey
 .text.EfiKeyFiFoForNotifyRemoveOneKey
                0x0000000000005cb0       0xf0 /home/osboxes/fix_rttee_text/RT-TEE/edk2/Build/ArmVirtQemuKernel-AARCH64/DEBUG_GCC49/AARCH64/MdeModulePkg/Universal/Console/TerminalDxe/TerminalDxe/OUTPUT/TerminalDxe.lib(TerminalConIn.obj)
                0x0000000000005cb0                EfiKeyFiFoForNotifyRemoveOneKey
 .text.IsEfiKeyFiFoForNotifyEmpty
                0x0000000000005da0       0x34 /home/osboxes/fix_rttee_text/RT-TEE/edk2/Build/ArmVirtQemuKernel-AARCH64/DEBUG_GCC49/AARCH64/MdeModulePkg/Universal/Console/TerminalDxe/TerminalDxe/OUTPUT/TerminalDxe.lib(TerminalConIn.obj)
                0x0000000000005da0                IsEfiKeyFiFoForNotifyEmpty
 .text.IsEfiKeyFiFoForNotifyFull
                0x0000000000005dd4       0x74 /home/osboxes/fix_rttee_text/RT-TEE/edk2/Build/ArmVirtQemuKernel-AARCH64/DEBUG_GCC49/AARCH64/MdeModulePkg/Universal/Console/TerminalDxe/TerminalDxe/OUTPUT/TerminalDxe.lib(TerminalConIn.obj)
                0x0000000000005dd4                IsEfiKeyFiFoForNotifyFull
 .text.EfiKeyFiFoInsertOneKey
                0x0000000000005e48      0x1b0 /home/osboxes/fix_rttee_text/RT-TEE/edk2/Build/ArmVirtQemuKernel-AARCH64/DEBUG_GCC49/AARCH64/MdeModulePkg/Universal/Console/TerminalDxe/TerminalDxe/OUTPUT/TerminalDxe.lib(TerminalConIn.obj)
                0x0000000000005e48                EfiKeyFiFoInsertOneKey
 .text.EfiKeyFiFoRemoveOneKey
                0x0000000000005ff8       0xfc /home/osboxes/fix_rttee_text/RT-TEE/edk2/Build/ArmVirtQemuKernel-AARCH64/DEBUG_GCC49/AARCH64/MdeModulePkg/Universal/Console/TerminalDxe/TerminalDxe/OUTPUT/TerminalDxe.lib(TerminalConIn.obj)
                0x0000000000005ff8                EfiKeyFiFoRemoveOneKey
 .text.IsEfiKeyFiFoEmpty
                0x00000000000060f4       0x3c /home/osboxes/fix_rttee_text/RT-TEE/edk2/Build/ArmVirtQemuKernel-AARCH64/DEBUG_GCC49/AARCH64/MdeModulePkg/Universal/Console/TerminalDxe/TerminalDxe/OUTPUT/TerminalDxe.lib(TerminalConIn.obj)
                0x00000000000060f4                IsEfiKeyFiFoEmpty
 .text.IsEfiKeyFiFoFull
                0x0000000000006130       0x7c /home/osboxes/fix_rttee_text/RT-TEE/edk2/Build/ArmVirtQemuKernel-AARCH64/DEBUG_GCC49/AARCH64/MdeModulePkg/Universal/Console/TerminalDxe/TerminalDxe/OUTPUT/TerminalDxe.lib(TerminalConIn.obj)
                0x0000000000006130                IsEfiKeyFiFoFull
 .text.UnicodeFiFoInsertOneKey
                0x00000000000061ac       0xe0 /home/osboxes/fix_rttee_text/RT-TEE/edk2/Build/ArmVirtQemuKernel-AARCH64/DEBUG_GCC49/AARCH64/MdeModulePkg/Universal/Console/TerminalDxe/TerminalDxe/OUTPUT/TerminalDxe.lib(TerminalConIn.obj)
                0x00000000000061ac                UnicodeFiFoInsertOneKey
 .text.UnicodeFiFoRemoveOneKey
                0x000000000000628c       0xc8 /home/osboxes/fix_rttee_text/RT-TEE/edk2/Build/ArmVirtQemuKernel-AARCH64/DEBUG_GCC49/AARCH64/MdeModulePkg/Universal/Console/TerminalDxe/TerminalDxe/OUTPUT/TerminalDxe.lib(TerminalConIn.obj)
                0x000000000000628c                UnicodeFiFoRemoveOneKey
 .text.IsUnicodeFiFoEmpty
                0x0000000000006354       0x3c /home/osboxes/fix_rttee_text/RT-TEE/edk2/Build/ArmVirtQemuKernel-AARCH64/DEBUG_GCC49/AARCH64/MdeModulePkg/Universal/Console/TerminalDxe/TerminalDxe/OUTPUT/TerminalDxe.lib(TerminalConIn.obj)
                0x0000000000006354                IsUnicodeFiFoEmpty
 .text.IsUnicodeFiFoFull
                0x0000000000006390       0x7c /home/osboxes/fix_rttee_text/RT-TEE/edk2/Build/ArmVirtQemuKernel-AARCH64/DEBUG_GCC49/AARCH64/MdeModulePkg/Universal/Console/TerminalDxe/TerminalDxe/OUTPUT/TerminalDxe.lib(TerminalConIn.obj)
                0x0000000000006390                IsUnicodeFiFoFull
 .text.UnicodeToEfiKeyFlushState
                0x000000000000640c      0x144 /home/osboxes/fix_rttee_text/RT-TEE/edk2/Build/ArmVirtQemuKernel-AARCH64/DEBUG_GCC49/AARCH64/MdeModulePkg/Universal/Console/TerminalDxe/TerminalDxe/OUTPUT/TerminalDxe.lib(TerminalConIn.obj)
                0x000000000000640c                UnicodeToEfiKeyFlushState
 .text.UnicodeToEfiKey
                0x0000000000006550      0xd88 /home/osboxes/fix_rttee_text/RT-TEE/edk2/Build/ArmVirtQemuKernel-AARCH64/DEBUG_GCC49/AARCH64/MdeModulePkg/Universal/Console/TerminalDxe/TerminalDxe/OUTPUT/TerminalDxe.lib(TerminalConIn.obj)
                0x0000000000006550                UnicodeToEfiKey
 .text.VTUTF8RawDataToUnicode
                0x00000000000072d8       0xa4 /home/osboxes/fix_rttee_text/RT-TEE/edk2/Build/ArmVirtQemuKernel-AARCH64/DEBUG_GCC49/AARCH64/MdeModulePkg/Universal/Console/TerminalDxe/TerminalDxe/OUTPUT/TerminalDxe.lib(Vtutf8.obj)
                0x00000000000072d8                VTUTF8RawDataToUnicode
 .text.GetOneValidUtf8Char
                0x000000000000737c      0x1c4 /home/osboxes/fix_rttee_text/RT-TEE/edk2/Build/ArmVirtQemuKernel-AARCH64/DEBUG_GCC49/AARCH64/MdeModulePkg/Universal/Console/TerminalDxe/TerminalDxe/OUTPUT/TerminalDxe.lib(Vtutf8.obj)
                0x000000000000737c                GetOneValidUtf8Char
 .text.Utf8ToUnicode
                0x0000000000007540      0x160 /home/osboxes/fix_rttee_text/RT-TEE/edk2/Build/ArmVirtQemuKernel-AARCH64/DEBUG_GCC49/AARCH64/MdeModulePkg/Universal/Console/TerminalDxe/TerminalDxe/OUTPUT/TerminalDxe.lib(Vtutf8.obj)
                0x0000000000007540                Utf8ToUnicode
 .text.UnicodeToUtf8
                0x00000000000076a0      0x150 /home/osboxes/fix_rttee_text/RT-TEE/edk2/Build/ArmVirtQemuKernel-AARCH64/DEBUG_GCC49/AARCH64/MdeModulePkg/Universal/Console/TerminalDxe/TerminalDxe/OUTPUT/TerminalDxe.lib(Vtutf8.obj)
                0x00000000000076a0                UnicodeToUtf8
 .text.VTUTF8TestString
                0x00000000000077f0       0x18 /home/osboxes/fix_rttee_text/RT-TEE/edk2/Build/ArmVirtQemuKernel-AARCH64/DEBUG_GCC49/AARCH64/MdeModulePkg/Universal/Console/TerminalDxe/TerminalDxe/OUTPUT/TerminalDxe.lib(Vtutf8.obj)
                0x00000000000077f0                VTUTF8TestString
 .text.AnsiRawDataToUnicode
                0x0000000000007808       0x68 /home/osboxes/fix_rttee_text/RT-TEE/edk2/Build/ArmVirtQemuKernel-AARCH64/DEBUG_GCC49/AARCH64/MdeModulePkg/Universal/Console/TerminalDxe/TerminalDxe/OUTPUT/TerminalDxe.lib(Ansi.obj)
                0x0000000000007808                AnsiRawDataToUnicode
 .text.AnsiTestString
                0x0000000000007870       0x94 /home/osboxes/fix_rttee_text/RT-TEE/edk2/Build/ArmVirtQemuKernel-AARCH64/DEBUG_GCC49/AARCH64/MdeModulePkg/Universal/Console/TerminalDxe/TerminalDxe/OUTPUT/TerminalDxe.lib(Ansi.obj)
                0x0000000000007870                AnsiTestString
 .text.InternalBaseLibIsListValid
                0x0000000000007904      0x144 /home/osboxes/fix_rttee_text/RT-TEE/edk2/Build/ArmVirtQemuKernel-AARCH64/DEBUG_GCC49/AARCH64/MdePkg/Library/BaseLib/BaseLib/OUTPUT/BaseLib.lib(LinkedList.obj)
                0x0000000000007904                InternalBaseLibIsListValid
 .text.IsNodeInList
                0x0000000000007a48      0x120 /home/osboxes/fix_rttee_text/RT-TEE/edk2/Build/ArmVirtQemuKernel-AARCH64/DEBUG_GCC49/AARCH64/MdePkg/Library/BaseLib/BaseLib/OUTPUT/BaseLib.lib(LinkedList.obj)
                0x0000000000007a48                IsNodeInList
 .text.InitializeListHead
                0x0000000000007b68       0x64 /home/osboxes/fix_rttee_text/RT-TEE/edk2/Build/ArmVirtQemuKernel-AARCH64/DEBUG_GCC49/AARCH64/MdePkg/Library/BaseLib/BaseLib/OUTPUT/BaseLib.lib(LinkedList.obj)
                0x0000000000007b68                InitializeListHead
 .text.InsertTailList
                0x0000000000007bcc       0xe8 /home/osboxes/fix_rttee_text/RT-TEE/edk2/Build/ArmVirtQemuKernel-AARCH64/DEBUG_GCC49/AARCH64/MdePkg/Library/BaseLib/BaseLib/OUTPUT/BaseLib.lib(LinkedList.obj)
                0x0000000000007bcc                InsertTailList
 .text.GetFirstNode
                0x0000000000007cb4       0x58 /home/osboxes/fix_rttee_text/RT-TEE/edk2/Build/ArmVirtQemuKernel-AARCH64/DEBUG_GCC49/AARCH64/MdePkg/Library/BaseLib/BaseLib/OUTPUT/BaseLib.lib(LinkedList.obj)
                0x0000000000007cb4                GetFirstNode
 .text.GetNextNode
                0x0000000000007d0c       0xb4 /home/osboxes/fix_rttee_text/RT-TEE/edk2/Build/ArmVirtQemuKernel-AARCH64/DEBUG_GCC49/AARCH64/MdePkg/Library/BaseLib/BaseLib/OUTPUT/BaseLib.lib(LinkedList.obj)
                0x0000000000007d0c                GetNextNode
 .text.IsListEmpty
                0x0000000000007dc0       0x68 /home/osboxes/fix_rttee_text/RT-TEE/edk2/Build/ArmVirtQemuKernel-AARCH64/DEBUG_GCC49/AARCH64/MdePkg/Library/BaseLib/BaseLib/OUTPUT/BaseLib.lib(LinkedList.obj)
                0x0000000000007dc0                IsListEmpty
 .text.IsNull   0x0000000000007e28       0xc0 /home/osboxes/fix_rttee_text/RT-TEE/edk2/Build/ArmVirtQemuKernel-AARCH64/DEBUG_GCC49/AARCH64/MdePkg/Library/BaseLib/BaseLib/OUTPUT/BaseLib.lib(LinkedList.obj)
                0x0000000000007e28                IsNull
 .text.RemoveEntryList
                0x0000000000007ee8       0x80 /home/osboxes/fix_rttee_text/RT-TEE/edk2/Build/ArmVirtQemuKernel-AARCH64/DEBUG_GCC49/AARCH64/MdePkg/Library/BaseLib/BaseLib/OUTPUT/BaseLib.lib(LinkedList.obj)
                0x0000000000007ee8                RemoveEntryList
 .text.StrLen   0x0000000000007f68      0x10c /home/osboxes/fix_rttee_text/RT-TEE/edk2/Build/ArmVirtQemuKernel-AARCH64/DEBUG_GCC49/AARCH64/MdePkg/Library/BaseLib/BaseLib/OUTPUT/BaseLib.lib(String.obj)
                0x0000000000007f68                StrLen
 .text.StrSize  0x0000000000008074       0x24 /home/osboxes/fix_rttee_text/RT-TEE/edk2/Build/ArmVirtQemuKernel-AARCH64/DEBUG_GCC49/AARCH64/MdePkg/Library/BaseLib/BaseLib/OUTPUT/BaseLib.lib(String.obj)
                0x0000000000008074                StrSize
 .text.InternalIsDecimalDigitCharacter
                0x0000000000008098       0x38 /home/osboxes/fix_rttee_text/RT-TEE/edk2/Build/ArmVirtQemuKernel-AARCH64/DEBUG_GCC49/AARCH64/MdePkg/Library/BaseLib/BaseLib/OUTPUT/BaseLib.lib(String.obj)
                0x0000000000008098                InternalIsDecimalDigitCharacter
 .text.StrDecimalToUintn
                0x00000000000080d0       0x2c /home/osboxes/fix_rttee_text/RT-TEE/edk2/Build/ArmVirtQemuKernel-AARCH64/DEBUG_GCC49/AARCH64/MdePkg/Library/BaseLib/BaseLib/OUTPUT/BaseLib.lib(String.obj)
                0x00000000000080d0                StrDecimalToUintn
 .text.AsciiStrLen
                0x00000000000080fc       0xd4 /home/osboxes/fix_rttee_text/RT-TEE/edk2/Build/ArmVirtQemuKernel-AARCH64/DEBUG_GCC49/AARCH64/MdePkg/Library/BaseLib/BaseLib/OUTPUT/BaseLib.lib(String.obj)
                0x00000000000080fc                AsciiStrLen
 .text.AsciiStrSize
                0x00000000000081d0       0x20 /home/osboxes/fix_rttee_text/RT-TEE/edk2/Build/ArmVirtQemuKernel-AARCH64/DEBUG_GCC49/AARCH64/MdePkg/Library/BaseLib/BaseLib/OUTPUT/BaseLib.lib(String.obj)
                0x00000000000081d0                AsciiStrSize
 .text.AsciiStrnCmp
                0x00000000000081f0      0x180 /home/osboxes/fix_rttee_text/RT-TEE/edk2/Build/ArmVirtQemuKernel-AARCH64/DEBUG_GCC49/AARCH64/MdePkg/Library/BaseLib/BaseLib/OUTPUT/BaseLib.lib(String.obj)
                0x00000000000081f0                AsciiStrnCmp
 .text.StrnLenS
                0x0000000000008370       0xc0 /home/osboxes/fix_rttee_text/RT-TEE/edk2/Build/ArmVirtQemuKernel-AARCH64/DEBUG_GCC49/AARCH64/MdePkg/Library/BaseLib/BaseLib/OUTPUT/BaseLib.lib(SafeString.obj)
                0x0000000000008370                StrnLenS
 .text.StrDecimalToUintnS
                0x0000000000008430      0x2f8 /home/osboxes/fix_rttee_text/RT-TEE/edk2/Build/ArmVirtQemuKernel-AARCH64/DEBUG_GCC49/AARCH64/MdePkg/Library/BaseLib/BaseLib/OUTPUT/BaseLib.lib(SafeString.obj)
                0x0000000000008430                StrDecimalToUintnS
 .text.AsciiStrnLenS
                0x0000000000008728       0x80 /home/osboxes/fix_rttee_text/RT-TEE/edk2/Build/ArmVirtQemuKernel-AARCH64/DEBUG_GCC49/AARCH64/MdePkg/Library/BaseLib/BaseLib/OUTPUT/BaseLib.lib(SafeString.obj)
                0x0000000000008728                AsciiStrnLenS
 .text.InternalMathDivRemU64x32
                0x00000000000087a8       0x50 /home/osboxes/fix_rttee_text/RT-TEE/edk2/Build/ArmVirtQemuKernel-AARCH64/DEBUG_GCC49/AARCH64/MdePkg/Library/BaseLib/BaseLib/OUTPUT/BaseLib.lib(Math64.obj)
                0x00000000000087a8                InternalMathDivRemU64x32
 .text.CopyGuid
                0x00000000000087f8       0x90 /home/osboxes/fix_rttee_text/RT-TEE/edk2/Build/ArmVirtQemuKernel-AARCH64/DEBUG_GCC49/AARCH64/MdePkg/Library/BaseMemoryLibOptDxe/BaseMemoryLibOptDxe/OUTPUT/BaseMemoryLibOptDxe.lib(MemLibGuid.obj)
                0x00000000000087f8                CopyGuid
 .text.CompareGuid
                0x0000000000008888       0x90 /home/osboxes/fix_rttee_text/RT-TEE/edk2/Build/ArmVirtQemuKernel-AARCH64/DEBUG_GCC49/AARCH64/MdePkg/Library/BaseMemoryLibOptDxe/BaseMemoryLibOptDxe/OUTPUT/BaseMemoryLibOptDxe.lib(MemLibGuid.obj)
                0x0000000000008888                CompareGuid
 .text.ZeroMem  0x0000000000008918       0xa8 /home/osboxes/fix_rttee_text/RT-TEE/edk2/Build/ArmVirtQemuKernel-AARCH64/DEBUG_GCC49/AARCH64/MdePkg/Library/BaseMemoryLibOptDxe/BaseMemoryLibOptDxe/OUTPUT/BaseMemoryLibOptDxe.lib(ZeroMemWrapper.obj)
                0x0000000000008918                ZeroMem
 .text.CompareMem
                0x00000000000089c0      0x138 /home/osboxes/fix_rttee_text/RT-TEE/edk2/Build/ArmVirtQemuKernel-AARCH64/DEBUG_GCC49/AARCH64/MdePkg/Library/BaseMemoryLibOptDxe/BaseMemoryLibOptDxe/OUTPUT/BaseMemoryLibOptDxe.lib(CompareMemWrapper.obj)
                0x00000000000089c0                CompareMem
 .text.CopyMem  0x0000000000008af8       0xd8 /home/osboxes/fix_rttee_text/RT-TEE/edk2/Build/ArmVirtQemuKernel-AARCH64/DEBUG_GCC49/AARCH64/MdePkg/Library/BaseMemoryLibOptDxe/BaseMemoryLibOptDxe/OUTPUT/BaseMemoryLibOptDxe.lib(CopyMemWrapper.obj)
                0x0000000000008af8                CopyMem
 .text          0x0000000000008bd0      0x200 /home/osboxes/fix_rttee_text/RT-TEE/edk2/Build/ArmVirtQemuKernel-AARCH64/DEBUG_GCC49/AARCH64/MdePkg/Library/BaseMemoryLibOptDxe/BaseMemoryLibOptDxe/OUTPUT/BaseMemoryLibOptDxe.lib(SetMem.obj)
                0x0000000000008bd0                InternalMemSetMem16
                0x0000000000008bdc                InternalMemSetMem32
                0x0000000000008be8                InternalMemSetMem64
                0x0000000000008bf4                InternalMemZeroMem
                0x0000000000008bfc                InternalMemSetMem
 .text          0x0000000000008dd0      0x218 /home/osboxes/fix_rttee_text/RT-TEE/edk2/Build/ArmVirtQemuKernel-AARCH64/DEBUG_GCC49/AARCH64/MdePkg/Library/BaseMemoryLibOptDxe/BaseMemoryLibOptDxe/OUTPUT/BaseMemoryLibOptDxe.lib(CopyMem.obj)
                0x0000000000008f3c                InternalMemCopyMem
 *fill*         0x0000000000008fe8       0x18 
 .text          0x0000000000009000       0xe0 /home/osboxes/fix_rttee_text/RT-TEE/edk2/Build/ArmVirtQemuKernel-AARCH64/DEBUG_GCC49/AARCH64/MdePkg/Library/BaseMemoryLibOptDxe/BaseMemoryLibOptDxe/OUTPUT/BaseMemoryLibOptDxe.lib(CompareMem.obj)
                0x0000000000009000                InternalMemCompareMem
 .text          0x00000000000090e0       0x20 /home/osboxes/fix_rttee_text/RT-TEE/edk2/Build/ArmVirtQemuKernel-AARCH64/DEBUG_GCC49/AARCH64/MdePkg/Library/BaseMemoryLibOptDxe/BaseMemoryLibOptDxe/OUTPUT/BaseMemoryLibOptDxe.lib(CompareGuid.obj)
                0x00000000000090e0                InternalMemCompareGuid
 .text.HobLibConstructor
                0x0000000000009100       0xbc /home/osboxes/fix_rttee_text/RT-TEE/edk2/Build/ArmVirtQemuKernel-AARCH64/DEBUG_GCC49/AARCH64/ArmVirtPkg/Library/ArmVirtDxeHobLib/ArmVirtDxeHobLib/OUTPUT/ArmVirtDxeHobLib.lib(HobLib.obj)
                0x0000000000009100                HobLibConstructor
 .text.GetHobList
                0x00000000000091bc       0x34 /home/osboxes/fix_rttee_text/RT-TEE/edk2/Build/ArmVirtQemuKernel-AARCH64/DEBUG_GCC49/AARCH64/ArmVirtPkg/Library/ArmVirtDxeHobLib/ArmVirtDxeHobLib/OUTPUT/ArmVirtDxeHobLib.lib(HobLib.obj)
                0x00000000000091bc                GetHobList
 .text.GetNextHob
                0x00000000000091f0       0x8c /home/osboxes/fix_rttee_text/RT-TEE/edk2/Build/ArmVirtQemuKernel-AARCH64/DEBUG_GCC49/AARCH64/ArmVirtPkg/Library/ArmVirtDxeHobLib/ArmVirtDxeHobLib/OUTPUT/ArmVirtDxeHobLib.lib(HobLib.obj)
                0x00000000000091f0                GetNextHob
 .text.GetNextGuidHob
                0x000000000000927c       0x90 /home/osboxes/fix_rttee_text/RT-TEE/edk2/Build/ArmVirtQemuKernel-AARCH64/DEBUG_GCC49/AARCH64/ArmVirtPkg/Library/ArmVirtDxeHobLib/ArmVirtDxeHobLib/OUTPUT/ArmVirtDxeHobLib.lib(HobLib.obj)
                0x000000000000927c                GetNextGuidHob
 .text.GetFirstGuidHob
                0x000000000000930c       0x28 /home/osboxes/fix_rttee_text/RT-TEE/edk2/Build/ArmVirtQemuKernel-AARCH64/DEBUG_GCC49/AARCH64/ArmVirtPkg/Library/ArmVirtDxeHobLib/ArmVirtDxeHobLib/OUTPUT/ArmVirtDxeHobLib.lib(HobLib.obj)
                0x000000000000930c                GetFirstGuidHob
 .text.SerialPortInitialize
                0x0000000000009334        0x8 /home/osboxes/fix_rttee_text/RT-TEE/edk2/Build/ArmVirtQemuKernel-AARCH64/DEBUG_GCC49/AARCH64/ArmVirtPkg/Library/FdtPL011SerialPortLib/FdtPL011SerialPortLib/OUTPUT/FdtPL011SerialPortLib.lib(FdtPL011SerialPortLib.obj)
                0x0000000000009334                SerialPortInitialize
 .text.FdtPL011SerialPortLibInitialize
                0x000000000000933c      0x114 /home/osboxes/fix_rttee_text/RT-TEE/edk2/Build/ArmVirtQemuKernel-AARCH64/DEBUG_GCC49/AARCH64/ArmVirtPkg/Library/FdtPL011SerialPortLib/FdtPL011SerialPortLib/OUTPUT/FdtPL011SerialPortLib.lib(FdtPL011SerialPortLib.obj)
                0x000000000000933c                FdtPL011SerialPortLibInitialize
 .text.SerialPortWrite
                0x0000000000009450       0x4c /home/osboxes/fix_rttee_text/RT-TEE/edk2/Build/ArmVirtQemuKernel-AARCH64/DEBUG_GCC49/AARCH64/ArmVirtPkg/Library/FdtPL011SerialPortLib/FdtPL011SerialPortLib/OUTPUT/FdtPL011SerialPortLib.lib(FdtPL011SerialPortLib.obj)
                0x0000000000009450                SerialPortWrite
 .text.BaseDebugLibSerialPortConstructor
                0x000000000000949c       0x14 /home/osboxes/fix_rttee_text/RT-TEE/edk2/Build/ArmVirtQemuKernel-AARCH64/DEBUG_GCC49/AARCH64/MdePkg/Library/BaseDebugLibSerialPort/BaseDebugLibSerialPort/OUTPUT/BaseDebugLibSerialPort.lib(DebugLib.obj)
                0x000000000000949c                BaseDebugLibSerialPortConstructor
 .text.DebugPrint
                0x00000000000094b0       0xe4 /home/osboxes/fix_rttee_text/RT-TEE/edk2/Build/ArmVirtQemuKernel-AARCH64/DEBUG_GCC49/AARCH64/MdePkg/Library/BaseDebugLibSerialPort/BaseDebugLibSerialPort/OUTPUT/BaseDebugLibSerialPort.lib(DebugLib.obj)
                0x00000000000094b0                DebugPrint
 .text.DebugAssert
                0x0000000000009594       0xa4 /home/osboxes/fix_rttee_text/RT-TEE/edk2/Build/ArmVirtQemuKernel-AARCH64/DEBUG_GCC49/AARCH64/MdePkg/Library/BaseDebugLibSerialPort/BaseDebugLibSerialPort/OUTPUT/BaseDebugLibSerialPort.lib(DebugLib.obj)
                0x0000000000009594                DebugAssert
 .text.DebugAssertEnabled
                0x0000000000009638       0x20 /home/osboxes/fix_rttee_text/RT-TEE/edk2/Build/ArmVirtQemuKernel-AARCH64/DEBUG_GCC49/AARCH64/MdePkg/Library/BaseDebugLibSerialPort/BaseDebugLibSerialPort/OUTPUT/BaseDebugLibSerialPort.lib(DebugLib.obj)
                0x0000000000009638                DebugAssertEnabled
 .text.DebugPrintEnabled
                0x0000000000009658       0x20 /home/osboxes/fix_rttee_text/RT-TEE/edk2/Build/ArmVirtQemuKernel-AARCH64/DEBUG_GCC49/AARCH64/MdePkg/Library/BaseDebugLibSerialPort/BaseDebugLibSerialPort/OUTPUT/BaseDebugLibSerialPort.lib(DebugLib.obj)
                0x0000000000009658                DebugPrintEnabled
 .text.DebugCodeEnabled
                0x0000000000009678       0x20 /home/osboxes/fix_rttee_text/RT-TEE/edk2/Build/ArmVirtQemuKernel-AARCH64/DEBUG_GCC49/AARCH64/MdePkg/Library/BaseDebugLibSerialPort/BaseDebugLibSerialPort/OUTPUT/BaseDebugLibSerialPort.lib(DebugLib.obj)
                0x0000000000009678                DebugCodeEnabled
 .text.DebugPrintLevelEnabled
                0x0000000000009698       0x34 /home/osboxes/fix_rttee_text/RT-TEE/edk2/Build/ArmVirtQemuKernel-AARCH64/DEBUG_GCC49/AARCH64/MdePkg/Library/BaseDebugLibSerialPort/BaseDebugLibSerialPort/OUTPUT/BaseDebugLibSerialPort.lib(DebugLib.obj)
                0x0000000000009698                DebugPrintLevelEnabled
 .text.UefiBootServicesTableLibConstructor
                0x00000000000096cc      0x104 /home/osboxes/fix_rttee_text/RT-TEE/edk2/Build/ArmVirtQemuKernel-AARCH64/DEBUG_GCC49/AARCH64/MdePkg/Library/UefiBootServicesTableLib/UefiBootServicesTableLib/OUTPUT/UefiBootServicesTableLib.lib(UefiBootServicesTableLib.obj)
                0x00000000000096cc                UefiBootServicesTableLibConstructor
 .text.InternalAllocatePool
                0x00000000000097d0       0x54 /home/osboxes/fix_rttee_text/RT-TEE/edk2/Build/ArmVirtQemuKernel-AARCH64/DEBUG_GCC49/AARCH64/MdePkg/Library/UefiMemoryAllocationLib/UefiMemoryAllocationLib/OUTPUT/UefiMemoryAllocationLib.lib(MemoryAllocationLib.obj)
                0x00000000000097d0                InternalAllocatePool
 .text.AllocatePool
                0x0000000000009824       0x20 /home/osboxes/fix_rttee_text/RT-TEE/edk2/Build/ArmVirtQemuKernel-AARCH64/DEBUG_GCC49/AARCH64/MdePkg/Library/UefiMemoryAllocationLib/UefiMemoryAllocationLib/OUTPUT/UefiMemoryAllocationLib.lib(MemoryAllocationLib.obj)
                0x0000000000009824                AllocatePool
 .text.InternalAllocateZeroPool
                0x0000000000009844       0x48 /home/osboxes/fix_rttee_text/RT-TEE/edk2/Build/ArmVirtQemuKernel-AARCH64/DEBUG_GCC49/AARCH64/MdePkg/Library/UefiMemoryAllocationLib/UefiMemoryAllocationLib/OUTPUT/UefiMemoryAllocationLib.lib(MemoryAllocationLib.obj)
                0x0000000000009844                InternalAllocateZeroPool
 .text.AllocateZeroPool
                0x000000000000988c       0x20 /home/osboxes/fix_rttee_text/RT-TEE/edk2/Build/ArmVirtQemuKernel-AARCH64/DEBUG_GCC49/AARCH64/MdePkg/Library/UefiMemoryAllocationLib/UefiMemoryAllocationLib/OUTPUT/UefiMemoryAllocationLib.lib(MemoryAllocationLib.obj)
                0x000000000000988c                AllocateZeroPool
 .text.InternalAllocateCopyPool
                0x00000000000098ac       0xc0 /home/osboxes/fix_rttee_text/RT-TEE/edk2/Build/ArmVirtQemuKernel-AARCH64/DEBUG_GCC49/AARCH64/MdePkg/Library/UefiMemoryAllocationLib/UefiMemoryAllocationLib/OUTPUT/UefiMemoryAllocationLib.lib(MemoryAllocationLib.obj)
                0x00000000000098ac                InternalAllocateCopyPool
 .text.AllocateCopyPool
                0x000000000000996c       0x28 /home/osboxes/fix_rttee_text/RT-TEE/edk2/Build/ArmVirtQemuKernel-AARCH64/DEBUG_GCC49/AARCH64/MdePkg/Library/UefiMemoryAllocationLib/UefiMemoryAllocationLib/OUTPUT/UefiMemoryAllocationLib.lib(MemoryAllocationLib.obj)
                0x000000000000996c                AllocateCopyPool
 .text.FreePool
                0x0000000000009994       0xa0 /home/osboxes/fix_rttee_text/RT-TEE/edk2/Build/ArmVirtQemuKernel-AARCH64/DEBUG_GCC49/AARCH64/MdePkg/Library/UefiMemoryAllocationLib/UefiMemoryAllocationLib/OUTPUT/UefiMemoryAllocationLib.lib(MemoryAllocationLib.obj)
                0x0000000000009994                FreePool
 .text.UefiRuntimeServicesTableLibConstructor
                0x0000000000009a34       0x6c /home/osboxes/fix_rttee_text/RT-TEE/edk2/Build/ArmVirtQemuKernel-AARCH64/DEBUG_GCC49/AARCH64/MdePkg/Library/UefiRuntimeServicesTableLib/UefiRuntimeServicesTableLib/OUTPUT/UefiRuntimeServicesTableLib.lib(UefiRuntimeServicesTableLib.obj)
                0x0000000000009a34                UefiRuntimeServicesTableLibConstructor
 .text.DevicePathLibConstructor
                0x0000000000009aa0       0xf0 /home/osboxes/fix_rttee_text/RT-TEE/edk2/Build/ArmVirtQemuKernel-AARCH64/DEBUG_GCC49/AARCH64/MdePkg/Library/UefiDevicePathLibDevicePathProtocol/UefiDevicePathLibDevicePathProtocol/OUTPUT/UefiDevicePathLibDevicePathProtocol.lib(UefiDevicePathLib.obj)
                0x0000000000009aa0                DevicePathLibConstructor
 .text.DevicePathType
                0x0000000000009b90       0x50 /home/osboxes/fix_rttee_text/RT-TEE/edk2/Build/ArmVirtQemuKernel-AARCH64/DEBUG_GCC49/AARCH64/MdePkg/Library/UefiDevicePathLibDevicePathProtocol/UefiDevicePathLibDevicePathProtocol/OUTPUT/UefiDevicePathLibDevicePathProtocol.lib(UefiDevicePathLib.obj)
                0x0000000000009b90                DevicePathType
 .text.DevicePathSubType
                0x0000000000009be0       0x50 /home/osboxes/fix_rttee_text/RT-TEE/edk2/Build/ArmVirtQemuKernel-AARCH64/DEBUG_GCC49/AARCH64/MdePkg/Library/UefiDevicePathLibDevicePathProtocol/UefiDevicePathLibDevicePathProtocol/OUTPUT/UefiDevicePathLibDevicePathProtocol.lib(UefiDevicePathLib.obj)
                0x0000000000009be0                DevicePathSubType
 .text.DevicePathNodeLength
                0x0000000000009c30       0x5c /home/osboxes/fix_rttee_text/RT-TEE/edk2/Build/ArmVirtQemuKernel-AARCH64/DEBUG_GCC49/AARCH64/MdePkg/Library/UefiDevicePathLibDevicePathProtocol/UefiDevicePathLibDevicePathProtocol/OUTPUT/UefiDevicePathLibDevicePathProtocol.lib(UefiDevicePathLib.obj)
                0x0000000000009c30                DevicePathNodeLength
 .text.NextDevicePathNode
                0x0000000000009c8c       0x5c /home/osboxes/fix_rttee_text/RT-TEE/edk2/Build/ArmVirtQemuKernel-AARCH64/DEBUG_GCC49/AARCH64/MdePkg/Library/UefiDevicePathLibDevicePathProtocol/UefiDevicePathLibDevicePathProtocol/OUTPUT/UefiDevicePathLibDevicePathProtocol.lib(UefiDevicePathLib.obj)
                0x0000000000009c8c                NextDevicePathNode
 .text.IsDevicePathEndType
                0x0000000000009ce8       0x60 /home/osboxes/fix_rttee_text/RT-TEE/edk2/Build/ArmVirtQemuKernel-AARCH64/DEBUG_GCC49/AARCH64/MdePkg/Library/UefiDevicePathLibDevicePathProtocol/UefiDevicePathLibDevicePathProtocol/OUTPUT/UefiDevicePathLibDevicePathProtocol.lib(UefiDevicePathLib.obj)
                0x0000000000009ce8                IsDevicePathEndType
 .text.IsDevicePathEnd
                0x0000000000009d48       0x80 /home/osboxes/fix_rttee_text/RT-TEE/edk2/Build/ArmVirtQemuKernel-AARCH64/DEBUG_GCC49/AARCH64/MdePkg/Library/UefiDevicePathLibDevicePathProtocol/UefiDevicePathLibDevicePathProtocol/OUTPUT/UefiDevicePathLibDevicePathProtocol.lib(UefiDevicePathLib.obj)
                0x0000000000009d48                IsDevicePathEnd
 .text.SetDevicePathNodeLength
                0x0000000000009dc8       0xa8 /home/osboxes/fix_rttee_text/RT-TEE/edk2/Build/ArmVirtQemuKernel-AARCH64/DEBUG_GCC49/AARCH64/MdePkg/Library/UefiDevicePathLibDevicePathProtocol/UefiDevicePathLibDevicePathProtocol/OUTPUT/UefiDevicePathLibDevicePathProtocol.lib(UefiDevicePathLib.obj)
                0x0000000000009dc8                SetDevicePathNodeLength
 .text.GetDevicePathSize
                0x0000000000009e70       0x2c /home/osboxes/fix_rttee_text/RT-TEE/edk2/Build/ArmVirtQemuKernel-AARCH64/DEBUG_GCC49/AARCH64/MdePkg/Library/UefiDevicePathLibDevicePathProtocol/UefiDevicePathLibDevicePathProtocol/OUTPUT/UefiDevicePathLibDevicePathProtocol.lib(UefiDevicePathLib.obj)
                0x0000000000009e70                GetDevicePathSize
 .text.AppendDevicePathNode
                0x0000000000009e9c       0x34 /home/osboxes/fix_rttee_text/RT-TEE/edk2/Build/ArmVirtQemuKernel-AARCH64/DEBUG_GCC49/AARCH64/MdePkg/Library/UefiDevicePathLibDevicePathProtocol/UefiDevicePathLibDevicePathProtocol/OUTPUT/UefiDevicePathLibDevicePathProtocol.lib(UefiDevicePathLib.obj)
                0x0000000000009e9c                AppendDevicePathNode
 .text.AppendDevicePathInstance
                0x0000000000009ed0       0x34 /home/osboxes/fix_rttee_text/RT-TEE/edk2/Build/ArmVirtQemuKernel-AARCH64/DEBUG_GCC49/AARCH64/MdePkg/Library/UefiDevicePathLibDevicePathProtocol/UefiDevicePathLibDevicePathProtocol/OUTPUT/UefiDevicePathLibDevicePathProtocol.lib(UefiDevicePathLib.obj)
                0x0000000000009ed0                AppendDevicePathInstance
 .text.GetNextDevicePathInstance
                0x0000000000009f04       0x68 /home/osboxes/fix_rttee_text/RT-TEE/edk2/Build/ArmVirtQemuKernel-AARCH64/DEBUG_GCC49/AARCH64/MdePkg/Library/UefiDevicePathLibDevicePathProtocol/UefiDevicePathLibDevicePathProtocol/OUTPUT/UefiDevicePathLibDevicePathProtocol.lib(UefiDevicePathLib.obj)
                0x0000000000009f04                GetNextDevicePathInstance
 .text.ReportStatusCodeWithDevicePath
                0x0000000000009f6c       0x54 /home/osboxes/fix_rttee_text/RT-TEE/edk2/Build/ArmVirtQemuKernel-AARCH64/DEBUG_GCC49/AARCH64/MdePkg/Library/BaseReportStatusCodeLibNull/BaseReportStatusCodeLibNull/OUTPUT/BaseReportStatusCodeLibNull.lib(BaseReportStatusCodeLib.obj)
                0x0000000000009f6c                ReportStatusCodeWithDevicePath
 .text.ReportStatusCodeEx
                0x0000000000009fc0       0x2c /home/osboxes/fix_rttee_text/RT-TEE/edk2/Build/ArmVirtQemuKernel-AARCH64/DEBUG_GCC49/AARCH64/MdePkg/Library/BaseReportStatusCodeLibNull/BaseReportStatusCodeLibNull/OUTPUT/BaseReportStatusCodeLibNull.lib(BaseReportStatusCodeLib.obj)
                0x0000000000009fc0                ReportStatusCodeEx
 .text.ReportProgressCodeEnabled
                0x0000000000009fec        0x8 /home/osboxes/fix_rttee_text/RT-TEE/edk2/Build/ArmVirtQemuKernel-AARCH64/DEBUG_GCC49/AARCH64/MdePkg/Library/BaseReportStatusCodeLibNull/BaseReportStatusCodeLibNull/OUTPUT/BaseReportStatusCodeLibNull.lib(BaseReportStatusCodeLib.obj)
                0x0000000000009fec                ReportProgressCodeEnabled
 .text.ReportErrorCodeEnabled
                0x0000000000009ff4        0x8 /home/osboxes/fix_rttee_text/RT-TEE/edk2/Build/ArmVirtQemuKernel-AARCH64/DEBUG_GCC49/AARCH64/MdePkg/Library/BaseReportStatusCodeLibNull/BaseReportStatusCodeLibNull/OUTPUT/BaseReportStatusCodeLibNull.lib(BaseReportStatusCodeLib.obj)
                0x0000000000009ff4                ReportErrorCodeEnabled
 .text.ReportDebugCodeEnabled
                0x0000000000009ffc        0x8 /home/osboxes/fix_rttee_text/RT-TEE/edk2/Build/ArmVirtQemuKernel-AARCH64/DEBUG_GCC49/AARCH64/MdePkg/Library/BaseReportStatusCodeLibNull/BaseReportStatusCodeLibNull/OUTPUT/BaseReportStatusCodeLibNull.lib(BaseReportStatusCodeLib.obj)
                0x0000000000009ffc                ReportDebugCodeEnabled
 .text.EfiLibInstallDriverBindingComponentName2
                0x000000000000a004      0x254 /home/osboxes/fix_rttee_text/RT-TEE/edk2/Build/ArmVirtQemuKernel-AARCH64/DEBUG_GCC49/AARCH64/MdePkg/Library/UefiLib/UefiLib/OUTPUT/UefiLib.lib(UefiDriverModel.obj)
                0x000000000000a004                EfiLibInstallDriverBindingComponentName2
 .text.UefiLibConstructor
                0x000000000000a258       0x18 /home/osboxes/fix_rttee_text/RT-TEE/edk2/Build/ArmVirtQemuKernel-AARCH64/DEBUG_GCC49/AARCH64/MdePkg/Library/UefiLib/UefiLib/OUTPUT/UefiLib.lib(UefiLib.obj)
                0x000000000000a258                UefiLibConstructor
 .text.CompareIso639LanguageCode
                0x000000000000a270       0x44 /home/osboxes/fix_rttee_text/RT-TEE/edk2/Build/ArmVirtQemuKernel-AARCH64/DEBUG_GCC49/AARCH64/MdePkg/Library/UefiLib/UefiLib/OUTPUT/UefiLib.lib(UefiLib.obj)
                0x000000000000a270                CompareIso639LanguageCode
 .text.EfiTestManagedDevice
                0x000000000000a2b4       0xdc /home/osboxes/fix_rttee_text/RT-TEE/edk2/Build/ArmVirtQemuKernel-AARCH64/DEBUG_GCC49/AARCH64/MdePkg/Library/UefiLib/UefiLib/OUTPUT/UefiLib.lib(UefiLib.obj)
                0x000000000000a2b4                EfiTestManagedDevice
 .text.EfiTestChildHandle
                0x000000000000a390      0x12c /home/osboxes/fix_rttee_text/RT-TEE/edk2/Build/ArmVirtQemuKernel-AARCH64/DEBUG_GCC49/AARCH64/MdePkg/Library/UefiLib/UefiLib/OUTPUT/UefiLib.lib(UefiLib.obj)
                0x000000000000a390                EfiTestChildHandle
 .text.LookupUnicodeString2
                0x000000000000a4bc      0x29c /home/osboxes/fix_rttee_text/RT-TEE/edk2/Build/ArmVirtQemuKernel-AARCH64/DEBUG_GCC49/AARCH64/MdePkg/Library/UefiLib/UefiLib/OUTPUT/UefiLib.lib(UefiLib.obj)
                0x000000000000a4bc                LookupUnicodeString2
 .text.AddUnicodeString2
                0x000000000000a758      0x468 /home/osboxes/fix_rttee_text/RT-TEE/edk2/Build/ArmVirtQemuKernel-AARCH64/DEBUG_GCC49/AARCH64/MdePkg/Library/UefiLib/UefiLib/OUTPUT/UefiLib.lib(UefiLib.obj)
                0x000000000000a758                AddUnicodeString2
 .text.FreeUnicodeStringTable
                0x000000000000abc0       0xb0 /home/osboxes/fix_rttee_text/RT-TEE/edk2/Build/ArmVirtQemuKernel-AARCH64/DEBUG_GCC49/AARCH64/MdePkg/Library/UefiLib/UefiLib/OUTPUT/UefiLib.lib(UefiLib.obj)
                0x000000000000abc0                FreeUnicodeStringTable
 .text.GetVariable2
                0x000000000000ac70      0x1bc /home/osboxes/fix_rttee_text/RT-TEE/edk2/Build/ArmVirtQemuKernel-AARCH64/DEBUG_GCC49/AARCH64/MdePkg/Library/UefiLib/UefiLib/OUTPUT/UefiLib.lib(UefiLib.obj)
                0x000000000000ac70                GetVariable2
 .text.GetEfiGlobalVariable2
                0x000000000000ae2c       0x34 /home/osboxes/fix_rttee_text/RT-TEE/edk2/Build/ArmVirtQemuKernel-AARCH64/DEBUG_GCC49/AARCH64/MdePkg/Library/UefiLib/UefiLib/OUTPUT/UefiLib.lib(UefiLib.obj)
                0x000000000000ae2c                GetEfiGlobalVariable2
 .text.CpuDeadLoop
                0x000000000000ae60       0x24 /home/osboxes/fix_rttee_text/RT-TEE/edk2/Build/ArmVirtQemuKernel-AARCH64/DEBUG_GCC49/AARCH64/MdePkg/Library/BaseLib/BaseLib/OUTPUT/BaseLib.lib(CpuDeadLoop.obj)
                0x000000000000ae60                CpuDeadLoop
 .text.ReadUnaligned16
                0x000000000000ae84       0x88 /home/osboxes/fix_rttee_text/RT-TEE/edk2/Build/ArmVirtQemuKernel-AARCH64/DEBUG_GCC49/AARCH64/MdePkg/Library/BaseLib/BaseLib/OUTPUT/BaseLib.lib(Unaligned.obj)
                0x000000000000ae84                ReadUnaligned16
 .text.WriteUnaligned16
                0x000000000000af0c       0x7c /home/osboxes/fix_rttee_text/RT-TEE/edk2/Build/ArmVirtQemuKernel-AARCH64/DEBUG_GCC49/AARCH64/MdePkg/Library/BaseLib/BaseLib/OUTPUT/BaseLib.lib(Unaligned.obj)
                0x000000000000af0c                WriteUnaligned16
 .text.ReadUnaligned24
                0x000000000000af88       0x6c /home/osboxes/fix_rttee_text/RT-TEE/edk2/Build/ArmVirtQemuKernel-AARCH64/DEBUG_GCC49/AARCH64/MdePkg/Library/BaseLib/BaseLib/OUTPUT/BaseLib.lib(Unaligned.obj)
                0x000000000000af88                ReadUnaligned24
 .text.ReadUnaligned32
                0x000000000000aff4       0x74 /home/osboxes/fix_rttee_text/RT-TEE/edk2/Build/ArmVirtQemuKernel-AARCH64/DEBUG_GCC49/AARCH64/MdePkg/Library/BaseLib/BaseLib/OUTPUT/BaseLib.lib(Unaligned.obj)
                0x000000000000aff4                ReadUnaligned32
 .text          0x000000000000b068        0x8 /home/osboxes/fix_rttee_text/RT-TEE/edk2/Build/ArmVirtQemuKernel-AARCH64/DEBUG_GCC49/AARCH64/MdePkg/Library/BaseLib/BaseLib/OUTPUT/BaseLib.lib(CpuBreakpoint.obj)
                0x000000000000b068                CpuBreakpoint
 .text.PL011UartInitializePort
                0x000000000000b070      0x3b0 /home/osboxes/fix_rttee_text/RT-TEE/edk2/Build/ArmVirtQemuKernel-AARCH64/DEBUG_GCC49/AARCH64/ArmPlatformPkg/Library/PL011UartLib/PL011UartLib/OUTPUT/PL011UartLib.lib(PL011UartLib.obj)
                0x000000000000b070                PL011UartInitializePort
 .text.PL011UartWrite
                0x000000000000b420       0x7c /home/osboxes/fix_rttee_text/RT-TEE/edk2/Build/ArmVirtQemuKernel-AARCH64/DEBUG_GCC49/AARCH64/ArmPlatformPkg/Library/PL011UartLib/PL011UartLib/OUTPUT/PL011UartLib.lib(PL011UartLib.obj)
                0x000000000000b420                PL011UartWrite
 .text.GetDebugPrintErrorLevel
                0x000000000000b49c       0x10 /home/osboxes/fix_rttee_text/RT-TEE/edk2/Build/ArmVirtQemuKernel-AARCH64/DEBUG_GCC49/AARCH64/MdePkg/Library/BaseDebugPrintErrorLevelLib/BaseDebugPrintErrorLevelLib/OUTPUT/BaseDebugPrintErrorLevelLib.lib(BaseDebugPrintErrorLevelLib.obj)
                0x000000000000b49c                GetDebugPrintErrorLevel
 .text.AsciiVSPrint
                0x000000000000b4ac       0x68 /home/osboxes/fix_rttee_text/RT-TEE/edk2/Build/ArmVirtQemuKernel-AARCH64/DEBUG_GCC49/AARCH64/MdePkg/Library/BasePrintLib/BasePrintLib/OUTPUT/BasePrintLib.lib(PrintLib.obj)
                0x000000000000b4ac                AsciiVSPrint
 .text.AsciiSPrint
                0x000000000000b514       0x94 /home/osboxes/fix_rttee_text/RT-TEE/edk2/Build/ArmVirtQemuKernel-AARCH64/DEBUG_GCC49/AARCH64/MdePkg/Library/BasePrintLib/BasePrintLib/OUTPUT/BasePrintLib.lib(PrintLib.obj)
                0x000000000000b514                AsciiSPrint
 .text.BasePrintLibFillBuffer
                0x000000000000b5a8       0x9c /home/osboxes/fix_rttee_text/RT-TEE/edk2/Build/ArmVirtQemuKernel-AARCH64/DEBUG_GCC49/AARCH64/MdePkg/Library/BasePrintLib/BasePrintLib/OUTPUT/BasePrintLib.lib(PrintLibInternal.obj)
                0x000000000000b5a8                BasePrintLibFillBuffer
 .text.BasePrintLibValueToString
                0x000000000000b644       0x7c /home/osboxes/fix_rttee_text/RT-TEE/edk2/Build/ArmVirtQemuKernel-AARCH64/DEBUG_GCC49/AARCH64/MdePkg/Library/BasePrintLib/BasePrintLib/OUTPUT/BasePrintLib.lib(PrintLibInternal.obj)
                0x000000000000b644                BasePrintLibValueToString
 .text.BasePrintLibSPrintMarker
                0x000000000000b6c0     0x1bcc /home/osboxes/fix_rttee_text/RT-TEE/edk2/Build/ArmVirtQemuKernel-AARCH64/DEBUG_GCC49/AARCH64/MdePkg/Library/BasePrintLib/BasePrintLib/OUTPUT/BasePrintLib.lib(PrintLibInternal.obj)
                0x000000000000b6c0                BasePrintLibSPrintMarker
 .text.BasePrintLibSPrint
                0x000000000000d28c       0x9c /home/osboxes/fix_rttee_text/RT-TEE/edk2/Build/ArmVirtQemuKernel-AARCH64/DEBUG_GCC49/AARCH64/MdePkg/Library/BasePrintLib/BasePrintLib/OUTPUT/BasePrintLib.lib(PrintLibInternal.obj)
                0x000000000000d28c                BasePrintLibSPrint
 .text.DivU64x32Remainder
                0x000000000000d328       0x60 /home/osboxes/fix_rttee_text/RT-TEE/edk2/Build/ArmVirtQemuKernel-AARCH64/DEBUG_GCC49/AARCH64/MdePkg/Library/BaseLib/BaseLib/OUTPUT/BaseLib.lib(DivU64x32Remainder.obj)
                0x000000000000d328                DivU64x32Remainder
 .text.MmioWrite8
                0x000000000000d388       0x28 /home/osboxes/fix_rttee_text/RT-TEE/edk2/Build/ArmVirtQemuKernel-AARCH64/DEBUG_GCC49/AARCH64/MdePkg/Library/BaseIoLibIntrinsic/BaseIoLibIntrinsicArmVirt/OUTPUT/BaseIoLibIntrinsicArmVirt.lib(IoLibArmVirt.obj)
                0x000000000000d388                MmioWrite8
 .text.MmioRead32
                0x000000000000d3b0       0x54 /home/osboxes/fix_rttee_text/RT-TEE/edk2/Build/ArmVirtQemuKernel-AARCH64/DEBUG_GCC49/AARCH64/MdePkg/Library/BaseIoLibIntrinsic/BaseIoLibIntrinsicArmVirt/OUTPUT/BaseIoLibIntrinsicArmVirt.lib(IoLibArmVirt.obj)
                0x000000000000d3b0                MmioRead32
 .text.MmioWrite32
                0x000000000000d404       0x60 /home/osboxes/fix_rttee_text/RT-TEE/edk2/Build/ArmVirtQemuKernel-AARCH64/DEBUG_GCC49/AARCH64/MdePkg/Library/BaseIoLibIntrinsic/BaseIoLibIntrinsicArmVirt/OUTPUT/BaseIoLibIntrinsicArmVirt.lib(IoLibArmVirt.obj)
                0x000000000000d404                MmioWrite32
 *fill*         0x000000000000d464        0x4 
 .text          0x000000000000d468       0x60 /home/osboxes/fix_rttee_text/RT-TEE/edk2/Build/ArmVirtQemuKernel-AARCH64/DEBUG_GCC49/AARCH64/MdePkg/Library/BaseIoLibIntrinsic/BaseIoLibIntrinsicArmVirt/OUTPUT/BaseIoLibIntrinsicArmVirt.lib(ArmVirtMmio.obj)
                0x000000000000d468                MmioRead8Internal
                0x000000000000d474                MmioWrite8Internal
                0x000000000000d480                MmioRead16Internal
                0x000000000000d48c                MmioWrite16Internal
                0x000000000000d498                MmioRead32Internal
                0x000000000000d4a4                MmioWrite32Internal
                0x000000000000d4b0                MmioRead64Internal
                0x000000000000d4bc                MmioWrite64Internal
 *(.rodata .rodata.* .gnu.linkonce.r.*)
 .rodata        0x000000000000d4c8       0xa0 /home/osboxes/fix_rttee_text/RT-TEE/edk2/Build/ArmVirtQemuKernel-AARCH64/DEBUG_GCC49/AARCH64/MdePkg/Library/UefiDriverEntryPoint/UefiDriverEntryPoint/OUTPUT/UefiDriverEntryPoint.lib(DriverEntryPoint.obj)
 .rodata        0x000000000000d568       0xf4 /home/osboxes/fix_rttee_text/RT-TEE/edk2/Build/ArmVirtQemuKernel-AARCH64/DEBUG_GCC49/AARCH64/MdeModulePkg/Universal/Console/TerminalDxe/TerminalDxe/OUTPUT/TerminalDxe.lib(AutoGen.obj)
 .rodata._gPcd_FixedAtBuild_PcdDefaultTerminalType
                0x000000000000d65c        0x1 /home/osboxes/fix_rttee_text/RT-TEE/edk2/Build/ArmVirtQemuKernel-AARCH64/DEBUG_GCC49/AARCH64/MdeModulePkg/Universal/Console/TerminalDxe/TerminalDxe/OUTPUT/TerminalDxe.lib(AutoGen.obj)
                0x000000000000d65c                _gPcd_FixedAtBuild_PcdDefaultTerminalType
 *fill*         0x000000000000d65d        0x3 
 .rodata._gPcd_FixedAtBuild_PcdErrorCodeSetVariable
                0x000000000000d660        0x4 /home/osboxes/fix_rttee_text/RT-TEE/edk2/Build/ArmVirtQemuKernel-AARCH64/DEBUG_GCC49/AARCH64/MdeModulePkg/Universal/Console/TerminalDxe/TerminalDxe/OUTPUT/TerminalDxe.lib(AutoGen.obj)
                0x000000000000d660                _gPcd_FixedAtBuild_PcdErrorCodeSetVariable
 .rodata._gPcd_FixedAtBuild_PcdVerifyNodeInList
                0x000000000000d664        0x1 /home/osboxes/fix_rttee_text/RT-TEE/edk2/Build/ArmVirtQemuKernel-AARCH64/DEBUG_GCC49/AARCH64/MdeModulePkg/Universal/Console/TerminalDxe/TerminalDxe/OUTPUT/TerminalDxe.lib(AutoGen.obj)
                0x000000000000d664                _gPcd_FixedAtBuild_PcdVerifyNodeInList
 *fill*         0x000000000000d665        0x3 
 .rodata._gPcd_FixedAtBuild_PcdMaximumLinkedListLength
                0x000000000000d668        0x4 /home/osboxes/fix_rttee_text/RT-TEE/edk2/Build/ArmVirtQemuKernel-AARCH64/DEBUG_GCC49/AARCH64/MdeModulePkg/Universal/Console/TerminalDxe/TerminalDxe/OUTPUT/TerminalDxe.lib(AutoGen.obj)
                0x000000000000d668                _gPcd_FixedAtBuild_PcdMaximumLinkedListLength
 .rodata._gPcd_FixedAtBuild_PcdMaximumAsciiStringLength
                0x000000000000d66c        0x4 /home/osboxes/fix_rttee_text/RT-TEE/edk2/Build/ArmVirtQemuKernel-AARCH64/DEBUG_GCC49/AARCH64/MdeModulePkg/Universal/Console/TerminalDxe/TerminalDxe/OUTPUT/TerminalDxe.lib(AutoGen.obj)
                0x000000000000d66c                _gPcd_FixedAtBuild_PcdMaximumAsciiStringLength
 .rodata._gPcd_FixedAtBuild_PcdMaximumUnicodeStringLength
                0x000000000000d670        0x4 /home/osboxes/fix_rttee_text/RT-TEE/edk2/Build/ArmVirtQemuKernel-AARCH64/DEBUG_GCC49/AARCH64/MdeModulePkg/Universal/Console/TerminalDxe/TerminalDxe/OUTPUT/TerminalDxe.lib(AutoGen.obj)
                0x000000000000d670                _gPcd_FixedAtBuild_PcdMaximumUnicodeStringLength
 .rodata._gPcd_FixedAtBuild_PcdDebugPropertyMask
                0x000000000000d674        0x1 /home/osboxes/fix_rttee_text/RT-TEE/edk2/Build/ArmVirtQemuKernel-AARCH64/DEBUG_GCC49/AARCH64/MdeModulePkg/Universal/Console/TerminalDxe/TerminalDxe/OUTPUT/TerminalDxe.lib(AutoGen.obj)
                0x000000000000d674                _gPcd_FixedAtBuild_PcdDebugPropertyMask
 *fill*         0x000000000000d675        0x3 
 .rodata._gPcd_FixedAtBuild_PcdDebugPrintErrorLevel
                0x000000000000d678        0x4 /home/osboxes/fix_rttee_text/RT-TEE/edk2/Build/ArmVirtQemuKernel-AARCH64/DEBUG_GCC49/AARCH64/MdeModulePkg/Universal/Console/TerminalDxe/TerminalDxe/OUTPUT/TerminalDxe.lib(AutoGen.obj)
                0x000000000000d678                _gPcd_FixedAtBuild_PcdDebugPrintErrorLevel
 *fill*         0x000000000000d67c        0x4 
 .rodata._gPcd_FixedAtBuild_PcdUartDefaultBaudRate
                0x000000000000d680        0x8 /home/osboxes/fix_rttee_text/RT-TEE/edk2/Build/ArmVirtQemuKernel-AARCH64/DEBUG_GCC49/AARCH64/MdeModulePkg/Universal/Console/TerminalDxe/TerminalDxe/OUTPUT/TerminalDxe.lib(AutoGen.obj)
                0x000000000000d680                _gPcd_FixedAtBuild_PcdUartDefaultBaudRate
 .rodata._gPcd_FixedAtBuild_PcdUartDefaultDataBits
                0x000000000000d688        0x1 /home/osboxes/fix_rttee_text/RT-TEE/edk2/Build/ArmVirtQemuKernel-AARCH64/DEBUG_GCC49/AARCH64/MdeModulePkg/Universal/Console/TerminalDxe/TerminalDxe/OUTPUT/TerminalDxe.lib(AutoGen.obj)
                0x000000000000d688                _gPcd_FixedAtBuild_PcdUartDefaultDataBits
 .rodata._gPcd_FixedAtBuild_PcdUartDefaultParity
                0x000000000000d689        0x1 /home/osboxes/fix_rttee_text/RT-TEE/edk2/Build/ArmVirtQemuKernel-AARCH64/DEBUG_GCC49/AARCH64/MdeModulePkg/Universal/Console/TerminalDxe/TerminalDxe/OUTPUT/TerminalDxe.lib(AutoGen.obj)
                0x000000000000d689                _gPcd_FixedAtBuild_PcdUartDefaultParity
 .rodata._gPcd_FixedAtBuild_PcdUartDefaultStopBits
                0x000000000000d68a        0x1 /home/osboxes/fix_rttee_text/RT-TEE/edk2/Build/ArmVirtQemuKernel-AARCH64/DEBUG_GCC49/AARCH64/MdeModulePkg/Universal/Console/TerminalDxe/TerminalDxe/OUTPUT/TerminalDxe.lib(AutoGen.obj)
                0x000000000000d68a                _gPcd_FixedAtBuild_PcdUartDefaultStopBits
 *fill*         0x000000000000d68b        0x1 
 .rodata._gPcd_FixedAtBuild_PcdFixedDebugPrintErrorLevel
                0x000000000000d68c        0x4 /home/osboxes/fix_rttee_text/RT-TEE/edk2/Build/ArmVirtQemuKernel-AARCH64/DEBUG_GCC49/AARCH64/MdeModulePkg/Universal/Console/TerminalDxe/TerminalDxe/OUTPUT/TerminalDxe.lib(AutoGen.obj)
                0x000000000000d68c                _gPcd_FixedAtBuild_PcdFixedDebugPrintErrorLevel
 .rodata._gPcd_FixedAtBuild_PcdComponentNameDisable
                0x000000000000d690        0x1 /home/osboxes/fix_rttee_text/RT-TEE/edk2/Build/ArmVirtQemuKernel-AARCH64/DEBUG_GCC49/AARCH64/MdeModulePkg/Universal/Console/TerminalDxe/TerminalDxe/OUTPUT/TerminalDxe.lib(AutoGen.obj)
                0x000000000000d690                _gPcd_FixedAtBuild_PcdComponentNameDisable
 .rodata._gPcd_FixedAtBuild_PcdComponentName2Disable
                0x000000000000d691        0x1 /home/osboxes/fix_rttee_text/RT-TEE/edk2/Build/ArmVirtQemuKernel-AARCH64/DEBUG_GCC49/AARCH64/MdeModulePkg/Universal/Console/TerminalDxe/TerminalDxe/OUTPUT/TerminalDxe.lib(AutoGen.obj)
                0x000000000000d691                _gPcd_FixedAtBuild_PcdComponentName2Disable
 *fill*         0x000000000000d692        0x2 
 .rodata._gUefiDriverRevision
                0x000000000000d694        0x4 /home/osboxes/fix_rttee_text/RT-TEE/edk2/Build/ArmVirtQemuKernel-AARCH64/DEBUG_GCC49/AARCH64/MdeModulePkg/Universal/Console/TerminalDxe/TerminalDxe/OUTPUT/TerminalDxe.lib(AutoGen.obj)
                0x000000000000d694                _gUefiDriverRevision
 .rodata._gDriverUnloadImageCount
                0x000000000000d698        0x1 /home/osboxes/fix_rttee_text/RT-TEE/edk2/Build/ArmVirtQemuKernel-AARCH64/DEBUG_GCC49/AARCH64/MdeModulePkg/Universal/Console/TerminalDxe/TerminalDxe/OUTPUT/TerminalDxe.lib(AutoGen.obj)
                0x000000000000d698                _gDriverUnloadImageCount
 *fill*         0x000000000000d699        0x7 
 .rodata        0x000000000000d6a0      0x38f /home/osboxes/fix_rttee_text/RT-TEE/edk2/Build/ArmVirtQemuKernel-AARCH64/DEBUG_GCC49/AARCH64/MdeModulePkg/Universal/Console/TerminalDxe/TerminalDxe/OUTPUT/TerminalDxe.lib(Terminal.obj)
 *fill*         0x000000000000da2f        0x1 
 .rodata        0x000000000000da30       0xc4 /home/osboxes/fix_rttee_text/RT-TEE/edk2/Build/ArmVirtQemuKernel-AARCH64/DEBUG_GCC49/AARCH64/MdeModulePkg/Universal/Console/TerminalDxe/TerminalDxe/OUTPUT/TerminalDxe.lib(ComponentName.obj)
 *fill*         0x000000000000daf4        0x4 
 .rodata        0x000000000000daf8       0x82 /home/osboxes/fix_rttee_text/RT-TEE/edk2/Build/ArmVirtQemuKernel-AARCH64/DEBUG_GCC49/AARCH64/MdeModulePkg/Universal/Console/TerminalDxe/TerminalDxe/OUTPUT/TerminalDxe.lib(TerminalConOut.obj)
 *fill*         0x000000000000db7a        0x6 
 .rodata        0x000000000000db80      0x154 /home/osboxes/fix_rttee_text/RT-TEE/edk2/Build/ArmVirtQemuKernel-AARCH64/DEBUG_GCC49/AARCH64/MdeModulePkg/Universal/Console/TerminalDxe/TerminalDxe/OUTPUT/TerminalDxe.lib(TerminalConIn.obj)
 .rodata.UnicodeToEfiKey
                0x000000000000dcd4      0x1d4 /home/osboxes/fix_rttee_text/RT-TEE/edk2/Build/ArmVirtQemuKernel-AARCH64/DEBUG_GCC49/AARCH64/MdeModulePkg/Universal/Console/TerminalDxe/TerminalDxe/OUTPUT/TerminalDxe.lib(TerminalConIn.obj)
 .rodata        0x000000000000dea8      0x22d /home/osboxes/fix_rttee_text/RT-TEE/edk2/Build/ArmVirtQemuKernel-AARCH64/DEBUG_GCC49/AARCH64/MdePkg/Library/BaseLib/BaseLib/OUTPUT/BaseLib.lib(LinkedList.obj)
 *fill*         0x000000000000e0d5        0x3 
 .rodata        0x000000000000e0d8      0x2bc /home/osboxes/fix_rttee_text/RT-TEE/edk2/Build/ArmVirtQemuKernel-AARCH64/DEBUG_GCC49/AARCH64/MdePkg/Library/BaseLib/BaseLib/OUTPUT/BaseLib.lib(String.obj)
 *fill*         0x000000000000e394        0x4 
 .rodata        0x000000000000e398      0x644 /home/osboxes/fix_rttee_text/RT-TEE/edk2/Build/ArmVirtQemuKernel-AARCH64/DEBUG_GCC49/AARCH64/MdePkg/Library/BaseLib/BaseLib/OUTPUT/BaseLib.lib(SafeString.obj)
 *fill*         0x000000000000e9dc        0x4 
 .rodata        0x000000000000e9e0      0x17d /home/osboxes/fix_rttee_text/RT-TEE/edk2/Build/ArmVirtQemuKernel-AARCH64/DEBUG_GCC49/AARCH64/MdePkg/Library/BaseMemoryLibOptDxe/BaseMemoryLibOptDxe/OUTPUT/BaseMemoryLibOptDxe.lib(MemLibGuid.obj)
 *fill*         0x000000000000eb5d        0x3 
 .rodata        0x000000000000eb60       0xae /home/osboxes/fix_rttee_text/RT-TEE/edk2/Build/ArmVirtQemuKernel-AARCH64/DEBUG_GCC49/AARCH64/MdePkg/Library/BaseMemoryLibOptDxe/BaseMemoryLibOptDxe/OUTPUT/BaseMemoryLibOptDxe.lib(ZeroMemWrapper.obj)
 *fill*         0x000000000000ec0e        0x2 
 .rodata        0x000000000000ec10      0x12e /home/osboxes/fix_rttee_text/RT-TEE/edk2/Build/ArmVirtQemuKernel-AARCH64/DEBUG_GCC49/AARCH64/MdePkg/Library/BaseMemoryLibOptDxe/BaseMemoryLibOptDxe/OUTPUT/BaseMemoryLibOptDxe.lib(CompareMemWrapper.obj)
 *fill*         0x000000000000ed3e        0x2 
 .rodata        0x000000000000ed40       0xe6 /home/osboxes/fix_rttee_text/RT-TEE/edk2/Build/ArmVirtQemuKernel-AARCH64/DEBUG_GCC49/AARCH64/MdePkg/Library/BaseMemoryLibOptDxe/BaseMemoryLibOptDxe/OUTPUT/BaseMemoryLibOptDxe.lib(CopyMemWrapper.obj)
 *fill*         0x000000000000ee26        0x2 
 .rodata        0x000000000000ee28       0xa7 /home/osboxes/fix_rttee_text/RT-TEE/edk2/Build/ArmVirtQemuKernel-AARCH64/DEBUG_GCC49/AARCH64/MdePkg/Library/BaseDebugLibSerialPort/BaseDebugLibSerialPort/OUTPUT/BaseDebugLibSerialPort.lib(DebugLib.obj)
 *fill*         0x000000000000eecf        0x1 
 .rodata        0x000000000000eed0       0xbc /home/osboxes/fix_rttee_text/RT-TEE/edk2/Build/ArmVirtQemuKernel-AARCH64/DEBUG_GCC49/AARCH64/MdePkg/Library/UefiBootServicesTableLib/UefiBootServicesTableLib/OUTPUT/UefiBootServicesTableLib.lib(UefiBootServicesTableLib.obj)
 *fill*         0x000000000000ef8c        0x4 
 .rodata        0x000000000000ef90      0x14f /home/osboxes/fix_rttee_text/RT-TEE/edk2/Build/ArmVirtQemuKernel-AARCH64/DEBUG_GCC49/AARCH64/MdePkg/Library/UefiMemoryAllocationLib/UefiMemoryAllocationLib/OUTPUT/UefiMemoryAllocationLib.lib(MemoryAllocationLib.obj)
 *fill*         0x000000000000f0df        0x1 
 .rodata        0x000000000000f0e0       0x8a /home/osboxes/fix_rttee_text/RT-TEE/edk2/Build/ArmVirtQemuKernel-AARCH64/DEBUG_GCC49/AARCH64/MdePkg/Library/UefiRuntimeServicesTableLib/UefiRuntimeServicesTableLib/OUTPUT/UefiRuntimeServicesTableLib.lib(UefiRuntimeServicesTableLib.obj)
 *fill*         0x000000000000f16a        0x6 
 .rodata        0x000000000000f170      0x17d /home/osboxes/fix_rttee_text/RT-TEE/edk2/Build/ArmVirtQemuKernel-AARCH64/DEBUG_GCC49/AARCH64/MdePkg/Library/UefiDevicePathLibDevicePathProtocol/UefiDevicePathLibDevicePathProtocol/OUTPUT/UefiDevicePathLibDevicePathProtocol.lib(UefiDevicePathLib.obj)
 *fill*         0x000000000000f2ed        0x3 
 .rodata        0x000000000000f2f0      0x14e /home/osboxes/fix_rttee_text/RT-TEE/edk2/Build/ArmVirtQemuKernel-AARCH64/DEBUG_GCC49/AARCH64/MdePkg/Library/BaseReportStatusCodeLibNull/BaseReportStatusCodeLibNull/OUTPUT/BaseReportStatusCodeLibNull.lib(BaseReportStatusCodeLib.obj)
 *fill*         0x000000000000f43e        0x2 
 .rodata        0x000000000000f440       0xb4 /home/osboxes/fix_rttee_text/RT-TEE/edk2/Build/ArmVirtQemuKernel-AARCH64/DEBUG_GCC49/AARCH64/MdePkg/Library/UefiLib/UefiLib/OUTPUT/UefiLib.lib(UefiDriverModel.obj)
 *fill*         0x000000000000f4f4        0x4 
 .rodata        0x000000000000f4f8      0x263 /home/osboxes/fix_rttee_text/RT-TEE/edk2/Build/ArmVirtQemuKernel-AARCH64/DEBUG_GCC49/AARCH64/MdePkg/Library/UefiLib/UefiLib/OUTPUT/UefiLib.lib(UefiLib.obj)
 *fill*         0x000000000000f75b        0x5 
 .rodata        0x000000000000f760       0x68 /home/osboxes/fix_rttee_text/RT-TEE/edk2/Build/ArmVirtQemuKernel-AARCH64/DEBUG_GCC49/AARCH64/MdePkg/Library/BaseLib/BaseLib/OUTPUT/BaseLib.lib(Unaligned.obj)
 .rodata.mHexStr
                0x000000000000f7c8       0x10 /home/osboxes/fix_rttee_text/RT-TEE/edk2/Build/ArmVirtQemuKernel-AARCH64/DEBUG_GCC49/AARCH64/MdePkg/Library/BasePrintLib/BasePrintLib/OUTPUT/BasePrintLib.lib(PrintLibInternal.obj)
                0x000000000000f7c8                mHexStr
 .rodata        0x000000000000f7d8      0x72a /home/osboxes/fix_rttee_text/RT-TEE/edk2/Build/ArmVirtQemuKernel-AARCH64/DEBUG_GCC49/AARCH64/MdePkg/Library/BasePrintLib/BasePrintLib/OUTPUT/BasePrintLib.lib(PrintLibInternal.obj)
 *fill*         0x000000000000ff02        0x6 
 .rodata.mStatusString
                0x000000000000ff08      0x138 /home/osboxes/fix_rttee_text/RT-TEE/edk2/Build/ArmVirtQemuKernel-AARCH64/DEBUG_GCC49/AARCH64/MdePkg/Library/BasePrintLib/BasePrintLib/OUTPUT/BasePrintLib.lib(PrintLibInternal.obj)
                0x000000000000ff08                mStatusString
 .rodata        0x0000000000010040       0x65 /home/osboxes/fix_rttee_text/RT-TEE/edk2/Build/ArmVirtQemuKernel-AARCH64/DEBUG_GCC49/AARCH64/MdePkg/Library/BaseLib/BaseLib/OUTPUT/BaseLib.lib(DivU64x32Remainder.obj)
 *fill*         0x00000000000100a5        0x3 
 .rodata        0x00000000000100a8       0xbb /home/osboxes/fix_rttee_text/RT-TEE/edk2/Build/ArmVirtQemuKernel-AARCH64/DEBUG_GCC49/AARCH64/MdePkg/Library/BaseIoLibIntrinsic/BaseIoLibIntrinsicArmVirt/OUTPUT/BaseIoLibIntrinsicArmVirt.lib(IoLibArmVirt.obj)
 *(.got .got.*)
 *:AutoGen.obj(.data.g*Guid)
 *fill*         0x0000000000010163        0x5 
 .data.gEfiGlobalVariableGuid
                0x0000000000010168       0x10 /home/osboxes/fix_rttee_text/RT-TEE/edk2/Build/ArmVirtQemuKernel-AARCH64/DEBUG_GCC49/AARCH64/MdeModulePkg/Universal/Console/TerminalDxe/TerminalDxe/OUTPUT/TerminalDxe.lib(AutoGen.obj)
                0x0000000000010168                gEfiGlobalVariableGuid
 .data.gEfiVTUTF8Guid
                0x0000000000010178       0x10 /home/osboxes/fix_rttee_text/RT-TEE/edk2/Build/ArmVirtQemuKernel-AARCH64/DEBUG_GCC49/AARCH64/MdeModulePkg/Universal/Console/TerminalDxe/TerminalDxe/OUTPUT/TerminalDxe.lib(AutoGen.obj)
                0x0000000000010178                gEfiVTUTF8Guid
 .data.gEfiVT100Guid
                0x0000000000010188       0x10 /home/osboxes/fix_rttee_text/RT-TEE/edk2/Build/ArmVirtQemuKernel-AARCH64/DEBUG_GCC49/AARCH64/MdeModulePkg/Universal/Console/TerminalDxe/TerminalDxe/OUTPUT/TerminalDxe.lib(AutoGen.obj)
                0x0000000000010188                gEfiVT100Guid
 .data.gEfiVT100PlusGuid
                0x0000000000010198       0x10 /home/osboxes/fix_rttee_text/RT-TEE/edk2/Build/ArmVirtQemuKernel-AARCH64/DEBUG_GCC49/AARCH64/MdeModulePkg/Universal/Console/TerminalDxe/TerminalDxe/OUTPUT/TerminalDxe.lib(AutoGen.obj)
                0x0000000000010198                gEfiVT100PlusGuid
 .data.gEfiPcAnsiGuid
                0x00000000000101a8       0x10 /home/osboxes/fix_rttee_text/RT-TEE/edk2/Build/ArmVirtQemuKernel-AARCH64/DEBUG_GCC49/AARCH64/MdeModulePkg/Universal/Console/TerminalDxe/TerminalDxe/OUTPUT/TerminalDxe.lib(AutoGen.obj)
                0x00000000000101a8                gEfiPcAnsiGuid
 .data.gEfiTtyTermGuid
                0x00000000000101b8       0x10 /home/osboxes/fix_rttee_text/RT-TEE/edk2/Build/ArmVirtQemuKernel-AARCH64/DEBUG_GCC49/AARCH64/MdeModulePkg/Universal/Console/TerminalDxe/TerminalDxe/OUTPUT/TerminalDxe.lib(AutoGen.obj)
                0x00000000000101b8                gEfiTtyTermGuid
 .data.gEdkiiStatusCodeDataTypeVariableGuid
                0x00000000000101c8       0x10 /home/osboxes/fix_rttee_text/RT-TEE/edk2/Build/ArmVirtQemuKernel-AARCH64/DEBUG_GCC49/AARCH64/MdeModulePkg/Universal/Console/TerminalDxe/TerminalDxe/OUTPUT/TerminalDxe.lib(AutoGen.obj)
                0x00000000000101c8                gEdkiiStatusCodeDataTypeVariableGuid
 .data.gEfiHobListGuid
                0x00000000000101d8       0x10 /home/osboxes/fix_rttee_text/RT-TEE/edk2/Build/ArmVirtQemuKernel-AARCH64/DEBUG_GCC49/AARCH64/MdeModulePkg/Universal/Console/TerminalDxe/TerminalDxe/OUTPUT/TerminalDxe.lib(AutoGen.obj)
                0x00000000000101d8                gEfiHobListGuid
 .data.gEarlyPL011BaseAddressGuid
                0x00000000000101e8       0x10 /home/osboxes/fix_rttee_text/RT-TEE/edk2/Build/ArmVirtQemuKernel-AARCH64/DEBUG_GCC49/AARCH64/MdeModulePkg/Universal/Console/TerminalDxe/TerminalDxe/OUTPUT/TerminalDxe.lib(AutoGen.obj)
                0x00000000000101e8                gEarlyPL011BaseAddressGuid
 .data.gEfiSerialIoProtocolGuid
                0x00000000000101f8       0x10 /home/osboxes/fix_rttee_text/RT-TEE/edk2/Build/ArmVirtQemuKernel-AARCH64/DEBUG_GCC49/AARCH64/MdeModulePkg/Universal/Console/TerminalDxe/TerminalDxe/OUTPUT/TerminalDxe.lib(AutoGen.obj)
                0x00000000000101f8                gEfiSerialIoProtocolGuid
 .data.gEfiDevicePathProtocolGuid
                0x0000000000010208       0x10 /home/osboxes/fix_rttee_text/RT-TEE/edk2/Build/ArmVirtQemuKernel-AARCH64/DEBUG_GCC49/AARCH64/MdeModulePkg/Universal/Console/TerminalDxe/TerminalDxe/OUTPUT/TerminalDxe.lib(AutoGen.obj)
                0x0000000000010208                gEfiDevicePathProtocolGuid
 .data.gEfiSimpleTextInProtocolGuid
                0x0000000000010218       0x10 /home/osboxes/fix_rttee_text/RT-TEE/edk2/Build/ArmVirtQemuKernel-AARCH64/DEBUG_GCC49/AARCH64/MdeModulePkg/Universal/Console/TerminalDxe/TerminalDxe/OUTPUT/TerminalDxe.lib(AutoGen.obj)
                0x0000000000010218                gEfiSimpleTextInProtocolGuid
 .data.gEfiSimpleTextInputExProtocolGuid
                0x0000000000010228       0x10 /home/osboxes/fix_rttee_text/RT-TEE/edk2/Build/ArmVirtQemuKernel-AARCH64/DEBUG_GCC49/AARCH64/MdeModulePkg/Universal/Console/TerminalDxe/TerminalDxe/OUTPUT/TerminalDxe.lib(AutoGen.obj)
                0x0000000000010228                gEfiSimpleTextInputExProtocolGuid
 .data.gEfiSimpleTextOutProtocolGuid
                0x0000000000010238       0x10 /home/osboxes/fix_rttee_text/RT-TEE/edk2/Build/ArmVirtQemuKernel-AARCH64/DEBUG_GCC49/AARCH64/MdeModulePkg/Universal/Console/TerminalDxe/TerminalDxe/OUTPUT/TerminalDxe.lib(AutoGen.obj)
                0x0000000000010238                gEfiSimpleTextOutProtocolGuid
 .data.gEfiDevicePathUtilitiesProtocolGuid
                0x0000000000010248       0x10 /home/osboxes/fix_rttee_text/RT-TEE/edk2/Build/ArmVirtQemuKernel-AARCH64/DEBUG_GCC49/AARCH64/MdeModulePkg/Universal/Console/TerminalDxe/TerminalDxe/OUTPUT/TerminalDxe.lib(AutoGen.obj)
                0x0000000000010248                gEfiDevicePathUtilitiesProtocolGuid
 .data.gEfiDriverBindingProtocolGuid
                0x0000000000010258       0x10 /home/osboxes/fix_rttee_text/RT-TEE/edk2/Build/ArmVirtQemuKernel-AARCH64/DEBUG_GCC49/AARCH64/MdeModulePkg/Universal/Console/TerminalDxe/TerminalDxe/OUTPUT/TerminalDxe.lib(AutoGen.obj)
                0x0000000000010258                gEfiDriverBindingProtocolGuid
 .data.gEfiComponentNameProtocolGuid
                0x0000000000010268       0x10 /home/osboxes/fix_rttee_text/RT-TEE/edk2/Build/ArmVirtQemuKernel-AARCH64/DEBUG_GCC49/AARCH64/MdeModulePkg/Universal/Console/TerminalDxe/TerminalDxe/OUTPUT/TerminalDxe.lib(AutoGen.obj)
                0x0000000000010268                gEfiComponentNameProtocolGuid
 .data.gEfiComponentName2ProtocolGuid
                0x0000000000010278       0x10 /home/osboxes/fix_rttee_text/RT-TEE/edk2/Build/ArmVirtQemuKernel-AARCH64/DEBUG_GCC49/AARCH64/MdeModulePkg/Universal/Console/TerminalDxe/TerminalDxe/OUTPUT/TerminalDxe.lib(AutoGen.obj)
                0x0000000000010278                gEfiComponentName2ProtocolGuid
 .data.gEfiLoadedImageProtocolGuid
                0x0000000000010288       0x10 /home/osboxes/fix_rttee_text/RT-TEE/edk2/Build/ArmVirtQemuKernel-AARCH64/DEBUG_GCC49/AARCH64/MdeModulePkg/Universal/Console/TerminalDxe/TerminalDxe/OUTPUT/TerminalDxe.lib(AutoGen.obj)
                0x0000000000010288                gEfiLoadedImageProtocolGuid

.iplt           0x0000000000010298        0x0
 .iplt          0x0000000000010298        0x0 /home/osboxes/fix_rttee_text/RT-TEE/edk2/Build/ArmVirtQemuKernel-AARCH64/DEBUG_GCC49/AARCH64/MdePkg/Library/UefiDriverEntryPoint/UefiDriverEntryPoint/OUTPUT/UefiDriverEntryPoint.lib(DriverEntryPoint.obj)

.data           0x0000000000011000      0x3e0
 *(.data .data.* .gnu.linkonce.d.*)
 .data.gEfiCallerBaseName
                0x0000000000011000        0x8 /home/osboxes/fix_rttee_text/RT-TEE/edk2/Build/ArmVirtQemuKernel-AARCH64/DEBUG_GCC49/AARCH64/MdeModulePkg/Universal/Console/TerminalDxe/TerminalDxe/OUTPUT/TerminalDxe.lib(AutoGen.obj)
                0x0000000000011000                gEfiCallerBaseName
 .data.gTerminalDriverBinding
                0x0000000000011008       0x30 /home/osboxes/fix_rttee_text/RT-TEE/edk2/Build/ArmVirtQemuKernel-AARCH64/DEBUG_GCC49/AARCH64/MdeModulePkg/Universal/Console/TerminalDxe/TerminalDxe/OUTPUT/TerminalDxe.lib(Terminal.obj)
                0x0000000000011008                gTerminalDriverBinding
 .data.mTerminalType
                0x0000000000011038       0x28 /home/osboxes/fix_rttee_text/RT-TEE/edk2/Build/ArmVirtQemuKernel-AARCH64/DEBUG_GCC49/AARCH64/MdeModulePkg/Universal/Console/TerminalDxe/TerminalDxe/OUTPUT/TerminalDxe.lib(Terminal.obj)
                0x0000000000011038                mTerminalType
 .data.mSerialConsoleNames
                0x0000000000011060       0x28 /home/osboxes/fix_rttee_text/RT-TEE/edk2/Build/ArmVirtQemuKernel-AARCH64/DEBUG_GCC49/AARCH64/MdeModulePkg/Universal/Console/TerminalDxe/TerminalDxe/OUTPUT/TerminalDxe.lib(Terminal.obj)
                0x0000000000011060                mSerialConsoleNames
 .data.mTerminalDevTemplate
                0x0000000000011088      0x158 /home/osboxes/fix_rttee_text/RT-TEE/edk2/Build/ArmVirtQemuKernel-AARCH64/DEBUG_GCC49/AARCH64/MdeModulePkg/Universal/Console/TerminalDxe/TerminalDxe/OUTPUT/TerminalDxe.lib(Terminal.obj)
                0x0000000000011088                mTerminalDevTemplate
 .data.mTerminalConsoleModeData
                0x00000000000111e0       0x30 /home/osboxes/fix_rttee_text/RT-TEE/edk2/Build/ArmVirtQemuKernel-AARCH64/DEBUG_GCC49/AARCH64/MdeModulePkg/Universal/Console/TerminalDxe/TerminalDxe/OUTPUT/TerminalDxe.lib(Terminal.obj)
                0x00000000000111e0                mTerminalConsoleModeData
 .data.gTerminalComponentName
                0x0000000000011210       0x18 /home/osboxes/fix_rttee_text/RT-TEE/edk2/Build/ArmVirtQemuKernel-AARCH64/DEBUG_GCC49/AARCH64/MdeModulePkg/Universal/Console/TerminalDxe/TerminalDxe/OUTPUT/TerminalDxe.lib(ComponentName.obj)
                0x0000000000011210                gTerminalComponentName
 .data.gTerminalComponentName2
                0x0000000000011228       0x18 /home/osboxes/fix_rttee_text/RT-TEE/edk2/Build/ArmVirtQemuKernel-AARCH64/DEBUG_GCC49/AARCH64/MdeModulePkg/Universal/Console/TerminalDxe/TerminalDxe/OUTPUT/TerminalDxe.lib(ComponentName.obj)
                0x0000000000011228                gTerminalComponentName2
 .data.mTerminalDriverNameTable
                0x0000000000011240       0x20 /home/osboxes/fix_rttee_text/RT-TEE/edk2/Build/ArmVirtQemuKernel-AARCH64/DEBUG_GCC49/AARCH64/MdeModulePkg/Universal/Console/TerminalDxe/TerminalDxe/OUTPUT/TerminalDxe.lib(ComponentName.obj)
                0x0000000000011240                mTerminalDriverNameTable
 .data.UnicodeToPcAnsiOrAscii
                0x0000000000011260       0xcc /home/osboxes/fix_rttee_text/RT-TEE/edk2/Build/ArmVirtQemuKernel-AARCH64/DEBUG_GCC49/AARCH64/MdeModulePkg/Universal/Console/TerminalDxe/TerminalDxe/OUTPUT/TerminalDxe.lib(TerminalConOut.obj)
                0x0000000000011260                UnicodeToPcAnsiOrAscii
 *fill*         0x000000000001132c        0x4 
 .data.mSetModeString
                0x0000000000011330        0xc /home/osboxes/fix_rttee_text/RT-TEE/edk2/Build/ArmVirtQemuKernel-AARCH64/DEBUG_GCC49/AARCH64/MdeModulePkg/Universal/Console/TerminalDxe/TerminalDxe/OUTPUT/TerminalDxe.lib(TerminalConOut.obj)
                0x0000000000011330                mSetModeString
 *fill*         0x000000000001133c        0x4 
 .data.mSetAttributeString
                0x0000000000011340       0x1e /home/osboxes/fix_rttee_text/RT-TEE/edk2/Build/ArmVirtQemuKernel-AARCH64/DEBUG_GCC49/AARCH64/MdeModulePkg/Universal/Console/TerminalDxe/TerminalDxe/OUTPUT/TerminalDxe.lib(TerminalConOut.obj)
                0x0000000000011340                mSetAttributeString
 *fill*         0x000000000001135e        0x2 
 .data.mClearScreenString
                0x0000000000011360        0xa /home/osboxes/fix_rttee_text/RT-TEE/edk2/Build/ArmVirtQemuKernel-AARCH64/DEBUG_GCC49/AARCH64/MdeModulePkg/Universal/Console/TerminalDxe/TerminalDxe/OUTPUT/TerminalDxe.lib(TerminalConOut.obj)
                0x0000000000011360                mClearScreenString
 *fill*         0x000000000001136a        0x6 
 .data.mSetCursorPositionString
                0x0000000000011370       0x12 /home/osboxes/fix_rttee_text/RT-TEE/edk2/Build/ArmVirtQemuKernel-AARCH64/DEBUG_GCC49/AARCH64/MdeModulePkg/Universal/Console/TerminalDxe/TerminalDxe/OUTPUT/TerminalDxe.lib(TerminalConOut.obj)
                0x0000000000011370                mSetCursorPositionString
 *fill*         0x0000000000011382        0x6 
 .data.mCursorForwardString
                0x0000000000011388        0xc /home/osboxes/fix_rttee_text/RT-TEE/edk2/Build/ArmVirtQemuKernel-AARCH64/DEBUG_GCC49/AARCH64/MdeModulePkg/Universal/Console/TerminalDxe/TerminalDxe/OUTPUT/TerminalDxe.lib(TerminalConOut.obj)
                0x0000000000011388                mCursorForwardString
 *fill*         0x0000000000011394        0x4 
 .data.mCursorBackwardString
                0x0000000000011398        0xc /home/osboxes/fix_rttee_text/RT-TEE/edk2/Build/ArmVirtQemuKernel-AARCH64/DEBUG_GCC49/AARCH64/MdeModulePkg/Universal/Console/TerminalDxe/TerminalDxe/OUTPUT/TerminalDxe.lib(TerminalConOut.obj)
                0x0000000000011398                mCursorBackwardString
 *(.bss .bss.*)
 *fill*         0x00000000000113a4        0x4 
 .bss.mHobList  0x00000000000113a8        0x8 /home/osboxes/fix_rttee_text/RT-TEE/edk2/Build/ArmVirtQemuKernel-AARCH64/DEBUG_GCC49/AARCH64/ArmVirtPkg/Library/ArmVirtDxeHobLib/ArmVirtDxeHobLib/OUTPUT/ArmVirtDxeHobLib.lib(HobLib.obj)
                0x00000000000113a8                mHobList
 .bss.mSerialBaseAddress
                0x00000000000113b0        0x8 /home/osboxes/fix_rttee_text/RT-TEE/edk2/Build/ArmVirtQemuKernel-AARCH64/DEBUG_GCC49/AARCH64/ArmVirtPkg/Library/FdtPL011SerialPortLib/FdtPL011SerialPortLib/OUTPUT/FdtPL011SerialPortLib.lib(FdtPL011SerialPortLib.obj)
 .bss.gImageHandle
                0x00000000000113b8        0x8 /home/osboxes/fix_rttee_text/RT-TEE/edk2/Build/ArmVirtQemuKernel-AARCH64/DEBUG_GCC49/AARCH64/MdePkg/Library/UefiBootServicesTableLib/UefiBootServicesTableLib/OUTPUT/UefiBootServicesTableLib.lib(UefiBootServicesTableLib.obj)
                0x00000000000113b8                gImageHandle
 .bss.gST       0x00000000000113c0        0x8 /home/osboxes/fix_rttee_text/RT-TEE/edk2/Build/ArmVirtQemuKernel-AARCH64/DEBUG_GCC49/AARCH64/MdePkg/Library/UefiBootServicesTableLib/UefiBootServicesTableLib/OUTPUT/UefiBootServicesTableLib.lib(UefiBootServicesTableLib.obj)
                0x00000000000113c0                gST
 .bss.gBS       0x00000000000113c8        0x8 /home/osboxes/fix_rttee_text/RT-TEE/edk2/Build/ArmVirtQemuKernel-AARCH64/DEBUG_GCC49/AARCH64/MdePkg/Library/UefiBootServicesTableLib/UefiBootServicesTableLib/OUTPUT/UefiBootServicesTableLib.lib(UefiBootServicesTableLib.obj)
                0x00000000000113c8                gBS
 .bss.gRT       0x00000000000113d0        0x8 /home/osboxes/fix_rttee_text/RT-TEE/edk2/Build/ArmVirtQemuKernel-AARCH64/DEBUG_GCC49/AARCH64/MdePkg/Library/UefiRuntimeServicesTableLib/UefiRuntimeServicesTableLib/OUTPUT/UefiRuntimeServicesTableLib.lib(UefiRuntimeServicesTableLib.obj)
                0x00000000000113d0                gRT
 .bss.mDevicePathLibDevicePathUtilities
                0x00000000000113d8        0x8 /home/osboxes/fix_rttee_text/RT-TEE/edk2/Build/ArmVirtQemuKernel-AARCH64/DEBUG_GCC49/AARCH64/MdePkg/Library/UefiDevicePathLibDevicePathProtocol/UefiDevicePathLibDevicePathProtocol/OUTPUT/UefiDevicePathLibDevicePathProtocol.lib(UefiDevicePathLib.obj)
                0x00000000000113d8                mDevicePathLibDevicePathUtilities

.igot.plt       0x00000000000113e0        0x0
 .igot.plt      0x00000000000113e0        0x0 /home/osboxes/fix_rttee_text/RT-TEE/edk2/Build/ArmVirtQemuKernel-AARCH64/DEBUG_GCC49/AARCH64/MdePkg/Library/UefiDriverEntryPoint/UefiDriverEntryPoint/OUTPUT/UefiDriverEntryPoint.lib(DriverEntryPoint.obj)

.eh_frame
 *(.eh_frame)

.rela           0x00000000000113e0        0x0
 *(.rela .rela.*)
 .rela.iplt     0x00000000000113e0        0x0 /home/osboxes/fix_rttee_text/RT-TEE/edk2/Build/ArmVirtQemuKernel-AARCH64/DEBUG_GCC49/AARCH64/MdePkg/Library/UefiDriverEntryPoint/UefiDriverEntryPoint/OUTPUT/UefiDriverEntryPoint.lib(DriverEntryPoint.obj)

.hii
 *(.hii)

.build-id
 *(.note.gnu.build-id)

/DISCARD/
 *(.note.GNU-stack)
 *(.gnu_debuglink)
 *(.interp)
 *(.dynsym)
 *(.dynstr)
 *(.dynamic)
 *(.hash .gnu.hash)
 *(.comment)
 *(COMMON)
                0x0000000000000228                PECOFF_HEADER_SIZE = 0x228
OUTPUT(/home/osboxes/fix_rttee_text/RT-TEE/edk2/Build/ArmVirtQemuKernel-AARCH64/DEBUG_GCC49/AARCH64/MdeModulePkg/Universal/Console/TerminalDxe/TerminalDxe/DEBUG/TerminalDxe.dll elf64-littleaarch64)

.debug_info     0x0000000000000000    0x29668
 .debug_info    0x0000000000000000     0x1b62 /home/osboxes/fix_rttee_text/RT-TEE/edk2/Build/ArmVirtQemuKernel-AARCH64/DEBUG_GCC49/AARCH64/MdePkg/Library/UefiDriverEntryPoint/UefiDriverEntryPoint/OUTPUT/UefiDriverEntryPoint.lib(DriverEntryPoint.obj)
 .debug_info    0x0000000000001b62     0x219a /home/osboxes/fix_rttee_text/RT-TEE/edk2/Build/ArmVirtQemuKernel-AARCH64/DEBUG_GCC49/AARCH64/MdeModulePkg/Universal/Console/TerminalDxe/TerminalDxe/OUTPUT/TerminalDxe.lib(AutoGen.obj)
 .debug_info    0x0000000000003cfc     0x2e98 /home/osboxes/fix_rttee_text/RT-TEE/edk2/Build/ArmVirtQemuKernel-AARCH64/DEBUG_GCC49/AARCH64/MdeModulePkg/Universal/Console/TerminalDxe/TerminalDxe/OUTPUT/TerminalDxe.lib(Terminal.obj)
 .debug_info    0x0000000000006b94     0x2647 /home/osboxes/fix_rttee_text/RT-TEE/edk2/Build/ArmVirtQemuKernel-AARCH64/DEBUG_GCC49/AARCH64/MdeModulePkg/Universal/Console/TerminalDxe/TerminalDxe/OUTPUT/TerminalDxe.lib(ComponentName.obj)