Archive member included to satisfy reference by file (symbol)

/home/osboxes/fix_rttee_text/RT-TEE/edk2/Build/ArmVirtQemuKernel-AARCH64/DEBUG_GCC49/AARCH64/MdePkg/Library/UefiDriverEntryPoint/UefiDriverEntryPoint/OUTPUT/UefiDriverEntryPoint.lib(DriverEntryPoint.obj)
                              (_ModuleEntryPoint)
/home/osboxes/fix_rttee_text/RT-TEE/edk2/Build/ArmVirtQemuKernel-AARCH64/DEBUG_GCC49/AARCH64/MdeModulePkg/Universal/DisplayEngineDxe/DisplayEngineDxe/OUTPUT/DisplayEngine.lib(AutoGen.obj)
                              /home/osboxes/fix_rttee_text/RT-TEE/edk2/Build/ArmVirtQemuKernel-AARCH64/DEBUG_GCC49/AARCH64/MdePkg/Library/UefiDriverEntryPoint/UefiDriverEntryPoint/OUTPUT/UefiDriverEntryPoint.lib(DriverEntryPoint.obj) (gEfiLoadedImageProtocolGuid)
/home/osboxes/fix_rttee_text/RT-TEE/edk2/Build/ArmVirtQemuKernel-AARCH64/DEBUG_GCC49/AARCH64/MdeModulePkg/Universal/DisplayEngineDxe/DisplayEngineDxe/OUTPUT/DisplayEngine.lib(FormDisplay.obj)
                              /home/osboxes/fix_rttee_text/RT-TEE/edk2/Build/ArmVirtQemuKernel-AARCH64/DEBUG_GCC49/AARCH64/MdeModulePkg/Universal/DisplayEngineDxe/DisplayEngineDxe/OUTPUT/DisplayEngine.lib(AutoGen.obj) (InitializeDisplayEngine)
/home/osboxes/fix_rttee_text/RT-TEE/edk2/Build/ArmVirtQemuKernel-AARCH64/DEBUG_GCC49/AARCH64/MdeModulePkg/Universal/DisplayEngineDxe/DisplayEngineDxe/OUTPUT/DisplayEngine.lib(ProcessOptions.obj)
                              /home/osboxes/fix_rttee_text/RT-TEE/edk2/Build/ArmVirtQemuKernel-AARCH64/DEBUG_GCC49/AARCH64/MdeModulePkg/Universal/DisplayEngineDxe/DisplayEngineDxe/OUTPUT/DisplayEngine.lib(FormDisplay.obj) (EmptyEventProcess)
/home/osboxes/fix_rttee_text/RT-TEE/edk2/Build/ArmVirtQemuKernel-AARCH64/DEBUG_GCC49/AARCH64/MdeModulePkg/Universal/DisplayEngineDxe/DisplayEngineDxe/OUTPUT/DisplayEngine.lib(InputHandler.obj)
                              /home/osboxes/fix_rttee_text/RT-TEE/edk2/Build/ArmVirtQemuKernel-AARCH64/DEBUG_GCC49/AARCH64/MdeModulePkg/Universal/DisplayEngineDxe/DisplayEngineDxe/OUTPUT/DisplayEngine.lib(ProcessOptions.obj) (ReadString)
/home/osboxes/fix_rttee_text/RT-TEE/edk2/Build/ArmVirtQemuKernel-AARCH64/DEBUG_GCC49/AARCH64/MdeModulePkg/Universal/DisplayEngineDxe/DisplayEngineDxe/OUTPUT/DisplayEngine.lib(Popup.obj)
                              /home/osboxes/fix_rttee_text/RT-TEE/edk2/Build/ArmVirtQemuKernel-AARCH64/DEBUG_GCC49/AARCH64/MdeModulePkg/Universal/DisplayEngineDxe/DisplayEngineDxe/OUTPUT/DisplayEngine.lib(FormDisplay.obj) (CreatePopup)
/home/osboxes/fix_rttee_text/RT-TEE/edk2/Build/ArmVirtQemuKernel-AARCH64/DEBUG_GCC49/AARCH64/MdePkg/Library/BaseLib/BaseLib/OUTPUT/BaseLib.lib(MultU64x32.obj)
                              /home/osboxes/fix_rttee_text/RT-TEE/edk2/Build/ArmVirtQemuKernel-AARCH64/DEBUG_GCC49/AARCH64/MdeModulePkg/Universal/DisplayEngineDxe/DisplayEngineDxe/OUTPUT/DisplayEngine.lib(InputHandler.obj) (MultU64x32)
/home/osboxes/fix_rttee_text/RT-TEE/edk2/Build/ArmVirtQemuKernel-AARCH64/DEBUG_GCC49/AARCH64/MdePkg/Library/BaseLib/BaseLib/OUTPUT/BaseLib.lib(LShiftU64.obj)
                              /home/osboxes/fix_rttee_text/RT-TEE/edk2/Build/ArmVirtQemuKernel-AARCH64/DEBUG_GCC49/AARCH64/MdeModulePkg/Universal/DisplayEngineDxe/DisplayEngineDxe/OUTPUT/DisplayEngine.lib(InputHandler.obj) (LShiftU64)
/home/osboxes/fix_rttee_text/RT-TEE/edk2/Build/ArmVirtQemuKernel-AARCH64/DEBUG_GCC49/AARCH64/MdePkg/Library/BaseLib/BaseLib/OUTPUT/BaseLib.lib(LinkedList.obj)
                              /home/osboxes/fix_rttee_text/RT-TEE/edk2/Build/ArmVirtQemuKernel-AARCH64/DEBUG_GCC49/AARCH64/MdeModulePkg/Universal/DisplayEngineDxe/DisplayEngineDxe/OUTPUT/DisplayEngine.lib(FormDisplay.obj) (InitializeListHead)
/home/osboxes/fix_rttee_text/RT-TEE/edk2/Build/ArmVirtQemuKernel-AARCH64/DEBUG_GCC49/AARCH64/MdePkg/Library/BaseLib/BaseLib/OUTPUT/BaseLib.lib(SafeString.obj)
                              /home/osboxes/fix_rttee_text/RT-TEE/edk2/Build/ArmVirtQemuKernel-AARCH64/DEBUG_GCC49/AARCH64/MdeModulePkg/Universal/DisplayEngineDxe/DisplayEngineDxe/OUTPUT/DisplayEngine.lib(FormDisplay.obj) (StrCpyS)
/home/osboxes/fix_rttee_text/RT-TEE/edk2/Build/ArmVirtQemuKernel-AARCH64/DEBUG_GCC49/AARCH64/MdePkg/Library/BaseLib/BaseLib/OUTPUT/BaseLib.lib(String.obj)
                              /home/osboxes/fix_rttee_text/RT-TEE/edk2/Build/ArmVirtQemuKernel-AARCH64/DEBUG_GCC49/AARCH64/MdeModulePkg/Universal/DisplayEngineDxe/DisplayEngineDxe/OUTPUT/DisplayEngine.lib(FormDisplay.obj) (StrLen)
/home/osboxes/fix_rttee_text/RT-TEE/edk2/Build/ArmVirtQemuKernel-AARCH64/DEBUG_GCC49/AARCH64/MdePkg/Library/BaseLib/BaseLib/OUTPUT/BaseLib.lib(Math64.obj)
                              /home/osboxes/fix_rttee_text/RT-TEE/edk2/Build/ArmVirtQemuKernel-AARCH64/DEBUG_GCC49/AARCH64/MdePkg/Library/BaseLib/BaseLib/OUTPUT/BaseLib.lib(LShiftU64.obj) (InternalMathLShiftU64)
/home/osboxes/fix_rttee_text/RT-TEE/edk2/Build/ArmVirtQemuKernel-AARCH64/DEBUG_GCC49/AARCH64/MdePkg/Library/BaseLib/BaseLib/OUTPUT/BaseLib.lib(SwapBytes32.obj)
[...]
Memory Configuration

Name             Origin             Length             Attributes
*default*        0x0000000000000000 0xffffffffffffffff

Linker script and memory map

START GROUP
LOAD /home/osboxes/fix_rttee_text/RT-TEE/edk2/Build/ArmVirtQemuKernel-AARCH64/DEBUG_GCC49/AARCH64/MdePkg/Library/DxePcdLib/DxePcdLib/OUTPUT/DxePcdLib.lib
LOAD /home/osboxes/fix_rttee_text/RT-TEE/edk2/Build/ArmVirtQemuKernel-AARCH64/DEBUG_GCC49/AARCH64/MdePkg/Library/BaseLib/BaseLib/OUTPUT/BaseLib.lib
LOAD /home/osboxes/fix_rttee_text/RT-TEE/edk2/Build/ArmVirtQemuKernel-AARCH64/DEBUG_GCC49/AARCH64/MdePkg/Library/BaseMemoryLibOptDxe/BaseMemoryLibOptDxe/OUTPUT/BaseMemoryLibOptDxe.lib
LOAD /home/osboxes/fix_rttee_text/RT-TEE/edk2/Build/ArmVirtQemuKernel-AARCH64/DEBUG_GCC49/AARCH64/MdePkg/Library/BaseIoLibIntrinsic/BaseIoLibIntrinsicArmVirt/OUTPUT/BaseIoLibIntrinsicArmVirt.lib
LOAD /home/osboxes/fix_rttee_text/RT-TEE/edk2/Build/ArmVirtQemuKernel-AARCH64/DEBUG_GCC49/AARCH64/ArmVirtPkg/Library/ArmVirtDxeHobLib/ArmVirtDxeHobLib/OUTPUT/ArmVirtDxeHobLib.lib
LOAD /home/osboxes/fix_rttee_text/RT-TEE/edk2/Build/ArmVirtQemuKernel-AARCH64/DEBUG_GCC49/AARCH64/ArmPlatformPkg/Library/PL011UartLib/PL011UartLib/OUTPUT/PL011UartLib.lib
LOAD /home/osboxes/fix_rttee_text/RT-TEE/edk2/Build/ArmVirtQemuKernel-AARCH64/DEBUG_GCC49/AARCH64/MdePkg/Library/BaseDebugPrintErrorLevelLib/BaseDebugPrintErrorLevelLib/OUTPUT/BaseDebugPrintErrorLevelLib.lib
LOAD /home/osboxes/fix_rttee_text/RT-TEE/edk2/Build/ArmVirtQemuKernel-AARCH64/DEBUG_GCC49/AARCH64/ArmVirtPkg/Library/FdtPL011SerialPortLib/FdtPL011SerialPortLib/OUTPUT/FdtPL011SerialPortLib.lib
LOAD /home/osboxes/fix_rttee_text/RT-TEE/edk2/Build/ArmVirtQemuKernel-AARCH64/DEBUG_GCC49/AARCH64/MdePkg/Library/BasePrintLib/BasePrintLib/OUTPUT/BasePrintLib.lib
LOAD /home/osboxes/fix_rttee_text/RT-TEE/edk2/Build/ArmVirtQemuKernel-AARCH64/DEBUG_GCC49/AARCH64/MdePkg/Library/BaseDebugLibSerialPort/BaseDebugLibSerialPort/OUTPUT/BaseDebugLibSerialPort.lib
LOAD /home/osboxes/fix_rttee_text/RT-TEE/edk2/Build/ArmVirtQemuKernel-AARCH64/DEBUG_GCC49/AARCH64/MdePkg/Library/UefiBootServicesTableLib/UefiBootServicesTableLib/OUTPUT/UefiBootServicesTableLib.lib
LOAD /home/osboxes/fix_rttee_text/RT-TEE/edk2/Build/ArmVirtQemuKernel-AARCH64/DEBUG_GCC49/AARCH64/MdePkg/Library/UefiMemoryAllocationLib/UefiMemoryAllocationLib/OUTPUT/UefiMemoryAllocationLib.lib
LOAD /home/osboxes/fix_rttee_text/RT-TEE/edk2/Build/ArmVirtQemuKernel-AARCH64/DEBUG_GCC49/AARCH64/MdePkg/Library/UefiDevicePathLibDevicePathProtocol/UefiDevicePathLibDevicePathProtocol/OUTPUT/UefiDevicePathLibDevicePathProtocol.lib
LOAD /home/osboxes/fix_rttee_text/RT-TEE/edk2/Build/ArmVirtQemuKernel-AARCH64/DEBUG_GCC49/AARCH64/MdePkg/Library/UefiRuntimeServicesTableLib/UefiRuntimeServicesTableLib/OUTPUT/UefiRuntimeServicesTableLib.lib
LOAD /home/osboxes/fix_rttee_text/RT-TEE/edk2/Build/ArmVirtQemuKernel-AARCH64/DEBUG_GCC49/AARCH64/MdeModulePkg/Library/UefiHiiServicesLib/UefiHiiServicesLib/OUTPUT/UefiHiiServicesLib.lib
LOAD /home/osboxes/fix_rttee_text/RT-TEE/edk2/Build/ArmVirtQemuKernel-AARCH64/DEBUG_GCC49/AARCH64/MdePkg/Library/UefiLib/UefiLib/OUTPUT/UefiLib.lib
LOAD /home/osboxes/fix_rttee_text/RT-TEE/edk2/Build/ArmVirtQemuKernel-AARCH64/DEBUG_GCC49/AARCH64/MdeModulePkg/Library/UefiHiiLib/UefiHiiLib/OUTPUT/UefiHiiLib.lib
LOAD /home/osboxes/fix_rttee_text/RT-TEE/edk2/Build/ArmVirtQemuKernel-AARCH64/DEBUG_GCC49/AARCH64/MdePkg/Library/UefiDriverEntryPoint/UefiDriverEntryPoint/OUTPUT/UefiDriverEntryPoint.lib
LOAD /home/osboxes/fix_rttee_text/RT-TEE/edk2/Build/ArmVirtQemuKernel-AARCH64/DEBUG_GCC49/AARCH64/MdeModulePkg/Library/CustomizedDisplayLib/CustomizedDisplayLib/OUTPUT/CustomizedDisplayLib.lib
LOAD /home/osboxes/fix_rttee_text/RT-TEE/edk2/Build/ArmVirtQemuKernel-AARCH64/DEBUG_GCC49/AARCH64/ArmPkg/Library/CompilerIntrinsicsLib/CompilerIntrinsicsLib/OUTPUT/CompilerIntrinsicsLib.lib
LOAD /home/osboxes/fix_rttee_text/RT-TEE/edk2/Build/ArmVirtQemuKernel-AARCH64/DEBUG_GCC49/AARCH64/MdePkg/Library/BaseStackCheckLib/BaseStackCheckLib/OUTPUT/BaseStackCheckLib.lib
LOAD /home/osboxes/fix_rttee_text/RT-TEE/edk2/Build/ArmVirtQemuKernel-AARCH64/DEBUG_GCC49/AARCH64/MdeModulePkg/Universal/DisplayEngineDxe/DisplayEngineDxe/OUTPUT/DisplayEngine.lib
END GROUP
                0x0000000000000228                . = PECOFF_HEADER_SIZE

.text           0x0000000000001000    0x1f690
 *(.text .text.* .stub .gnu.linkonce.t.*)
 .text._DriverUnloadHandler
                0x0000000000001000       0x48 /home/osboxes/fix_rttee_text/RT-TEE/edk2/Build/ArmVirtQemuKernel-AARCH64/DEBUG_GCC49/AARCH64/MdePkg/Library/UefiDriverEntryPoint/UefiDriverEntryPoint/OUTPUT/UefiDriverEntryPoint.lib(DriverEntryPoint.obj)
                0x0000000000001000                _DriverUnloadHandler
 .text._ModuleEntryPoint
                0x0000000000001048      0x148 /home/osboxes/fix_rttee_text/RT-TEE/edk2/Build/ArmVirtQemuKernel-AARCH64/DEBUG_GCC49/AARCH64/MdePkg/Library/UefiDriverEntryPoint/UefiDriverEntryPoint/OUTPUT/UefiDriverEntryPoint.lib(DriverEntryPoint.obj)
                0x0000000000001048                _ModuleEntryPoint
 .text.ProcessLibraryConstructorList
                0x0000000000001190      0x468 /home/osboxes/fix_rttee_text/RT-TEE/edk2/Build/ArmVirtQemuKernel-AARCH64/DEBUG_GCC49/AARCH64/MdeModulePkg/Universal/DisplayEngineDxe/DisplayEngineDxe/OUTPUT/DisplayEngine.lib(AutoGen.obj)
                0x0000000000001190                ProcessLibraryConstructorList
 .text.ProcessLibraryDestructorList
                0x00000000000015f8       0x98 /home/osboxes/fix_rttee_text/RT-TEE/edk2/Build/ArmVirtQemuKernel-AARCH64/DEBUG_GCC49/AARCH64/MdeModulePkg/Universal/DisplayEngineDxe/DisplayEngineDxe/OUTPUT/DisplayEngine.lib(AutoGen.obj)
                0x00000000000015f8                ProcessLibraryDestructorList
 .text.ProcessModuleEntryPointList
                0x0000000000001690       0x24 /home/osboxes/fix_rttee_text/RT-TEE/edk2/Build/ArmVirtQemuKernel-AARCH64/DEBUG_GCC49/AARCH64/MdeModulePkg/Universal/DisplayEngineDxe/DisplayEngineDxe/OUTPUT/DisplayEngine.lib(AutoGen.obj)
                0x0000000000001690                ProcessModuleEntryPointList
 .text.ProcessModuleUnloadList
                0x00000000000016b4       0x1c /home/osboxes/fix_rttee_text/RT-TEE/edk2/Build/ArmVirtQemuKernel-AARCH64/DEBUG_GCC49/AARCH64/MdeModulePkg/Universal/DisplayEngineDxe/DisplayEngineDxe/OUTPUT/DisplayEngine.lib(AutoGen.obj)
                0x00000000000016b4                ProcessModuleUnloadList
 .text.GetToken
                0x00000000000016d0       0xa0 /home/osboxes/fix_rttee_text/RT-TEE/edk2/Build/ArmVirtQemuKernel-AARCH64/DEBUG_GCC49/AARCH64/MdeModulePkg/Universal/DisplayEngineDxe/DisplayEngineDxe/OUTPUT/DisplayEngine.lib(FormDisplay.obj)
                0x00000000000016d0                GetToken
 .text.InitializeDisplayStrings
                0x0000000000001770      0x80c /home/osboxes/fix_rttee_text/RT-TEE/edk2/Build/ArmVirtQemuKernel-AARCH64/DEBUG_GCC49/AARCH64/MdeModulePkg/Universal/DisplayEngineDxe/DisplayEngineDxe/OUTPUT/DisplayEngine.lib(FormDisplay.obj)
                0x0000000000001770                InitializeDisplayStrings
 .text.FreeDisplayStrings
                0x0000000000001f7c      0x344 /home/osboxes/fix_rttee_text/RT-TEE/edk2/Build/ArmVirtQemuKernel-AARCH64/DEBUG_GCC49/AARCH64/MdeModulePkg/Universal/DisplayEngineDxe/DisplayEngineDxe/OUTPUT/DisplayEngine.lib(FormDisplay.obj)
                0x0000000000001f7c                FreeDisplayStrings
 .text.GetPrompt
                0x00000000000022c0       0x44 /home/osboxes/fix_rttee_text/RT-TEE/edk2/Build/ArmVirtQemuKernel-AARCH64/DEBUG_GCC49/AARCH64/MdeModulePkg/Universal/DisplayEngineDxe/DisplayEngineDxe/OUTPUT/DisplayEngine.lib(FormDisplay.obj)
                0x00000000000022c0                GetPrompt
 .text.GetWidth
                0x0000000000002304      0x22c /home/osboxes/fix_rttee_text/RT-TEE/edk2/Build/ArmVirtQemuKernel-AARCH64/DEBUG_GCC49/AARCH64/MdeModulePkg/Universal/DisplayEngineDxe/DisplayEngineDxe/OUTPUT/DisplayEngine.lib(FormDisplay.obj)
                0x0000000000002304                GetWidth
 .text.GetLineByWidth
                0x0000000000002530      0x520 /home/osboxes/fix_rttee_text/RT-TEE/edk2/Build/ArmVirtQemuKernel-AARCH64/DEBUG_GCC49/AARCH64/MdeModulePkg/Universal/DisplayEngineDxe/DisplayEngineDxe/OUTPUT/DisplayEngine.lib(FormDisplay.obj)
                0x0000000000002530                GetLineByWidth
 .text.UiAddMenuOption
                0x0000000000002a50      0x414 /home/osboxes/fix_rttee_text/RT-TEE/edk2/Build/ArmVirtQemuKernel-AARCH64/DEBUG_GCC49/AARCH64/MdeModulePkg/Universal/DisplayEngineDxe/DisplayEngineDxe/OUTPUT/DisplayEngine.lib(FormDisplay.obj)
                0x0000000000002a50                UiAddMenuOption
 .text.ConvertStatementToMenu
                0x0000000000002e64      0x1cc /home/osboxes/fix_rttee_text/RT-TEE/edk2/Build/ArmVirtQemuKernel-AARCH64/DEBUG_GCC49/AARCH64/MdeModulePkg/Universal/DisplayEngineDxe/DisplayEngineDxe/OUTPUT/DisplayEngine.lib(FormDisplay.obj)
                0x0000000000002e64                ConvertStatementToMenu
 .text.GetStringWidth
                0x0000000000003030      0x188 /home/osboxes/fix_rttee_text/RT-TEE/edk2/Build/ArmVirtQemuKernel-AARCH64/DEBUG_GCC49/AARCH64/MdeModulePkg/Universal/DisplayEngineDxe/DisplayEngineDxe/OUTPUT/DisplayEngine.lib(FormDisplay.obj)
                0x0000000000003030                GetStringWidth
 .text.UpdateSkipInfoForMenu
                0x00000000000031b8       0xf8 /home/osboxes/fix_rttee_text/RT-TEE/edk2/Build/ArmVirtQemuKernel-AARCH64/DEBUG_GCC49/AARCH64/MdeModulePkg/Universal/DisplayEngineDxe/DisplayEngineDxe/OUTPUT/DisplayEngine.lib(FormDisplay.obj)
                0x00000000000031b8                UpdateSkipInfoForMenu
 .text.UpdateOptionSkipLines
                0x00000000000032b0       0xdc /home/osboxes/fix_rttee_text/RT-TEE/edk2/Build/ArmVirtQemuKernel-AARCH64/DEBUG_GCC49/AARCH64/MdeModulePkg/Universal/DisplayEngineDxe/DisplayEngineDxe/OUTPUT/DisplayEngine.lib(FormDisplay.obj)
                0x00000000000032b0                UpdateOptionSkipLines
 .text.PrintableMenu
                0x000000000000338c      0x148 /home/osboxes/fix_rttee_text/RT-TEE/edk2/Build/ArmVirtQemuKernel-AARCH64/DEBUG_GCC49/AARCH64/MdeModulePkg/Universal/DisplayEngineDxe/DisplayEngineDxe/OUTPUT/DisplayEngine.lib(FormDisplay.obj)
                0x000000000000338c                PrintableMenu
 .text.IsSelectable
                0x00000000000034d4       0x6c /home/osboxes/fix_rttee_text/RT-TEE/edk2/Build/ArmVirtQemuKernel-AARCH64/DEBUG_GCC49/AARCH64/MdeModulePkg/Universal/DisplayEngineDxe/DisplayEngineDxe/OUTPUT/DisplayEngine.lib(FormDisplay.obj)
                0x00000000000034d4                IsSelectable
 .text.MoveToNextStatement
                0x0000000000003540      0x21c /home/osboxes/fix_rttee_text/RT-TEE/edk2/Build/ArmVirtQemuKernel-AARCH64/DEBUG_GCC49/AARCH64/MdeModulePkg/Universal/DisplayEngineDxe/DisplayEngineDxe/OUTPUT/DisplayEngine.lib(FormDisplay.obj)
                0x0000000000003540                MoveToNextStatement
 .text.ProcessStringForDateTime
                0x000000000000375c      0x300 /home/osboxes/fix_rttee_text/RT-TEE/edk2/Build/ArmVirtQemuKernel-AARCH64/DEBUG_GCC49/AARCH64/MdeModulePkg/Universal/DisplayEngineDxe/DisplayEngineDxe/OUTPUT/DisplayEngine.lib(FormDisplay.obj)
                0x000000000000375c                ProcessStringForDateTime
 .text.AdjustDateAndTimePosition
                0x0000000000003a5c      0x1b0 /home/osboxes/fix_rttee_text/RT-TEE/edk2/Build/ArmVirtQemuKernel-AARCH64/DEBUG_GCC49/AARCH64/MdeModulePkg/Universal/DisplayEngineDxe/DisplayEngineDxe/OUTPUT/DisplayEngine.lib(FormDisplay.obj)
                0x0000000000003a5c                AdjustDateAndTimePosition
 .text.GetFieldFromNum
                0x0000000000003c0c       0xac /home/osboxes/fix_rttee_text/RT-TEE/edk2/Build/ArmVirtQemuKernel-AARCH64/DEBUG_GCC49/AARCH64/MdeModulePkg/Universal/DisplayEngineDxe/DisplayEngineDxe/OUTPUT/DisplayEngine.lib(FormDisplay.obj)
                0x0000000000003c0c                GetFieldFromNum
 .text.GetHotKeyFromRegisterList
                0x0000000000003cb8       0xf0 /home/osboxes/fix_rttee_text/RT-TEE/edk2/Build/ArmVirtQemuKernel-AARCH64/DEBUG_GCC49/AARCH64/MdeModulePkg/Universal/DisplayEngineDxe/DisplayEngineDxe/OUTPUT/DisplayEngine.lib(FormDisplay.obj)
                0x0000000000003cb8                GetHotKeyFromRegisterList
 .text.ValueIsScroll
                0x0000000000003da8       0x58 /home/osboxes/fix_rttee_text/RT-TEE/edk2/Build/ArmVirtQemuKernel-AARCH64/DEBUG_GCC49/AARCH64/MdeModulePkg/Universal/DisplayEngineDxe/DisplayEngineDxe/OUTPUT/DisplayEngine.lib(FormDisplay.obj)
                0x0000000000003da8                ValueIsScroll
 .text.UiWaitForEvent
                0x0000000000003e00      0x2a8 /home/osboxes/fix_rttee_text/RT-TEE/edk2/Build/ArmVirtQemuKernel-AARCH64/DEBUG_GCC49/AARCH64/MdeModulePkg/Universal/DisplayEngineDxe/DisplayEngineDxe/OUTPUT/DisplayEngine.lib(FormDisplay.obj)
                0x0000000000003e00                UiWaitForEvent
 .text.GetQuestionIdInfo
                0x00000000000040a8       0x44 /home/osboxes/fix_rttee_text/RT-TEE/edk2/Build/ArmVirtQemuKernel-AARCH64/DEBUG_GCC49/AARCH64/MdeModulePkg/Universal/DisplayEngineDxe/DisplayEngineDxe/OUTPUT/DisplayEngine.lib(FormDisplay.obj)
                0x00000000000040a8                GetQuestionIdInfo
 .text.FindTopOfScreenMenu
                0x00000000000040ec      0x184 /home/osboxes/fix_rttee_text/RT-TEE/edk2/Build/ArmVirtQemuKernel-AARCH64/DEBUG_GCC49/AARCH64/MdeModulePkg/Universal/DisplayEngineDxe/DisplayEngineDxe/OUTPUT/DisplayEngine.lib(FormDisplay.obj)
                0x00000000000040ec                FindTopOfScreenMenu
 .text.GetIndexInfoForOpcode
                0x0000000000004270      0x11c /home/osboxes/fix_rttee_text/RT-TEE/edk2/Build/ArmVirtQemuKernel-AARCH64/DEBUG_GCC49/AARCH64/MdeModulePkg/Universal/DisplayEngineDxe/DisplayEngineDxe/OUTPUT/DisplayEngine.lib(FormDisplay.obj)
                0x0000000000004270                GetIndexInfoForOpcode
 .text.IsSavedHighlightStatement
                0x000000000000438c      0x130 /home/osboxes/fix_rttee_text/RT-TEE/edk2/Build/ArmVirtQemuKernel-AARCH64/DEBUG_GCC49/AARCH64/MdeModulePkg/Universal/DisplayEngineDxe/DisplayEngineDxe/OUTPUT/DisplayEngine.lib(FormDisplay.obj)
                0x000000000000438c                IsSavedHighlightStatement
 .text.IsHighLightMenuOption
                0x00000000000044bc      0x12c /home/osboxes/fix_rttee_text/RT-TEE/edk2/Build/ArmVirtQemuKernel-AARCH64/DEBUG_GCC49/AARCH64/MdeModulePkg/Universal/DisplayEngineDxe/DisplayEngineDxe/OUTPUT/DisplayEngine.lib(FormDisplay.obj)
                0x00000000000044bc                IsHighLightMenuOption
 .text.FindHighLightMenuOption
                0x00000000000045e8      0x210 /home/osboxes/fix_rttee_text/RT-TEE/edk2/Build/ArmVirtQemuKernel-AARCH64/DEBUG_GCC49/AARCH64/MdeModulePkg/Universal/DisplayEngineDxe/DisplayEngineDxe/OUTPUT/DisplayEngine.lib(FormDisplay.obj)
                0x00000000000045e8                FindHighLightMenuOption
 .text.IsTopOfScreeMenuOption
                0x00000000000047f8       0xf4 /home/osboxes/fix_rttee_text/RT-TEE/edk2/Build/ArmVirtQemuKernel-AARCH64/DEBUG_GCC49/AARCH64/MdeModulePkg/Universal/DisplayEngineDxe/DisplayEngineDxe/OUTPUT/DisplayEngine.lib(FormDisplay.obj)
                0x00000000000047f8                IsTopOfScreeMenuOption
 .text.GetDistanceBetweenMenus
                0x00000000000048ec       0xcc /home/osboxes/fix_rttee_text/RT-TEE/edk2/Build/ArmVirtQemuKernel-AARCH64/DEBUG_GCC49/AARCH64/MdeModulePkg/Universal/DisplayEngineDxe/DisplayEngineDxe/OUTPUT/DisplayEngine.lib(FormDisplay.obj)
                0x00000000000048ec                GetDistanceBetweenMenus
 .text.FindTopOfScreenMenuOption
                0x00000000000049b8      0x188 /home/osboxes/fix_rttee_text/RT-TEE/edk2/Build/ArmVirtQemuKernel-AARCH64/DEBUG_GCC49/AARCH64/MdeModulePkg/Universal/DisplayEngineDxe/DisplayEngineDxe/OUTPUT/DisplayEngine.lib(FormDisplay.obj)
                0x00000000000049b8                FindTopOfScreenMenuOption
 .text.FindTopMenu
                0x0000000000004b40      0x6bc /home/osboxes/fix_rttee_text/RT-TEE/edk2/Build/ArmVirtQemuKernel-AARCH64/DEBUG_GCC49/AARCH64/MdeModulePkg/Universal/DisplayEngineDxe/DisplayEngineDxe/OUTPUT/DisplayEngine.lib(FormDisplay.obj)
                0x0000000000004b40                FindTopMenu
 .text.UpdateHighlightMenuInfo
                0x00000000000051fc      0x3f4 /home/osboxes/fix_rttee_text/RT-TEE/edk2/Build/ArmVirtQemuKernel-AARCH64/DEBUG_GCC49/AARCH64/MdeModulePkg/Universal/DisplayEngineDxe/DisplayEngineDxe/OUTPUT/DisplayEngine.lib(FormDisplay.obj)
                0x00000000000051fc                UpdateHighlightMenuInfo
 .text.SetDisplayAttribute
                0x00000000000055f0      0x158 /home/osboxes/fix_rttee_text/RT-TEE/edk2/Build/ArmVirtQemuKernel-AARCH64/DEBUG_GCC49/AARCH64/MdeModulePkg/Universal/DisplayEngineDxe/DisplayEngineDxe/OUTPUT/DisplayEngine.lib(FormDisplay.obj)
                0x00000000000055f0                SetDisplayAttribute
 .text.DisplayMenuString
                0x0000000000005748       0xa8 /home/osboxes/fix_rttee_text/RT-TEE/edk2/Build/ArmVirtQemuKernel-AARCH64/DEBUG_GCC49/AARCH64/MdeModulePkg/Universal/DisplayEngineDxe/DisplayEngineDxe/OUTPUT/DisplayEngine.lib(FormDisplay.obj)
                0x0000000000005748                DisplayMenuString
 .text.HasOptionString
                0x00000000000057f0      0x120 /home/osboxes/fix_rttee_text/RT-TEE/edk2/Build/ArmVirtQemuKernel-AARCH64/DEBUG_GCC49/AARCH64/MdeModulePkg/Universal/DisplayEngineDxe/DisplayEngineDxe/OUTPUT/DisplayEngine.lib(FormDisplay.obj)
                0x00000000000057f0                HasOptionString
 .text.FxConfirmPopup
                0x0000000000005910      0x510 /home/osboxes/fix_rttee_text/RT-TEE/edk2/Build/ArmVirtQemuKernel-AARCH64/DEBUG_GCC49/AARCH64/MdeModulePkg/Universal/DisplayEngineDxe/DisplayEngineDxe/OUTPUT/DisplayEngine.lib(FormDisplay.obj)
                0x0000000000005910                FxConfirmPopup
 .text.DisplayOneMenu
                0x0000000000005e20      0x790 /home/osboxes/fix_rttee_text/RT-TEE/edk2/Build/ArmVirtQemuKernel-AARCH64/DEBUG_GCC49/AARCH64/MdeModulePkg/Universal/DisplayEngineDxe/DisplayEngineDxe/OUTPUT/DisplayEngine.lib(FormDisplay.obj)
                0x0000000000005e20                DisplayOneMenu
 .text.UiDisplayMenu
                0x00000000000065b0     0x3100 /home/osboxes/fix_rttee_text/RT-TEE/edk2/Build/ArmVirtQemuKernel-AARCH64/DEBUG_GCC49/AARCH64/MdeModulePkg/Universal/DisplayEngineDxe/DisplayEngineDxe/OUTPUT/DisplayEngine.lib(FormDisplay.obj)
                0x00000000000065b0                UiDisplayMenu
 .text.FreeMenuOptionData
                0x00000000000096b0       0xc4 /home/osboxes/fix_rttee_text/RT-TEE/edk2/Build/ArmVirtQemuKernel-AARCH64/DEBUG_GCC49/AARCH64/MdeModulePkg/Universal/DisplayEngineDxe/DisplayEngineDxe/OUTPUT/DisplayEngine.lib(FormDisplay.obj)
                0x00000000000096b0                FreeMenuOptionData
 .text.BrowserStatusProcess
                0x0000000000009774      0x950 /home/osboxes/fix_rttee_text/RT-TEE/edk2/Build/ArmVirtQemuKernel-AARCH64/DEBUG_GCC49/AARCH64/MdeModulePkg/Universal/DisplayEngineDxe/DisplayEngineDxe/OUTPUT/DisplayEngine.lib(FormDisplay.obj)
                0x0000000000009774                BrowserStatusProcess
 .text.FormDisplay
                0x000000000000a0c4      0x294 /home/osboxes/fix_rttee_text/RT-TEE/edk2/Build/ArmVirtQemuKernel-AARCH64/DEBUG_GCC49/AARCH64/MdeModulePkg/Universal/DisplayEngineDxe/DisplayEngineDxe/OUTPUT/DisplayEngine.lib(FormDisplay.obj)
                0x000000000000a0c4                FormDisplay
 .text.DriverClearDisplayPage
                0x000000000000a358       0x28 /home/osboxes/fix_rttee_text/RT-TEE/edk2/Build/ArmVirtQemuKernel-AARCH64/DEBUG_GCC49/AARCH64/MdeModulePkg/Universal/DisplayEngineDxe/DisplayEngineDxe/OUTPUT/DisplayEngine.lib(FormDisplay.obj)
                0x000000000000a358                DriverClearDisplayPage
 .text.SetUnicodeMem
                0x000000000000a380       0x50 /home/osboxes/fix_rttee_text/RT-TEE/edk2/Build/ArmVirtQemuKernel-AARCH64/DEBUG_GCC49/AARCH64/MdeModulePkg/Universal/DisplayEngineDxe/DisplayEngineDxe/OUTPUT/DisplayEngine.lib(FormDisplay.obj)
                0x000000000000a380                SetUnicodeMem
 .text.InitializeDisplayEngine
                0x000000000000a3d0      0x31c /home/osboxes/fix_rttee_text/RT-TEE/edk2/Build/ArmVirtQemuKernel-AARCH64/DEBUG_GCC49/AARCH64/MdeModulePkg/Universal/DisplayEngineDxe/DisplayEngineDxe/OUTPUT/DisplayEngine.lib(FormDisplay.obj)
                0x000000000000a3d0                InitializeDisplayEngine
 .text.UnloadDisplayEngine
                0x000000000000a6ec       0x74 /home/osboxes/fix_rttee_text/RT-TEE/edk2/Build/ArmVirtQemuKernel-AARCH64/DEBUG_GCC49/AARCH64/MdeModulePkg/Universal/DisplayEngineDxe/DisplayEngineDxe/OUTPUT/DisplayEngine.lib(FormDisplay.obj)
                0x000000000000a6ec                UnloadDisplayEngine
 .text.NewStrCat
                0x000000000000a760       0xa0 /home/osboxes/fix_rttee_text/RT-TEE/edk2/Build/ArmVirtQemuKernel-AARCH64/DEBUG_GCC49/AARCH64/MdeModulePkg/Universal/DisplayEngineDxe/DisplayEngineDxe/OUTPUT/DisplayEngine.lib(ProcessOptions.obj)
                0x000000000000a760                NewStrCat
 .text.HiiValueToUINT64
                0x000000000000a800       0xec /home/osboxes/fix_rttee_text/RT-TEE/edk2/Build/ArmVirtQemuKernel-AARCH64/DEBUG_GCC49/AARCH64/MdeModulePkg/Universal/DisplayEngineDxe/DisplayEngineDxe/OUTPUT/DisplayEngine.lib(ProcessOptions.obj)
                0x000000000000a800                HiiValueToUINT64
 .text.IsTypeInBuffer
                0x000000000000a8ec       0x40 /home/osboxes/fix_rttee_text/RT-TEE/edk2/Build/ArmVirtQemuKernel-AARCH64/DEBUG_GCC49/AARCH64/MdeModulePkg/Universal/DisplayEngineDxe/DisplayEngineDxe/OUTPUT/DisplayEngine.lib(ProcessOptions.obj)
                0x000000000000a8ec                IsTypeInBuffer
 .text.IsTypeInUINT64
                0x000000000000a92c       0x30 /home/osboxes/fix_rttee_text/RT-TEE/edk2/Build/ArmVirtQemuKernel-AARCH64/DEBUG_GCC49/AARCH64/MdeModulePkg/Universal/DisplayEngineDxe/DisplayEngineDxe/OUTPUT/DisplayEngine.lib(ProcessOptions.obj)
                0x000000000000a92c                IsTypeInUINT64
 .text.GetBufAndLenForValue
                0x000000000000a95c       0xe8 /home/osboxes/fix_rttee_text/RT-TEE/edk2/Build/ArmVirtQemuKernel-AARCH64/DEBUG_GCC49/AARCH64/MdeModulePkg/Universal/DisplayEngineDxe/DisplayEngineDxe/OUTPUT/DisplayEngine.lib(ProcessOptions.obj)
                0x000000000000a95c                GetBufAndLenForValue
 .text.CompareHiiValue
                0x000000000000aa44      0x2a0 /home/osboxes/fix_rttee_text/RT-TEE/edk2/Build/ArmVirtQemuKernel-AARCH64/DEBUG_GCC49/AARCH64/MdeModulePkg/Universal/DisplayEngineDxe/DisplayEngineDxe/OUTPUT/DisplayEngine.lib(ProcessOptions.obj)
                0x000000000000aa44                CompareHiiValue
 .text.ValueToOption
                0x000000000000ace4      0x13c /home/osboxes/fix_rttee_text/RT-TEE/edk2/Build/ArmVirtQemuKernel-AARCH64/DEBUG_GCC49/AARCH64/MdeModulePkg/Universal/DisplayEngineDxe/DisplayEngineDxe/OUTPUT/DisplayEngine.lib(ProcessOptions.obj)
                0x000000000000ace4                ValueToOption
 .text.GetArrayData
                0x000000000000ae20      0x104 /home/osboxes/fix_rttee_text/RT-TEE/edk2/Build/ArmVirtQemuKernel-AARCH64/DEBUG_GCC49/AARCH64/MdeModulePkg/Universal/DisplayEngineDxe/DisplayEngineDxe/OUTPUT/DisplayEngine.lib(ProcessOptions.obj)
                0x000000000000ae20                GetArrayData
 .text.SetArrayData
                0x000000000000af24      0x100 /home/osboxes/fix_rttee_text/RT-TEE/edk2/Build/ArmVirtQemuKernel-AARCH64/DEBUG_GCC49/AARCH64/MdeModulePkg/Universal/DisplayEngineDxe/DisplayEngineDxe/OUTPUT/DisplayEngine.lib(ProcessOptions.obj)
                0x000000000000af24                SetArrayData
 .text.FindArrayData
                0x000000000000b024      0x140 /home/osboxes/fix_rttee_text/RT-TEE/edk2/Build/ArmVirtQemuKernel-AARCH64/DEBUG_GCC49/AARCH64/MdeModulePkg/Universal/DisplayEngineDxe/DisplayEngineDxe/OUTPUT/DisplayEngine.lib(ProcessOptions.obj)
                0x000000000000b024                FindArrayData
 .text.PrintFormattedNumber
                0x000000000000b164      0x15c /home/osboxes/fix_rttee_text/RT-TEE/edk2/Build/ArmVirtQemuKernel-AARCH64/DEBUG_GCC49/AARCH64/MdeModulePkg/Universal/DisplayEngineDxe/DisplayEngineDxe/OUTPUT/DisplayEngine.lib(ProcessOptions.obj)
                0x000000000000b164                PrintFormattedNumber
 .text.CreateSharedPopUp
                0x000000000000b2c0      0x488 /home/osboxes/fix_rttee_text/RT-TEE/edk2/Build/ArmVirtQemuKernel-AARCH64/DEBUG_GCC49/AARCH64/MdeModulePkg/Universal/DisplayEngineDxe/DisplayEngineDxe/OUTPUT/DisplayEngine.lib(ProcessOptions.obj)
                0x000000000000b2c0                CreateSharedPopUp
 .text.CreateMultiStringPopUp
                0x000000000000b748       0xa8 /home/osboxes/fix_rttee_text/RT-TEE/edk2/Build/ArmVirtQemuKernel-AARCH64/DEBUG_GCC49/AARCH64/MdeModulePkg/Universal/DisplayEngineDxe/DisplayEngineDxe/OUTPUT/DisplayEngine.lib(ProcessOptions.obj)
                0x000000000000b748                CreateMultiStringPopUp
 .text.EmptyEventProcess
                0x000000000000b7f0       0x18 /home/osboxes/fix_rttee_text/RT-TEE/edk2/Build/ArmVirtQemuKernel-AARCH64/DEBUG_GCC49/AARCH64/MdeModulePkg/Universal/DisplayEngineDxe/DisplayEngineDxe/OUTPUT/DisplayEngine.lib(ProcessOptions.obj)
                0x000000000000b7f0                EmptyEventProcess
 .text.RefreshTimeOutProcess
                0x000000000000b808       0xf8 /home/osboxes/fix_rttee_text/RT-TEE/edk2/Build/ArmVirtQemuKernel-AARCH64/DEBUG_GCC49/AARCH64/MdeModulePkg/Universal/DisplayEngineDxe/DisplayEngineDxe/OUTPUT/DisplayEngine.lib(ProcessOptions.obj)
                0x000000000000b808                RefreshTimeOutProcess
 .text.PasswordInvalid
                0x000000000000b900       0x5c /home/osboxes/fix_rttee_text/RT-TEE/edk2/Build/ArmVirtQemuKernel-AARCH64/DEBUG_GCC49/AARCH64/MdeModulePkg/Universal/DisplayEngineDxe/DisplayEngineDxe/OUTPUT/DisplayEngine.lib(ProcessOptions.obj)
                0x000000000000b900                PasswordInvalid
 .text.PasswordProcess
                0x000000000000b95c      0x480 /home/osboxes/fix_rttee_text/RT-TEE/edk2/Build/ArmVirtQemuKernel-AARCH64/DEBUG_GCC49/AARCH64/MdeModulePkg/Universal/DisplayEngineDxe/DisplayEngineDxe/OUTPUT/DisplayEngine.lib(ProcessOptions.obj)
                0x000000000000b95c                PasswordProcess
 .text.ProcessOptions
                0x000000000000bddc     0x15a4 /home/osboxes/fix_rttee_text/RT-TEE/edk2/Build/ArmVirtQemuKernel-AARCH64/DEBUG_GCC49/AARCH64/MdeModulePkg/Universal/DisplayEngineDxe/DisplayEngineDxe/OUTPUT/DisplayEngine.lib(ProcessOptions.obj)
                0x000000000000bddc                ProcessOptions
 .text.ProcessHelpString
                0x000000000000d380      0x1a8 /home/osboxes/fix_rttee_text/RT-TEE/edk2/Build/ArmVirtQemuKernel-AARCH64/DEBUG_GCC49/AARCH64/MdeModulePkg/Universal/DisplayEngineDxe/DisplayEngineDxe/OUTPUT/DisplayEngine.lib(ProcessOptions.obj)
                0x000000000000d380                ProcessHelpString
 .text.GetFieldFromOp
                0x000000000000d528       0xb4 /home/osboxes/fix_rttee_text/RT-TEE/edk2/Build/ArmVirtQemuKernel-AARCH64/DEBUG_GCC49/AARCH64/MdeModulePkg/Universal/DisplayEngineDxe/DisplayEngineDxe/OUTPUT/DisplayEngine.lib(InputHandler.obj)
                0x000000000000d528                GetFieldFromOp
 .text.ReadString
                0x000000000000d5dc      0xcd8 /home/osboxes/fix_rttee_text/RT-TEE/edk2/Build/ArmVirtQemuKernel-AARCH64/DEBUG_GCC49/AARCH64/MdeModulePkg/Universal/DisplayEngineDxe/DisplayEngineDxe/OUTPUT/DisplayEngine.lib(InputHandler.obj)
                0x000000000000d5dc                ReadString
 .text.AdjustQuestionValue
                0x000000000000e2b4      0x170 /home/osboxes/fix_rttee_text/RT-TEE/edk2/Build/ArmVirtQemuKernel-AARCH64/DEBUG_GCC49/AARCH64/MdeModulePkg/Universal/DisplayEngineDxe/DisplayEngineDxe/OUTPUT/DisplayEngine.lib(InputHandler.obj)
                0x000000000000e2b4                AdjustQuestionValue
 .text.GetValueFromNum
                0x000000000000e424      0x33c /home/osboxes/fix_rttee_text/RT-TEE/edk2/Build/ArmVirtQemuKernel-AARCH64/DEBUG_GCC49/AARCH64/MdeModulePkg/Universal/DisplayEngineDxe/DisplayEngineDxe/OUTPUT/DisplayEngine.lib(InputHandler.obj)
                0x000000000000e424                GetValueFromNum
 .text.GetNumericInput
                0x000000000000e760     0x1574 /home/osboxes/fix_rttee_text/RT-TEE/edk2/Build/ArmVirtQemuKernel-AARCH64/DEBUG_GCC49/AARCH64/MdeModulePkg/Universal/DisplayEngineDxe/DisplayEngineDxe/OUTPUT/DisplayEngine.lib(InputHandler.obj)
                0x000000000000e760                GetNumericInput
 .text.AdjustOptionOrder
                0x000000000000fcd4      0x290 /home/osboxes/fix_rttee_text/RT-TEE/edk2/Build/ArmVirtQemuKernel-AARCH64/DEBUG_GCC49/AARCH64/MdeModulePkg/Universal/DisplayEngineDxe/DisplayEngineDxe/OUTPUT/DisplayEngine.lib(InputHandler.obj)
                0x000000000000fcd4                AdjustOptionOrder
 .text.IsValuesEqual
                0x000000000000ff64      0x100 /home/osboxes/fix_rttee_text/RT-TEE/edk2/Build/ArmVirtQemuKernel-AARCH64/DEBUG_GCC49/AARCH64/MdeModulePkg/Universal/DisplayEngineDxe/DisplayEngineDxe/OUTPUT/DisplayEngine.lib(InputHandler.obj)
                0x000000000000ff64                IsValuesEqual
 .text.SetValuesByType
                0x0000000000010064       0xe8 /home/osboxes/fix_rttee_text/RT-TEE/edk2/Build/ArmVirtQemuKernel-AARCH64/DEBUG_GCC49/AARCH64/MdeModulePkg/Universal/DisplayEngineDxe/DisplayEngineDxe/OUTPUT/DisplayEngine.lib(InputHandler.obj)
                0x0000000000010064                SetValuesByType
 .text.GetSelectionInputPopUp
                0x000000000001014c     0x1098 /home/osboxes/fix_rttee_text/RT-TEE/edk2/Build/ArmVirtQemuKernel-AARCH64/DEBUG_GCC49/AARCH64/MdeModulePkg/Universal/DisplayEngineDxe/DisplayEngineDxe/OUTPUT/DisplayEngine.lib(InputHandler.obj)
                0x000000000001014c                GetSelectionInputPopUp
 .text.FreeSelectableOptions
                0x00000000000111e4       0xa8 /home/osboxes/fix_rttee_text/RT-TEE/edk2/Build/ArmVirtQemuKernel-AARCH64/DEBUG_GCC49/AARCH64/MdeModulePkg/Universal/DisplayEngineDxe/DisplayEngineDxe/OUTPUT/DisplayEngine.lib(Popup.obj)
                0x00000000000111e4                FreeSelectableOptions
 .text.DisplayOneSelectableOption
                0x000000000001128c       0xcc /home/osboxes/fix_rttee_text/RT-TEE/edk2/Build/ArmVirtQemuKernel-AARCH64/DEBUG_GCC49/AARCH64/MdeModulePkg/Universal/DisplayEngineDxe/DisplayEngineDxe/OUTPUT/DisplayEngine.lib(Popup.obj)
                0x000000000001128c                DisplayOneSelectableOption
 .text.AddOneSelectableOption
                0x0000000000011358      0x1ac /home/osboxes/fix_rttee_text/RT-TEE/edk2/Build/ArmVirtQemuKernel-AARCH64/DEBUG_GCC49/AARCH64/MdeModulePkg/Universal/DisplayEngineDxe/DisplayEngineDxe/OUTPUT/DisplayEngine.lib(Popup.obj)
                0x0000000000011358                AddOneSelectableOption
 .text.AddUserSelectableOptions
                0x0000000000011504      0x490 /home/osboxes/fix_rttee_text/RT-TEE/edk2/Build/ArmVirtQemuKernel-AARCH64/DEBUG_GCC49/AARCH64/MdeModulePkg/Universal/DisplayEngineDxe/DisplayEngineDxe/OUTPUT/DisplayEngine.lib(Popup.obj)
                0x0000000000011504                AddUserSelectableOptions
 .text.GetUserSelection
                0x0000000000011994      0x3c8 /home/osboxes/fix_rttee_text/RT-TEE/edk2/Build/ArmVirtQemuKernel-AARCH64/DEBUG_GCC49/AARCH64/MdeModulePkg/Universal/DisplayEngineDxe/DisplayEngineDxe/OUTPUT/DisplayEngine.lib(Popup.obj)
                0x0000000000011994                GetUserSelection
 .text.GetStringOffsetWithWidth
                0x0000000000011d5c       0xd8 /home/osboxes/fix_rttee_text/RT-TEE/edk2/Build/ArmVirtQemuKernel-AARCH64/DEBUG_GCC49/AARCH64/MdeModulePkg/Universal/DisplayEngineDxe/DisplayEngineDxe/OUTPUT/DisplayEngine.lib(Popup.obj)
                0x0000000000011d5c                GetStringOffsetWithWidth
 .text.ParseMessageString
                0x0000000000011e34      0x2e4 /home/osboxes/fix_rttee_text/RT-TEE/edk2/Build/ArmVirtQemuKernel-AARCH64/DEBUG_GCC49/AARCH64/MdeModulePkg/Universal/DisplayEngineDxe/DisplayEngineDxe/OUTPUT/DisplayEngine.lib(Popup.obj)
                0x0000000000011e34                ParseMessageString
 .text.CalculatePopupPosition
                0x0000000000012118      0x2fc /home/osboxes/fix_rttee_text/RT-TEE/edk2/Build/ArmVirtQemuKernel-AARCH64/DEBUG_GCC49/AARCH64/MdeModulePkg/Universal/DisplayEngineDxe/DisplayEngineDxe/OUTPUT/DisplayEngine.lib(Popup.obj)
                0x0000000000012118                CalculatePopupPosition
 .text.DrawMessageBox
                0x0000000000012414      0x600 /home/osboxes/fix_rttee_text/RT-TEE/edk2/Build/ArmVirtQemuKernel-AARCH64/DEBUG_GCC49/AARCH64/MdeModulePkg/Universal/DisplayEngineDxe/DisplayEngineDxe/OUTPUT/DisplayEngine.lib(Popup.obj)
                0x0000000000012414                DrawMessageBox
 .text.CreatePopup
                0x0000000000012a14      0x1f8 /home/osboxes/fix_rttee_text/RT-TEE/edk2/Build/ArmVirtQemuKernel-AARCH64/DEBUG_GCC49/AARCH64/MdeModulePkg/Universal/DisplayEngineDxe/DisplayEngineDxe/OUTPUT/DisplayEngine.lib(Popup.obj)
                0x0000000000012a14                CreatePopup
 .text.MultU64x32
                0x0000000000012c0c       0x2c /home/osboxes/fix_rttee_text/RT-TEE/edk2/Build/ArmVirtQemuKernel-AARCH64/DEBUG_GCC49/AARCH64/MdePkg/Library/BaseLib/BaseLib/OUTPUT/BaseLib.lib(MultU64x32.obj)
                0x0000000000012c0c                MultU64x32
 .text.LShiftU64
                0x0000000000012c38       0x58 /home/osboxes/fix_rttee_text/RT-TEE/edk2/Build/ArmVirtQemuKernel-AARCH64/DEBUG_GCC49/AARCH64/MdePkg/Library/BaseLib/BaseLib/OUTPUT/BaseLib.lib(LShiftU64.obj)
                0x0000000000012c38                LShiftU64
 .text.InternalBaseLibIsListValid
                0x0000000000012c90      0x144 /home/osboxes/fix_rttee_text/RT-TEE/edk2/Build/ArmVirtQemuKernel-AARCH64/DEBUG_GCC49/AARCH64/MdePkg/Library/BaseLib/BaseLib/OUTPUT/BaseLib.lib(LinkedList.obj)
                0x0000000000012c90                InternalBaseLibIsListValid
 .text.IsNodeInList
                0x0000000000012dd4      0x120 /home/osboxes/fix_rttee_text/RT-TEE/edk2/Build/ArmVirtQemuKernel-AARCH64/DEBUG_GCC49/AARCH64/MdePkg/Library/BaseLib/BaseLib/OUTPUT/BaseLib.lib(LinkedList.obj)
                0x0000000000012dd4                IsNodeInList
 .text.InitializeListHead
                0x0000000000012ef4       0x64 /home/osboxes/fix_rttee_text/RT-TEE/edk2/Build/ArmVirtQemuKernel-AARCH64/DEBUG_GCC49/AARCH64/MdePkg/Library/BaseLib/BaseLib/OUTPUT/BaseLib.lib(LinkedList.obj)
                0x0000000000012ef4                InitializeListHead
 .text.InsertHeadList
                0x0000000000012f58       0xe8 /home/osboxes/fix_rttee_text/RT-TEE/edk2/Build/ArmVirtQemuKernel-AARCH64/DEBUG_GCC49/AARCH64/MdePkg/Library/BaseLib/BaseLib/OUTPUT/BaseLib.lib(LinkedList.obj)
                0x0000000000012f58                InsertHeadList
 .text.InsertTailList
                0x0000000000013040       0xe8 /home/osboxes/fix_rttee_text/RT-TEE/edk2/Build/ArmVirtQemuKernel-AARCH64/DEBUG_GCC49/AARCH64/MdePkg/Library/BaseLib/BaseLib/OUTPUT/BaseLib.lib(LinkedList.obj)
                0x0000000000013040                InsertTailList
 .text.GetFirstNode
                0x0000000000013128       0x58 /home/osboxes/fix_rttee_text/RT-TEE/edk2/Build/ArmVirtQemuKernel-AARCH64/DEBUG_GCC49/AARCH64/MdePkg/Library/BaseLib/BaseLib/OUTPUT/BaseLib.lib(LinkedList.obj)
                0x0000000000013128                GetFirstNode
 .text.GetNextNode
                0x0000000000013180       0xb4 /home/osboxes/fix_rttee_text/RT-TEE/edk2/Build/ArmVirtQemuKernel-AARCH64/DEBUG_GCC49/AARCH64/MdePkg/Library/BaseLib/BaseLib/OUTPUT/BaseLib.lib(LinkedList.obj)
                0x0000000000013180                GetNextNode
 .text.IsListEmpty
                0x0000000000013234       0x68 /home/osboxes/fix_rttee_text/RT-TEE/edk2/Build/ArmVirtQemuKernel-AARCH64/DEBUG_GCC49/AARCH64/MdePkg/Library/BaseLib/BaseLib/OUTPUT/BaseLib.lib(LinkedList.obj)
                0x0000000000013234                IsListEmpty
 .text.IsNull   0x000000000001329c       0xc0 /home/osboxes/fix_rttee_text/RT-TEE/edk2/Build/ArmVirtQemuKernel-AARCH64/DEBUG_GCC49/AARCH64/MdePkg/Library/BaseLib/BaseLib/OUTPUT/BaseLib.lib(LinkedList.obj)
                0x000000000001329c                IsNull
 .text.SwapListEntries
                0x000000000001335c      0x130 /home/osboxes/fix_rttee_text/RT-TEE/edk2/Build/ArmVirtQemuKernel-AARCH64/DEBUG_GCC49/AARCH64/MdePkg/Library/BaseLib/BaseLib/OUTPUT/BaseLib.lib(LinkedList.obj)
                0x000000000001335c                SwapListEntries
 .text.RemoveEntryList
                0x000000000001348c       0x80 /home/osboxes/fix_rttee_text/RT-TEE/edk2/Build/ArmVirtQemuKernel-AARCH64/DEBUG_GCC49/AARCH64/MdePkg/Library/BaseLib/BaseLib/OUTPUT/BaseLib.lib(LinkedList.obj)
                0x000000000001348c                RemoveEntryList
 .text.InternalSafeStringIsOverlap
                0x000000000001350c       0x78 /home/osboxes/fix_rttee_text/RT-TEE/edk2/Build/ArmVirtQemuKernel-AARCH64/DEBUG_GCC49/AARCH64/MdePkg/Library/BaseLib/BaseLib/OUTPUT/BaseLib.lib(SafeString.obj)
                0x000000000001350c                InternalSafeStringIsOverlap
 .text.InternalSafeStringNoStrOverlap
                0x0000000000013584       0x50 /home/osboxes/fix_rttee_text/RT-TEE/edk2/Build/ArmVirtQemuKernel-AARCH64/DEBUG_GCC49/AARCH64/MdePkg/Library/BaseLib/BaseLib/OUTPUT/BaseLib.lib(SafeString.obj)
                0x0000000000013584                InternalSafeStringNoStrOverlap
 .text.StrnLenS
                0x00000000000135d4       0xc0 /home/osboxes/fix_rttee_text/RT-TEE/edk2/Build/ArmVirtQemuKernel-AARCH64/DEBUG_GCC49/AARCH64/MdePkg/Library/BaseLib/BaseLib/OUTPUT/BaseLib.lib(SafeString.obj)
                0x00000000000135d4                StrnLenS
 .text.StrCpyS  0x0000000000013694      0x310 /home/osboxes/fix_rttee_text/RT-TEE/edk2/Build/ArmVirtQemuKernel-AARCH64/DEBUG_GCC49/AARCH64/MdePkg/Library/BaseLib/BaseLib/OUTPUT/BaseLib.lib(SafeString.obj)
                0x0000000000013694                StrCpyS
 .text.StrnCpyS
                0x00000000000139a4      0x3d4 /home/osboxes/fix_rttee_text/RT-TEE/edk2/Build/ArmVirtQemuKernel-AARCH64/DEBUG_GCC49/AARCH64/MdePkg/Library/BaseLib/BaseLib/OUTPUT/BaseLib.lib(SafeString.obj)
                0x00000000000139a4                StrnCpyS
 .text.StrCatS  0x0000000000013d78      0x394 /home/osboxes/fix_rttee_text/RT-TEE/edk2/Build/ArmVirtQemuKernel-AARCH64/DEBUG_GCC49/AARCH64/MdePkg/Library/BaseLib/BaseLib/OUTPUT/BaseLib.lib(SafeString.obj)
                0x0000000000013d78                StrCatS
 .text.AsciiStrnLenS
                0x000000000001410c       0x80 /home/osboxes/fix_rttee_text/RT-TEE/edk2/Build/ArmVirtQemuKernel-AARCH64/DEBUG_GCC49/AARCH64/MdePkg/Library/BaseLib/BaseLib/OUTPUT/BaseLib.lib(SafeString.obj)
                0x000000000001410c                AsciiStrnLenS
 .text.StrLen   0x000000000001418c      0x10c /home/osboxes/fix_rttee_text/RT-TEE/edk2/Build/ArmVirtQemuKernel-AARCH64/DEBUG_GCC49/AARCH64/MdePkg/Library/BaseLib/BaseLib/OUTPUT/BaseLib.lib(String.obj)
                0x000000000001418c                StrLen
 .text.StrSize  0x0000000000014298       0x24 /home/osboxes/fix_rttee_text/RT-TEE/edk2/Build/ArmVirtQemuKernel-AARCH64/DEBUG_GCC49/AARCH64/MdePkg/Library/BaseLib/BaseLib/OUTPUT/BaseLib.lib(String.obj)
                0x0000000000014298                StrSize
 .text.StrCmp   0x00000000000142bc       0xe8 /home/osboxes/fix_rttee_text/RT-TEE/edk2/Build/ArmVirtQemuKernel-AARCH64/DEBUG_GCC49/AARCH64/MdePkg/Library/BaseLib/BaseLib/OUTPUT/BaseLib.lib(String.obj)
                0x00000000000142bc                StrCmp
 .text.AsciiStrLen
                0x00000000000143a4       0xd4 /home/osboxes/fix_rttee_text/RT-TEE/edk2/Build/ArmVirtQemuKernel-AARCH64/DEBUG_GCC49/AARCH64/MdePkg/Library/BaseLib/BaseLib/OUTPUT/BaseLib.lib(String.obj)
                0x00000000000143a4                AsciiStrLen
 .text.AsciiStrSize
                0x0000000000014478       0x20 /home/osboxes/fix_rttee_text/RT-TEE/edk2/Build/ArmVirtQemuKernel-AARCH64/DEBUG_GCC49/AARCH64/MdePkg/Library/BaseLib/BaseLib/OUTPUT/BaseLib.lib(String.obj)
                0x0000000000014478                AsciiStrSize
 .text.AsciiStrnCmp
                0x0000000000014498      0x180 /home/osboxes/fix_rttee_text/RT-TEE/edk2/Build/ArmVirtQemuKernel-AARCH64/DEBUG_GCC49/AARCH64/MdePkg/Library/BaseLib/BaseLib/OUTPUT/BaseLib.lib(String.obj)
                0x0000000000014498                AsciiStrnCmp
 .text.InternalMathLShiftU64
                0x0000000000014618       0x24 /home/osboxes/fix_rttee_text/RT-TEE/edk2/Build/ArmVirtQemuKernel-AARCH64/DEBUG_GCC49/AARCH64/MdePkg/Library/BaseLib/BaseLib/OUTPUT/BaseLib.lib(Math64.obj)
                0x0000000000014618                InternalMathLShiftU64
 .text.InternalMathMultU64x32
                0x000000000001463c       0x20 /home/osboxes/fix_rttee_text/RT-TEE/edk2/Build/ArmVirtQemuKernel-AARCH64/DEBUG_GCC49/AARCH64/MdePkg/Library/BaseLib/BaseLib/OUTPUT/BaseLib.lib(Math64.obj)
                0x000000000001463c                InternalMathMultU64x32
 .text.InternalMathDivRemU64x32
                0x000000000001465c       0x50 /home/osboxes/fix_rttee_text/RT-TEE/edk2/Build/ArmVirtQemuKernel-AARCH64/DEBUG_GCC49/AARCH64/MdePkg/Library/BaseLib/BaseLib/OUTPUT/BaseLib.lib(Math64.obj)
                0x000000000001465c                InternalMathDivRemU64x32
 .text.CopyGuid
                0x00000000000146ac       0x90 /home/osboxes/fix_rttee_text/RT-TEE/edk2/Build/ArmVirtQemuKernel-AARCH64/DEBUG_GCC49/AARCH64/MdePkg/Library/BaseMemoryLibOptDxe/BaseMemoryLibOptDxe/OUTPUT/BaseMemoryLibOptDxe.lib(MemLibGuid.obj)
                0x00000000000146ac                CopyGuid
 .text.CompareGuid
                0x000000000001473c       0x90 /home/osboxes/fix_rttee_text/RT-TEE/edk2/Build/ArmVirtQemuKernel-AARCH64/DEBUG_GCC49/AARCH64/MdePkg/Library/BaseMemoryLibOptDxe/BaseMemoryLibOptDxe/OUTPUT/BaseMemoryLibOptDxe.lib(MemLibGuid.obj)
                0x000000000001473c                CompareGuid
 .text.ZeroMem  0x00000000000147cc       0xa8 /home/osboxes/fix_rttee_text/RT-TEE/edk2/Build/ArmVirtQemuKernel-AARCH64/DEBUG_GCC49/AARCH64/MdePkg/Library/BaseMemoryLibOptDxe/BaseMemoryLibOptDxe/OUTPUT/BaseMemoryLibOptDxe.lib(ZeroMemWrapper.obj)
                0x00000000000147cc                ZeroMem
 .text.CompareMem
                0x0000000000014874      0x138 /home/osboxes/fix_rttee_text/RT-TEE/edk2/Build/ArmVirtQemuKernel-AARCH64/DEBUG_GCC49/AARCH64/MdePkg/Library/BaseMemoryLibOptDxe/BaseMemoryLibOptDxe/OUTPUT/BaseMemoryLibOptDxe.lib(CompareMemWrapper.obj)
                0x0000000000014874                CompareMem
 .text.CopyMem  0x00000000000149ac       0xd8 /home/osboxes/fix_rttee_text/RT-TEE/edk2/Build/ArmVirtQemuKernel-AARCH64/DEBUG_GCC49/AARCH64/MdePkg/Library/BaseMemoryLibOptDxe/BaseMemoryLibOptDxe/OUTPUT/BaseMemoryLibOptDxe.lib(CopyMemWrapper.obj)
                0x00000000000149ac                CopyMem
 *fill*         0x0000000000014a84        0xc 
 .text          0x0000000000014a90      0x200 /home/osboxes/fix_rttee_text/RT-TEE/edk2/Build/ArmVirtQemuKernel-AARCH64/DEBUG_GCC49/AARCH64/MdePkg/Library/BaseMemoryLibOptDxe/BaseMemoryLibOptDxe/OUTPUT/BaseMemoryLibOptDxe.lib(SetMem.obj)
                0x0000000000014a90                InternalMemSetMem16
                0x0000000000014a9c                InternalMemSetMem32
                0x0000000000014aa8                InternalMemSetMem64
                0x0000000000014ab4                InternalMemZeroMem
                0x0000000000014abc                InternalMemSetMem
 .text          0x0000000000014c90      0x218 /home/osboxes/fix_rttee_text/RT-TEE/edk2/Build/ArmVirtQemuKernel-AARCH64/DEBUG_GCC49/AARCH64/MdePkg/Library/BaseMemoryLibOptDxe/BaseMemoryLibOptDxe/OUTPUT/BaseMemoryLibOptDxe.lib(CopyMem.obj)
                0x0000000000014dfc                InternalMemCopyMem
 *fill*         0x0000000000014ea8       0x18 
 .text          0x0000000000014ec0       0xe0 /home/osboxes/fix_rttee_text/RT-TEE/edk2/Build/ArmVirtQemuKernel-AARCH64/DEBUG_GCC49/AARCH64/MdePkg/Library/BaseMemoryLibOptDxe/BaseMemoryLibOptDxe/OUTPUT/BaseMemoryLibOptDxe.lib(CompareMem.obj)
                0x0000000000014ec0                InternalMemCompareMem
 .text          0x0000000000014fa0       0x20 /home/osboxes/fix_rttee_text/RT-TEE/edk2/Build/ArmVirtQemuKernel-AARCH64/DEBUG_GCC49/AARCH64/MdePkg/Library/BaseMemoryLibOptDxe/BaseMemoryLibOptDxe/OUTPUT/BaseMemoryLibOptDxe.lib(CompareGuid.obj)
                0x0000000000014fa0                InternalMemCompareGuid
 .text.HobLibConstructor
                0x0000000000014fc0       0xbc /home/osboxes/fix_rttee_text/RT-TEE/edk2/Build/ArmVirtQemuKernel-AARCH64/DEBUG_GCC49/AARCH64/ArmVirtPkg/Library/ArmVirtDxeHobLib/ArmVirtDxeHobLib/OUTPUT/ArmVirtDxeHobLib.lib(HobLib.obj)
                0x0000000000014fc0                HobLibConstructor
 .text.GetHobList
                0x000000000001507c       0x34 /home/osboxes/fix_rttee_text/RT-TEE/edk2/Build/ArmVirtQemuKernel-AARCH64/DEBUG_GCC49/AARCH64/ArmVirtPkg/Library/ArmVirtDxeHobLib/ArmVirtDxeHobLib/OUTPUT/ArmVirtDxeHobLib.lib(HobLib.obj)
                0x000000000001507c                GetHobList
 .text.GetNextHob
                0x00000000000150b0       0x8c /home/osboxes/fix_rttee_text/RT-TEE/edk2/Build/ArmVirtQemuKernel-AARCH64/DEBUG_GCC49/AARCH64/ArmVirtPkg/Library/ArmVirtDxeHobLib/ArmVirtDxeHobLib/OUTPUT/ArmVirtDxeHobLib.lib(HobLib.obj)
                0x00000000000150b0                GetNextHob
 .text.GetNextGuidHob
                0x000000000001513c       0x90 /home/osboxes/fix_rttee_text/RT-TEE/edk2/Build/ArmVirtQemuKernel-AARCH64/DEBUG_GCC49/AARCH64/ArmVirtPkg/Library/ArmVirtDxeHobLib/ArmVirtDxeHobLib/OUTPUT/ArmVirtDxeHobLib.lib(HobLib.obj)
                0x000000000001513c                GetNextGuidHob
 .text.GetFirstGuidHob
                0x00000000000151cc       0x28 /home/osboxes/fix_rttee_text/RT-TEE/edk2/Build/ArmVirtQemuKernel-AARCH64/DEBUG_GCC49/AARCH64/ArmVirtPkg/Library/ArmVirtDxeHobLib/ArmVirtDxeHobLib/OUTPUT/ArmVirtDxeHobLib.lib(HobLib.obj)
                0x00000000000151cc                GetFirstGuidHob
 .text.SerialPortInitialize
                0x00000000000151f4        0x8 /home/osboxes/fix_rttee_text/RT-TEE/edk2/Build/ArmVirtQemuKernel-AARCH64/DEBUG_GCC49/AARCH64/ArmVirtPkg/Library/FdtPL011SerialPortLib/FdtPL011SerialPortLib/OUTPUT/FdtPL011SerialPortLib.lib(FdtPL011SerialPortLib.obj)
                0x00000000000151f4                SerialPortInitialize
 .text.FdtPL011SerialPortLibInitialize
                0x00000000000151fc      0x114 /home/osboxes/fix_rttee_text/RT-TEE/edk2/Build/ArmVirtQemuKernel-AARCH64/DEBUG_GCC49/AARCH64/ArmVirtPkg/Library/FdtPL011SerialPortLib/FdtPL011SerialPortLib/OUTPUT/FdtPL011SerialPortLib.lib(FdtPL011SerialPortLib.obj)
                0x00000000000151fc                FdtPL011SerialPortLibInitialize
 .text.SerialPortWrite
                0x0000000000015310       0x4c /home/osboxes/fix_rttee_text/RT-TEE/edk2/Build/ArmVirtQemuKernel-AARCH64/DEBUG_GCC49/AARCH64/ArmVirtPkg/Library/FdtPL011SerialPortLib/FdtPL011SerialPortLib/OUTPUT/FdtPL011SerialPortLib.lib(FdtPL011SerialPortLib.obj)
                0x0000000000015310                SerialPortWrite
 .text.UnicodeVSPrint
                0x000000000001535c       0xdc /home/osboxes/fix_rttee_text/RT-TEE/edk2/Build/ArmVirtQemuKernel-AARCH64/DEBUG_GCC49/AARCH64/MdePkg/Library/BasePrintLib/BasePrintLib/OUTPUT/BasePrintLib.lib(PrintLib.obj)
                0x000000000001535c                UnicodeVSPrint
 .text.UnicodeSPrint
                0x0000000000015438       0x94 /home/osboxes/fix_rttee_text/RT-TEE/edk2/Build/ArmVirtQemuKernel-AARCH64/DEBUG_GCC49/AARCH64/MdePkg/Library/BasePrintLib/BasePrintLib/OUTPUT/BasePrintLib.lib(PrintLib.obj)
                0x0000000000015438                UnicodeSPrint
 .text.AsciiVSPrint
                0x00000000000154cc       0x68 /home/osboxes/fix_rttee_text/RT-TEE/edk2/Build/ArmVirtQemuKernel-AARCH64/DEBUG_GCC49/AARCH64/MdePkg/Library/BasePrintLib/BasePrintLib/OUTPUT/BasePrintLib.lib(PrintLib.obj)
                0x00000000000154cc                AsciiVSPrint
 .text.AsciiSPrint
                0x0000000000015534       0x94 /home/osboxes/fix_rttee_text/RT-TEE/edk2/Build/ArmVirtQemuKernel-AARCH64/DEBUG_GCC49/AARCH64/MdePkg/Library/BasePrintLib/BasePrintLib/OUTPUT/BasePrintLib.lib(PrintLib.obj)
                0x0000000000015534                AsciiSPrint
 .text.BasePrintLibFillBuffer
                0x00000000000155c8       0x9c /home/osboxes/fix_rttee_text/RT-TEE/edk2/Build/ArmVirtQemuKernel-AARCH64/DEBUG_GCC49/AARCH64/MdePkg/Library/BasePrintLib/BasePrintLib/OUTPUT/BasePrintLib.lib(PrintLibInternal.obj)
                0x00000000000155c8                BasePrintLibFillBuffer
 .text.BasePrintLibValueToString
                0x0000000000015664       0x7c /home/osboxes/fix_rttee_text/RT-TEE/edk2/Build/ArmVirtQemuKernel-AARCH64/DEBUG_GCC49/AARCH64/MdePkg/Library/BasePrintLib/BasePrintLib/OUTPUT/BasePrintLib.lib(PrintLibInternal.obj)
                0x0000000000015664                BasePrintLibValueToString
 .text.BasePrintLibSPrintMarker
                0x00000000000156e0     0x1bcc /home/osboxes/fix_rttee_text/RT-TEE/edk2/Build/ArmVirtQemuKernel-AARCH64/DEBUG_GCC49/AARCH64/MdePkg/Library/BasePrintLib/BasePrintLib/OUTPUT/BasePrintLib.lib(PrintLibInternal.obj)
                0x00000000000156e0                BasePrintLibSPrintMarker
 .text.BasePrintLibSPrint
                0x00000000000172ac       0x9c /home/osboxes/fix_rttee_text/RT-TEE/edk2/Build/ArmVirtQemuKernel-AARCH64/DEBUG_GCC49/AARCH64/MdePkg/Library/BasePrintLib/BasePrintLib/OUTPUT/BasePrintLib.lib(PrintLibInternal.obj)
                0x00000000000172ac                BasePrintLibSPrint
 .text.BaseDebugLibSerialPortConstructor
                0x0000000000017348       0x14 /home/osboxes/fix_rttee_text/RT-TEE/edk2/Build/ArmVirtQemuKernel-AARCH64/DEBUG_GCC49/AARCH64/MdePkg/Library/BaseDebugLibSerialPort/BaseDebugLibSerialPort/OUTPUT/BaseDebugLibSerialPort.lib(DebugLib.obj)
                0x0000000000017348                BaseDebugLibSerialPortConstructor
 .text.DebugPrint
                0x000000000001735c       0xe4 /home/osboxes/fix_rttee_text/RT-TEE/edk2/Build/ArmVirtQemuKernel-AARCH64/DEBUG_GCC49/AARCH64/MdePkg/Library/BaseDebugLibSerialPort/BaseDebugLibSerialPort/OUTPUT/BaseDebugLibSerialPort.lib(DebugLib.obj)
                0x000000000001735c                DebugPrint
 .text.DebugAssert
                0x0000000000017440       0xa4 /home/osboxes/fix_rttee_text/RT-TEE/edk2/Build/ArmVirtQemuKernel-AARCH64/DEBUG_GCC49/AARCH64/MdePkg/Library/BaseDebugLibSerialPort/BaseDebugLibSerialPort/OUTPUT/BaseDebugLibSerialPort.lib(DebugLib.obj)
                0x0000000000017440                DebugAssert
 .text.DebugAssertEnabled
                0x00000000000174e4       0x20 /home/osboxes/fix_rttee_text/RT-TEE/edk2/Build/ArmVirtQemuKernel-AARCH64/DEBUG_GCC49/AARCH64/MdePkg/Library/BaseDebugLibSerialPort/BaseDebugLibSerialPort/OUTPUT/BaseDebugLibSerialPort.lib(DebugLib.obj)
                0x00000000000174e4                DebugAssertEnabled
 .text.DebugPrintEnabled
                0x0000000000017504       0x20 /home/osboxes/fix_rttee_text/RT-TEE/edk2/Build/ArmVirtQemuKernel-AARCH64/DEBUG_GCC49/AARCH64/MdePkg/Library/BaseDebugLibSerialPort/BaseDebugLibSerialPort/OUTPUT/BaseDebugLibSerialPort.lib(DebugLib.obj)
                0x0000000000017504                DebugPrintEnabled
 .text.DebugPrintLevelEnabled
                0x0000000000017524       0x34 /home/osboxes/fix_rttee_text/RT-TEE/edk2/Build/ArmVirtQemuKernel-AARCH64/DEBUG_GCC49/AARCH64/MdePkg/Library/BaseDebugLibSerialPort/BaseDebugLibSerialPort/OUTPUT/BaseDebugLibSerialPort.lib(DebugLib.obj)
                0x0000000000017524                DebugPrintLevelEnabled
 .text.UefiBootServicesTableLibConstructor
                0x0000000000017558      0x104 /home/osboxes/fix_rttee_text/RT-TEE/edk2/Build/ArmVirtQemuKernel-AARCH64/DEBUG_GCC49/AARCH64/MdePkg/Library/UefiBootServicesTableLib/UefiBootServicesTableLib/OUTPUT/UefiBootServicesTableLib.lib(UefiBootServicesTableLib.obj)
                0x0000000000017558                UefiBootServicesTableLibConstructor
 .text.InternalAllocatePool
                0x000000000001765c       0x54 /home/osboxes/fix_rttee_text/RT-TEE/edk2/Build/ArmVirtQemuKernel-AARCH64/DEBUG_GCC49/AARCH64/MdePkg/Library/UefiMemoryAllocationLib/UefiMemoryAllocationLib/OUTPUT/UefiMemoryAllocationLib.lib(MemoryAllocationLib.obj)
                0x000000000001765c                InternalAllocatePool
 .text.AllocatePool
                0x00000000000176b0       0x20 /home/osboxes/fix_rttee_text/RT-TEE/edk2/Build/ArmVirtQemuKernel-AARCH64/DEBUG_GCC49/AARCH64/MdePkg/Library/UefiMemoryAllocationLib/UefiMemoryAllocationLib/OUTPUT/UefiMemoryAllocationLib.lib(MemoryAllocationLib.obj)
                0x00000000000176b0                AllocatePool
 .text.InternalAllocateZeroPool
                0x00000000000176d0       0x48 /home/osboxes/fix_rttee_text/RT-TEE/edk2/Build/ArmVirtQemuKernel-AARCH64/DEBUG_GCC49/AARCH64/MdePkg/Library/UefiMemoryAllocationLib/UefiMemoryAllocationLib/OUTPUT/UefiMemoryAllocationLib.lib(MemoryAllocationLib.obj)
                0x00000000000176d0                InternalAllocateZeroPool
 .text.AllocateZeroPool
                0x0000000000017718       0x20 /home/osboxes/fix_rttee_text/RT-TEE/edk2/Build/ArmVirtQemuKernel-AARCH64/DEBUG_GCC49/AARCH64/MdePkg/Library/UefiMemoryAllocationLib/UefiMemoryAllocationLib/OUTPUT/UefiMemoryAllocationLib.lib(MemoryAllocationLib.obj)
                0x0000000000017718                AllocateZeroPool
 .text.InternalAllocateCopyPool
                0x0000000000017738       0xc0 /home/osboxes/fix_rttee_text/RT-TEE/edk2/Build/ArmVirtQemuKernel-AARCH64/DEBUG_GCC49/AARCH64/MdePkg/Library/UefiMemoryAllocationLib/UefiMemoryAllocationLib/OUTPUT/UefiMemoryAllocationLib.lib(MemoryAllocationLib.obj)
                0x0000000000017738                InternalAllocateCopyPool
 .text.AllocateCopyPool
                0x00000000000177f8       0x28 /home/osboxes/fix_rttee_text/RT-TEE/edk2/Build/ArmVirtQemuKernel-AARCH64/DEBUG_GCC49/AARCH64/MdePkg/Library/UefiMemoryAllocationLib/UefiMemoryAllocationLib/OUTPUT/UefiMemoryAllocationLib.lib(MemoryAllocationLib.obj)
                0x00000000000177f8                AllocateCopyPool
 .text.FreePool
                0x0000000000017820       0xa0 /home/osboxes/fix_rttee_text/RT-TEE/edk2/Build/ArmVirtQemuKernel-AARCH64/DEBUG_GCC49/AARCH64/MdePkg/Library/UefiMemoryAllocationLib/UefiMemoryAllocationLib/OUTPUT/UefiMemoryAllocationLib.lib(MemoryAllocationLib.obj)
                0x0000000000017820                FreePool
 .text.DevicePathLibConstructor
                0x00000000000178c0       0xf0 /home/osboxes/fix_rttee_text/RT-TEE/edk2/Build/ArmVirtQemuKernel-AARCH64/DEBUG_GCC49/AARCH64/MdePkg/Library/UefiDevicePathLibDevicePathProtocol/UefiDevicePathLibDevicePathProtocol/OUTPUT/UefiDevicePathLibDevicePathProtocol.lib(UefiDevicePathLib.obj)
                0x00000000000178c0                DevicePathLibConstructor
 .text.UefiRuntimeServicesTableLibConstructor
                0x00000000000179b0       0x6c /home/osboxes/fix_rttee_text/RT-TEE/edk2/Build/ArmVirtQemuKernel-AARCH64/DEBUG_GCC49/AARCH64/MdePkg/Library/UefiRuntimeServicesTableLib/UefiRuntimeServicesTableLib/OUTPUT/UefiRuntimeServicesTableLib.lib(UefiRuntimeServicesTableLib.obj)
                0x00000000000179b0                UefiRuntimeServicesTableLibConstructor
 .text.UefiHiiServicesLibConstructor
                0x0000000000017a1c      0x234 /home/osboxes/fix_rttee_text/RT-TEE/edk2/Build/ArmVirtQemuKernel-AARCH64/DEBUG_GCC49/AARCH64/MdeModulePkg/Library/UefiHiiServicesLib/UefiHiiServicesLib/OUTPUT/UefiHiiServicesLib.lib(UefiHiiServicesLib.obj)
                0x0000000000017a1c                UefiHiiServicesLibConstructor
 .text.UefiLibConstructor
                0x0000000000017c50       0x18 /home/osboxes/fix_rttee_text/RT-TEE/edk2/Build/ArmVirtQemuKernel-AARCH64/DEBUG_GCC49/AARCH64/MdePkg/Library/UefiLib/UefiLib/OUTPUT/UefiLib.lib(UefiLib.obj)
                0x0000000000017c50                UefiLibConstructor
 .text.GetVariable2
                0x0000000000017c68      0x1bc /home/osboxes/fix_rttee_text/RT-TEE/edk2/Build/ArmVirtQemuKernel-AARCH64/DEBUG_GCC49/AARCH64/MdePkg/Library/UefiLib/UefiLib/OUTPUT/UefiLib.lib(UefiLib.obj)
                0x0000000000017c68                GetVariable2
 .text.GetEfiGlobalVariable2
                0x0000000000017e24       0x34 /home/osboxes/fix_rttee_text/RT-TEE/edk2/Build/ArmVirtQemuKernel-AARCH64/DEBUG_GCC49/AARCH64/MdePkg/Library/UefiLib/UefiLib/OUTPUT/UefiLib.lib(UefiLib.obj)
                0x0000000000017e24                GetEfiGlobalVariable2
 .text.GetBestLanguage
                0x0000000000017e58      0x318 /home/osboxes/fix_rttee_text/RT-TEE/edk2/Build/ArmVirtQemuKernel-AARCH64/DEBUG_GCC49/AARCH64/MdePkg/Library/UefiLib/UefiLib/OUTPUT/UefiLib.lib(UefiLib.obj)
                0x0000000000017e58                GetBestLanguage
 .text.HiiAddPackages
                0x0000000000018170      0x2ec /home/osboxes/fix_rttee_text/RT-TEE/edk2/Build/ArmVirtQemuKernel-AARCH64/DEBUG_GCC49/AARCH64/MdeModulePkg/Library/UefiHiiLib/UefiHiiLib/OUTPUT/UefiHiiLib.lib(HiiLib.obj)
                0x0000000000018170                HiiAddPackages
 .text.HiiRemovePackages
                0x000000000001845c       0xe0 /home/osboxes/fix_rttee_text/RT-TEE/edk2/Build/ArmVirtQemuKernel-AARCH64/DEBUG_GCC49/AARCH64/MdeModulePkg/Library/UefiHiiLib/UefiHiiLib/OUTPUT/UefiHiiLib.lib(HiiLib.obj)
                0x000000000001845c                HiiRemovePackages
 .text.HiiSetString
                0x000000000001853c      0x244 /home/osboxes/fix_rttee_text/RT-TEE/edk2/Build/ArmVirtQemuKernel-AARCH64/DEBUG_GCC49/AARCH64/MdeModulePkg/Library/UefiHiiLib/UefiHiiLib/OUTPUT/UefiHiiLib.lib(HiiString.obj)
                0x000000000001853c                HiiSetString
 .text.HiiGetString
                0x0000000000018780      0x258 /home/osboxes/fix_rttee_text/RT-TEE/edk2/Build/ArmVirtQemuKernel-AARCH64/DEBUG_GCC49/AARCH64/MdeModulePkg/Library/UefiHiiLib/UefiHiiLib/OUTPUT/UefiHiiLib.lib(HiiString.obj)
                0x0000000000018780                HiiGetString
 .text.HiiGetSupportedLanguages
                0x00000000000189d8      0x114 /home/osboxes/fix_rttee_text/RT-TEE/edk2/Build/ArmVirtQemuKernel-AARCH64/DEBUG_GCC49/AARCH64/MdeModulePkg/Library/UefiHiiLib/UefiHiiLib/OUTPUT/UefiHiiLib.lib(HiiLanguage.obj)
                0x00000000000189d8                HiiGetSupportedLanguages
 .text.DisplayPageFrame
                0x0000000000018aec      0x230 /home/osboxes/fix_rttee_text/RT-TEE/edk2/Build/ArmVirtQemuKernel-AARCH64/DEBUG_GCC49/AARCH64/MdeModulePkg/Library/CustomizedDisplayLib/CustomizedDisplayLib/OUTPUT/CustomizedDisplayLib.lib(CustomizedDisplayLib.obj)
                0x0000000000018aec                DisplayPageFrame
 .text.RefreshKeyHelp
                0x0000000000018d1c      0x998 /home/osboxes/fix_rttee_text/RT-TEE/edk2/Build/ArmVirtQemuKernel-AARCH64/DEBUG_GCC49/AARCH64/MdeModulePkg/Library/CustomizedDisplayLib/CustomizedDisplayLib/OUTPUT/CustomizedDisplayLib.lib(CustomizedDisplayLib.obj)
                0x0000000000018d1c                RefreshKeyHelp
 .text.UpdateStatusBar
                0x00000000000196b4      0x2b0 /home/osboxes/fix_rttee_text/RT-TEE/edk2/Build/ArmVirtQemuKernel-AARCH64/DEBUG_GCC49/AARCH64/MdeModulePkg/Library/CustomizedDisplayLib/CustomizedDisplayLib/OUTPUT/CustomizedDisplayLib.lib(CustomizedDisplayLib.obj)
                0x00000000000196b4                UpdateStatusBar
 .text.CreateDialog
                0x0000000000019964      0x7cc /home/osboxes/fix_rttee_text/RT-TEE/edk2/Build/ArmVirtQemuKernel-AARCH64/DEBUG_GCC49/AARCH64/MdeModulePkg/Library/CustomizedDisplayLib/CustomizedDisplayLib/OUTPUT/CustomizedDisplayLib.lib(CustomizedDisplayLib.obj)
                0x0000000000019964                CreateDialog
 .text.ConfirmDataChange
                0x000000000001a130      0x12c /home/osboxes/fix_rttee_text/RT-TEE/edk2/Build/ArmVirtQemuKernel-AARCH64/DEBUG_GCC49/AARCH64/MdeModulePkg/Library/CustomizedDisplayLib/CustomizedDisplayLib/OUTPUT/CustomizedDisplayLib.lib(CustomizedDisplayLib.obj)
                0x000000000001a130                ConfirmDataChange
 .text.FormExitPolicy
                0x000000000001a25c       0x1c /home/osboxes/fix_rttee_text/RT-TEE/edk2/Build/ArmVirtQemuKernel-AARCH64/DEBUG_GCC49/AARCH64/MdeModulePkg/Library/CustomizedDisplayLib/CustomizedDisplayLib/OUTPUT/CustomizedDisplayLib.lib(CustomizedDisplayLib.obj)
                0x000000000001a25c                FormExitPolicy
 .text.FormExitTimeout
                0x000000000001a278       0x14 /home/osboxes/fix_rttee_text/RT-TEE/edk2/Build/ArmVirtQemuKernel-AARCH64/DEBUG_GCC49/AARCH64/MdeModulePkg/Library/CustomizedDisplayLib/CustomizedDisplayLib/OUTPUT/CustomizedDisplayLib.lib(CustomizedDisplayLib.obj)
                0x000000000001a278                FormExitTimeout
 .text.PrintStringAt
                0x000000000001a28c       0x38 /home/osboxes/fix_rttee_text/RT-TEE/edk2/Build/ArmVirtQemuKernel-AARCH64/DEBUG_GCC49/AARCH64/MdeModulePkg/Library/CustomizedDisplayLib/CustomizedDisplayLib/OUTPUT/CustomizedDisplayLib.lib(CustomizedDisplayLib.obj)
                0x000000000001a28c                PrintStringAt
 .text.PrintStringAtWithWidth
                0x000000000001a2c4       0x3c /home/osboxes/fix_rttee_text/RT-TEE/edk2/Build/ArmVirtQemuKernel-AARCH64/DEBUG_GCC49/AARCH64/MdeModulePkg/Library/CustomizedDisplayLib/CustomizedDisplayLib/OUTPUT/CustomizedDisplayLib.lib(CustomizedDisplayLib.obj)
                0x000000000001a2c4                PrintStringAtWithWidth
 .text.PrintCharAt
                0x000000000001a300       0x3c /home/osboxes/fix_rttee_text/RT-TEE/edk2/Build/ArmVirtQemuKernel-AARCH64/DEBUG_GCC49/AARCH64/MdeModulePkg/Library/CustomizedDisplayLib/CustomizedDisplayLib/OUTPUT/CustomizedDisplayLib.lib(CustomizedDisplayLib.obj)
                0x000000000001a300                PrintCharAt
 .text.ClearLines
                0x000000000001a33c      0x120 /home/osboxes/fix_rttee_text/RT-TEE/edk2/Build/ArmVirtQemuKernel-AARCH64/DEBUG_GCC49/AARCH64/MdeModulePkg/Library/CustomizedDisplayLib/CustomizedDisplayLib/OUTPUT/CustomizedDisplayLib.lib(CustomizedDisplayLib.obj)
                0x000000000001a33c                ClearLines
 .text.GetPopupColor
                0x000000000001a45c        0x8 /home/osboxes/fix_rttee_text/RT-TEE/edk2/Build/ArmVirtQemuKernel-AARCH64/DEBUG_GCC49/AARCH64/MdeModulePkg/Library/CustomizedDisplayLib/CustomizedDisplayLib/OUTPUT/CustomizedDisplayLib.lib(CustomizedDisplayLib.obj)
                0x000000000001a45c                GetPopupColor
 .text.GetPopupInverseColor
                0x000000000001a464        0x8 /home/osboxes/fix_rttee_text/RT-TEE/edk2/Build/ArmVirtQemuKernel-AARCH64/DEBUG_GCC49/AARCH64/MdeModulePkg/Library/CustomizedDisplayLib/CustomizedDisplayLib/OUTPUT/CustomizedDisplayLib.lib(CustomizedDisplayLib.obj)
                0x000000000001a464                GetPopupInverseColor
 .text.GetPickListColor
                0x000000000001a46c        0x8 /home/osboxes/fix_rttee_text/RT-TEE/edk2/Build/ArmVirtQemuKernel-AARCH64/DEBUG_GCC49/AARCH64/MdeModulePkg/Library/CustomizedDisplayLib/CustomizedDisplayLib/OUTPUT/CustomizedDisplayLib.lib(CustomizedDisplayLib.obj)
                0x000000000001a46c                GetPickListColor
 .text.GetArrowColor
                0x000000000001a474        0x8 /home/osboxes/fix_rttee_text/RT-TEE/edk2/Build/ArmVirtQemuKernel-AARCH64/DEBUG_GCC49/AARCH64/MdeModulePkg/Library/CustomizedDisplayLib/CustomizedDisplayLib/OUTPUT/CustomizedDisplayLib.lib(CustomizedDisplayLib.obj)
                0x000000000001a474                GetArrowColor
 .text.GetInfoTextColor
                0x000000000001a47c        0x8 /home/osboxes/fix_rttee_text/RT-TEE/edk2/Build/ArmVirtQemuKernel-AARCH64/DEBUG_GCC49/AARCH64/MdeModulePkg/Library/CustomizedDisplayLib/CustomizedDisplayLib/OUTPUT/CustomizedDisplayLib.lib(CustomizedDisplayLib.obj)
                0x000000000001a47c                GetInfoTextColor
 .text.GetHelpTextColor
                0x000000000001a484        0x8 /home/osboxes/fix_rttee_text/RT-TEE/edk2/Build/ArmVirtQemuKernel-AARCH64/DEBUG_GCC49/AARCH64/MdeModulePkg/Library/CustomizedDisplayLib/CustomizedDisplayLib/OUTPUT/CustomizedDisplayLib.lib(CustomizedDisplayLib.obj)
                0x000000000001a484                GetHelpTextColor
 .text.GetGrayedTextColor
                0x000000000001a48c        0x8 /home/osboxes/fix_rttee_text/RT-TEE/edk2/Build/ArmVirtQemuKernel-AARCH64/DEBUG_GCC49/AARCH64/MdeModulePkg/Library/CustomizedDisplayLib/CustomizedDisplayLib/OUTPUT/CustomizedDisplayLib.lib(CustomizedDisplayLib.obj)
                0x000000000001a48c                GetGrayedTextColor
 .text.GetHighlightTextColor
                0x000000000001a494       0x24 /home/osboxes/fix_rttee_text/RT-TEE/edk2/Build/ArmVirtQemuKernel-AARCH64/DEBUG_GCC49/AARCH64/MdeModulePkg/Library/CustomizedDisplayLib/CustomizedDisplayLib/OUTPUT/CustomizedDisplayLib.lib(CustomizedDisplayLib.obj)
                0x000000000001a494                GetHighlightTextColor
 .text.GetFieldTextColor
                0x000000000001a4b8       0x18 /home/osboxes/fix_rttee_text/RT-TEE/edk2/Build/ArmVirtQemuKernel-AARCH64/DEBUG_GCC49/AARCH64/MdeModulePkg/Library/CustomizedDisplayLib/CustomizedDisplayLib/OUTPUT/CustomizedDisplayLib.lib(CustomizedDisplayLib.obj)
                0x000000000001a4b8                GetFieldTextColor
 .text.GetSubTitleTextColor
                0x000000000001a4d0       0x18 /home/osboxes/fix_rttee_text/RT-TEE/edk2/Build/ArmVirtQemuKernel-AARCH64/DEBUG_GCC49/AARCH64/MdeModulePkg/Library/CustomizedDisplayLib/CustomizedDisplayLib/OUTPUT/CustomizedDisplayLib.lib(CustomizedDisplayLib.obj)
                0x000000000001a4d0                GetSubTitleTextColor
 .text.ClearDisplayPage
                0x000000000001a4e8       0x78 /home/osboxes/fix_rttee_text/RT-TEE/edk2/Build/ArmVirtQemuKernel-AARCH64/DEBUG_GCC49/AARCH64/MdeModulePkg/Library/CustomizedDisplayLib/CustomizedDisplayLib/OUTPUT/CustomizedDisplayLib.lib(CustomizedDisplayLib.obj)
                0x000000000001a4e8                ClearDisplayPage
 .text.CustomizedDisplayLibConstructor
                0x000000000001a560       0x88 /home/osboxes/fix_rttee_text/RT-TEE/edk2/Build/ArmVirtQemuKernel-AARCH64/DEBUG_GCC49/AARCH64/MdeModulePkg/Library/CustomizedDisplayLib/CustomizedDisplayLib/OUTPUT/CustomizedDisplayLib.lib(CustomizedDisplayLib.obj)
                0x000000000001a560                CustomizedDisplayLibConstructor
 .text.CustomizedDisplayLibDestructor
                0x000000000001a5e8       0x30 /home/osboxes/fix_rttee_text/RT-TEE/edk2/Build/ArmVirtQemuKernel-AARCH64/DEBUG_GCC49/AARCH64/MdeModulePkg/Library/CustomizedDisplayLib/CustomizedDisplayLib/OUTPUT/CustomizedDisplayLib.lib(CustomizedDisplayLib.obj)
                0x000000000001a5e8                CustomizedDisplayLibDestructor
 .text.PrintBannerInfo
                0x000000000001a618      0x2e8 /home/osboxes/fix_rttee_text/RT-TEE/edk2/Build/ArmVirtQemuKernel-AARCH64/DEBUG_GCC49/AARCH64/MdeModulePkg/Library/CustomizedDisplayLib/CustomizedDisplayLib/OUTPUT/CustomizedDisplayLib.lib(CustomizedDisplayLibInternal.obj)
                0x000000000001a618                PrintBannerInfo
 .text.PrintFramework
                0x000000000001a900      0x50c /home/osboxes/fix_rttee_text/RT-TEE/edk2/Build/ArmVirtQemuKernel-AARCH64/DEBUG_GCC49/AARCH64/MdeModulePkg/Library/CustomizedDisplayLib/CustomizedDisplayLib/OUTPUT/CustomizedDisplayLib.lib(CustomizedDisplayLibInternal.obj)
                0x000000000001a900                PrintFramework
 .text.ProcessUserOpcode
                0x000000000001ae0c      0x244 /home/osboxes/fix_rttee_text/RT-TEE/edk2/Build/ArmVirtQemuKernel-AARCH64/DEBUG_GCC49/AARCH64/MdeModulePkg/Library/CustomizedDisplayLib/CustomizedDisplayLib/OUTPUT/CustomizedDisplayLib.lib(CustomizedDisplayLibInternal.obj)
                0x000000000001ae0c                ProcessUserOpcode
 .text.ProcessExternedOpcode
                0x000000000001b050      0x210 /home/osboxes/fix_rttee_text/RT-TEE/edk2/Build/ArmVirtQemuKernel-AARCH64/DEBUG_GCC49/AARCH64/MdeModulePkg/Library/CustomizedDisplayLib/CustomizedDisplayLib/OUTPUT/CustomizedDisplayLib.lib(CustomizedDisplayLibInternal.obj)
                0x000000000001b050                ProcessExternedOpcode
 .text.ScreenDiemensionInfoValidate
                0x000000000001b260      0x230 /home/osboxes/fix_rttee_text/RT-TEE/edk2/Build/ArmVirtQemuKernel-AARCH64/DEBUG_GCC49/AARCH64/MdeModulePkg/Library/CustomizedDisplayLib/CustomizedDisplayLib/OUTPUT/CustomizedDisplayLib.lib(CustomizedDisplayLibInternal.obj)
                0x000000000001b260                ScreenDiemensionInfoValidate
 .text.LibGetToken
                0x000000000001b490       0xa0 /home/osboxes/fix_rttee_text/RT-TEE/edk2/Build/ArmVirtQemuKernel-AARCH64/DEBUG_GCC49/AARCH64/MdeModulePkg/Library/CustomizedDisplayLib/CustomizedDisplayLib/OUTPUT/CustomizedDisplayLib.lib(CustomizedDisplayLibInternal.obj)
                0x000000000001b490                LibGetToken
 .text.LibGetStringWidth
                0x000000000001b530      0x188 /home/osboxes/fix_rttee_text/RT-TEE/edk2/Build/ArmVirtQemuKernel-AARCH64/DEBUG_GCC49/AARCH64/MdeModulePkg/Library/CustomizedDisplayLib/CustomizedDisplayLib/OUTPUT/CustomizedDisplayLib.lib(CustomizedDisplayLibInternal.obj)
                0x000000000001b530                LibGetStringWidth
 .text.PrintHotKeyHelpString
                0x000000000001b6b8      0x370 /home/osboxes/fix_rttee_text/RT-TEE/edk2/Build/ArmVirtQemuKernel-AARCH64/DEBUG_GCC49/AARCH64/MdeModulePkg/Library/CustomizedDisplayLib/CustomizedDisplayLib/OUTPUT/CustomizedDisplayLib.lib(CustomizedDisplayLibInternal.obj)
                0x000000000001b6b8                PrintHotKeyHelpString
 .text.LibGetFieldFromNum
                0x000000000001ba28       0xac /home/osboxes/fix_rttee_text/RT-TEE/edk2/Build/ArmVirtQemuKernel-AARCH64/DEBUG_GCC49/AARCH64/MdeModulePkg/Library/CustomizedDisplayLib/CustomizedDisplayLib/OUTPUT/CustomizedDisplayLib.lib(CustomizedDisplayLibInternal.obj)
                0x000000000001ba28                LibGetFieldFromNum
 .text.InitializeLibStrings
                0x000000000001bad4      0x378 /home/osboxes/fix_rttee_text/RT-TEE/edk2/Build/ArmVirtQemuKernel-AARCH64/DEBUG_GCC49/AARCH64/MdeModulePkg/Library/CustomizedDisplayLib/CustomizedDisplayLib/OUTPUT/CustomizedDisplayLib.lib(CustomizedDisplayLibInternal.obj)
                0x000000000001bad4                InitializeLibStrings
 .text.FreeLibStrings
                0x000000000001be4c      0x144 /home/osboxes/fix_rttee_text/RT-TEE/edk2/Build/ArmVirtQemuKernel-AARCH64/DEBUG_GCC49/AARCH64/MdeModulePkg/Library/CustomizedDisplayLib/CustomizedDisplayLib/OUTPUT/CustomizedDisplayLib.lib(CustomizedDisplayLibInternal.obj)
                0x000000000001be4c                FreeLibStrings
 .text.WaitForKeyStroke
                0x000000000001bf90       0xb0 /home/osboxes/fix_rttee_text/RT-TEE/edk2/Build/ArmVirtQemuKernel-AARCH64/DEBUG_GCC49/AARCH64/MdeModulePkg/Library/CustomizedDisplayLib/CustomizedDisplayLib/OUTPUT/CustomizedDisplayLib.lib(CustomizedDisplayLibInternal.obj)
                0x000000000001bf90                WaitForKeyStroke
 .text.LibSetUnicodeMem
                0x000000000001c040       0x50 /home/osboxes/fix_rttee_text/RT-TEE/edk2/Build/ArmVirtQemuKernel-AARCH64/DEBUG_GCC49/AARCH64/MdeModulePkg/Library/CustomizedDisplayLib/CustomizedDisplayLib/OUTPUT/CustomizedDisplayLib.lib(CustomizedDisplayLibInternal.obj)
                0x000000000001c040                LibSetUnicodeMem
 .text.PrintInternal
                0x000000000001c090      0x464 /home/osboxes/fix_rttee_text/RT-TEE/edk2/Build/ArmVirtQemuKernel-AARCH64/DEBUG_GCC49/AARCH64/MdeModulePkg/Library/CustomizedDisplayLib/CustomizedDisplayLib/OUTPUT/CustomizedDisplayLib.lib(CustomizedDisplayLibInternal.obj)
                0x000000000001c090                PrintInternal
 .text.PrintAt  0x000000000001c4f4       0xc8 /home/osboxes/fix_rttee_text/RT-TEE/edk2/Build/ArmVirtQemuKernel-AARCH64/DEBUG_GCC49/AARCH64/MdeModulePkg/Library/CustomizedDisplayLib/CustomizedDisplayLib/OUTPUT/CustomizedDisplayLib.lib(CustomizedDisplayLibInternal.obj)
                0x000000000001c4f4                PrintAt
 .text.DivU64x32Remainder
                0x000000000001c5bc       0x60 /home/osboxes/fix_rttee_text/RT-TEE/edk2/Build/ArmVirtQemuKernel-AARCH64/DEBUG_GCC49/AARCH64/MdePkg/Library/BaseLib/BaseLib/OUTPUT/BaseLib.lib(DivU64x32Remainder.obj)
                0x000000000001c5bc                DivU64x32Remainder
 .text.CpuDeadLoop
                0x000000000001c61c       0x24 /home/osboxes/fix_rttee_text/RT-TEE/edk2/Build/ArmVirtQemuKernel-AARCH64/DEBUG_GCC49/AARCH64/MdePkg/Library/BaseLib/BaseLib/OUTPUT/BaseLib.lib(CpuDeadLoop.obj)
                0x000000000001c61c                CpuDeadLoop
 .text.ReadUnaligned16
                0x000000000001c640       0x88 /home/osboxes/fix_rttee_text/RT-TEE/edk2/Build/ArmVirtQemuKernel-AARCH64/DEBUG_GCC49/AARCH64/MdePkg/Library/BaseLib/BaseLib/OUTPUT/BaseLib.lib(Unaligned.obj)
                0x000000000001c640                ReadUnaligned16
 .text.ReadUnaligned32
                0x000000000001c6c8       0x74 /home/osboxes/fix_rttee_text/RT-TEE/edk2/Build/ArmVirtQemuKernel-AARCH64/DEBUG_GCC49/AARCH64/MdePkg/Library/BaseLib/BaseLib/OUTPUT/BaseLib.lib(Unaligned.obj)
                0x000000000001c6c8                ReadUnaligned32
 .text          0x000000000001c73c        0x8 /home/osboxes/fix_rttee_text/RT-TEE/edk2/Build/ArmVirtQemuKernel-AARCH64/DEBUG_GCC49/AARCH64/MdePkg/Library/BaseLib/BaseLib/OUTPUT/BaseLib.lib(CpuBreakpoint.obj)
                0x000000000001c73c                CpuBreakpoint
 .text.PL011UartInitializePort
                0x000000000001c744      0x3b0 /home/osboxes/fix_rttee_text/RT-TEE/edk2/Build/ArmVirtQemuKernel-AARCH64/DEBUG_GCC49/AARCH64/ArmPlatformPkg/Library/PL011UartLib/PL011UartLib/OUTPUT/PL011UartLib.lib(PL011UartLib.obj)
                0x000000000001c744                PL011UartInitializePort
 .text.PL011UartWrite
                0x000000000001caf4       0x7c /home/osboxes/fix_rttee_text/RT-TEE/edk2/Build/ArmVirtQemuKernel-AARCH64/DEBUG_GCC49/AARCH64/ArmPlatformPkg/Library/PL011UartLib/PL011UartLib/OUTPUT/PL011UartLib.lib(PL011UartLib.obj)
                0x000000000001caf4                PL011UartWrite
 .text.GetDebugPrintErrorLevel
                0x000000000001cb70       0x10 /home/osboxes/fix_rttee_text/RT-TEE/edk2/Build/ArmVirtQemuKernel-AARCH64/DEBUG_GCC49/AARCH64/MdePkg/Library/BaseDebugPrintErrorLevelLib/BaseDebugPrintErrorLevelLib/OUTPUT/BaseDebugPrintErrorLevelLib.lib(BaseDebugPrintErrorLevelLib.obj)
                0x000000000001cb70                GetDebugPrintErrorLevel
 .text.MmioWrite8
                0x000000000001cb80       0x28 /home/osboxes/fix_rttee_text/RT-TEE/edk2/Build/ArmVirtQemuKernel-AARCH64/DEBUG_GCC49/AARCH64/MdePkg/Library/BaseIoLibIntrinsic/BaseIoLibIntrinsicArmVirt/OUTPUT/BaseIoLibIntrinsicArmVirt.lib(IoLibArmVirt.obj)
                0x000000000001cb80                MmioWrite8
 .text.MmioRead32
                0x000000000001cba8       0x54 /home/osboxes/fix_rttee_text/RT-TEE/edk2/Build/ArmVirtQemuKernel-AARCH64/DEBUG_GCC49/AARCH64/MdePkg/Library/BaseIoLibIntrinsic/BaseIoLibIntrinsicArmVirt/OUTPUT/BaseIoLibIntrinsicArmVirt.lib(IoLibArmVirt.obj)
                0x000000000001cba8                MmioRead32
 .text.MmioWrite32
                0x000000000001cbfc       0x60 /home/osboxes/fix_rttee_text/RT-TEE/edk2/Build/ArmVirtQemuKernel-AARCH64/DEBUG_GCC49/AARCH64/MdePkg/Library/BaseIoLibIntrinsic/BaseIoLibIntrinsicArmVirt/OUTPUT/BaseIoLibIntrinsicArmVirt.lib(IoLibArmVirt.obj)
                0x000000000001cbfc                MmioWrite32
 *fill*         0x000000000001cc5c        0x4 
 .text          0x000000000001cc60       0x60 /home/osboxes/fix_rttee_text/RT-TEE/edk2/Build/ArmVirtQemuKernel-AARCH64/DEBUG_GCC49/AARCH64/MdePkg/Library/BaseIoLibIntrinsic/BaseIoLibIntrinsicArmVirt/OUTPUT/BaseIoLibIntrinsicArmVirt.lib(ArmVirtMmio.obj)
                0x000000000001cc60                MmioRead8Internal
                0x000000000001cc6c                MmioWrite8Internal
                0x000000000001cc78                MmioRead16Internal
                0x000000000001cc84                MmioWrite16Internal
                0x000000000001cc90                MmioRead32Internal
                0x000000000001cc9c                MmioWrite32Internal
                0x000000000001cca8                MmioRead64Internal
                0x000000000001ccb4                MmioWrite64Internal
 *(.rodata .rodata.* .gnu.linkonce.r.*)
 .rodata        0x000000000001ccc0       0xa0 /home/osboxes/fix_rttee_text/RT-TEE/edk2/Build/ArmVirtQemuKernel-AARCH64/DEBUG_GCC49/AARCH64/MdePkg/Library/UefiDriverEntryPoint/UefiDriverEntryPoint/OUTPUT/UefiDriverEntryPoint.lib(DriverEntryPoint.obj)
 .rodata        0x000000000001cd60       0xf6 /home/osboxes/fix_rttee_text/RT-TEE/edk2/Build/ArmVirtQemuKernel-AARCH64/DEBUG_GCC49/AARCH64/MdeModulePkg/Universal/DisplayEngineDxe/DisplayEngineDxe/OUTPUT/DisplayEngine.lib(AutoGen.obj)
 .rodata._gPcd_FixedAtBuild_PcdBrowserGrayOutTextStatement
                0x000000000001ce56        0x1 /home/osboxes/fix_rttee_text/RT-TEE/edk2/Build/ArmVirtQemuKernel-AARCH64/DEBUG_GCC49/AARCH64/MdeModulePkg/Universal/DisplayEngineDxe/DisplayEngineDxe/OUTPUT/DisplayEngine.lib(AutoGen.obj)
                0x000000000001ce56                _gPcd_FixedAtBuild_PcdBrowserGrayOutTextStatement
 .rodata._gPcd_FixedAtBuild_PcdBrowerGrayOutReadOnlyMenu
                0x000000000001ce57        0x1 /home/osboxes/fix_rttee_text/RT-TEE/edk2/Build/ArmVirtQemuKernel-AARCH64/DEBUG_GCC49/AARCH64/MdeModulePkg/Universal/DisplayEngineDxe/DisplayEngineDxe/OUTPUT/DisplayEngine.lib(AutoGen.obj)
                0x000000000001ce57                _gPcd_FixedAtBuild_PcdBrowerGrayOutReadOnlyMenu
 .rodata._gPcd_FixedAtBuild_PcdVerifyNodeInList
                0x000000000001ce58        0x1 /home/osboxes/fix_rttee_text/RT-TEE/edk2/Build/ArmVirtQemuKernel-AARCH64/DEBUG_GCC49/AARCH64/MdeModulePkg/Universal/DisplayEngineDxe/DisplayEngineDxe/OUTPUT/DisplayEngine.lib(AutoGen.obj)
                0x000000000001ce58                _gPcd_FixedAtBuild_PcdVerifyNodeInList
 *fill*         0x000000000001ce59        0x3 
 .rodata._gPcd_FixedAtBuild_PcdMaximumLinkedListLength
                0x000000000001ce5c        0x4 /home/osboxes/fix_rttee_text/RT-TEE/edk2/Build/ArmVirtQemuKernel-AARCH64/DEBUG_GCC49/AARCH64/MdeModulePkg/Universal/DisplayEngineDxe/DisplayEngineDxe/OUTPUT/DisplayEngine.lib(AutoGen.obj)
                0x000000000001ce5c                _gPcd_FixedAtBuild_PcdMaximumLinkedListLength
 .rodata._gPcd_FixedAtBuild_PcdMaximumAsciiStringLength
                0x000000000001ce60        0x4 /home/osboxes/fix_rttee_text/RT-TEE/edk2/Build/ArmVirtQemuKernel-AARCH64/DEBUG_GCC49/AARCH64/MdeModulePkg/Universal/DisplayEngineDxe/DisplayEngineDxe/OUTPUT/DisplayEngine.lib(AutoGen.obj)
                0x000000000001ce60                _gPcd_FixedAtBuild_PcdMaximumAsciiStringLength
 .rodata._gPcd_FixedAtBuild_PcdMaximumUnicodeStringLength
                0x000000000001ce64        0x4 /home/osboxes/fix_rttee_text/RT-TEE/edk2/Build/ArmVirtQemuKernel-AARCH64/DEBUG_GCC49/AARCH64/MdeModulePkg/Universal/DisplayEngineDxe/DisplayEngineDxe/OUTPUT/DisplayEngine.lib(AutoGen.obj)
                0x000000000001ce64                _gPcd_FixedAtBuild_PcdMaximumUnicodeStringLength
 .rodata._gPcd_FixedAtBuild_PcdDebugPropertyMask
                0x000000000001ce68        0x1 /home/osboxes/fix_rttee_text/RT-TEE/edk2/Build/ArmVirtQemuKernel-AARCH64/DEBUG_GCC49/AARCH64/MdeModulePkg/Universal/DisplayEngineDxe/DisplayEngineDxe/OUTPUT/DisplayEngine.lib(AutoGen.obj)
                0x000000000001ce68                _gPcd_FixedAtBuild_PcdDebugPropertyMask
 *fill*         0x000000000001ce69        0x3 
 .rodata._gPcd_FixedAtBuild_PcdDebugPrintErrorLevel
                0x000000000001ce6c        0x4 /home/osboxes/fix_rttee_text/RT-TEE/edk2/Build/ArmVirtQemuKernel-AARCH64/DEBUG_GCC49/AARCH64/MdeModulePkg/Universal/DisplayEngineDxe/DisplayEngineDxe/OUTPUT/DisplayEngine.lib(AutoGen.obj)
                0x000000000001ce6c                _gPcd_FixedAtBuild_PcdDebugPrintErrorLevel
 .rodata._gPcd_FixedAtBuild_PcdUartDefaultBaudRate
                0x000000000001ce70        0x8 /home/osboxes/fix_rttee_text/RT-TEE/edk2/Build/ArmVirtQemuKernel-AARCH64/DEBUG_GCC49/AARCH64/MdeModulePkg/Universal/DisplayEngineDxe/DisplayEngineDxe/OUTPUT/DisplayEngine.lib(AutoGen.obj)
                0x000000000001ce70                _gPcd_FixedAtBuild_PcdUartDefaultBaudRate
 .rodata._gPcd_FixedAtBuild_PcdUartDefaultDataBits
                0x000000000001ce78        0x1 /home/osboxes/fix_rttee_text/RT-TEE/edk2/Build/ArmVirtQemuKernel-AARCH64/DEBUG_GCC49/AARCH64/MdeModulePkg/Universal/DisplayEngineDxe/DisplayEngineDxe/OUTPUT/DisplayEngine.lib(AutoGen.obj)
                0x000000000001ce78                _gPcd_FixedAtBuild_PcdUartDefaultDataBits
 .rodata._gPcd_FixedAtBuild_PcdUartDefaultParity
                0x000000000001ce79        0x1 /home/osboxes/fix_rttee_text/RT-TEE/edk2/Build/ArmVirtQemuKernel-AARCH64/DEBUG_GCC49/AARCH64/MdeModulePkg/Universal/DisplayEngineDxe/DisplayEngineDxe/OUTPUT/DisplayEngine.lib(AutoGen.obj)
                0x000000000001ce79                _gPcd_FixedAtBuild_PcdUartDefaultParity
 .rodata._gPcd_FixedAtBuild_PcdUartDefaultStopBits
                0x000000000001ce7a        0x1 /home/osboxes/fix_rttee_text/RT-TEE/edk2/Build/ArmVirtQemuKernel-AARCH64/DEBUG_GCC49/AARCH64/MdeModulePkg/Universal/DisplayEngineDxe/DisplayEngineDxe/OUTPUT/DisplayEngine.lib(AutoGen.obj)
                0x000000000001ce7a                _gPcd_FixedAtBuild_PcdUartDefaultStopBits
 *fill*         0x000000000001ce7b        0x1 
 .rodata._gPcd_FixedAtBuild_PcdFixedDebugPrintErrorLevel
                0x000000000001ce7c        0x4 /home/osboxes/fix_rttee_text/RT-TEE/edk2/Build/ArmVirtQemuKernel-AARCH64/DEBUG_GCC49/AARCH64/MdeModulePkg/Universal/DisplayEngineDxe/DisplayEngineDxe/OUTPUT/DisplayEngine.lib(AutoGen.obj)
                0x000000000001ce7c                _gPcd_FixedAtBuild_PcdFixedDebugPrintErrorLevel
 .rodata._gPcd_FixedAtBuild_PcdBrowserSubtitleTextColor
                0x000000000001ce80        0x1 /home/osboxes/fix_rttee_text/RT-TEE/edk2/Build/ArmVirtQemuKernel-AARCH64/DEBUG_GCC49/AARCH64/MdeModulePkg/Universal/DisplayEngineDxe/DisplayEngineDxe/OUTPUT/DisplayEngine.lib(AutoGen.obj)
                0x000000000001ce80                _gPcd_FixedAtBuild_PcdBrowserSubtitleTextColor
 .rodata._gPcd_FixedAtBuild_PcdBrowserFieldTextColor
                0x000000000001ce81        0x1 /home/osboxes/fix_rttee_text/RT-TEE/edk2/Build/ArmVirtQemuKernel-AARCH64/DEBUG_GCC49/AARCH64/MdeModulePkg/Universal/DisplayEngineDxe/DisplayEngineDxe/OUTPUT/DisplayEngine.lib(AutoGen.obj)
                0x000000000001ce81                _gPcd_FixedAtBuild_PcdBrowserFieldTextColor
 .rodata._gPcd_FixedAtBuild_PcdBrowserFieldTextHighlightColor
                0x000000000001ce82        0x1 /home/osboxes/fix_rttee_text/RT-TEE/edk2/Build/ArmVirtQemuKernel-AARCH64/DEBUG_GCC49/AARCH64/MdeModulePkg/Universal/DisplayEngineDxe/DisplayEngineDxe/OUTPUT/DisplayEngine.lib(AutoGen.obj)
                0x000000000001ce82                _gPcd_FixedAtBuild_PcdBrowserFieldTextHighlightColor
 .rodata._gPcd_FixedAtBuild_PcdBrowserFieldBackgroundHighlightColor
                0x000000000001ce83        0x1 /home/osboxes/fix_rttee_text/RT-TEE/edk2/Build/ArmVirtQemuKernel-AARCH64/DEBUG_GCC49/AARCH64/MdeModulePkg/Universal/DisplayEngineDxe/DisplayEngineDxe/OUTPUT/DisplayEngine.lib(AutoGen.obj)
                0x000000000001ce83                _gPcd_FixedAtBuild_PcdBrowserFieldBackgroundHighlightColor
 *fill*         0x000000000001ce84        0x4 
 .rodata._gPcd_FixedAtBuild_PcdFrontPageFormSetGuid
                0x000000000001ce88       0x10 /home/osboxes/fix_rttee_text/RT-TEE/edk2/Build/ArmVirtQemuKernel-AARCH64/DEBUG_GCC49/AARCH64/MdeModulePkg/Universal/DisplayEngineDxe/DisplayEngineDxe/OUTPUT/DisplayEngine.lib(AutoGen.obj)
                0x000000000001ce88                _gPcd_FixedAtBuild_PcdFrontPageFormSetGuid
 .rodata._gUefiDriverRevision
                0x000000000001ce98        0x4 /home/osboxes/fix_rttee_text/RT-TEE/edk2/Build/ArmVirtQemuKernel-AARCH64/DEBUG_GCC49/AARCH64/MdeModulePkg/Universal/DisplayEngineDxe/DisplayEngineDxe/OUTPUT/DisplayEngine.lib(AutoGen.obj)
                0x000000000001ce98                _gUefiDriverRevision
 .rodata._gDriverUnloadImageCount
                0x000000000001ce9c        0x1 /home/osboxes/fix_rttee_text/RT-TEE/edk2/Build/ArmVirtQemuKernel-AARCH64/DEBUG_GCC49/AARCH64/MdeModulePkg/Universal/DisplayEngineDxe/DisplayEngineDxe/OUTPUT/DisplayEngine.lib(AutoGen.obj)
                0x000000000001ce9c                _gDriverUnloadImageCount
 *fill*         0x000000000001ce9d        0x3 
 .rodata        0x000000000001cea0      0x40a /home/osboxes/fix_rttee_text/RT-TEE/edk2/Build/ArmVirtQemuKernel-AARCH64/DEBUG_GCC49/AARCH64/MdeModulePkg/Universal/DisplayEngineDxe/DisplayEngineDxe/OUTPUT/DisplayEngine.lib(FormDisplay.obj)
 *fill*         0x000000000001d2aa        0x2 
 .rodata.UiDisplayMenu
                0x000000000001d2ac       0x4c /home/osboxes/fix_rttee_text/RT-TEE/edk2/Build/ArmVirtQemuKernel-AARCH64/DEBUG_GCC49/AARCH64/MdeModulePkg/Universal/DisplayEngineDxe/DisplayEngineDxe/OUTPUT/DisplayEngine.lib(FormDisplay.obj)
 .rodata        0x000000000001d2f8      0x1a1 /home/osboxes/fix_rttee_text/RT-TEE/edk2/Build/ArmVirtQemuKernel-AARCH64/DEBUG_GCC49/AARCH64/MdeModulePkg/Universal/DisplayEngineDxe/DisplayEngineDxe/OUTPUT/DisplayEngine.lib(ProcessOptions.obj)
 *fill*         0x000000000001d499        0x7 
 .rodata        0x000000000001d4a0      0x2ac /home/osboxes/fix_rttee_text/RT-TEE/edk2/Build/ArmVirtQemuKernel-AARCH64/DEBUG_GCC49/AARCH64/MdeModulePkg/Universal/DisplayEngineDxe/DisplayEngineDxe/OUTPUT/DisplayEngine.lib(InputHandler.obj)
 *fill*         0x000000000001d74c        0x4 
 .rodata        0x000000000001d750       0xce /home/osboxes/fix_rttee_text/RT-TEE/edk2/Build/ArmVirtQemuKernel-AARCH64/DEBUG_GCC49/AARCH64/MdeModulePkg/Universal/DisplayEngineDxe/DisplayEngineDxe/OUTPUT/DisplayEngine.lib(Popup.obj)
 *fill*         0x000000000001d81e        0x2 
 .rodata        0x000000000001d820       0x5c /home/osboxes/fix_rttee_text/RT-TEE/edk2/Build/ArmVirtQemuKernel-AARCH64/DEBUG_GCC49/AARCH64/MdePkg/Library/BaseLib/BaseLib/OUTPUT/BaseLib.lib(LShiftU64.obj)
 *fill*         0x000000000001d87c        0x4 
 .rodata        0x000000000001d880      0x22d /home/osboxes/fix_rttee_text/RT-TEE/edk2/Build/ArmVirtQemuKernel-AARCH64/DEBUG_GCC49/AARCH64/MdePkg/Library/BaseLib/BaseLib/OUTPUT/BaseLib.lib(LinkedList.obj)
 *fill*         0x000000000001daad        0x3 
 .rodata        0x000000000001dab0      0x644 /home/osboxes/fix_rttee_text/RT-TEE/edk2/Build/ArmVirtQemuKernel-AARCH64/DEBUG_GCC49/AARCH64/MdePkg/Library/BaseLib/BaseLib/OUTPUT/BaseLib.lib(SafeString.obj)
 *fill*         0x000000000001e0f4        0x4 
 .rodata        0x000000000001e0f8      0x2bc /home/osboxes/fix_rttee_text/RT-TEE/edk2/Build/ArmVirtQemuKernel-AARCH64/DEBUG_GCC49/AARCH64/MdePkg/Library/BaseLib/BaseLib/OUTPUT/BaseLib.lib(String.obj)
 *fill*         0x000000000001e3b4        0x4 
 .rodata        0x000000000001e3b8      0x17d /home/osboxes/fix_rttee_text/RT-TEE/edk2/Build/ArmVirtQemuKernel-AARCH64/DEBUG_GCC49/AARCH64/MdePkg/Library/BaseMemoryLibOptDxe/BaseMemoryLibOptDxe/OUTPUT/BaseMemoryLibOptDxe.lib(MemLibGuid.obj)
 *fill*         0x000000000001e535        0x3 
 .rodata        0x000000000001e538       0xae /home/osboxes/fix_rttee_text/RT-TEE/edk2/Build/ArmVirtQemuKernel-AARCH64/DEBUG_GCC49/AARCH64/MdePkg/Library/BaseMemoryLibOptDxe/BaseMemoryLibOptDxe/OUTPUT/BaseMemoryLibOptDxe.lib(ZeroMemWrapper.obj)
 *fill*         0x000000000001e5e6        0x2 
 .rodata        0x000000000001e5e8      0x12e /home/osboxes/fix_rttee_text/RT-TEE/edk2/Build/ArmVirtQemuKernel-AARCH64/DEBUG_GCC49/AARCH64/MdePkg/Library/BaseMemoryLibOptDxe/BaseMemoryLibOptDxe/OUTPUT/BaseMemoryLibOptDxe.lib(CompareMemWrapper.obj)
 *fill*         0x000000000001e716        0x2 
 .rodata        0x000000000001e718       0xe6 /home/osboxes/fix_rttee_text/RT-TEE/edk2/Build/ArmVirtQemuKernel-AARCH64/DEBUG_GCC49/AARCH64/MdePkg/Library/BaseMemoryLibOptDxe/BaseMemoryLibOptDxe/OUTPUT/BaseMemoryLibOptDxe.lib(CopyMemWrapper.obj)
 *fill*         0x000000000001e7fe        0x2 
 .rodata        0x000000000001e800       0xc1 /home/osboxes/fix_rttee_text/RT-TEE/edk2/Build/ArmVirtQemuKernel-AARCH64/DEBUG_GCC49/AARCH64/MdePkg/Library/BasePrintLib/BasePrintLib/OUTPUT/BasePrintLib.lib(PrintLib.obj)
 *fill*         0x000000000001e8c1        0x7 
 .rodata.mHexStr
                0x000000000001e8c8       0x10 /home/osboxes/fix_rttee_text/RT-TEE/edk2/Build/ArmVirtQemuKernel-AARCH64/DEBUG_GCC49/AARCH64/MdePkg/Library/BasePrintLib/BasePrintLib/OUTPUT/BasePrintLib.lib(PrintLibInternal.obj)
                0x000000000001e8c8                mHexStr
 .rodata        0x000000000001e8d8      0x72a /home/osboxes/fix_rttee_text/RT-TEE/edk2/Build/ArmVirtQemuKernel-AARCH64/DEBUG_GCC49/AARCH64/MdePkg/Library/BasePrintLib/BasePrintLib/OUTPUT/BasePrintLib.lib(PrintLibInternal.obj)
 *fill*         0x000000000001f002        0x6 
 .rodata.mStatusString
                0x000000000001f008      0x138 /home/osboxes/fix_rttee_text/RT-TEE/edk2/Build/ArmVirtQemuKernel-AARCH64/DEBUG_GCC49/AARCH64/MdePkg/Library/BasePrintLib/BasePrintLib/OUTPUT/BasePrintLib.lib(PrintLibInternal.obj)
                0x000000000001f008                mStatusString
 .rodata        0x000000000001f140       0xa7 /home/osboxes/fix_rttee_text/RT-TEE/edk2/Build/ArmVirtQemuKernel-AARCH64/DEBUG_GCC49/AARCH64/MdePkg/Library/BaseDebugLibSerialPort/BaseDebugLibSerialPort/OUTPUT/BaseDebugLibSerialPort.lib(DebugLib.obj)
 *fill*         0x000000000001f1e7        0x1 
 .rodata        0x000000000001f1e8       0xbc /home/osboxes/fix_rttee_text/RT-TEE/edk2/Build/ArmVirtQemuKernel-AARCH64/DEBUG_GCC49/AARCH64/MdePkg/Library/UefiBootServicesTableLib/UefiBootServicesTableLib/OUTPUT/UefiBootServicesTableLib.lib(UefiBootServicesTableLib.obj)
 *fill*         0x000000000001f2a4        0x4 
 .rodata        0x000000000001f2a8      0x14f /home/osboxes/fix_rttee_text/RT-TEE/edk2/Build/ArmVirtQemuKernel-AARCH64/DEBUG_GCC49/AARCH64/MdePkg/Library/UefiMemoryAllocationLib/UefiMemoryAllocationLib/OUTPUT/UefiMemoryAllocationLib.lib(MemoryAllocationLib.obj)
 *fill*         0x000000000001f3f7        0x1 
 .rodata        0x000000000001f3f8      0x17d /home/osboxes/fix_rttee_text/RT-TEE/edk2/Build/ArmVirtQemuKernel-AARCH64/DEBUG_GCC49/AARCH64/MdePkg/Library/UefiDevicePathLibDevicePathProtocol/UefiDevicePathLibDevicePathProtocol/OUTPUT/UefiDevicePathLibDevicePathProtocol.lib(UefiDevicePathLib.obj)
 *fill*         0x000000000001f575        0x3 
 .rodata        0x000000000001f578       0x8a /home/osboxes/fix_rttee_text/RT-TEE/edk2/Build/ArmVirtQemuKernel-AARCH64/DEBUG_GCC49/AARCH64/MdePkg/Library/UefiRuntimeServicesTableLib/UefiRuntimeServicesTableLib/OUTPUT/UefiRuntimeServicesTableLib.lib(UefiRuntimeServicesTableLib.obj)
 *fill*         0x000000000001f602        0x6 
 .rodata        0x000000000001f608       0xa6 /home/osboxes/fix_rttee_text/RT-TEE/edk2/Build/ArmVirtQemuKernel-AARCH64/DEBUG_GCC49/AARCH64/MdeModulePkg/Library/UefiHiiServicesLib/UefiHiiServicesLib/OUTPUT/UefiHiiServicesLib.lib(UefiHiiServicesLib.obj)
 *fill*         0x000000000001f6ae        0x2 
 .rodata        0x000000000001f6b0      0x263 /home/osboxes/fix_rttee_text/RT-TEE/edk2/Build/ArmVirtQemuKernel-AARCH64/DEBUG_GCC49/AARCH64/MdePkg/Library/UefiLib/UefiLib/OUTPUT/UefiLib.lib(UefiLib.obj)
 *fill*         0x000000000001f913        0x5 
 .rodata.mEndOfPakageList
                0x000000000001f918        0x4 /home/osboxes/fix_rttee_text/RT-TEE/edk2/Build/ArmVirtQemuKernel-AARCH64/DEBUG_GCC49/AARCH64/MdeModulePkg/Library/UefiHiiLib/UefiHiiLib/OUTPUT/UefiHiiLib.lib(HiiLib.obj)
                0x000000000001f918                mEndOfPakageList
 *fill*         0x000000000001f91c        0x4 
 .rodata        0x000000000001f920      0x6a2 /home/osboxes/fix_rttee_text/RT-TEE/edk2/Build/ArmVirtQemuKernel-AARCH64/DEBUG_GCC49/AARCH64/MdeModulePkg/Library/UefiHiiLib/UefiHiiLib/OUTPUT/UefiHiiLib.lib(HiiLib.obj)
 *fill*         0x000000000001ffc2        0x6 
 .rodata        0x000000000001ffc8       0xe9 /home/osboxes/fix_rttee_text/RT-TEE/edk2/Build/ArmVirtQemuKernel-AARCH64/DEBUG_GCC49/AARCH64/MdeModulePkg/Library/UefiHiiLib/UefiHiiLib/OUTPUT/UefiHiiLib.lib(HiiString.obj)
 *fill*         0x00000000000200b1        0x7 
 .rodata        0x00000000000200b8       0x77 /home/osboxes/fix_rttee_text/RT-TEE/edk2/Build/ArmVirtQemuKernel-AARCH64/DEBUG_GCC49/AARCH64/MdeModulePkg/Library/UefiHiiLib/UefiHiiLib/OUTPUT/UefiHiiLib.lib(HiiLanguage.obj)
 *fill*         0x000000000002012f        0x1 
 .rodata        0x0000000000020130      0x18d /home/osboxes/fix_rttee_text/RT-TEE/edk2/Build/ArmVirtQemuKernel-AARCH64/DEBUG_GCC49/AARCH64/MdeModulePkg/Library/CustomizedDisplayLib/CustomizedDisplayLib/OUTPUT/CustomizedDisplayLib.lib(CustomizedDisplayLib.obj)
 *fill*         0x00000000000202bd        0x3 
 .rodata        0x00000000000202c0      0x15d /home/osboxes/fix_rttee_text/RT-TEE/edk2/Build/ArmVirtQemuKernel-AARCH64/DEBUG_GCC49/AARCH64/MdeModulePkg/Library/CustomizedDisplayLib/CustomizedDisplayLib/OUTPUT/CustomizedDisplayLib.lib(CustomizedDisplayLibInternal.obj)
 *fill*         0x000000000002041d        0x3 
 .rodata        0x0000000000020420       0x65 /home/osboxes/fix_rttee_text/RT-TEE/edk2/Build/ArmVirtQemuKernel-AARCH64/DEBUG_GCC49/AARCH64/MdePkg/Library/BaseLib/BaseLib/OUTPUT/BaseLib.lib(DivU64x32Remainder.obj)
 *fill*         0x0000000000020485        0x3 
 .rodata        0x0000000000020488       0x68 /home/osboxes/fix_rttee_text/RT-TEE/edk2/Build/ArmVirtQemuKernel-AARCH64/DEBUG_GCC49/AARCH64/MdePkg/Library/BaseLib/BaseLib/OUTPUT/BaseLib.lib(Unaligned.obj)