Archive member included to satisfy reference by file (symbol)

/home/osboxes/fix_rttee_text/RT-TEE/edk2/Build/ArmVirtQemuKernel-AARCH64/DEBUG_GCC49/AARCH64/MdePkg/Library/UefiDriverEntryPoint/UefiDriverEntryPoint/OUTPUT/UefiDriverEntryPoint.lib(DriverEntryPoint.obj)
                              (_ModuleEntryPoint)
/home/osboxes/fix_rttee_text/RT-TEE/edk2/Build/ArmVirtQemuKernel-AARCH64/DEBUG_GCC49/AARCH64/MdeModulePkg/Universal/CapsuleRuntimeDxe/CapsuleRuntimeDxe/OUTPUT/CapsuleRuntimeDxe.lib(AutoGen.obj)
                              /home/osboxes/fix_rttee_text/RT-TEE/edk2/Build/ArmVirtQemuKernel-AARCH64/DEBUG_GCC49/AARCH64/MdePkg/Library/UefiDriverEntryPoint/UefiDriverEntryPoint/OUTPUT/UefiDriverEntryPoint.lib(DriverEntryPoint.obj) (gEfiLoadedImageProtocolGuid)
/home/osboxes/fix_rttee_text/RT-TEE/edk2/Build/ArmVirtQemuKernel-AARCH64/DEBUG_GCC49/AARCH64/MdeModulePkg/Universal/CapsuleRuntimeDxe/CapsuleRuntimeDxe/OUTPUT/CapsuleRuntimeDxe.lib(CapsuleService.obj)
                              /home/osboxes/fix_rttee_text/RT-TEE/edk2/Build/ArmVirtQemuKernel-AARCH64/DEBUG_GCC49/AARCH64/MdeModulePkg/Universal/CapsuleRuntimeDxe/CapsuleRuntimeDxe/OUTPUT/CapsuleRuntimeDxe.lib(AutoGen.obj) (CapsuleServiceInitialize)
/home/osboxes/fix_rttee_text/RT-TEE/edk2/Build/ArmVirtQemuKernel-AARCH64/DEBUG_GCC49/AARCH64/MdeModulePkg/Universal/CapsuleRuntimeDxe/CapsuleRuntimeDxe/OUTPUT/CapsuleRuntimeDxe.lib(SaveLongModeContext.obj)
                              /home/osboxes/fix_rttee_text/RT-TEE/edk2/Build/ArmVirtQemuKernel-AARCH64/DEBUG_GCC49/AARCH64/MdeModulePkg/Universal/CapsuleRuntimeDxe/CapsuleRuntimeDxe/OUTPUT/CapsuleRuntimeDxe.lib(CapsuleService.obj) (SaveLongModeContext)
/home/osboxes/fix_rttee_text/RT-TEE/edk2/Build/ArmVirtQemuKernel-AARCH64/DEBUG_GCC49/AARCH64/MdeModulePkg/Universal/CapsuleRuntimeDxe/CapsuleRuntimeDxe/OUTPUT/CapsuleRuntimeDxe.lib(CapsuleReset.obj)
                              /home/osboxes/fix_rttee_text/RT-TEE/edk2/Build/ArmVirtQemuKernel-AARCH64/DEBUG_GCC49/AARCH64/MdeModulePkg/Universal/CapsuleRuntimeDxe/CapsuleRuntimeDxe/OUTPUT/CapsuleRuntimeDxe.lib(CapsuleService.obj) (IsPersistAcrossResetCapsuleSupported)
/home/osboxes/fix_rttee_text/RT-TEE/edk2/Build/ArmVirtQemuKernel-AARCH64/DEBUG_GCC49/AARCH64/MdePkg/Library/BaseMemoryLibOptDxe/BaseMemoryLibOptDxe/OUTPUT/BaseMemoryLibOptDxe.lib(MemLibGuid.obj)
                              /home/osboxes/fix_rttee_text/RT-TEE/edk2/Build/ArmVirtQemuKernel-AARCH64/DEBUG_GCC49/AARCH64/MdeModulePkg/Universal/CapsuleRuntimeDxe/CapsuleRuntimeDxe/OUTPUT/CapsuleRuntimeDxe.lib(CapsuleService.obj) (CompareGuid)
/home/osboxes/fix_rttee_text/RT-TEE/edk2/Build/ArmVirtQemuKernel-AARCH64/DEBUG_GCC49/AARCH64/MdePkg/Library/BaseMemoryLibOptDxe/BaseMemoryLibOptDxe/OUTPUT/BaseMemoryLibOptDxe.lib(CopyMem.obj)
                              /home/osboxes/fix_rttee_text/RT-TEE/edk2/Build/ArmVirtQemuKernel-AARCH64/DEBUG_GCC49/AARCH64/MdePkg/Library/BaseMemoryLibOptDxe/BaseMemoryLibOptDxe/OUTPUT/BaseMemoryLibOptDxe.lib(MemLibGuid.obj) (InternalMemCopyMem)
/home/osboxes/fix_rttee_text/RT-TEE/edk2/Build/ArmVirtQemuKernel-AARCH64/DEBUG_GCC49/AARCH64/MdePkg/Library/BaseMemoryLibOptDxe/BaseMemoryLibOptDxe/OUTPUT/BaseMemoryLibOptDxe.lib(CompareGuid.obj)
                              /home/osboxes/fix_rttee_text/RT-TEE/edk2/Build/ArmVirtQemuKernel-AARCH64/DEBUG_GCC49/AARCH64/MdePkg/Library/BaseMemoryLibOptDxe/BaseMemoryLibOptDxe/OUTPUT/BaseMemoryLibOptDxe.lib(MemLibGuid.obj) (InternalMemCompareGuid)
/home/osboxes/fix_rttee_text/RT-TEE/edk2/Build/ArmVirtQemuKernel-AARCH64/DEBUG_GCC49/AARCH64/MdePkg/Library/BaseLib/BaseLib/OUTPUT/BaseLib.lib(SafeString.obj)
                              /home/osboxes/fix_rttee_text/RT-TEE/edk2/Build/ArmVirtQemuKernel-AARCH64/DEBUG_GCC49/AARCH64/MdeModulePkg/Universal/CapsuleRuntimeDxe/CapsuleRuntimeDxe/OUTPUT/CapsuleRuntimeDxe.lib(CapsuleService.obj) (StrCpyS)
/home/osboxes/fix_rttee_text/RT-TEE/edk2/Build/ArmVirtQemuKernel-AARCH64/DEBUG_GCC49/AARCH64/MdePkg/Library/BaseLib/BaseLib/OUTPUT/BaseLib.lib(String.obj)
                              /home/osboxes/fix_rttee_text/RT-TEE/edk2/Build/ArmVirtQemuKernel-AARCH64/DEBUG_GCC49/AARCH64/MdeModulePkg/Universal/CapsuleRuntimeDxe/CapsuleRuntimeDxe/OUTPUT/CapsuleRuntimeDxe.lib(CapsuleService.obj) (StrLen)
/home/osboxes/fix_rttee_text/RT-TEE/edk2/Build/ArmVirtQemuKernel-AARCH64/DEBUG_GCC49/AARCH64/MdePkg/Library/BaseLib/BaseLib/OUTPUT/BaseLib.lib(SwapBytes32.obj)
                              /home/osboxes/fix_rttee_text/RT-TEE/edk2/Build/ArmVirtQemuKernel-AARCH64/DEBUG_GCC49/AARCH64/MdePkg/Library/BaseLib/BaseLib/OUTPUT/BaseLib.lib(SafeString.obj) (SwapBytes32)
/home/osboxes/fix_rttee_text/RT-TEE/edk2/Build/ArmVirtQemuKernel-AARCH64/DEBUG_GCC49/AARCH64/MdePkg/Library/BaseLib/BaseLib/OUTPUT/BaseLib.lib(SwapBytes16.obj)
                              /home/osboxes/fix_rttee_text/RT-TEE/edk2/Build/ArmVirtQemuKernel-AARCH64/DEBUG_GCC49/AARCH64/MdePkg/Library/BaseLib/BaseLib/OUTPUT/BaseLib.lib(SafeString.obj) (SwapBytes16)
[...]
Memory Configuration

Name             Origin             Length             Attributes
*default*        0x0000000000000000 0xffffffffffffffff

Linker script and memory map

START GROUP
LOAD /home/osboxes/fix_rttee_text/RT-TEE/edk2/Build/ArmVirtQemuKernel-AARCH64/DEBUG_GCC49/AARCH64/MdePkg/Library/BaseMemoryLibOptDxe/BaseMemoryLibOptDxe/OUTPUT/BaseMemoryLibOptDxe.lib
LOAD /home/osboxes/fix_rttee_text/RT-TEE/edk2/Build/ArmVirtQemuKernel-AARCH64/DEBUG_GCC49/AARCH64/MdePkg/Library/BaseLib/BaseLib/OUTPUT/BaseLib.lib
LOAD /home/osboxes/fix_rttee_text/RT-TEE/edk2/Build/ArmVirtQemuKernel-AARCH64/DEBUG_GCC49/AARCH64/MdePkg/Library/DxePcdLib/DxePcdLib/OUTPUT/DxePcdLib.lib
LOAD /home/osboxes/fix_rttee_text/RT-TEE/edk2/Build/ArmVirtQemuKernel-AARCH64/DEBUG_GCC49/AARCH64/MdePkg/Library/BaseIoLibIntrinsic/BaseIoLibIntrinsicArmVirt/OUTPUT/BaseIoLibIntrinsicArmVirt.lib
LOAD /home/osboxes/fix_rttee_text/RT-TEE/edk2/Build/ArmVirtQemuKernel-AARCH64/DEBUG_GCC49/AARCH64/ArmVirtPkg/Library/ArmVirtDxeHobLib/ArmVirtDxeHobLib/OUTPUT/ArmVirtDxeHobLib.lib
LOAD /home/osboxes/fix_rttee_text/RT-TEE/edk2/Build/ArmVirtQemuKernel-AARCH64/DEBUG_GCC49/AARCH64/ArmPlatformPkg/Library/PL011UartLib/PL011UartLib/OUTPUT/PL011UartLib.lib
LOAD /home/osboxes/fix_rttee_text/RT-TEE/edk2/Build/ArmVirtQemuKernel-AARCH64/DEBUG_GCC49/AARCH64/ArmVirtPkg/Library/FdtPL011SerialPortLib/FdtPL011SerialPortLib/OUTPUT/FdtPL011SerialPortLib.lib
LOAD /home/osboxes/fix_rttee_text/RT-TEE/edk2/Build/ArmVirtQemuKernel-AARCH64/DEBUG_GCC49/AARCH64/MdePkg/Library/BaseDebugPrintErrorLevelLib/BaseDebugPrintErrorLevelLib/OUTPUT/BaseDebugPrintErrorLevelLib.lib
LOAD /home/osboxes/fix_rttee_text/RT-TEE/edk2/Build/ArmVirtQemuKernel-AARCH64/DEBUG_GCC49/AARCH64/MdePkg/Library/BasePrintLib/BasePrintLib/OUTPUT/BasePrintLib.lib
LOAD /home/osboxes/fix_rttee_text/RT-TEE/edk2/Build/ArmVirtQemuKernel-AARCH64/DEBUG_GCC49/AARCH64/MdePkg/Library/DxeRuntimeDebugLibSerialPort/DxeRuntimeDebugLibSerialPort/OUTPUT/DxeRuntimeDebugLibSerialPort.lib
LOAD /home/osboxes/fix_rttee_text/RT-TEE/edk2/Build/ArmVirtQemuKernel-AARCH64/DEBUG_GCC49/AARCH64/MdePkg/Library/UefiBootServicesTableLib/UefiBootServicesTableLib/OUTPUT/UefiBootServicesTableLib.lib
LOAD /home/osboxes/fix_rttee_text/RT-TEE/edk2/Build/ArmVirtQemuKernel-AARCH64/DEBUG_GCC49/AARCH64/MdePkg/Library/UefiRuntimeServicesTableLib/UefiRuntimeServicesTableLib/OUTPUT/UefiRuntimeServicesTableLib.lib
LOAD /home/osboxes/fix_rttee_text/RT-TEE/edk2/Build/ArmVirtQemuKernel-AARCH64/DEBUG_GCC49/AARCH64/ArmPkg/Library/ArmLib/ArmBaseLib/OUTPUT/ArmBaseLib.lib
LOAD /home/osboxes/fix_rttee_text/RT-TEE/edk2/Build/ArmVirtQemuKernel-AARCH64/DEBUG_GCC49/AARCH64/MdePkg/Library/UefiDriverEntryPoint/UefiDriverEntryPoint/OUTPUT/UefiDriverEntryPoint.lib
LOAD /home/osboxes/fix_rttee_text/RT-TEE/edk2/Build/ArmVirtQemuKernel-AARCH64/DEBUG_GCC49/AARCH64/MdeModulePkg/Library/DxeCapsuleLibNull/DxeCapsuleLibNull/OUTPUT/DxeCapsuleLibNull.lib
LOAD /home/osboxes/fix_rttee_text/RT-TEE/edk2/Build/ArmVirtQemuKernel-AARCH64/DEBUG_GCC49/AARCH64/MdePkg/Library/UefiRuntimeLib/UefiRuntimeLib/OUTPUT/UefiRuntimeLib.lib
LOAD /home/osboxes/fix_rttee_text/RT-TEE/edk2/Build/ArmVirtQemuKernel-AARCH64/DEBUG_GCC49/AARCH64/ArmPkg/Library/ArmCacheMaintenanceLib/ArmCacheMaintenanceLib/OUTPUT/ArmCacheMaintenanceLib.lib
LOAD /home/osboxes/fix_rttee_text/RT-TEE/edk2/Build/ArmVirtQemuKernel-AARCH64/DEBUG_GCC49/AARCH64/ArmPkg/Library/CompilerIntrinsicsLib/CompilerIntrinsicsLib/OUTPUT/CompilerIntrinsicsLib.lib
LOAD /home/osboxes/fix_rttee_text/RT-TEE/edk2/Build/ArmVirtQemuKernel-AARCH64/DEBUG_GCC49/AARCH64/MdePkg/Library/BaseStackCheckLib/BaseStackCheckLib/OUTPUT/BaseStackCheckLib.lib
LOAD /home/osboxes/fix_rttee_text/RT-TEE/edk2/Build/ArmVirtQemuKernel-AARCH64/DEBUG_GCC49/AARCH64/MdeModulePkg/Universal/CapsuleRuntimeDxe/CapsuleRuntimeDxe/OUTPUT/CapsuleRuntimeDxe.lib
END GROUP
                0x0000000000000228                . = PECOFF_HEADER_SIZE

.text           0x0000000000010000     0x6ad8
 *(.text .text.* .stub .gnu.linkonce.t.*)
 .text._DriverUnloadHandler
                0x0000000000010000       0x48 /home/osboxes/fix_rttee_text/RT-TEE/edk2/Build/ArmVirtQemuKernel-AARCH64/DEBUG_GCC49/AARCH64/MdePkg/Library/UefiDriverEntryPoint/UefiDriverEntryPoint/OUTPUT/UefiDriverEntryPoint.lib(DriverEntryPoint.obj)
                0x0000000000010000                _DriverUnloadHandler
 .text._ModuleEntryPoint
                0x0000000000010048      0x148 /home/osboxes/fix_rttee_text/RT-TEE/edk2/Build/ArmVirtQemuKernel-AARCH64/DEBUG_GCC49/AARCH64/MdePkg/Library/UefiDriverEntryPoint/UefiDriverEntryPoint/OUTPUT/UefiDriverEntryPoint.lib(DriverEntryPoint.obj)
                0x0000000000010048                _ModuleEntryPoint
 .text.ProcessLibraryConstructorList
                0x0000000000010190      0x2fc /home/osboxes/fix_rttee_text/RT-TEE/edk2/Build/ArmVirtQemuKernel-AARCH64/DEBUG_GCC49/AARCH64/MdeModulePkg/Universal/CapsuleRuntimeDxe/CapsuleRuntimeDxe/OUTPUT/CapsuleRuntimeDxe.lib(AutoGen.obj)
                0x0000000000010190                ProcessLibraryConstructorList
 .text.ProcessLibraryDestructorList
                0x000000000001048c      0x114 /home/osboxes/fix_rttee_text/RT-TEE/edk2/Build/ArmVirtQemuKernel-AARCH64/DEBUG_GCC49/AARCH64/MdeModulePkg/Universal/CapsuleRuntimeDxe/CapsuleRuntimeDxe/OUTPUT/CapsuleRuntimeDxe.lib(AutoGen.obj)
                0x000000000001048c                ProcessLibraryDestructorList
 .text.ProcessModuleEntryPointList
                0x00000000000105a0       0x24 /home/osboxes/fix_rttee_text/RT-TEE/edk2/Build/ArmVirtQemuKernel-AARCH64/DEBUG_GCC49/AARCH64/MdeModulePkg/Universal/CapsuleRuntimeDxe/CapsuleRuntimeDxe/OUTPUT/CapsuleRuntimeDxe.lib(AutoGen.obj)
                0x00000000000105a0                ProcessModuleEntryPointList
 .text.ProcessModuleUnloadList
                0x00000000000105c4       0x14 /home/osboxes/fix_rttee_text/RT-TEE/edk2/Build/ArmVirtQemuKernel-AARCH64/DEBUG_GCC49/AARCH64/MdeModulePkg/Universal/CapsuleRuntimeDxe/CapsuleRuntimeDxe/OUTPUT/CapsuleRuntimeDxe.lib(AutoGen.obj)
                0x00000000000105c4                ProcessModuleUnloadList
 .text.UpdateCapsule
                0x00000000000105d8      0x320 /home/osboxes/fix_rttee_text/RT-TEE/edk2/Build/ArmVirtQemuKernel-AARCH64/DEBUG_GCC49/AARCH64/MdeModulePkg/Universal/CapsuleRuntimeDxe/CapsuleRuntimeDxe/OUTPUT/CapsuleRuntimeDxe.lib(CapsuleService.obj)
                0x00000000000105d8                UpdateCapsule
 .text.QueryCapsuleCapabilities
                0x00000000000108f8      0x224 /home/osboxes/fix_rttee_text/RT-TEE/edk2/Build/ArmVirtQemuKernel-AARCH64/DEBUG_GCC49/AARCH64/MdeModulePkg/Universal/CapsuleRuntimeDxe/CapsuleRuntimeDxe/OUTPUT/CapsuleRuntimeDxe.lib(CapsuleService.obj)
                0x00000000000108f8                QueryCapsuleCapabilities
 .text.CapsuleServiceInitialize
                0x0000000000010b1c      0x11c /home/osboxes/fix_rttee_text/RT-TEE/edk2/Build/ArmVirtQemuKernel-AARCH64/DEBUG_GCC49/AARCH64/MdeModulePkg/Universal/CapsuleRuntimeDxe/CapsuleRuntimeDxe/OUTPUT/CapsuleRuntimeDxe.lib(CapsuleService.obj)
                0x0000000000010b1c                CapsuleServiceInitialize
 .text.SaveLongModeContext
                0x0000000000010c38        0x8 /home/osboxes/fix_rttee_text/RT-TEE/edk2/Build/ArmVirtQemuKernel-AARCH64/DEBUG_GCC49/AARCH64/MdeModulePkg/Universal/CapsuleRuntimeDxe/CapsuleRuntimeDxe/OUTPUT/CapsuleRuntimeDxe.lib(SaveLongModeContext.obj)
                0x0000000000010c38                SaveLongModeContext
 .text.IsPersistAcrossResetCapsuleSupported
                0x0000000000010c40       0x44 /home/osboxes/fix_rttee_text/RT-TEE/edk2/Build/ArmVirtQemuKernel-AARCH64/DEBUG_GCC49/AARCH64/MdeModulePkg/Universal/CapsuleRuntimeDxe/CapsuleRuntimeDxe/OUTPUT/CapsuleRuntimeDxe.lib(CapsuleReset.obj)
                0x0000000000010c40                IsPersistAcrossResetCapsuleSupported
 .text.CapsuleCacheWriteBack
                0x0000000000010c84       0xb4 /home/osboxes/fix_rttee_text/RT-TEE/edk2/Build/ArmVirtQemuKernel-AARCH64/DEBUG_GCC49/AARCH64/MdeModulePkg/Universal/CapsuleRuntimeDxe/CapsuleRuntimeDxe/OUTPUT/CapsuleRuntimeDxe.lib(CapsuleReset.obj)
                0x0000000000010c84                CapsuleCacheWriteBack
 .text.CompareGuid
                0x0000000000010d38       0x90 /home/osboxes/fix_rttee_text/RT-TEE/edk2/Build/ArmVirtQemuKernel-AARCH64/DEBUG_GCC49/AARCH64/MdePkg/Library/BaseMemoryLibOptDxe/BaseMemoryLibOptDxe/OUTPUT/BaseMemoryLibOptDxe.lib(MemLibGuid.obj)
                0x0000000000010d38                CompareGuid
 *fill*         0x0000000000010dc8       0x18 
 .text          0x0000000000010de0       0x20 /home/osboxes/fix_rttee_text/RT-TEE/edk2/Build/ArmVirtQemuKernel-AARCH64/DEBUG_GCC49/AARCH64/MdePkg/Library/BaseMemoryLibOptDxe/BaseMemoryLibOptDxe/OUTPUT/BaseMemoryLibOptDxe.lib(CompareGuid.obj)
                0x0000000000010de0                InternalMemCompareGuid
 .text.InternalSafeStringIsOverlap
                0x0000000000010e00       0x78 /home/osboxes/fix_rttee_text/RT-TEE/edk2/Build/ArmVirtQemuKernel-AARCH64/DEBUG_GCC49/AARCH64/MdePkg/Library/BaseLib/BaseLib/OUTPUT/BaseLib.lib(SafeString.obj)
                0x0000000000010e00                InternalSafeStringIsOverlap
 .text.InternalSafeStringNoStrOverlap
                0x0000000000010e78       0x50 /home/osboxes/fix_rttee_text/RT-TEE/edk2/Build/ArmVirtQemuKernel-AARCH64/DEBUG_GCC49/AARCH64/MdePkg/Library/BaseLib/BaseLib/OUTPUT/BaseLib.lib(SafeString.obj)
                0x0000000000010e78                InternalSafeStringNoStrOverlap
 .text.StrnLenS
                0x0000000000010ec8       0xc0 /home/osboxes/fix_rttee_text/RT-TEE/edk2/Build/ArmVirtQemuKernel-AARCH64/DEBUG_GCC49/AARCH64/MdePkg/Library/BaseLib/BaseLib/OUTPUT/BaseLib.lib(SafeString.obj)
                0x0000000000010ec8                StrnLenS
 .text.StrCpyS  0x0000000000010f88      0x310 /home/osboxes/fix_rttee_text/RT-TEE/edk2/Build/ArmVirtQemuKernel-AARCH64/DEBUG_GCC49/AARCH64/MdePkg/Library/BaseLib/BaseLib/OUTPUT/BaseLib.lib(SafeString.obj)
                0x0000000000010f88                StrCpyS
 .text.AsciiStrnLenS
                0x0000000000011298       0x80 /home/osboxes/fix_rttee_text/RT-TEE/edk2/Build/ArmVirtQemuKernel-AARCH64/DEBUG_GCC49/AARCH64/MdePkg/Library/BaseLib/BaseLib/OUTPUT/BaseLib.lib(SafeString.obj)
                0x0000000000011298                AsciiStrnLenS
 .text.StrLen   0x0000000000011318      0x10c /home/osboxes/fix_rttee_text/RT-TEE/edk2/Build/ArmVirtQemuKernel-AARCH64/DEBUG_GCC49/AARCH64/MdePkg/Library/BaseLib/BaseLib/OUTPUT/BaseLib.lib(String.obj)
                0x0000000000011318                StrLen
 .text.AsciiStrLen
                0x0000000000011424       0xd4 /home/osboxes/fix_rttee_text/RT-TEE/edk2/Build/ArmVirtQemuKernel-AARCH64/DEBUG_GCC49/AARCH64/MdePkg/Library/BaseLib/BaseLib/OUTPUT/BaseLib.lib(String.obj)
                0x0000000000011424                AsciiStrLen
 .text.InternalMathDivRemU64x32
                0x00000000000114f8       0x50 /home/osboxes/fix_rttee_text/RT-TEE/edk2/Build/ArmVirtQemuKernel-AARCH64/DEBUG_GCC49/AARCH64/MdePkg/Library/BaseLib/BaseLib/OUTPUT/BaseLib.lib(Math64.obj)
                0x00000000000114f8                InternalMathDivRemU64x32
 .text.HobLibConstructor
                0x0000000000011548       0xbc /home/osboxes/fix_rttee_text/RT-TEE/edk2/Build/ArmVirtQemuKernel-AARCH64/DEBUG_GCC49/AARCH64/ArmVirtPkg/Library/ArmVirtDxeHobLib/ArmVirtDxeHobLib/OUTPUT/ArmVirtDxeHobLib.lib(HobLib.obj)
                0x0000000000011548                HobLibConstructor
 .text.GetHobList
                0x0000000000011604       0x34 /home/osboxes/fix_rttee_text/RT-TEE/edk2/Build/ArmVirtQemuKernel-AARCH64/DEBUG_GCC49/AARCH64/ArmVirtPkg/Library/ArmVirtDxeHobLib/ArmVirtDxeHobLib/OUTPUT/ArmVirtDxeHobLib.lib(HobLib.obj)
                0x0000000000011604                GetHobList
 .text.GetNextHob
                0x0000000000011638       0x8c /home/osboxes/fix_rttee_text/RT-TEE/edk2/Build/ArmVirtQemuKernel-AARCH64/DEBUG_GCC49/AARCH64/ArmVirtPkg/Library/ArmVirtDxeHobLib/ArmVirtDxeHobLib/OUTPUT/ArmVirtDxeHobLib.lib(HobLib.obj)
                0x0000000000011638                GetNextHob
 .text.GetNextGuidHob
                0x00000000000116c4       0x90 /home/osboxes/fix_rttee_text/RT-TEE/edk2/Build/ArmVirtQemuKernel-AARCH64/DEBUG_GCC49/AARCH64/ArmVirtPkg/Library/ArmVirtDxeHobLib/ArmVirtDxeHobLib/OUTPUT/ArmVirtDxeHobLib.lib(HobLib.obj)
                0x00000000000116c4                GetNextGuidHob
 .text.GetFirstGuidHob
                0x0000000000011754       0x28 /home/osboxes/fix_rttee_text/RT-TEE/edk2/Build/ArmVirtQemuKernel-AARCH64/DEBUG_GCC49/AARCH64/ArmVirtPkg/Library/ArmVirtDxeHobLib/ArmVirtDxeHobLib/OUTPUT/ArmVirtDxeHobLib.lib(HobLib.obj)
                0x0000000000011754                GetFirstGuidHob
 .text.SerialPortInitialize
                0x000000000001177c        0x8 /home/osboxes/fix_rttee_text/RT-TEE/edk2/Build/ArmVirtQemuKernel-AARCH64/DEBUG_GCC49/AARCH64/ArmVirtPkg/Library/FdtPL011SerialPortLib/FdtPL011SerialPortLib/OUTPUT/FdtPL011SerialPortLib.lib(FdtPL011SerialPortLib.obj)
                0x000000000001177c                SerialPortInitialize
 .text.FdtPL011SerialPortLibInitialize
                0x0000000000011784      0x114 /home/osboxes/fix_rttee_text/RT-TEE/edk2/Build/ArmVirtQemuKernel-AARCH64/DEBUG_GCC49/AARCH64/ArmVirtPkg/Library/FdtPL011SerialPortLib/FdtPL011SerialPortLib/OUTPUT/FdtPL011SerialPortLib.lib(FdtPL011SerialPortLib.obj)
                0x0000000000011784                FdtPL011SerialPortLibInitialize
 .text.SerialPortWrite
                0x0000000000011898       0x4c /home/osboxes/fix_rttee_text/RT-TEE/edk2/Build/ArmVirtQemuKernel-AARCH64/DEBUG_GCC49/AARCH64/ArmVirtPkg/Library/FdtPL011SerialPortLib/FdtPL011SerialPortLib/OUTPUT/FdtPL011SerialPortLib.lib(FdtPL011SerialPortLib.obj)
                0x0000000000011898                SerialPortWrite
 .text.UnicodeValueToStringS
                0x00000000000118e4       0x78 /home/osboxes/fix_rttee_text/RT-TEE/edk2/Build/ArmVirtQemuKernel-AARCH64/DEBUG_GCC49/AARCH64/MdePkg/Library/BasePrintLib/BasePrintLib/OUTPUT/BasePrintLib.lib(PrintLib.obj)
                0x00000000000118e4                UnicodeValueToStringS
 .text.AsciiVSPrint
                0x000000000001195c       0x68 /home/osboxes/fix_rttee_text/RT-TEE/edk2/Build/ArmVirtQemuKernel-AARCH64/DEBUG_GCC49/AARCH64/MdePkg/Library/BasePrintLib/BasePrintLib/OUTPUT/BasePrintLib.lib(PrintLib.obj)
                0x000000000001195c                AsciiVSPrint
 .text.AsciiSPrint
                0x00000000000119c4       0x94 /home/osboxes/fix_rttee_text/RT-TEE/edk2/Build/ArmVirtQemuKernel-AARCH64/DEBUG_GCC49/AARCH64/MdePkg/Library/BasePrintLib/BasePrintLib/OUTPUT/BasePrintLib.lib(PrintLib.obj)
                0x00000000000119c4                AsciiSPrint
 .text.BasePrintLibFillBuffer
                0x0000000000011a58       0x9c /home/osboxes/fix_rttee_text/RT-TEE/edk2/Build/ArmVirtQemuKernel-AARCH64/DEBUG_GCC49/AARCH64/MdePkg/Library/BasePrintLib/BasePrintLib/OUTPUT/BasePrintLib.lib(PrintLibInternal.obj)
                0x0000000000011a58                BasePrintLibFillBuffer
 .text.BasePrintLibValueToString
                0x0000000000011af4       0x7c /home/osboxes/fix_rttee_text/RT-TEE/edk2/Build/ArmVirtQemuKernel-AARCH64/DEBUG_GCC49/AARCH64/MdePkg/Library/BasePrintLib/BasePrintLib/OUTPUT/BasePrintLib.lib(PrintLibInternal.obj)
                0x0000000000011af4                BasePrintLibValueToString
 .text.BasePrintLibConvertValueToStringS
                0x0000000000011b70      0x650 /home/osboxes/fix_rttee_text/RT-TEE/edk2/Build/ArmVirtQemuKernel-AARCH64/DEBUG_GCC49/AARCH64/MdePkg/Library/BasePrintLib/BasePrintLib/OUTPUT/BasePrintLib.lib(PrintLibInternal.obj)
                0x0000000000011b70                BasePrintLibConvertValueToStringS
 .text.BasePrintLibSPrintMarker
                0x00000000000121c0     0x1bcc /home/osboxes/fix_rttee_text/RT-TEE/edk2/Build/ArmVirtQemuKernel-AARCH64/DEBUG_GCC49/AARCH64/MdePkg/Library/BasePrintLib/BasePrintLib/OUTPUT/BasePrintLib.lib(PrintLibInternal.obj)
                0x00000000000121c0                BasePrintLibSPrintMarker
 .text.BasePrintLibSPrint
                0x0000000000013d8c       0x9c /home/osboxes/fix_rttee_text/RT-TEE/edk2/Build/ArmVirtQemuKernel-AARCH64/DEBUG_GCC49/AARCH64/MdePkg/Library/BasePrintLib/BasePrintLib/OUTPUT/BasePrintLib.lib(PrintLibInternal.obj)
                0x0000000000013d8c                BasePrintLibSPrint
 .text.ExitBootServicesEvent
                0x0000000000013e28       0x28 /home/osboxes/fix_rttee_text/RT-TEE/edk2/Build/ArmVirtQemuKernel-AARCH64/DEBUG_GCC49/AARCH64/MdePkg/Library/DxeRuntimeDebugLibSerialPort/DxeRuntimeDebugLibSerialPort/OUTPUT/DxeRuntimeDebugLibSerialPort.lib(DebugLib.obj)
 .text.DxeRuntimeDebugLibSerialPortConstructor
                0x0000000000013e50       0x68 /home/osboxes/fix_rttee_text/RT-TEE/edk2/Build/ArmVirtQemuKernel-AARCH64/DEBUG_GCC49/AARCH64/MdePkg/Library/DxeRuntimeDebugLibSerialPort/DxeRuntimeDebugLibSerialPort/OUTPUT/DxeRuntimeDebugLibSerialPort.lib(DebugLib.obj)
                0x0000000000013e50                DxeRuntimeDebugLibSerialPortConstructor
 .text.DxeRuntimeDebugLibSerialPortDestructor
                0x0000000000013eb8       0x34 /home/osboxes/fix_rttee_text/RT-TEE/edk2/Build/ArmVirtQemuKernel-AARCH64/DEBUG_GCC49/AARCH64/MdePkg/Library/DxeRuntimeDebugLibSerialPort/DxeRuntimeDebugLibSerialPort/OUTPUT/DxeRuntimeDebugLibSerialPort.lib(DebugLib.obj)
                0x0000000000013eb8                DxeRuntimeDebugLibSerialPortDestructor
 .text.DebugPrint
                0x0000000000013eec      0x134 /home/osboxes/fix_rttee_text/RT-TEE/edk2/Build/ArmVirtQemuKernel-AARCH64/DEBUG_GCC49/AARCH64/MdePkg/Library/DxeRuntimeDebugLibSerialPort/DxeRuntimeDebugLibSerialPort/OUTPUT/DxeRuntimeDebugLibSerialPort.lib(DebugLib.obj)
                0x0000000000013eec                DebugPrint
 .text.DebugAssert
                0x0000000000014020       0xb8 /home/osboxes/fix_rttee_text/RT-TEE/edk2/Build/ArmVirtQemuKernel-AARCH64/DEBUG_GCC49/AARCH64/MdePkg/Library/DxeRuntimeDebugLibSerialPort/DxeRuntimeDebugLibSerialPort/OUTPUT/DxeRuntimeDebugLibSerialPort.lib(DebugLib.obj)
                0x0000000000014020                DebugAssert
 .text.DebugAssertEnabled
                0x00000000000140d8       0x20 /home/osboxes/fix_rttee_text/RT-TEE/edk2/Build/ArmVirtQemuKernel-AARCH64/DEBUG_GCC49/AARCH64/MdePkg/Library/DxeRuntimeDebugLibSerialPort/DxeRuntimeDebugLibSerialPort/OUTPUT/DxeRuntimeDebugLibSerialPort.lib(DebugLib.obj)
                0x00000000000140d8                DebugAssertEnabled
 .text.DebugPrintEnabled
                0x00000000000140f8       0x20 /home/osboxes/fix_rttee_text/RT-TEE/edk2/Build/ArmVirtQemuKernel-AARCH64/DEBUG_GCC49/AARCH64/MdePkg/Library/DxeRuntimeDebugLibSerialPort/DxeRuntimeDebugLibSerialPort/OUTPUT/DxeRuntimeDebugLibSerialPort.lib(DebugLib.obj)
                0x00000000000140f8                DebugPrintEnabled
 .text.DebugPrintLevelEnabled
                0x0000000000014118       0x34 /home/osboxes/fix_rttee_text/RT-TEE/edk2/Build/ArmVirtQemuKernel-AARCH64/DEBUG_GCC49/AARCH64/MdePkg/Library/DxeRuntimeDebugLibSerialPort/DxeRuntimeDebugLibSerialPort/OUTPUT/DxeRuntimeDebugLibSerialPort.lib(DebugLib.obj)
                0x0000000000014118                DebugPrintLevelEnabled
 .text.UefiBootServicesTableLibConstructor
                0x000000000001414c      0x104 /home/osboxes/fix_rttee_text/RT-TEE/edk2/Build/ArmVirtQemuKernel-AARCH64/DEBUG_GCC49/AARCH64/MdePkg/Library/UefiBootServicesTableLib/UefiBootServicesTableLib/OUTPUT/UefiBootServicesTableLib.lib(UefiBootServicesTableLib.obj)
                0x000000000001414c                UefiBootServicesTableLibConstructor
 .text.UefiRuntimeServicesTableLibConstructor
                0x0000000000014250       0x6c /home/osboxes/fix_rttee_text/RT-TEE/edk2/Build/ArmVirtQemuKernel-AARCH64/DEBUG_GCC49/AARCH64/MdePkg/Library/UefiRuntimeServicesTableLib/UefiRuntimeServicesTableLib/OUTPUT/UefiRuntimeServicesTableLib.lib(UefiRuntimeServicesTableLib.obj)
                0x0000000000014250                UefiRuntimeServicesTableLibConstructor
 .text.SupportCapsuleImage
                0x00000000000142bc       0x14 /home/osboxes/fix_rttee_text/RT-TEE/edk2/Build/ArmVirtQemuKernel-AARCH64/DEBUG_GCC49/AARCH64/MdeModulePkg/Library/DxeCapsuleLibNull/DxeCapsuleLibNull/OUTPUT/DxeCapsuleLibNull.lib(DxeCapsuleLibNull.obj)
                0x00000000000142bc                SupportCapsuleImage
 .text.ProcessCapsuleImage
                0x00000000000142d0       0x14 /home/osboxes/fix_rttee_text/RT-TEE/edk2/Build/ArmVirtQemuKernel-AARCH64/DEBUG_GCC49/AARCH64/MdeModulePkg/Library/DxeCapsuleLibNull/DxeCapsuleLibNull/OUTPUT/DxeCapsuleLibNull.lib(DxeCapsuleLibNull.obj)
                0x00000000000142d0                ProcessCapsuleImage
 .text.RuntimeLibExitBootServicesEvent
                0x00000000000142e4       0x28 /home/osboxes/fix_rttee_text/RT-TEE/edk2/Build/ArmVirtQemuKernel-AARCH64/DEBUG_GCC49/AARCH64/MdePkg/Library/UefiRuntimeLib/UefiRuntimeLib/OUTPUT/UefiRuntimeLib.lib(RuntimeLib.obj)
                0x00000000000142e4                RuntimeLibExitBootServicesEvent
 .text.RuntimeLibVirtualNotifyEvent
                0x000000000001430c       0x3c /home/osboxes/fix_rttee_text/RT-TEE/edk2/Build/ArmVirtQemuKernel-AARCH64/DEBUG_GCC49/AARCH64/MdePkg/Library/UefiRuntimeLib/UefiRuntimeLib/OUTPUT/UefiRuntimeLib.lib(RuntimeLib.obj)
                0x000000000001430c                RuntimeLibVirtualNotifyEvent
 .text.RuntimeDriverLibConstruct
                0x0000000000014348      0x1fc /home/osboxes/fix_rttee_text/RT-TEE/edk2/Build/ArmVirtQemuKernel-AARCH64/DEBUG_GCC49/AARCH64/MdePkg/Library/UefiRuntimeLib/UefiRuntimeLib/OUTPUT/UefiRuntimeLib.lib(RuntimeLib.obj)
                0x0000000000014348                RuntimeDriverLibConstruct
 .text.RuntimeDriverLibDeconstruct
                0x0000000000014544      0x178 /home/osboxes/fix_rttee_text/RT-TEE/edk2/Build/ArmVirtQemuKernel-AARCH64/DEBUG_GCC49/AARCH64/MdePkg/Library/UefiRuntimeLib/UefiRuntimeLib/OUTPUT/UefiRuntimeLib.lib(RuntimeLib.obj)
                0x0000000000014544                RuntimeDriverLibDeconstruct
 .text.EfiAtRuntime
                0x00000000000146bc       0x10 /home/osboxes/fix_rttee_text/RT-TEE/edk2/Build/ArmVirtQemuKernel-AARCH64/DEBUG_GCC49/AARCH64/MdePkg/Library/UefiRuntimeLib/UefiRuntimeLib/OUTPUT/UefiRuntimeLib.lib(RuntimeLib.obj)
                0x00000000000146bc                EfiAtRuntime
 .text.EfiResetSystem
                0x00000000000146cc       0x48 /home/osboxes/fix_rttee_text/RT-TEE/edk2/Build/ArmVirtQemuKernel-AARCH64/DEBUG_GCC49/AARCH64/MdePkg/Library/UefiRuntimeLib/UefiRuntimeLib/OUTPUT/UefiRuntimeLib.lib(RuntimeLib.obj)
                0x00000000000146cc                EfiResetSystem
 .text.EfiSetVariable
                0x0000000000014714       0x4c /home/osboxes/fix_rttee_text/RT-TEE/edk2/Build/ArmVirtQemuKernel-AARCH64/DEBUG_GCC49/AARCH64/MdePkg/Library/UefiRuntimeLib/UefiRuntimeLib/OUTPUT/UefiRuntimeLib.lib(RuntimeLib.obj)
                0x0000000000014714                EfiSetVariable
 .text.EfiConvertPointer
                0x0000000000014760       0x34 /home/osboxes/fix_rttee_text/RT-TEE/edk2/Build/ArmVirtQemuKernel-AARCH64/DEBUG_GCC49/AARCH64/MdePkg/Library/UefiRuntimeLib/UefiRuntimeLib/OUTPUT/UefiRuntimeLib.lib(RuntimeLib.obj)
                0x0000000000014760                EfiConvertPointer
 .text.CacheRangeOperation
                0x0000000000014794       0x88 /home/osboxes/fix_rttee_text/RT-TEE/edk2/Build/ArmVirtQemuKernel-AARCH64/DEBUG_GCC49/AARCH64/ArmPkg/Library/ArmCacheMaintenanceLib/ArmCacheMaintenanceLib/OUTPUT/ArmCacheMaintenanceLib.lib(ArmCacheMaintenanceLib.obj)
 .text.WriteBackDataCacheRange
                0x000000000001481c       0x38 /home/osboxes/fix_rttee_text/RT-TEE/edk2/Build/ArmVirtQemuKernel-AARCH64/DEBUG_GCC49/AARCH64/ArmPkg/Library/ArmCacheMaintenanceLib/ArmCacheMaintenanceLib/OUTPUT/ArmCacheMaintenanceLib.lib(ArmCacheMaintenanceLib.obj)
                0x000000000001481c                WriteBackDataCacheRange
 .text.DivU64x32Remainder
                0x0000000000014854       0x60 /home/osboxes/fix_rttee_text/RT-TEE/edk2/Build/ArmVirtQemuKernel-AARCH64/DEBUG_GCC49/AARCH64/MdePkg/Library/BaseLib/BaseLib/OUTPUT/BaseLib.lib(DivU64x32Remainder.obj)
                0x0000000000014854                DivU64x32Remainder
 .text.CpuDeadLoop
                0x00000000000148b4       0x24 /home/osboxes/fix_rttee_text/RT-TEE/edk2/Build/ArmVirtQemuKernel-AARCH64/DEBUG_GCC49/AARCH64/MdePkg/Library/BaseLib/BaseLib/OUTPUT/BaseLib.lib(CpuDeadLoop.obj)
                0x00000000000148b4                CpuDeadLoop
 .text.ReadUnaligned16
                0x00000000000148d8       0x88 /home/osboxes/fix_rttee_text/RT-TEE/edk2/Build/ArmVirtQemuKernel-AARCH64/DEBUG_GCC49/AARCH64/MdePkg/Library/BaseLib/BaseLib/OUTPUT/BaseLib.lib(Unaligned.obj)
                0x00000000000148d8                ReadUnaligned16
 .text.ReadUnaligned32
                0x0000000000014960       0x74 /home/osboxes/fix_rttee_text/RT-TEE/edk2/Build/ArmVirtQemuKernel-AARCH64/DEBUG_GCC49/AARCH64/MdePkg/Library/BaseLib/BaseLib/OUTPUT/BaseLib.lib(Unaligned.obj)
                0x0000000000014960                ReadUnaligned32
 .text          0x00000000000149d4        0x8 /home/osboxes/fix_rttee_text/RT-TEE/edk2/Build/ArmVirtQemuKernel-AARCH64/DEBUG_GCC49/AARCH64/MdePkg/Library/BaseLib/BaseLib/OUTPUT/BaseLib.lib(CpuBreakpoint.obj)
                0x00000000000149d4                CpuBreakpoint
 .text.PL011UartInitializePort
                0x00000000000149dc      0x3b0 /home/osboxes/fix_rttee_text/RT-TEE/edk2/Build/ArmVirtQemuKernel-AARCH64/DEBUG_GCC49/AARCH64/ArmPlatformPkg/Library/PL011UartLib/PL011UartLib/OUTPUT/PL011UartLib.lib(PL011UartLib.obj)
                0x00000000000149dc                PL011UartInitializePort
 .text.PL011UartWrite
                0x0000000000014d8c       0x7c /home/osboxes/fix_rttee_text/RT-TEE/edk2/Build/ArmVirtQemuKernel-AARCH64/DEBUG_GCC49/AARCH64/ArmPlatformPkg/Library/PL011UartLib/PL011UartLib/OUTPUT/PL011UartLib.lib(PL011UartLib.obj)
                0x0000000000014d8c                PL011UartWrite
 .text.GetDebugPrintErrorLevel
                0x0000000000014e08       0x10 /home/osboxes/fix_rttee_text/RT-TEE/edk2/Build/ArmVirtQemuKernel-AARCH64/DEBUG_GCC49/AARCH64/MdePkg/Library/BaseDebugPrintErrorLevelLib/BaseDebugPrintErrorLevelLib/OUTPUT/BaseDebugPrintErrorLevelLib.lib(BaseDebugPrintErrorLevelLib.obj)
                0x0000000000014e08                GetDebugPrintErrorLevel
 .text.ArmDataCacheLineLength
                0x0000000000014e18       0x28 /home/osboxes/fix_rttee_text/RT-TEE/edk2/Build/ArmVirtQemuKernel-AARCH64/DEBUG_GCC49/AARCH64/ArmPkg/Library/ArmLib/ArmBaseLib/OUTPUT/ArmBaseLib.lib(ArmLib.obj)
                0x0000000000014e18                ArmDataCacheLineLength
 .text.ArmCacheInfo
                0x0000000000014e40        0x8 /home/osboxes/fix_rttee_text/RT-TEE/edk2/Build/ArmVirtQemuKernel-AARCH64/DEBUG_GCC49/AARCH64/ArmPkg/Library/ArmLib/ArmBaseLib/OUTPUT/ArmBaseLib.lib(ArmLibSupport.obj)
                0x0000000000014e40                ArmCacheInfo
 .text.ArmCleanDataCacheEntryByMVA
                0x0000000000014e48        0x8 /home/osboxes/fix_rttee_text/RT-TEE/edk2/Build/ArmVirtQemuKernel-AARCH64/DEBUG_GCC49/AARCH64/ArmPkg/Library/ArmLib/ArmBaseLib/OUTPUT/ArmBaseLib.lib(AArch64Support.obj)
                0x0000000000014e48                ArmCleanDataCacheEntryByMVA
 .text.ArmDataSynchronizationBarrier
                0x0000000000014e50        0x8 /home/osboxes/fix_rttee_text/RT-TEE/edk2/Build/ArmVirtQemuKernel-AARCH64/DEBUG_GCC49/AARCH64/ArmPkg/Library/ArmLib/ArmBaseLib/OUTPUT/ArmBaseLib.lib(AArch64Support.obj)
                0x0000000000014e50                ArmDataSynchronizationBarrier
 .text.MmioWrite8
                0x0000000000014e58       0x28 /home/osboxes/fix_rttee_text/RT-TEE/edk2/Build/ArmVirtQemuKernel-AARCH64/DEBUG_GCC49/AARCH64/MdePkg/Library/BaseIoLibIntrinsic/BaseIoLibIntrinsicArmVirt/OUTPUT/BaseIoLibIntrinsicArmVirt.lib(IoLibArmVirt.obj)
                0x0000000000014e58                MmioWrite8
 .text.MmioRead32
                0x0000000000014e80       0x54 /home/osboxes/fix_rttee_text/RT-TEE/edk2/Build/ArmVirtQemuKernel-AARCH64/DEBUG_GCC49/AARCH64/MdePkg/Library/BaseIoLibIntrinsic/BaseIoLibIntrinsicArmVirt/OUTPUT/BaseIoLibIntrinsicArmVirt.lib(IoLibArmVirt.obj)
                0x0000000000014e80                MmioRead32
 .text.MmioWrite32
                0x0000000000014ed4       0x60 /home/osboxes/fix_rttee_text/RT-TEE/edk2/Build/ArmVirtQemuKernel-AARCH64/DEBUG_GCC49/AARCH64/MdePkg/Library/BaseIoLibIntrinsic/BaseIoLibIntrinsicArmVirt/OUTPUT/BaseIoLibIntrinsicArmVirt.lib(IoLibArmVirt.obj)
                0x0000000000014ed4                MmioWrite32
 *fill*         0x0000000000014f34        0x4 
 .text          0x0000000000014f38       0x60 /home/osboxes/fix_rttee_text/RT-TEE/edk2/Build/ArmVirtQemuKernel-AARCH64/DEBUG_GCC49/AARCH64/MdePkg/Library/BaseIoLibIntrinsic/BaseIoLibIntrinsicArmVirt/OUTPUT/BaseIoLibIntrinsicArmVirt.lib(ArmVirtMmio.obj)
                0x0000000000014f38                MmioRead8Internal
                0x0000000000014f44                MmioWrite8Internal
                0x0000000000014f50                MmioRead16Internal
                0x0000000000014f5c                MmioWrite16Internal
                0x0000000000014f68                MmioRead32Internal
                0x0000000000014f74                MmioWrite32Internal
                0x0000000000014f80                MmioRead64Internal
                0x0000000000014f8c                MmioWrite64Internal
 *(.rodata .rodata.* .gnu.linkonce.r.*)
 .rodata        0x0000000000014f98       0xa0 /home/osboxes/fix_rttee_text/RT-TEE/edk2/Build/ArmVirtQemuKernel-AARCH64/DEBUG_GCC49/AARCH64/MdePkg/Library/UefiDriverEntryPoint/UefiDriverEntryPoint/OUTPUT/UefiDriverEntryPoint.lib(DriverEntryPoint.obj)
 .rodata        0x0000000000015038      0x100 /home/osboxes/fix_rttee_text/RT-TEE/edk2/Build/ArmVirtQemuKernel-AARCH64/DEBUG_GCC49/AARCH64/MdeModulePkg/Universal/CapsuleRuntimeDxe/CapsuleRuntimeDxe/OUTPUT/CapsuleRuntimeDxe.lib(AutoGen.obj)
 .rodata._gPcd_FixedAtBuild_PcdSupportUpdateCapsuleReset
                0x0000000000015138        0x1 /home/osboxes/fix_rttee_text/RT-TEE/edk2/Build/ArmVirtQemuKernel-AARCH64/DEBUG_GCC49/AARCH64/MdeModulePkg/Universal/CapsuleRuntimeDxe/CapsuleRuntimeDxe/OUTPUT/CapsuleRuntimeDxe.lib(AutoGen.obj)
                0x0000000000015138                _gPcd_FixedAtBuild_PcdSupportUpdateCapsuleReset
 *fill*         0x0000000000015139        0x3 
 .rodata._gPcd_FixedAtBuild_PcdMaxSizeNonPopulateCapsule
                0x000000000001513c        0x4 /home/osboxes/fix_rttee_text/RT-TEE/edk2/Build/ArmVirtQemuKernel-AARCH64/DEBUG_GCC49/AARCH64/MdeModulePkg/Universal/CapsuleRuntimeDxe/CapsuleRuntimeDxe/OUTPUT/CapsuleRuntimeDxe.lib(AutoGen.obj)
                0x000000000001513c                _gPcd_FixedAtBuild_PcdMaxSizeNonPopulateCapsule
 .rodata._gPcd_FixedAtBuild_PcdMaxSizePopulateCapsule
                0x0000000000015140        0x4 /home/osboxes/fix_rttee_text/RT-TEE/edk2/Build/ArmVirtQemuKernel-AARCH64/DEBUG_GCC49/AARCH64/MdeModulePkg/Universal/CapsuleRuntimeDxe/CapsuleRuntimeDxe/OUTPUT/CapsuleRuntimeDxe.lib(AutoGen.obj)
                0x0000000000015140                _gPcd_FixedAtBuild_PcdMaxSizePopulateCapsule
 .rodata._gPcd_FixedAtBuild_PcdMaximumAsciiStringLength
                0x0000000000015144        0x4 /home/osboxes/fix_rttee_text/RT-TEE/edk2/Build/ArmVirtQemuKernel-AARCH64/DEBUG_GCC49/AARCH64/MdeModulePkg/Universal/CapsuleRuntimeDxe/CapsuleRuntimeDxe/OUTPUT/CapsuleRuntimeDxe.lib(AutoGen.obj)
                0x0000000000015144                _gPcd_FixedAtBuild_PcdMaximumAsciiStringLength
 .rodata._gPcd_FixedAtBuild_PcdMaximumUnicodeStringLength
                0x0000000000015148        0x4 /home/osboxes/fix_rttee_text/RT-TEE/edk2/Build/ArmVirtQemuKernel-AARCH64/DEBUG_GCC49/AARCH64/MdeModulePkg/Universal/CapsuleRuntimeDxe/CapsuleRuntimeDxe/OUTPUT/CapsuleRuntimeDxe.lib(AutoGen.obj)
                0x0000000000015148                _gPcd_FixedAtBuild_PcdMaximumUnicodeStringLength
 .rodata._gPcd_FixedAtBuild_PcdDebugPropertyMask
                0x000000000001514c        0x1 /home/osboxes/fix_rttee_text/RT-TEE/edk2/Build/ArmVirtQemuKernel-AARCH64/DEBUG_GCC49/AARCH64/MdeModulePkg/Universal/CapsuleRuntimeDxe/CapsuleRuntimeDxe/OUTPUT/CapsuleRuntimeDxe.lib(AutoGen.obj)
                0x000000000001514c                _gPcd_FixedAtBuild_PcdDebugPropertyMask
 *fill*         0x000000000001514d        0x3 
 .rodata._gPcd_FixedAtBuild_PcdUartDefaultBaudRate
                0x0000000000015150        0x8 /home/osboxes/fix_rttee_text/RT-TEE/edk2/Build/ArmVirtQemuKernel-AARCH64/DEBUG_GCC49/AARCH64/MdeModulePkg/Universal/CapsuleRuntimeDxe/CapsuleRuntimeDxe/OUTPUT/CapsuleRuntimeDxe.lib(AutoGen.obj)
                0x0000000000015150                _gPcd_FixedAtBuild_PcdUartDefaultBaudRate
 .rodata._gPcd_FixedAtBuild_PcdUartDefaultDataBits
                0x0000000000015158        0x1 /home/osboxes/fix_rttee_text/RT-TEE/edk2/Build/ArmVirtQemuKernel-AARCH64/DEBUG_GCC49/AARCH64/MdeModulePkg/Universal/CapsuleRuntimeDxe/CapsuleRuntimeDxe/OUTPUT/CapsuleRuntimeDxe.lib(AutoGen.obj)
                0x0000000000015158                _gPcd_FixedAtBuild_PcdUartDefaultDataBits
 .rodata._gPcd_FixedAtBuild_PcdUartDefaultParity
                0x0000000000015159        0x1 /home/osboxes/fix_rttee_text/RT-TEE/edk2/Build/ArmVirtQemuKernel-AARCH64/DEBUG_GCC49/AARCH64/MdeModulePkg/Universal/CapsuleRuntimeDxe/CapsuleRuntimeDxe/OUTPUT/CapsuleRuntimeDxe.lib(AutoGen.obj)
                0x0000000000015159                _gPcd_FixedAtBuild_PcdUartDefaultParity
 .rodata._gPcd_FixedAtBuild_PcdUartDefaultStopBits
                0x000000000001515a        0x1 /home/osboxes/fix_rttee_text/RT-TEE/edk2/Build/ArmVirtQemuKernel-AARCH64/DEBUG_GCC49/AARCH64/MdeModulePkg/Universal/CapsuleRuntimeDxe/CapsuleRuntimeDxe/OUTPUT/CapsuleRuntimeDxe.lib(AutoGen.obj)
                0x000000000001515a                _gPcd_FixedAtBuild_PcdUartDefaultStopBits
 *fill*         0x000000000001515b        0x1 
 .rodata._gPcd_FixedAtBuild_PcdDebugPrintErrorLevel
                0x000000000001515c        0x4 /home/osboxes/fix_rttee_text/RT-TEE/edk2/Build/ArmVirtQemuKernel-AARCH64/DEBUG_GCC49/AARCH64/MdeModulePkg/Universal/CapsuleRuntimeDxe/CapsuleRuntimeDxe/OUTPUT/CapsuleRuntimeDxe.lib(AutoGen.obj)
                0x000000000001515c                _gPcd_FixedAtBuild_PcdDebugPrintErrorLevel
 .rodata._gPcd_FixedAtBuild_PcdFixedDebugPrintErrorLevel
                0x0000000000015160        0x4 /home/osboxes/fix_rttee_text/RT-TEE/edk2/Build/ArmVirtQemuKernel-AARCH64/DEBUG_GCC49/AARCH64/MdeModulePkg/Universal/CapsuleRuntimeDxe/CapsuleRuntimeDxe/OUTPUT/CapsuleRuntimeDxe.lib(AutoGen.obj)
                0x0000000000015160                _gPcd_FixedAtBuild_PcdFixedDebugPrintErrorLevel
 .rodata._gUefiDriverRevision
                0x0000000000015164        0x4 /home/osboxes/fix_rttee_text/RT-TEE/edk2/Build/ArmVirtQemuKernel-AARCH64/DEBUG_GCC49/AARCH64/MdeModulePkg/Universal/CapsuleRuntimeDxe/CapsuleRuntimeDxe/OUTPUT/CapsuleRuntimeDxe.lib(AutoGen.obj)
                0x0000000000015164                _gUefiDriverRevision
 .rodata._gDriverUnloadImageCount
                0x0000000000015168        0x1 /home/osboxes/fix_rttee_text/RT-TEE/edk2/Build/ArmVirtQemuKernel-AARCH64/DEBUG_GCC49/AARCH64/MdeModulePkg/Universal/CapsuleRuntimeDxe/CapsuleRuntimeDxe/OUTPUT/CapsuleRuntimeDxe.lib(AutoGen.obj)
                0x0000000000015168                _gDriverUnloadImageCount
 *fill*         0x0000000000015169        0x7 
 .rodata        0x0000000000015170       0xcb /home/osboxes/fix_rttee_text/RT-TEE/edk2/Build/ArmVirtQemuKernel-AARCH64/DEBUG_GCC49/AARCH64/MdeModulePkg/Universal/CapsuleRuntimeDxe/CapsuleRuntimeDxe/OUTPUT/CapsuleRuntimeDxe.lib(CapsuleService.obj)
 *fill*         0x000000000001523b        0x5 
 .rodata        0x0000000000015240      0x17d /home/osboxes/fix_rttee_text/RT-TEE/edk2/Build/ArmVirtQemuKernel-AARCH64/DEBUG_GCC49/AARCH64/MdePkg/Library/BaseMemoryLibOptDxe/BaseMemoryLibOptDxe/OUTPUT/BaseMemoryLibOptDxe.lib(MemLibGuid.obj)
 *fill*         0x00000000000153bd        0x3 
 .rodata        0x00000000000153c0      0x644 /home/osboxes/fix_rttee_text/RT-TEE/edk2/Build/ArmVirtQemuKernel-AARCH64/DEBUG_GCC49/AARCH64/MdePkg/Library/BaseLib/BaseLib/OUTPUT/BaseLib.lib(SafeString.obj)
 *fill*         0x0000000000015a04        0x4 
 .rodata        0x0000000000015a08      0x2bc /home/osboxes/fix_rttee_text/RT-TEE/edk2/Build/ArmVirtQemuKernel-AARCH64/DEBUG_GCC49/AARCH64/MdePkg/Library/BaseLib/BaseLib/OUTPUT/BaseLib.lib(String.obj)
 *fill*         0x0000000000015cc4        0x4 
 .rodata        0x0000000000015cc8       0xc1 /home/osboxes/fix_rttee_text/RT-TEE/edk2/Build/ArmVirtQemuKernel-AARCH64/DEBUG_GCC49/AARCH64/MdePkg/Library/BasePrintLib/BasePrintLib/OUTPUT/BasePrintLib.lib(PrintLib.obj)
 *fill*         0x0000000000015d89        0x7 
 .rodata.mHexStr
                0x0000000000015d90       0x10 /home/osboxes/fix_rttee_text/RT-TEE/edk2/Build/ArmVirtQemuKernel-AARCH64/DEBUG_GCC49/AARCH64/MdePkg/Library/BasePrintLib/BasePrintLib/OUTPUT/BasePrintLib.lib(PrintLibInternal.obj)
                0x0000000000015d90                mHexStr
 .rodata        0x0000000000015da0      0x72a /home/osboxes/fix_rttee_text/RT-TEE/edk2/Build/ArmVirtQemuKernel-AARCH64/DEBUG_GCC49/AARCH64/MdePkg/Library/BasePrintLib/BasePrintLib/OUTPUT/BasePrintLib.lib(PrintLibInternal.obj)
 *fill*         0x00000000000164ca        0x6 
 .rodata.mStatusString
                0x00000000000164d0      0x138 /home/osboxes/fix_rttee_text/RT-TEE/edk2/Build/ArmVirtQemuKernel-AARCH64/DEBUG_GCC49/AARCH64/MdePkg/Library/BasePrintLib/BasePrintLib/OUTPUT/BasePrintLib.lib(PrintLibInternal.obj)
                0x00000000000164d0                mStatusString
 .rodata        0x0000000000016608       0xa7 /home/osboxes/fix_rttee_text/RT-TEE/edk2/Build/ArmVirtQemuKernel-AARCH64/DEBUG_GCC49/AARCH64/MdePkg/Library/DxeRuntimeDebugLibSerialPort/DxeRuntimeDebugLibSerialPort/OUTPUT/DxeRuntimeDebugLibSerialPort.lib(DebugLib.obj)
 *fill*         0x00000000000166af        0x1 
 .rodata        0x00000000000166b0       0xbc /home/osboxes/fix_rttee_text/RT-TEE/edk2/Build/ArmVirtQemuKernel-AARCH64/DEBUG_GCC49/AARCH64/MdePkg/Library/UefiBootServicesTableLib/UefiBootServicesTableLib/OUTPUT/UefiBootServicesTableLib.lib(UefiBootServicesTableLib.obj)
 *fill*         0x000000000001676c        0x4 
 .rodata        0x0000000000016770       0x8a /home/osboxes/fix_rttee_text/RT-TEE/edk2/Build/ArmVirtQemuKernel-AARCH64/DEBUG_GCC49/AARCH64/MdePkg/Library/UefiRuntimeServicesTableLib/UefiRuntimeServicesTableLib/OUTPUT/UefiRuntimeServicesTableLib.lib(UefiRuntimeServicesTableLib.obj)
 *fill*         0x00000000000167fa        0x6 
 .rodata        0x0000000000016800       0xc4 /home/osboxes/fix_rttee_text/RT-TEE/edk2/Build/ArmVirtQemuKernel-AARCH64/DEBUG_GCC49/AARCH64/MdePkg/Library/UefiRuntimeLib/UefiRuntimeLib/OUTPUT/UefiRuntimeLib.lib(RuntimeLib.obj)
 *fill*         0x00000000000168c4        0x4 
 .rodata        0x00000000000168c8       0x65 /home/osboxes/fix_rttee_text/RT-TEE/edk2/Build/ArmVirtQemuKernel-AARCH64/DEBUG_GCC49/AARCH64/MdePkg/Library/BaseLib/BaseLib/OUTPUT/BaseLib.lib(DivU64x32Remainder.obj)
 *fill*         0x000000000001692d        0x3 
 .rodata        0x0000000000016930       0x68 /home/osboxes/fix_rttee_text/RT-TEE/edk2/Build/ArmVirtQemuKernel-AARCH64/DEBUG_GCC49/AARCH64/MdePkg/Library/BaseLib/BaseLib/OUTPUT/BaseLib.lib(Unaligned.obj)
 .rodata        0x0000000000016998       0xbb /home/osboxes/fix_rttee_text/RT-TEE/edk2/Build/ArmVirtQemuKernel-AARCH64/DEBUG_GCC49/AARCH64/MdePkg/Library/BaseIoLibIntrinsic/BaseIoLibIntrinsicArmVirt/OUTPUT/BaseIoLibIntrinsicArmVirt.lib(IoLibArmVirt.obj)
 *(.got .got.*)
 *:AutoGen.obj(.data.g*Guid)
 *fill*         0x0000000000016a53        0x5 
 .data.gEfiCapsuleVendorGuid
                0x0000000000016a58       0x10 /home/osboxes/fix_rttee_text/RT-TEE/edk2/Build/ArmVirtQemuKernel-AARCH64/DEBUG_GCC49/AARCH64/MdeModulePkg/Universal/CapsuleRuntimeDxe/CapsuleRuntimeDxe/OUTPUT/CapsuleRuntimeDxe.lib(AutoGen.obj)
                0x0000000000016a58                gEfiCapsuleVendorGuid
 .data.gEfiFmpCapsuleGuid
                0x0000000000016a68       0x10 /home/osboxes/fix_rttee_text/RT-TEE/edk2/Build/ArmVirtQemuKernel-AARCH64/DEBUG_GCC49/AARCH64/MdeModulePkg/Universal/CapsuleRuntimeDxe/CapsuleRuntimeDxe/OUTPUT/CapsuleRuntimeDxe.lib(AutoGen.obj)
                0x0000000000016a68                gEfiFmpCapsuleGuid
 .data.gEfiHobListGuid
                0x0000000000016a78       0x10 /home/osboxes/fix_rttee_text/RT-TEE/edk2/Build/ArmVirtQemuKernel-AARCH64/DEBUG_GCC49/AARCH64/MdeModulePkg/Universal/CapsuleRuntimeDxe/CapsuleRuntimeDxe/OUTPUT/CapsuleRuntimeDxe.lib(AutoGen.obj)
                0x0000000000016a78                gEfiHobListGuid
 .data.gEarlyPL011BaseAddressGuid
                0x0000000000016a88       0x10 /home/osboxes/fix_rttee_text/RT-TEE/edk2/Build/ArmVirtQemuKernel-AARCH64/DEBUG_GCC49/AARCH64/MdeModulePkg/Universal/CapsuleRuntimeDxe/CapsuleRuntimeDxe/OUTPUT/CapsuleRuntimeDxe.lib(AutoGen.obj)
                0x0000000000016a88                gEarlyPL011BaseAddressGuid
 .data.gEfiEventExitBootServicesGuid
                0x0000000000016a98       0x10 /home/osboxes/fix_rttee_text/RT-TEE/edk2/Build/ArmVirtQemuKernel-AARCH64/DEBUG_GCC49/AARCH64/MdeModulePkg/Universal/CapsuleRuntimeDxe/CapsuleRuntimeDxe/OUTPUT/CapsuleRuntimeDxe.lib(AutoGen.obj)
                0x0000000000016a98                gEfiEventExitBootServicesGuid
 .data.gEfiEventVirtualAddressChangeGuid
                0x0000000000016aa8       0x10 /home/osboxes/fix_rttee_text/RT-TEE/edk2/Build/ArmVirtQemuKernel-AARCH64/DEBUG_GCC49/AARCH64/MdeModulePkg/Universal/CapsuleRuntimeDxe/CapsuleRuntimeDxe/OUTPUT/CapsuleRuntimeDxe.lib(AutoGen.obj)
                0x0000000000016aa8                gEfiEventVirtualAddressChangeGuid
 .data.gEfiCapsuleArchProtocolGuid
                0x0000000000016ab8       0x10 /home/osboxes/fix_rttee_text/RT-TEE/edk2/Build/ArmVirtQemuKernel-AARCH64/DEBUG_GCC49/AARCH64/MdeModulePkg/Universal/CapsuleRuntimeDxe/CapsuleRuntimeDxe/OUTPUT/CapsuleRuntimeDxe.lib(AutoGen.obj)
                0x0000000000016ab8                gEfiCapsuleArchProtocolGuid
 .data.gEfiLoadedImageProtocolGuid
                0x0000000000016ac8       0x10 /home/osboxes/fix_rttee_text/RT-TEE/edk2/Build/ArmVirtQemuKernel-AARCH64/DEBUG_GCC49/AARCH64/MdeModulePkg/Universal/CapsuleRuntimeDxe/CapsuleRuntimeDxe/OUTPUT/CapsuleRuntimeDxe.lib(AutoGen.obj)
                0x0000000000016ac8                gEfiLoadedImageProtocolGuid

.iplt           0x0000000000016ad8        0x0
 .iplt          0x0000000000016ad8        0x0 /home/osboxes/fix_rttee_text/RT-TEE/edk2/Build/ArmVirtQemuKernel-AARCH64/DEBUG_GCC49/AARCH64/MdePkg/Library/UefiDriverEntryPoint/UefiDriverEntryPoint/OUTPUT/UefiDriverEntryPoint.lib(DriverEntryPoint.obj)

.data           0x0000000000020000       0x80
 *(.data .data.* .gnu.linkonce.d.*)
 .data.gEfiCallerBaseName
                0x0000000000020000        0x8 /home/osboxes/fix_rttee_text/RT-TEE/edk2/Build/ArmVirtQemuKernel-AARCH64/DEBUG_GCC49/AARCH64/MdeModulePkg/Universal/CapsuleRuntimeDxe/CapsuleRuntimeDxe/OUTPUT/CapsuleRuntimeDxe.lib(AutoGen.obj)
                0x0000000000020000                gEfiCallerBaseName
 *(.bss .bss.*)
 .bss.mNewHandle
                0x0000000000020008        0x8 /home/osboxes/fix_rttee_text/RT-TEE/edk2/Build/ArmVirtQemuKernel-AARCH64/DEBUG_GCC49/AARCH64/MdeModulePkg/Universal/CapsuleRuntimeDxe/CapsuleRuntimeDxe/OUTPUT/CapsuleRuntimeDxe.lib(CapsuleService.obj)
                0x0000000000020008                mNewHandle
 .bss.mTimes    0x0000000000020010        0x8 /home/osboxes/fix_rttee_text/RT-TEE/edk2/Build/ArmVirtQemuKernel-AARCH64/DEBUG_GCC49/AARCH64/MdeModulePkg/Universal/CapsuleRuntimeDxe/CapsuleRuntimeDxe/OUTPUT/CapsuleRuntimeDxe.lib(CapsuleService.obj)
                0x0000000000020010                mTimes
 .bss.mMaxSizePopulateCapsule
                0x0000000000020018        0x4 /home/osboxes/fix_rttee_text/RT-TEE/edk2/Build/ArmVirtQemuKernel-AARCH64/DEBUG_GCC49/AARCH64/MdeModulePkg/Universal/CapsuleRuntimeDxe/CapsuleRuntimeDxe/OUTPUT/CapsuleRuntimeDxe.lib(CapsuleService.obj)
                0x0000000000020018                mMaxSizePopulateCapsule
 .bss.mMaxSizeNonPopulateCapsule
                0x000000000002001c        0x4 /home/osboxes/fix_rttee_text/RT-TEE/edk2/Build/ArmVirtQemuKernel-AARCH64/DEBUG_GCC49/AARCH64/MdeModulePkg/Universal/CapsuleRuntimeDxe/CapsuleRuntimeDxe/OUTPUT/CapsuleRuntimeDxe.lib(CapsuleService.obj)
                0x000000000002001c                mMaxSizeNonPopulateCapsule
 .bss.mHobList  0x0000000000020020        0x8 /home/osboxes/fix_rttee_text/RT-TEE/edk2/Build/ArmVirtQemuKernel-AARCH64/DEBUG_GCC49/AARCH64/ArmVirtPkg/Library/ArmVirtDxeHobLib/ArmVirtDxeHobLib/OUTPUT/ArmVirtDxeHobLib.lib(HobLib.obj)
                0x0000000000020020                mHobList
 .bss.mSerialBaseAddress
                0x0000000000020028        0x8 /home/osboxes/fix_rttee_text/RT-TEE/edk2/Build/ArmVirtQemuKernel-AARCH64/DEBUG_GCC49/AARCH64/ArmVirtPkg/Library/FdtPL011SerialPortLib/FdtPL011SerialPortLib/OUTPUT/FdtPL011SerialPortLib.lib(FdtPL011SerialPortLib.obj)
 .bss.mEfiExitBootServicesEvent
                0x0000000000020030        0x8 /home/osboxes/fix_rttee_text/RT-TEE/edk2/Build/ArmVirtQemuKernel-AARCH64/DEBUG_GCC49/AARCH64/MdePkg/Library/DxeRuntimeDebugLibSerialPort/DxeRuntimeDebugLibSerialPort/OUTPUT/DxeRuntimeDebugLibSerialPort.lib(DebugLib.obj)
 .bss.mEfiAtRuntime
                0x0000000000020038        0x1 /home/osboxes/fix_rttee_text/RT-TEE/edk2/Build/ArmVirtQemuKernel-AARCH64/DEBUG_GCC49/AARCH64/MdePkg/Library/DxeRuntimeDebugLibSerialPort/DxeRuntimeDebugLibSerialPort/OUTPUT/DxeRuntimeDebugLibSerialPort.lib(DebugLib.obj)
 *fill*         0x0000000000020039        0x7 
 .bss.gImageHandle
                0x0000000000020040        0x8 /home/osboxes/fix_rttee_text/RT-TEE/edk2/Build/ArmVirtQemuKernel-AARCH64/DEBUG_GCC49/AARCH64/MdePkg/Library/UefiBootServicesTableLib/UefiBootServicesTableLib/OUTPUT/UefiBootServicesTableLib.lib(UefiBootServicesTableLib.obj)
                0x0000000000020040                gImageHandle
 .bss.gST       0x0000000000020048        0x8 /home/osboxes/fix_rttee_text/RT-TEE/edk2/Build/ArmVirtQemuKernel-AARCH64/DEBUG_GCC49/AARCH64/MdePkg/Library/UefiBootServicesTableLib/UefiBootServicesTableLib/OUTPUT/UefiBootServicesTableLib.lib(UefiBootServicesTableLib.obj)
                0x0000000000020048                gST
 .bss.gBS       0x0000000000020050        0x8 /home/osboxes/fix_rttee_text/RT-TEE/edk2/Build/ArmVirtQemuKernel-AARCH64/DEBUG_GCC49/AARCH64/MdePkg/Library/UefiBootServicesTableLib/UefiBootServicesTableLib/OUTPUT/UefiBootServicesTableLib.lib(UefiBootServicesTableLib.obj)
                0x0000000000020050                gBS
 .bss.gRT       0x0000000000020058        0x8 /home/osboxes/fix_rttee_text/RT-TEE/edk2/Build/ArmVirtQemuKernel-AARCH64/DEBUG_GCC49/AARCH64/MdePkg/Library/UefiRuntimeServicesTableLib/UefiRuntimeServicesTableLib/OUTPUT/UefiRuntimeServicesTableLib.lib(UefiRuntimeServicesTableLib.obj)
                0x0000000000020058                gRT
 .bss.mEfiVirtualNotifyEvent
                0x0000000000020060        0x8 /home/osboxes/fix_rttee_text/RT-TEE/edk2/Build/ArmVirtQemuKernel-AARCH64/DEBUG_GCC49/AARCH64/MdePkg/Library/UefiRuntimeLib/UefiRuntimeLib/OUTPUT/UefiRuntimeLib.lib(RuntimeLib.obj)
                0x0000000000020060                mEfiVirtualNotifyEvent
 .bss.mEfiExitBootServicesEvent
                0x0000000000020068        0x8 /home/osboxes/fix_rttee_text/RT-TEE/edk2/Build/ArmVirtQemuKernel-AARCH64/DEBUG_GCC49/AARCH64/MdePkg/Library/UefiRuntimeLib/UefiRuntimeLib/OUTPUT/UefiRuntimeLib.lib(RuntimeLib.obj)
                0x0000000000020068                mEfiExitBootServicesEvent
 .bss.mEfiGoneVirtual
                0x0000000000020070        0x1 /home/osboxes/fix_rttee_text/RT-TEE/edk2/Build/ArmVirtQemuKernel-AARCH64/DEBUG_GCC49/AARCH64/MdePkg/Library/UefiRuntimeLib/UefiRuntimeLib/OUTPUT/UefiRuntimeLib.lib(RuntimeLib.obj)
                0x0000000000020070                mEfiGoneVirtual
 .bss.mEfiAtRuntime
                0x0000000000020071        0x1 /home/osboxes/fix_rttee_text/RT-TEE/edk2/Build/ArmVirtQemuKernel-AARCH64/DEBUG_GCC49/AARCH64/MdePkg/Library/UefiRuntimeLib/UefiRuntimeLib/OUTPUT/UefiRuntimeLib.lib(RuntimeLib.obj)
                0x0000000000020071                mEfiAtRuntime
 *fill*         0x0000000000020072        0x6 
 .bss.mInternalRT
                0x0000000000020078        0x8 /home/osboxes/fix_rttee_text/RT-TEE/edk2/Build/ArmVirtQemuKernel-AARCH64/DEBUG_GCC49/AARCH64/MdePkg/Library/UefiRuntimeLib/UefiRuntimeLib/OUTPUT/UefiRuntimeLib.lib(RuntimeLib.obj)
                0x0000000000020078                mInternalRT

.igot.plt       0x0000000000020080        0x0
 .igot.plt      0x0000000000020080        0x0 /home/osboxes/fix_rttee_text/RT-TEE/edk2/Build/ArmVirtQemuKernel-AARCH64/DEBUG_GCC49/AARCH64/MdePkg/Library/UefiDriverEntryPoint/UefiDriverEntryPoint/OUTPUT/UefiDriverEntryPoint.lib(DriverEntryPoint.obj)

.eh_frame
 *(.eh_frame)

.rela           0x0000000000020080        0x0
 *(.rela .rela.*)
 .rela.iplt     0x0000000000020080        0x0 /home/osboxes/fix_rttee_text/RT-TEE/edk2/Build/ArmVirtQemuKernel-AARCH64/DEBUG_GCC49/AARCH64/MdePkg/Library/UefiDriverEntryPoint/UefiDriverEntryPoint/OUTPUT/UefiDriverEntryPoint.lib(DriverEntryPoint.obj)

.hii
 *(.hii)

.build-id
 *(.note.gnu.build-id)

/DISCARD/
 *(.note.GNU-stack)
 *(.gnu_debuglink)
 *(.interp)
 *(.dynsym)
 *(.dynstr)
 *(.dynamic)
 *(.hash .gnu.hash)
 *(.comment)
 *(COMMON)
                0x0000000000000228                PECOFF_HEADER_SIZE = 0x228
OUTPUT(/home/osboxes/fix_rttee_text/RT-TEE/edk2/Build/ArmVirtQemuKernel-AARCH64/DEBUG_GCC49/AARCH64/MdeModulePkg/Universal/CapsuleRuntimeDxe/CapsuleRuntimeDxe/DEBUG/CapsuleRuntimeDxe.dll elf64-littleaarch64)

.debug_info     0x0000000000000000    0x172a8
 .debug_info    0x0000000000000000     0x1b62 /home/osboxes/fix_rttee_text/RT-TEE/edk2/Build/ArmVirtQemuKernel-AARCH64/DEBUG_GCC49/AARCH64/MdePkg/Library/UefiDriverEntryPoint/UefiDriverEntryPoint/OUTPUT/UefiDriverEntryPoint.lib(DriverEntryPoint.obj)
 .debug_info    0x0000000000001b62     0x1f1e /home/osboxes/fix_rttee_text/RT-TEE/edk2/Build/ArmVirtQemuKernel-AARCH64/DEBUG_GCC49/AARCH64/MdeModulePkg/Universal/CapsuleRuntimeDxe/CapsuleRuntimeDxe/OUTPUT/CapsuleRuntimeDxe.lib(AutoGen.obj)
 .debug_info    0x0000000000003a80     0x1cbb /home/osboxes/fix_rttee_text/RT-TEE/edk2/Build/ArmVirtQemuKernel-AARCH64/DEBUG_GCC49/AARCH64/MdeModulePkg/Universal/CapsuleRuntimeDxe/CapsuleRuntimeDxe/OUTPUT/CapsuleRuntimeDxe.lib(CapsuleService.obj)
 .debug_info    0x000000000000573b      0x3ed /home/osboxes/fix_rttee_text/RT-TEE/edk2/Build/ArmVirtQemuKernel-AARCH64/DEBUG_GCC49/AARCH64/MdeModulePkg/Universal/CapsuleRuntimeDxe/CapsuleRuntimeDxe/OUTPUT/CapsuleRuntimeDxe.lib(SaveLongModeContext.obj)
 .debug_info    0x0000000000005b28     0x1b4c /home/osboxes/fix_rttee_text/RT-TEE/edk2/Build/ArmVirtQemuKernel-AARCH64/DEBUG_GCC49/AARCH64/MdeModulePkg/Universal/CapsuleRuntimeDxe/CapsuleRuntimeDxe/OUTPUT/CapsuleRuntimeDxe.lib(CapsuleReset.obj)
 .debug_info    0x0000000000007674      0x33e /home/osboxes/fix_rttee_text/RT-TEE/edk2/Build/ArmVirtQemuKernel-AARCH64/DEBUG_GCC49/AARCH64/MdePkg/Library/BaseMemoryLibOptDxe/BaseMemoryLibOptDxe/OUTPUT/BaseMemoryLibOptDxe.lib(MemLibGuid.obj)
 .debug_info    0x00000000000079b2     0x1310 /home/osboxes/fix_rttee_text/RT-TEE/edk2/Build/ArmVirtQemuKernel-AARCH64/DEBUG_GCC49/AARCH64/MdePkg/Library/BaseLib/BaseLib/OUTPUT/BaseLib.lib(SafeString.obj)
 .debug_info    0x0000000000008cc2      0xa10 /home/osboxes/fix_rttee_text/RT-TEE/edk2/Build/ArmVirtQemuKernel-AARCH64/DEBUG_GCC49/AARCH64/MdePkg/Library/BaseLib/BaseLib/OUTPUT/BaseLib.lib(String.obj)
 .debug_info    0x00000000000096d2      0x635 /home/osboxes/fix_rttee_text/RT-TEE/edk2/Build/ArmVirtQemuKernel-AARCH64/DEBUG_GCC49/AARCH64/MdePkg/Library/BaseLib/BaseLib/OUTPUT/BaseLib.lib(Math64.obj)
 .debug_info    0x0000000000009d07     0x253b /home/osboxes/fix_rttee_text/RT-TEE/edk2/Build/ArmVirtQemuKernel-AARCH64/DEBUG_GCC49/AARCH64/ArmVirtPkg/Library/ArmVirtDxeHobLib/ArmVirtDxeHobLib/OUTPUT/ArmVirtDxeHobLib.lib(HobLib.obj)
 .debug_info    0x000000000000c242      0x5f8 /home/osboxes/fix_rttee_text/RT-TEE/edk2/Build/ArmVirtQemuKernel-AARCH64/DEBUG_GCC49/AARCH64/ArmVirtPkg/Library/FdtPL011SerialPortLib/FdtPL011SerialPortLib/OUTPUT/FdtPL011SerialPortLib.lib(FdtPL011SerialPortLib.obj)
 .debug_info    0x000000000000c83a      0x94d /home/osboxes/fix_rttee_text/RT-TEE/edk2/Build/ArmVirtQemuKernel-AARCH64/DEBUG_GCC49/AARCH64/MdePkg/Library/BasePrintLib/BasePrintLib/OUTPUT/BasePrintLib.lib(PrintLib.obj)
 .debug_info    0x000000000000d187      0x9c7 /home/osboxes/fix_rttee_text/RT-TEE/edk2/Build/ArmVirtQemuKernel-AARCH64/DEBUG_GCC49/AARCH64/MdePkg/Library/BasePrintLib/BasePrintLib/OUTPUT/BasePrintLib.lib(PrintLibInternal.obj)
 .debug_info    0x000000000000db4e     0x1cc8 /home/osboxes/fix_rttee_text/RT-TEE/edk2/Build/ArmVirtQemuKernel-AARCH64/DEBUG_GCC49/AARCH64/MdePkg/Library/DxeRuntimeDebugLibSerialPort/DxeRuntimeDebugLibSerialPort/OUTPUT/DxeRuntimeDebugLibSerialPort.lib(DebugLib.obj)
 .debug_info    0x000000000000f816     0x19d4 /home/osboxes/fix_rttee_text/RT-TEE/edk2/Build/ArmVirtQemuKernel-AARCH64/DEBUG_GCC49/AARCH64/MdePkg/Library/UefiBootServicesTableLib/UefiBootServicesTableLib/OUTPUT/UefiBootServicesTableLib.lib(UefiBootServicesTableLib.obj)
 .debug_info    0x00000000000111ea     0x1991 /home/osboxes/fix_rttee_text/RT-TEE/edk2/Build/ArmVirtQemuKernel-AARCH64/DEBUG_GCC49/AARCH64/MdePkg/Library/UefiRuntimeServicesTableLib/UefiRuntimeServicesTableLib/OUTPUT/UefiRuntimeServicesTableLib.lib(UefiRuntimeServicesTableLib.obj)
 .debug_info    0x0000000000012b7b      0x3d2 /home/osboxes/fix_rttee_text/RT-TEE/edk2/Build/ArmVirtQemuKernel-AARCH64/DEBUG_GCC49/AARCH64/MdeModulePkg/Library/DxeCapsuleLibNull/DxeCapsuleLibNull/OUTPUT/DxeCapsuleLibNull.lib(DxeCapsuleLibNull.obj)
 .debug_info    0x0000000000012f4d     0x212b /home/osboxes/fix_rttee_text/RT-TEE/edk2/Build/ArmVirtQemuKernel-AARCH64/DEBUG_GCC49/AARCH64/MdePkg/Library/UefiRuntimeLib/UefiRuntimeLib/OUTPUT/UefiRuntimeLib.lib(RuntimeLib.obj)
 .debug_info    0x0000000000015078      0x420 /home/osboxes/fix_rttee_text/RT-TEE/edk2/Build/ArmVirtQemuKernel-AARCH64/DEBUG_GCC49/AARCH64/ArmPkg/Library/ArmCacheMaintenanceLib/ArmCacheMaintenanceLib/OUTPUT/ArmCacheMaintenanceLib.lib(ArmCacheMaintenanceLib.obj)
 .debug_info    0x0000000000015498      0x2b2 /home/osboxes/fix_rttee_text/RT-TEE/edk2/Build/ArmVirtQemuKernel-AARCH64/DEBUG_GCC49/AARCH64/MdePkg/Library/BaseLib/BaseLib/OUTPUT/BaseLib.lib(DivU64x32Remainder.obj)
 .debug_info    0x000000000001574a      0x297 /home/osboxes/fix_rttee_text/RT-TEE/edk2/Build/ArmVirtQemuKernel-AARCH64/DEBUG_GCC49/AARCH64/MdePkg/Library/BaseLib/BaseLib/OUTPUT/BaseLib.lib(CpuDeadLoop.obj)
 .debug_info    0x00000000000159e1      0x4b5 /home/osboxes/fix_rttee_text/RT-TEE/edk2/Build/ArmVirtQemuKernel-AARCH64/DEBUG_GCC49/AARCH64/MdePkg/Library/BaseLib/BaseLib/OUTPUT/BaseLib.lib(Unaligned.obj)
 .debug_info    0x0000000000015e96      0x689 /home/osboxes/fix_rttee_text/RT-TEE/edk2/Build/ArmVirtQemuKernel-AARCH64/DEBUG_GCC49/AARCH64/ArmPlatformPkg/Library/PL011UartLib/PL011UartLib/OUTPUT/PL011UartLib.lib(PL011UartLib.obj)
 .debug_info    0x000000000001651f      0x272 /home/osboxes/fix_rttee_text/RT-TEE/edk2/Build/ArmVirtQemuKernel-AARCH64/DEBUG_GCC49/AARCH64/MdePkg/Library/BaseDebugPrintErrorLevelLib/BaseDebugPrintErrorLevelLib/OUTPUT/BaseDebugPrintErrorLevelLib.lib(BaseDebugPrintErrorLevelLib.obj)
 .debug_info    0x0000000000016791      0x36f /home/osboxes/fix_rttee_text/RT-TEE/edk2/Build/ArmVirtQemuKernel-AARCH64/DEBUG_GCC49/AARCH64/ArmPkg/Library/ArmLib/ArmBaseLib/OUTPUT/ArmBaseLib.lib(ArmLib.obj)
 .debug_info    0x0000000000016b00      0x7a8 /home/osboxes/fix_rttee_text/RT-TEE/edk2/Build/ArmVirtQemuKernel-AARCH64/DEBUG_GCC49/AARCH64/MdePkg/Library/BaseIoLibIntrinsic/BaseIoLibIntrinsicArmVirt/OUTPUT/BaseIoLibIntrinsicArmVirt.lib(IoLibArmVirt.obj)

.debug_abbrev   0x0000000000000000     0x28a0
 .debug_abbrev  0x0000000000000000      0x203 /home/osboxes/fix_rttee_text/RT-TEE/edk2/Build/ArmVirtQemuKernel-AARCH64/DEBUG_GCC49/AARCH64/MdePkg/Library/UefiDriverEntryPoint/UefiDriverEntryPoint/OUTPUT/UefiDriverEntryPoint.lib(DriverEntryPoint.obj)
 .debug_abbrev  0x0000000000000203      0x28e /home/osboxes/fix_rttee_text/RT-TEE/edk2/Build/ArmVirtQemuKernel-AARCH64/DEBUG_GCC49/AARCH64/MdeModulePkg/Universal/CapsuleRuntimeDxe/CapsuleRuntimeDxe/OUTPUT/CapsuleRuntimeDxe.lib(AutoGen.obj)
 .debug_abbrev  0x0000000000000491      0x241 /home/osboxes/fix_rttee_text/RT-TEE/edk2/Build/ArmVirtQemuKernel-AARCH64/DEBUG_GCC49/AARCH64/MdeModulePkg/Universal/CapsuleRuntimeDxe/CapsuleRuntimeDxe/OUTPUT/CapsuleRuntimeDxe.lib(CapsuleService.obj)
 .debug_abbrev  0x00000000000006d2       0xcf /home/osboxes/fix_rttee_text/RT-TEE/edk2/Build/ArmVirtQemuKernel-AARCH64/DEBUG_GCC49/AARCH64/MdeModulePkg/Universal/CapsuleRuntimeDxe/CapsuleRuntimeDxe/OUTPUT/CapsuleRuntimeDxe.lib(SaveLongModeContext.obj)
 .debug_abbrev  0x00000000000007a1      0x21f /home/osboxes/fix_rttee_text/RT-TEE/edk2/Build/ArmVirtQemuKernel-AARCH64/DEBUG_GCC49/AARCH64/MdeModulePkg/Universal/CapsuleRuntimeDxe/CapsuleRuntimeDxe/OUTPUT/CapsuleRuntimeDxe.lib(CapsuleReset.obj)
 .debug_abbrev  0x00000000000009c0       0xee /home/osboxes/fix_rttee_text/RT-TEE/edk2/Build/ArmVirtQemuKernel-AARCH64/DEBUG_GCC49/AARCH64/MdePkg/Library/BaseMemoryLibOptDxe/BaseMemoryLibOptDxe/OUTPUT/BaseMemoryLibOptDxe.lib(MemLibGuid.obj)
 .debug_abbrev  0x0000000000000aae      0x174 /home/osboxes/fix_rttee_text/RT-TEE/edk2/Build/ArmVirtQemuKernel-AARCH64/DEBUG_GCC49/AARCH64/MdePkg/Library/BaseLib/BaseLib/OUTPUT/BaseLib.lib(SafeString.obj)
 .debug_abbrev  0x0000000000000c22      0x16d /home/osboxes/fix_rttee_text/RT-TEE/edk2/Build/ArmVirtQemuKernel-AARCH64/DEBUG_GCC49/AARCH64/MdePkg/Library/BaseLib/BaseLib/OUTPUT/BaseLib.lib(String.obj)
 .debug_abbrev  0x0000000000000d8f      0x14b /home/osboxes/fix_rttee_text/RT-TEE/edk2/Build/ArmVirtQemuKernel-AARCH64/DEBUG_GCC49/AARCH64/MdePkg/Library/BaseLib/BaseLib/OUTPUT/BaseLib.lib(Math64.obj)
 .debug_abbrev  0x0000000000000eda      0x2a8 /home/osboxes/fix_rttee_text/RT-TEE/edk2/Build/ArmVirtQemuKernel-AARCH64/DEBUG_GCC49/AARCH64/ArmVirtPkg/Library/ArmVirtDxeHobLib/ArmVirtDxeHobLib/OUTPUT/ArmVirtDxeHobLib.lib(HobLib.obj)
 .debug_abbrev  0x0000000000001182      0x1c1 /home/osboxes/fix_rttee_text/RT-TEE/edk2/Build/ArmVirtQemuKernel-AARCH64/DEBUG_GCC49/AARCH64/ArmVirtPkg/Library/FdtPL011SerialPortLib/FdtPL011SerialPortLib/OUTPUT/FdtPL011SerialPortLib.lib(FdtPL011SerialPortLib.obj)
 .debug_abbrev  0x0000000000001343      0x179 /home/osboxes/fix_rttee_text/RT-TEE/edk2/Build/ArmVirtQemuKernel-AARCH64/DEBUG_GCC49/AARCH64/MdePkg/Library/BasePrintLib/BasePrintLib/OUTPUT/BasePrintLib.lib(PrintLib.obj)
 .debug_abbrev  0x00000000000014bc      0x1aa /home/osboxes/fix_rttee_text/RT-TEE/edk2/Build/ArmVirtQemuKernel-AARCH64/DEBUG_GCC49/AARCH64/MdePkg/Library/BasePrintLib/BasePrintLib/OUTPUT/BasePrintLib.lib(PrintLibInternal.obj)
 .debug_abbrev  0x0000000000001666      0x26f /home/osboxes/fix_rttee_text/RT-TEE/edk2/Build/ArmVirtQemuKernel-AARCH64/DEBUG_GCC49/AARCH64/MdePkg/Library/DxeRuntimeDebugLibSerialPort/DxeRuntimeDebugLibSerialPort/OUTPUT/DxeRuntimeDebugLibSerialPort.lib(DebugLib.obj)
 .debug_abbrev  0x00000000000018d5      0x1f0 /home/osboxes/fix_rttee_text/RT-TEE/edk2/Build/ArmVirtQemuKernel-AARCH64/DEBUG_GCC49/AARCH64/MdePkg/Library/UefiBootServicesTableLib/UefiBootServicesTableLib/OUTPUT/UefiBootServicesTableLib.lib(UefiBootServicesTableLib.obj)
 .debug_abbrev  0x0000000000001ac5      0x1d4 /home/osboxes/fix_rttee_text/RT-TEE/edk2/Build/ArmVirtQemuKernel-AARCH64/DEBUG_GCC49/AARCH64/MdePkg/Library/UefiRuntimeServicesTableLib/UefiRuntimeServicesTableLib/OUTPUT/UefiRuntimeServicesTableLib.lib(UefiRuntimeServicesTableLib.obj)
 .debug_abbrev  0x0000000000001c99      0x115 /home/osboxes/fix_rttee_text/RT-TEE/edk2/Build/ArmVirtQemuKernel-AARCH64/DEBUG_GCC49/AARCH64/MdeModulePkg/Library/DxeCapsuleLibNull/DxeCapsuleLibNull/OUTPUT/DxeCapsuleLibNull.lib(DxeCapsuleLibNull.obj)
 .debug_abbrev  0x0000000000001dae      0x28c /home/osboxes/fix_rttee_text/RT-TEE/edk2/Build/ArmVirtQemuKernel-AARCH64/DEBUG_GCC49/AARCH64/MdePkg/Library/UefiRuntimeLib/UefiRuntimeLib/OUTPUT/UefiRuntimeLib.lib(RuntimeLib.obj)
 .debug_abbrev  0x000000000000203a      0x124 /home/osboxes/fix_rttee_text/RT-TEE/edk2/Build/ArmVirtQemuKernel-AARCH64/DEBUG_GCC49/AARCH64/ArmPkg/Library/ArmCacheMaintenanceLib/ArmCacheMaintenanceLib/OUTPUT/ArmCacheMaintenanceLib.lib(ArmCacheMaintenanceLib.obj)
 .debug_abbrev  0x000000000000215e       0xd1 /home/osboxes/fix_rttee_text/RT-TEE/edk2/Build/ArmVirtQemuKernel-AARCH64/DEBUG_GCC49/AARCH64/MdePkg/Library/BaseLib/BaseLib/OUTPUT/BaseLib.lib(DivU64x32Remainder.obj)
 .debug_abbrev  0x000000000000222f       0xd4 /home/osboxes/fix_rttee_text/RT-TEE/edk2/Build/ArmVirtQemuKernel-AARCH64/DEBUG_GCC49/AARCH64/MdePkg/Library/BaseLib/BaseLib/OUTPUT/BaseLib.lib(CpuDeadLoop.obj)
 .debug_abbrev  0x0000000000002303       0xe9 /home/osboxes/fix_rttee_text/RT-TEE/edk2/Build/ArmVirtQemuKernel-AARCH64/DEBUG_GCC49/AARCH64/MdePkg/Library/BaseLib/BaseLib/OUTPUT/BaseLib.lib(Unaligned.obj)
 .debug_abbrev  0x00000000000023ec      0x151 /home/osboxes/fix_rttee_text/RT-TEE/edk2/Build/ArmVirtQemuKernel-AARCH64/DEBUG_GCC49/AARCH64/ArmPlatformPkg/Library/PL011UartLib/PL011UartLib/OUTPUT/PL011UartLib.lib(PL011UartLib.obj)
 .debug_abbrev  0x000000000000253d       0xed /home/osboxes/fix_rttee_text/RT-TEE/edk2/Build/ArmVirtQemuKernel-AARCH64/DEBUG_GCC49/AARCH64/MdePkg/Library/BaseDebugPrintErrorLevelLib/BaseDebugPrintErrorLevelLib/OUTPUT/BaseDebugPrintErrorLevelLib.lib(BaseDebugPrintErrorLevelLib.obj)
 .debug_abbrev  0x000000000000262a      0x13e /home/osboxes/fix_rttee_text/RT-TEE/edk2/Build/ArmVirtQemuKernel-AARCH64/DEBUG_GCC49/AARCH64/ArmPkg/Library/ArmLib/ArmBaseLib/OUTPUT/ArmBaseLib.lib(ArmLib.obj)
 .debug_abbrev  0x0000000000002768      0x138 /home/osboxes/fix_rttee_text/RT-TEE/edk2/Build/ArmVirtQemuKernel-AARCH64/DEBUG_GCC49/AARCH64/MdePkg/Library/BaseIoLibIntrinsic/BaseIoLibIntrinsicArmVirt/OUTPUT/BaseIoLibIntrinsicArmVirt.lib(IoLibArmVirt.obj)

.debug_aranges  0x0000000000000000     0x1220
 .debug_aranges
                0x0000000000000000       0x50 /home/osboxes/fix_rttee_text/RT-TEE/edk2/Build/ArmVirtQemuKernel-AARCH64/DEBUG_GCC49/AARCH64/MdePkg/Library/UefiDriverEntryPoint/UefiDriverEntryPoint/OUTPUT/UefiDriverEntryPoint.lib(DriverEntryPoint.obj)
 .debug_aranges
                0x0000000000000050       0x70 /home/osboxes/fix_rttee_text/RT-TEE/edk2/Build/ArmVirtQemuKernel-AARCH64/DEBUG_GCC49/AARCH64/MdeModulePkg/Universal/CapsuleRuntimeDxe/CapsuleRuntimeDxe/OUTPUT/CapsuleRuntimeDxe.lib(AutoGen.obj)
 .debug_aranges
                0x00000000000000c0       0x50 /home/osboxes/fix_rttee_text/RT-TEE/edk2/Build/ArmVirtQemuKernel-AARCH64/DEBUG_GCC49/AARCH64/MdeModulePkg/Universal/CapsuleRuntimeDxe/CapsuleRuntimeDxe/OUTPUT/CapsuleRuntimeDxe.lib(CapsuleService.obj)
 .debug_aranges
                0x0000000000000110       0x30 /home/osboxes/fix_rttee_text/RT-TEE/edk2/Build/ArmVirtQemuKernel-AARCH64/DEBUG_GCC49/AARCH64/MdeModulePkg/Universal/CapsuleRuntimeDxe/CapsuleRuntimeDxe/OUTPUT/CapsuleRuntimeDxe.lib(SaveLongModeContext.obj)
 .debug_aranges
                0x0000000000000140       0x40 /home/osboxes/fix_rttee_text/RT-TEE/edk2/Build/ArmVirtQemuKernel-AARCH64/DEBUG_GCC49/AARCH64/MdeModulePkg/Universal/CapsuleRuntimeDxe/CapsuleRuntimeDxe/OUTPUT/CapsuleRuntimeDxe.lib(CapsuleReset.obj)
 .debug_aranges
                0x0000000000000180       0x60 /home/osboxes/fix_rttee_text/RT-TEE/edk2/Build/ArmVirtQemuKernel-AARCH64/DEBUG_GCC49/AARCH64/MdePkg/Library/BaseMemoryLibOptDxe/BaseMemoryLibOptDxe/OUTPUT/BaseMemoryLibOptDxe.lib(MemLibGuid.obj)
 .debug_aranges
                0x00000000000001e0      0x250 /home/osboxes/fix_rttee_text/RT-TEE/edk2/Build/ArmVirtQemuKernel-AARCH64/DEBUG_GCC49/AARCH64/MdePkg/Library/BaseLib/BaseLib/OUTPUT/BaseLib.lib(SafeString.obj)
 .debug_aranges
                0x0000000000000430      0x1f0 /home/osboxes/fix_rttee_text/RT-TEE/edk2/Build/ArmVirtQemuKernel-AARCH64/DEBUG_GCC49/AARCH64/MdePkg/Library/BaseLib/BaseLib/OUTPUT/BaseLib.lib(String.obj)
 .debug_aranges
                0x0000000000000620       0xf0 /home/osboxes/fix_rttee_text/RT-TEE/edk2/Build/ArmVirtQemuKernel-AARCH64/DEBUG_GCC49/AARCH64/MdePkg/Library/BaseLib/BaseLib/OUTPUT/BaseLib.lib(Math64.obj)
 .debug_aranges
                0x0000000000000710      0x150 /home/osboxes/fix_rttee_text/RT-TEE/edk2/Build/ArmVirtQemuKernel-AARCH64/DEBUG_GCC49/AARCH64/ArmVirtPkg/Library/ArmVirtDxeHobLib/ArmVirtDxeHobLib/OUTPUT/ArmVirtDxeHobLib.lib(HobLib.obj)
 .debug_aranges
                0x0000000000000860       0xa0 /home/osboxes/fix_rttee_text/RT-TEE/edk2/Build/ArmVirtQemuKernel-AARCH64/DEBUG_GCC49/AARCH64/ArmVirtPkg/Library/FdtPL011SerialPortLib/FdtPL011SerialPortLib/OUTPUT/FdtPL011SerialPortLib.lib(FdtPL011SerialPortLib.obj)
 .debug_aranges
                0x0000000000000900      0x120 /home/osboxes/fix_rttee_text/RT-TEE/edk2/Build/ArmVirtQemuKernel-AARCH64/DEBUG_GCC49/AARCH64/MdePkg/Library/BasePrintLib/BasePrintLib/OUTPUT/BasePrintLib.lib(PrintLib.obj)
 .debug_aranges
                0x0000000000000a20       0x80 /home/osboxes/fix_rttee_text/RT-TEE/edk2/Build/ArmVirtQemuKernel-AARCH64/DEBUG_GCC49/AARCH64/MdePkg/Library/BasePrintLib/BasePrintLib/OUTPUT/BasePrintLib.lib(PrintLibInternal.obj)
 .debug_aranges
                0x0000000000000aa0       0xd0 /home/osboxes/fix_rttee_text/RT-TEE/edk2/Build/ArmVirtQemuKernel-AARCH64/DEBUG_GCC49/AARCH64/MdePkg/Library/DxeRuntimeDebugLibSerialPort/DxeRuntimeDebugLibSerialPort/OUTPUT/DxeRuntimeDebugLibSerialPort.lib(DebugLib.obj)
 .debug_aranges
                0x0000000000000b70       0x30 /home/osboxes/fix_rttee_text/RT-TEE/edk2/Build/ArmVirtQemuKernel-AARCH64/DEBUG_GCC49/AARCH64/MdePkg/Library/UefiBootServicesTableLib/UefiBootServicesTableLib/OUTPUT/UefiBootServicesTableLib.lib(UefiBootServicesTableLib.obj)
 .debug_aranges
                0x0000000000000ba0       0x30 /home/osboxes/fix_rttee_text/RT-TEE/edk2/Build/ArmVirtQemuKernel-AARCH64/DEBUG_GCC49/AARCH64/MdePkg/Library/UefiRuntimeServicesTableLib/UefiRuntimeServicesTableLib/OUTPUT/UefiRuntimeServicesTableLib.lib(UefiRuntimeServicesTableLib.obj)
 .debug_aranges
                0x0000000000000bd0       0x50 /home/osboxes/fix_rttee_text/RT-TEE/edk2/Build/ArmVirtQemuKernel-AARCH64/DEBUG_GCC49/AARCH64/MdeModulePkg/Library/DxeCapsuleLibNull/DxeCapsuleLibNull/OUTPUT/DxeCapsuleLibNull.lib(DxeCapsuleLibNull.obj)
 .debug_aranges
                0x0000000000000c20      0x180 /home/osboxes/fix_rttee_text/RT-TEE/edk2/Build/ArmVirtQemuKernel-AARCH64/DEBUG_GCC49/AARCH64/MdePkg/Library/UefiRuntimeLib/UefiRuntimeLib/OUTPUT/UefiRuntimeLib.lib(RuntimeLib.obj)
 .debug_aranges
                0x0000000000000da0       0xb0 /home/osboxes/fix_rttee_text/RT-TEE/edk2/Build/ArmVirtQemuKernel-AARCH64/DEBUG_GCC49/AARCH64/ArmPkg/Library/ArmCacheMaintenanceLib/ArmCacheMaintenanceLib/OUTPUT/ArmCacheMaintenanceLib.lib(ArmCacheMaintenanceLib.obj)
 .debug_aranges
                0x0000000000000e50       0x30 /home/osboxes/fix_rttee_text/RT-TEE/edk2/Build/ArmVirtQemuKernel-AARCH64/DEBUG_GCC49/AARCH64/MdePkg/Library/BaseLib/BaseLib/OUTPUT/BaseLib.lib(DivU64x32Remainder.obj)
 .debug_aranges
                0x0000000000000e80       0x30 /home/osboxes/fix_rttee_text/RT-TEE/edk2/Build/ArmVirtQemuKernel-AARCH64/DEBUG_GCC49/AARCH64/MdePkg/Library/BaseLib/BaseLib/OUTPUT/BaseLib.lib(CpuDeadLoop.obj)
 .debug_aranges
                0x0000000000000eb0       0xa0 /home/osboxes/fix_rttee_text/RT-TEE/edk2/Build/ArmVirtQemuKernel-AARCH64/DEBUG_GCC49/AARCH64/MdePkg/Library/BaseLib/BaseLib/OUTPUT/BaseLib.lib(Unaligned.obj)
 .debug_aranges
                0x0000000000000f50       0x80 /home/osboxes/fix_rttee_text/RT-TEE/edk2/Build/ArmVirtQemuKernel-AARCH64/DEBUG_GCC49/AARCH64/ArmPlatformPkg/Library/PL011UartLib/PL011UartLib/OUTPUT/PL011UartLib.lib(PL011UartLib.obj)
 .debug_aranges
                0x0000000000000fd0       0x40 /home/osboxes/fix_rttee_text/RT-TEE/edk2/Build/ArmVirtQemuKernel-AARCH64/DEBUG_GCC49/AARCH64/MdePkg/Library/BaseDebugPrintErrorLevelLib/BaseDebugPrintErrorLevelLib/OUTPUT/BaseDebugPrintErrorLevelLib.lib(BaseDebugPrintErrorLevelLib.obj)
 .debug_aranges
                0x0000000000001010       0x90 /home/osboxes/fix_rttee_text/RT-TEE/edk2/Build/ArmVirtQemuKernel-AARCH64/DEBUG_GCC49/AARCH64/ArmPkg/Library/ArmLib/ArmBaseLib/OUTPUT/ArmBaseLib.lib(ArmLib.obj)
 .debug_aranges
                0x00000000000010a0      0x180 /home/osboxes/fix_rttee_text/RT-TEE/edk2/Build/ArmVirtQemuKernel-AARCH64/DEBUG_GCC49/AARCH64/MdePkg/Library/BaseIoLibIntrinsic/BaseIoLibIntrinsicArmVirt/OUTPUT/BaseIoLibIntrinsicArmVirt.lib(IoLibArmVirt.obj)

.debug_ranges   0x0000000000000000     0x1080
 .debug_ranges  0x0000000000000000       0x40 /home/osboxes/fix_rttee_text/RT-TEE/edk2/Build/ArmVirtQemuKernel-AARCH64/DEBUG_GCC49/AARCH64/MdePkg/Library/UefiDriverEntryPoint/UefiDriverEntryPoint/OUTPUT/UefiDriverEntryPoint.lib(DriverEntryPoint.obj)
 .debug_ranges  0x0000000000000040       0x60 /home/osboxes/fix_rttee_text/RT-TEE/edk2/Build/ArmVirtQemuKernel-AARCH64/DEBUG_GCC49/AARCH64/MdeModulePkg/Universal/CapsuleRuntimeDxe/CapsuleRuntimeDxe/OUTPUT/CapsuleRuntimeDxe.lib(AutoGen.obj)
 .debug_ranges  0x00000000000000a0       0x40 /home/osboxes/fix_rttee_text/RT-TEE/edk2/Build/ArmVirtQemuKernel-AARCH64/DEBUG_GCC49/AARCH64/MdeModulePkg/Universal/CapsuleRuntimeDxe/CapsuleRuntimeDxe/OUTPUT/CapsuleRuntimeDxe.lib(CapsuleService.obj)
 .debug_ranges  0x00000000000000e0       0x20 /home/osboxes/fix_rttee_text/RT-TEE/edk2/Build/ArmVirtQemuKernel-AARCH64/DEBUG_GCC49/AARCH64/MdeModulePkg/Universal/CapsuleRuntimeDxe/CapsuleRuntimeDxe/OUTPUT/CapsuleRuntimeDxe.lib(SaveLongModeContext.obj)
 .debug_ranges  0x0000000000000100       0x30 /home/osboxes/fix_rttee_text/RT-TEE/edk2/Build/ArmVirtQemuKernel-AARCH64/DEBUG_GCC49/AARCH64/MdeModulePkg/Universal/CapsuleRuntimeDxe/CapsuleRuntimeDxe/OUTPUT/CapsuleRuntimeDxe.lib(CapsuleReset.obj)
 .debug_ranges  0x0000000000000130       0x50 /home/osboxes/fix_rttee_text/RT-TEE/edk2/Build/ArmVirtQemuKernel-AARCH64/DEBUG_GCC49/AARCH64/MdePkg/Library/BaseMemoryLibOptDxe/BaseMemoryLibOptDxe/OUTPUT/BaseMemoryLibOptDxe.lib(MemLibGuid.obj)
 .debug_ranges  0x0000000000000180      0x240 /home/osboxes/fix_rttee_text/RT-TEE/edk2/Build/ArmVirtQemuKernel-AARCH64/DEBUG_GCC49/AARCH64/MdePkg/Library/BaseLib/BaseLib/OUTPUT/BaseLib.lib(SafeString.obj)
 .debug_ranges  0x00000000000003c0      0x1e0 /home/osboxes/fix_rttee_text/RT-TEE/edk2/Build/ArmVirtQemuKernel-AARCH64/DEBUG_GCC49/AARCH64/MdePkg/Library/BaseLib/BaseLib/OUTPUT/BaseLib.lib(String.obj)
 .debug_ranges  0x00000000000005a0       0xe0 /home/osboxes/fix_rttee_text/RT-TEE/edk2/Build/ArmVirtQemuKernel-AARCH64/DEBUG_GCC49/AARCH64/MdePkg/Library/BaseLib/BaseLib/OUTPUT/BaseLib.lib(Math64.obj)
 .debug_ranges  0x0000000000000680      0x140 /home/osboxes/fix_rttee_text/RT-TEE/edk2/Build/ArmVirtQemuKernel-AARCH64/DEBUG_GCC49/AARCH64/ArmVirtPkg/Library/ArmVirtDxeHobLib/ArmVirtDxeHobLib/OUTPUT/ArmVirtDxeHobLib.lib(HobLib.obj)
 .debug_ranges  0x00000000000007c0       0x90 /home/osboxes/fix_rttee_text/RT-TEE/edk2/Build/ArmVirtQemuKernel-AARCH64/DEBUG_GCC49/AARCH64/ArmVirtPkg/Library/FdtPL011SerialPortLib/FdtPL011SerialPortLib/OUTPUT/FdtPL011SerialPortLib.lib(FdtPL011SerialPortLib.obj)
 .debug_ranges  0x0000000000000850      0x110 /home/osboxes/fix_rttee_text/RT-TEE/edk2/Build/ArmVirtQemuKernel-AARCH64/DEBUG_GCC49/AARCH64/MdePkg/Library/BasePrintLib/BasePrintLib/OUTPUT/BasePrintLib.lib(PrintLib.obj)
 .debug_ranges  0x0000000000000960       0x70 /home/osboxes/fix_rttee_text/RT-TEE/edk2/Build/ArmVirtQemuKernel-AARCH64/DEBUG_GCC49/AARCH64/MdePkg/Library/BasePrintLib/BasePrintLib/OUTPUT/BasePrintLib.lib(PrintLibInternal.obj)
 .debug_ranges  0x00000000000009d0       0xc0 /home/osboxes/fix_rttee_text/RT-TEE/edk2/Build/ArmVirtQemuKernel-AARCH64/DEBUG_GCC49/AARCH64/MdePkg/Library/DxeRuntimeDebugLibSerialPort/DxeRuntimeDebugLibSerialPort/OUTPUT/DxeRuntimeDebugLibSerialPort.lib(DebugLib.obj)
 .debug_ranges  0x0000000000000a90       0x20 /home/osboxes/fix_rttee_text/RT-TEE/edk2/Build/ArmVirtQemuKernel-AARCH64/DEBUG_GCC49/AARCH64/MdePkg/Library/UefiBootServicesTableLib/UefiBootServicesTableLib/OUTPUT/UefiBootServicesTableLib.lib(UefiBootServicesTableLib.obj)
 .debug_ranges  0x0000000000000ab0       0x20 /home/osboxes/fix_rttee_text/RT-TEE/edk2/Build/ArmVirtQemuKernel-AARCH64/DEBUG_GCC49/AARCH64/MdePkg/Library/UefiRuntimeServicesTableLib/UefiRuntimeServicesTableLib/OUTPUT/UefiRuntimeServicesTableLib.lib(UefiRuntimeServicesTableLib.obj)
 .debug_ranges  0x0000000000000ad0       0x40 /home/osboxes/fix_rttee_text/RT-TEE/edk2/Build/ArmVirtQemuKernel-AARCH64/DEBUG_GCC49/AARCH64/MdeModulePkg/Library/DxeCapsuleLibNull/DxeCapsuleLibNull/OUTPUT/DxeCapsuleLibNull.lib(DxeCapsuleLibNull.obj)
 .debug_ranges  0x0000000000000b10      0x170 /home/osboxes/fix_rttee_text/RT-TEE/edk2/Build/ArmVirtQemuKernel-AARCH64/DEBUG_GCC49/AARCH64/MdePkg/Library/UefiRuntimeLib/UefiRuntimeLib/OUTPUT/UefiRuntimeLib.lib(RuntimeLib.obj)
 .debug_ranges  0x0000000000000c80       0xa0 /home/osboxes/fix_rttee_text/RT-TEE/edk2/Build/ArmVirtQemuKernel-AARCH64/DEBUG_GCC49/AARCH64/ArmPkg/Library/ArmCacheMaintenanceLib/ArmCacheMaintenanceLib/OUTPUT/ArmCacheMaintenanceLib.lib(ArmCacheMaintenanceLib.obj)
 .debug_ranges  0x0000000000000d20       0x20 /home/osboxes/fix_rttee_text/RT-TEE/edk2/Build/ArmVirtQemuKernel-AARCH64/DEBUG_GCC49/AARCH64/MdePkg/Library/BaseLib/BaseLib/OUTPUT/BaseLib.lib(DivU64x32Remainder.obj)
 .debug_ranges  0x0000000000000d40       0x20 /home/osboxes/fix_rttee_text/RT-TEE/edk2/Build/ArmVirtQemuKernel-AARCH64/DEBUG_GCC49/AARCH64/MdePkg/Library/BaseLib/BaseLib/OUTPUT/BaseLib.lib(CpuDeadLoop.obj)
 .debug_ranges  0x0000000000000d60       0x90 /home/osboxes/fix_rttee_text/RT-TEE/edk2/Build/ArmVirtQemuKernel-AARCH64/DEBUG_GCC49/AARCH64/MdePkg/Library/BaseLib/BaseLib/OUTPUT/BaseLib.lib(Unaligned.obj)
 .debug_ranges  0x0000000000000df0       0x70 /home/osboxes/fix_rttee_text/RT-TEE/edk2/Build/ArmVirtQemuKernel-AARCH64/DEBUG_GCC49/AARCH64/ArmPlatformPkg/Library/PL011UartLib/PL011UartLib/OUTPUT/PL011UartLib.lib(PL011UartLib.obj)
 .debug_ranges  0x0000000000000e60       0x30 /home/osboxes/fix_rttee_text/RT-TEE/edk2/Build/ArmVirtQemuKernel-AARCH64/DEBUG_GCC49/AARCH64/MdePkg/Library/BaseDebugPrintErrorLevelLib/BaseDebugPrintErrorLevelLib/OUTPUT/BaseDebugPrintErrorLevelLib.lib(BaseDebugPrintErrorLevelLib.obj)
 .debug_ranges  0x0000000000000e90       0x80 /home/osboxes/fix_rttee_text/RT-TEE/edk2/Build/ArmVirtQemuKernel-AARCH64/DEBUG_GCC49/AARCH64/ArmPkg/Library/ArmLib/ArmBaseLib/OUTPUT/ArmBaseLib.lib(ArmLib.obj)
 .debug_ranges  0x0000000000000f10      0x170 /home/osboxes/fix_rttee_text/RT-TEE/edk2/Build/ArmVirtQemuKernel-AARCH64/DEBUG_GCC49/AARCH64/MdePkg/Library/BaseIoLibIntrinsic/BaseIoLibIntrinsicArmVirt/OUTPUT/BaseIoLibIntrinsicArmVirt.lib(IoLibArmVirt.obj)

.debug_line     0x0000000000000000     0x94ee
 .debug_line    0x0000000000000000      0x46d /home/osboxes/fix_rttee_text/RT-TEE/edk2/Build/ArmVirtQemuKernel-AARCH64/DEBUG_GCC49/AARCH64/MdePkg/Library/UefiDriverEntryPoint/UefiDriverEntryPoint/OUTPUT/UefiDriverEntryPoint.lib(DriverEntryPoint.obj)
 .debug_line    0x000000000000046d      0x500 /home/osboxes/fix_rttee_text/RT-TEE/edk2/Build/ArmVirtQemuKernel-AARCH64/DEBUG_GCC49/AARCH64/MdeModulePkg/Universal/CapsuleRuntimeDxe/CapsuleRuntimeDxe/OUTPUT/CapsuleRuntimeDxe.lib(AutoGen.obj)
 .debug_line    0x000000000000096d      0x635 /home/osboxes/fix_rttee_text/RT-TEE/edk2/Build/ArmVirtQemuKernel-AARCH64/DEBUG_GCC49/AARCH64/MdeModulePkg/Universal/CapsuleRuntimeDxe/CapsuleRuntimeDxe/OUTPUT/CapsuleRuntimeDxe.lib(CapsuleService.obj)
 .debug_line    0x0000000000000fa2      0x340 /home/osboxes/fix_rttee_text/RT-TEE/edk2/Build/ArmVirtQemuKernel-AARCH64/DEBUG_GCC49/AARCH64/MdeModulePkg/Universal/CapsuleRuntimeDxe/CapsuleRuntimeDxe/OUTPUT/CapsuleRuntimeDxe.lib(SaveLongModeContext.obj)
 .debug_line    0x00000000000012e2      0x473 /home/osboxes/fix_rttee_text/RT-TEE/edk2/Build/ArmVirtQemuKernel-AARCH64/DEBUG_GCC49/AARCH64/MdeModulePkg/Universal/CapsuleRuntimeDxe/CapsuleRuntimeDxe/OUTPUT/CapsuleRuntimeDxe.lib(CapsuleReset.obj)
 .debug_line    0x0000000000001755      0x2b1 /home/osboxes/fix_rttee_text/RT-TEE/edk2/Build/ArmVirtQemuKernel-AARCH64/DEBUG_GCC49/AARCH64/MdePkg/Library/BaseMemoryLibOptDxe/BaseMemoryLibOptDxe/OUTPUT/BaseMemoryLibOptDxe.lib(MemLibGuid.obj)
 .debug_line    0x0000000000001a06     0x1ffc /home/osboxes/fix_rttee_text/RT-TEE/edk2/Build/ArmVirtQemuKernel-AARCH64/DEBUG_GCC49/AARCH64/MdePkg/Library/BaseLib/BaseLib/OUTPUT/BaseLib.lib(SafeString.obj)
 .debug_line    0x0000000000003a02      0x8e4 /home/osboxes/fix_rttee_text/RT-TEE/edk2/Build/ArmVirtQemuKernel-AARCH64/DEBUG_GCC49/AARCH64/MdePkg/Library/BaseLib/BaseLib/OUTPUT/BaseLib.lib(String.obj)
 .debug_line    0x00000000000042e6      0x354 /home/osboxes/fix_rttee_text/RT-TEE/edk2/Build/ArmVirtQemuKernel-AARCH64/DEBUG_GCC49/AARCH64/MdePkg/Library/BaseLib/BaseLib/OUTPUT/BaseLib.lib(Math64.obj)
 .debug_line    0x000000000000463a      0x6f2 /home/osboxes/fix_rttee_text/RT-TEE/edk2/Build/ArmVirtQemuKernel-AARCH64/DEBUG_GCC49/AARCH64/ArmVirtPkg/Library/ArmVirtDxeHobLib/ArmVirtDxeHobLib/OUTPUT/ArmVirtDxeHobLib.lib(HobLib.obj)
 .debug_line    0x0000000000004d2c      0x46f /home/osboxes/fix_rttee_text/RT-TEE/edk2/Build/ArmVirtQemuKernel-AARCH64/DEBUG_GCC49/AARCH64/ArmVirtPkg/Library/FdtPL011SerialPortLib/FdtPL011SerialPortLib/OUTPUT/FdtPL011SerialPortLib.lib(FdtPL011SerialPortLib.obj)
 .debug_line    0x000000000000519b      0x41c /home/osboxes/fix_rttee_text/RT-TEE/edk2/Build/ArmVirtQemuKernel-AARCH64/DEBUG_GCC49/AARCH64/MdePkg/Library/BasePrintLib/BasePrintLib/OUTPUT/BasePrintLib.lib(PrintLib.obj)
 .debug_line    0x00000000000055b7      0xe4f /home/osboxes/fix_rttee_text/RT-TEE/edk2/Build/ArmVirtQemuKernel-AARCH64/DEBUG_GCC49/AARCH64/MdePkg/Library/BasePrintLib/BasePrintLib/OUTPUT/BasePrintLib.lib(PrintLibInternal.obj)
 .debug_line    0x0000000000006406      0x520 /home/osboxes/fix_rttee_text/RT-TEE/edk2/Build/ArmVirtQemuKernel-AARCH64/DEBUG_GCC49/AARCH64/MdePkg/Library/DxeRuntimeDebugLibSerialPort/DxeRuntimeDebugLibSerialPort/OUTPUT/DxeRuntimeDebugLibSerialPort.lib(DebugLib.obj)
 .debug_line    0x0000000000006926      0x3f6 /home/osboxes/fix_rttee_text/RT-TEE/edk2/Build/ArmVirtQemuKernel-AARCH64/DEBUG_GCC49/AARCH64/MdePkg/Library/UefiBootServicesTableLib/UefiBootServicesTableLib/OUTPUT/UefiBootServicesTableLib.lib(UefiBootServicesTableLib.obj)
 .debug_line    0x0000000000006d1c      0x380 /home/osboxes/fix_rttee_text/RT-TEE/edk2/Build/ArmVirtQemuKernel-AARCH64/DEBUG_GCC49/AARCH64/MdePkg/Library/UefiRuntimeServicesTableLib/UefiRuntimeServicesTableLib/OUTPUT/UefiRuntimeServicesTableLib.lib(UefiRuntimeServicesTableLib.obj)
 .debug_line    0x000000000000709c      0x384 /home/osboxes/fix_rttee_text/RT-TEE/edk2/Build/ArmVirtQemuKernel-AARCH64/DEBUG_GCC49/AARCH64/MdeModulePkg/Library/DxeCapsuleLibNull/DxeCapsuleLibNull/OUTPUT/DxeCapsuleLibNull.lib(DxeCapsuleLibNull.obj)
 .debug_line    0x0000000000007420      0x74f /home/osboxes/fix_rttee_text/RT-TEE/edk2/Build/ArmVirtQemuKernel-AARCH64/DEBUG_GCC49/AARCH64/MdePkg/Library/UefiRuntimeLib/UefiRuntimeLib/OUTPUT/UefiRuntimeLib.lib(RuntimeLib.obj)
 .debug_line    0x0000000000007b6f      0x355 /home/osboxes/fix_rttee_text/RT-TEE/edk2/Build/ArmVirtQemuKernel-AARCH64/DEBUG_GCC49/AARCH64/ArmPkg/Library/ArmCacheMaintenanceLib/ArmCacheMaintenanceLib/OUTPUT/ArmCacheMaintenanceLib.lib(ArmCacheMaintenanceLib.obj)
 .debug_line    0x0000000000007ec4      0x1c3 /home/osboxes/fix_rttee_text/RT-TEE/edk2/Build/ArmVirtQemuKernel-AARCH64/DEBUG_GCC49/AARCH64/MdePkg/Library/BaseLib/BaseLib/OUTPUT/BaseLib.lib(DivU64x32Remainder.obj)
 .debug_line    0x0000000000008087      0x1be /home/osboxes/fix_rttee_text/RT-TEE/edk2/Build/ArmVirtQemuKernel-AARCH64/DEBUG_GCC49/AARCH64/MdePkg/Library/BaseLib/BaseLib/OUTPUT/BaseLib.lib(CpuDeadLoop.obj)
 .debug_line    0x0000000000008245      0x349 /home/osboxes/fix_rttee_text/RT-TEE/edk2/Build/ArmVirtQemuKernel-AARCH64/DEBUG_GCC49/AARCH64/MdePkg/Library/BaseLib/BaseLib/OUTPUT/BaseLib.lib(Unaligned.obj)
 .debug_line    0x000000000000858e      0x5c6 /home/osboxes/fix_rttee_text/RT-TEE/edk2/Build/ArmVirtQemuKernel-AARCH64/DEBUG_GCC49/AARCH64/ArmPlatformPkg/Library/PL011UartLib/PL011UartLib/OUTPUT/PL011UartLib.lib(PL011UartLib.obj)
 .debug_line    0x0000000000008b54      0x214 /home/osboxes/fix_rttee_text/RT-TEE/edk2/Build/ArmVirtQemuKernel-AARCH64/DEBUG_GCC49/AARCH64/MdePkg/Library/BaseDebugPrintErrorLevelLib/BaseDebugPrintErrorLevelLib/OUTPUT/BaseDebugPrintErrorLevelLib.lib(BaseDebugPrintErrorLevelLib.obj)
 .debug_line    0x0000000000008d68      0x289 /home/osboxes/fix_rttee_text/RT-TEE/edk2/Build/ArmVirtQemuKernel-AARCH64/DEBUG_GCC49/AARCH64/ArmPkg/Library/ArmLib/ArmBaseLib/OUTPUT/ArmBaseLib.lib(ArmLib.obj)
 .debug_line    0x0000000000008ff1      0x4fd /home/osboxes/fix_rttee_text/RT-TEE/edk2/Build/ArmVirtQemuKernel-AARCH64/DEBUG_GCC49/AARCH64/MdePkg/Library/BaseIoLibIntrinsic/BaseIoLibIntrinsicArmVirt/OUTPUT/BaseIoLibIntrinsicArmVirt.lib(IoLibArmVirt.obj)

.debug_str      0x0000000000000000     0x4b44
 .debug_str     0x0000000000000000     0x158f /home/osboxes/fix_rttee_text/RT-TEE/edk2/Build/ArmVirtQemuKernel-AARCH64/DEBUG_GCC49/AARCH64/MdePkg/Library/UefiDriverEntryPoint/UefiDriverEntryPoint/OUTPUT/UefiDriverEntryPoint.lib(DriverEntryPoint.obj)
                                       0x17c6 (size before relaxing)
 .debug_str     0x000000000000158f      0x6a2 /home/osboxes/fix_rttee_text/RT-TEE/edk2/Build/ArmVirtQemuKernel-AARCH64/DEBUG_GCC49/AARCH64/MdeModulePkg/Universal/CapsuleRuntimeDxe/CapsuleRuntimeDxe/OUTPUT/CapsuleRuntimeDxe.lib(AutoGen.obj)
                                       0x1c81 (size before relaxing)
 .debug_str     0x0000000000001c31      0x15c /home/osboxes/fix_rttee_text/RT-TEE/edk2/Build/ArmVirtQemuKernel-AARCH64/DEBUG_GCC49/AARCH64/MdeModulePkg/Universal/CapsuleRuntimeDxe/CapsuleRuntimeDxe/OUTPUT/CapsuleRuntimeDxe.lib(CapsuleService.obj)
                                       0x19f0 (size before relaxing)
 .debug_str     0x0000000000001d8d       0x7c /home/osboxes/fix_rttee_text/RT-TEE/edk2/Build/ArmVirtQemuKernel-AARCH64/DEBUG_GCC49/AARCH64/MdeModulePkg/Universal/CapsuleRuntimeDxe/CapsuleRuntimeDxe/OUTPUT/CapsuleRuntimeDxe.lib(SaveLongModeContext.obj)
                                        0x82d (size before relaxing)
 .debug_str     0x0000000000001e09       0xe6 /home/osboxes/fix_rttee_text/RT-TEE/edk2/Build/ArmVirtQemuKernel-AARCH64/DEBUG_GCC49/AARCH64/MdeModulePkg/Universal/CapsuleRuntimeDxe/CapsuleRuntimeDxe/OUTPUT/CapsuleRuntimeDxe.lib(CapsuleReset.obj)
                                       0x1962 (size before relaxing)
 .debug_str     0x0000000000001eef      0x284 /home/osboxes/fix_rttee_text/RT-TEE/edk2/Build/ArmVirtQemuKernel-AARCH64/DEBUG_GCC49/AARCH64/MdePkg/Library/BaseMemoryLibOptDxe/BaseMemoryLibOptDxe/OUTPUT/BaseMemoryLibOptDxe.lib(MemLibGuid.obj)
                                        0x4e3 (size before relaxing)
 .debug_str     0x0000000000002173      0x377 /home/osboxes/fix_rttee_text/RT-TEE/edk2/Build/ArmVirtQemuKernel-AARCH64/DEBUG_GCC49/AARCH64/MdePkg/Library/BaseLib/BaseLib/OUTPUT/BaseLib.lib(SafeString.obj)
                                        0x918 (size before relaxing)
 .debug_str     0x00000000000024ea      0x24d /home/osboxes/fix_rttee_text/RT-TEE/edk2/Build/ArmVirtQemuKernel-AARCH64/DEBUG_GCC49/AARCH64/MdePkg/Library/BaseLib/BaseLib/OUTPUT/BaseLib.lib(String.obj)
                                        0x7f1 (size before relaxing)
 .debug_str     0x0000000000002737      0x1c3 /home/osboxes/fix_rttee_text/RT-TEE/edk2/Build/ArmVirtQemuKernel-AARCH64/DEBUG_GCC49/AARCH64/MdePkg/Library/BaseLib/BaseLib/OUTPUT/BaseLib.lib(Math64.obj)
                                        0x6d7 (size before relaxing)
 .debug_str     0x00000000000028fa      0x713 /home/osboxes/fix_rttee_text/RT-TEE/edk2/Build/ArmVirtQemuKernel-AARCH64/DEBUG_GCC49/AARCH64/ArmVirtPkg/Library/ArmVirtDxeHobLib/ArmVirtDxeHobLib/OUTPUT/ArmVirtDxeHobLib.lib(HobLib.obj)
                                       0x1d0b (size before relaxing)
 .debug_str     0x000000000000300d      0x278 /home/osboxes/fix_rttee_text/RT-TEE/edk2/Build/ArmVirtQemuKernel-AARCH64/DEBUG_GCC49/AARCH64/ArmVirtPkg/Library/FdtPL011SerialPortLib/FdtPL011SerialPortLib/OUTPUT/FdtPL011SerialPortLib.lib(FdtPL011SerialPortLib.obj)
                                        0x7e3 (size before relaxing)
 .debug_str     0x0000000000003285      0x298 /home/osboxes/fix_rttee_text/RT-TEE/edk2/Build/ArmVirtQemuKernel-AARCH64/DEBUG_GCC49/AARCH64/MdePkg/Library/BasePrintLib/BasePrintLib/OUTPUT/BasePrintLib.lib(PrintLib.obj)
                                        0x6d8 (size before relaxing)
 .debug_str     0x000000000000351d      0x240 /home/osboxes/fix_rttee_text/RT-TEE/edk2/Build/ArmVirtQemuKernel-AARCH64/DEBUG_GCC49/AARCH64/MdePkg/Library/BasePrintLib/BasePrintLib/OUTPUT/BasePrintLib.lib(PrintLibInternal.obj)
                                        0x834 (size before relaxing)
 .debug_str     0x000000000000375d      0x221 /home/osboxes/fix_rttee_text/RT-TEE/edk2/Build/ArmVirtQemuKernel-AARCH64/DEBUG_GCC49/AARCH64/MdePkg/Library/DxeRuntimeDebugLibSerialPort/DxeRuntimeDebugLibSerialPort/OUTPUT/DxeRuntimeDebugLibSerialPort.lib(DebugLib.obj)
                                       0x1919 (size before relaxing)
 .debug_str     0x000000000000397e      0x12e /home/osboxes/fix_rttee_text/RT-TEE/edk2/Build/ArmVirtQemuKernel-AARCH64/DEBUG_GCC49/AARCH64/MdePkg/Library/UefiBootServicesTableLib/UefiBootServicesTableLib/OUTPUT/UefiBootServicesTableLib.lib(UefiBootServicesTableLib.obj)
                                       0x16a3 (size before relaxing)
 .debug_str     0x0000000000003aac      0x13d /home/osboxes/fix_rttee_text/RT-TEE/edk2/Build/ArmVirtQemuKernel-AARCH64/DEBUG_GCC49/AARCH64/MdePkg/Library/UefiRuntimeServicesTableLib/UefiRuntimeServicesTableLib/OUTPUT/UefiRuntimeServicesTableLib.lib(UefiRuntimeServicesTableLib.obj)
                                       0x16a5 (size before relaxing)
 .debug_str     0x0000000000003be9      0x132 /home/osboxes/fix_rttee_text/RT-TEE/edk2/Build/ArmVirtQemuKernel-AARCH64/DEBUG_GCC49/AARCH64/MdeModulePkg/Library/DxeCapsuleLibNull/DxeCapsuleLibNull/OUTPUT/DxeCapsuleLibNull.lib(DxeCapsuleLibNull.obj)
                                        0x695 (size before relaxing)
 .debug_str     0x0000000000003d1b      0x442 /home/osboxes/fix_rttee_text/RT-TEE/edk2/Build/ArmVirtQemuKernel-AARCH64/DEBUG_GCC49/AARCH64/MdePkg/Library/UefiRuntimeLib/UefiRuntimeLib/OUTPUT/UefiRuntimeLib.lib(RuntimeLib.obj)
                                       0x1af8 (size before relaxing)
 .debug_str     0x000000000000415d      0x20c /home/osboxes/fix_rttee_text/RT-TEE/edk2/Build/ArmVirtQemuKernel-AARCH64/DEBUG_GCC49/AARCH64/ArmPkg/Library/ArmCacheMaintenanceLib/ArmCacheMaintenanceLib/OUTPUT/ArmCacheMaintenanceLib.lib(ArmCacheMaintenanceLib.obj)
                                        0x5e0 (size before relaxing)
 .debug_str     0x0000000000004369       0x68 /home/osboxes/fix_rttee_text/RT-TEE/edk2/Build/ArmVirtQemuKernel-AARCH64/DEBUG_GCC49/AARCH64/MdePkg/Library/BaseLib/BaseLib/OUTPUT/BaseLib.lib(DivU64x32Remainder.obj)
                                        0x576 (size before relaxing)
 .debug_str     0x00000000000043d1       0x5a /home/osboxes/fix_rttee_text/RT-TEE/edk2/Build/ArmVirtQemuKernel-AARCH64/DEBUG_GCC49/AARCH64/MdePkg/Library/BaseLib/BaseLib/OUTPUT/BaseLib.lib(CpuDeadLoop.obj)
                                        0x559 (size before relaxing)
 .debug_str     0x000000000000442b       0xe9 /home/osboxes/fix_rttee_text/RT-TEE/edk2/Build/ArmVirtQemuKernel-AARCH64/DEBUG_GCC49/AARCH64/MdePkg/Library/BaseLib/BaseLib/OUTPUT/BaseLib.lib(Unaligned.obj)
                                        0x600 (size before relaxing)
 .debug_str     0x0000000000004514      0x1aa /home/osboxes/fix_rttee_text/RT-TEE/edk2/Build/ArmVirtQemuKernel-AARCH64/DEBUG_GCC49/AARCH64/ArmPlatformPkg/Library/PL011UartLib/PL011UartLib/OUTPUT/PL011UartLib.lib(PL011UartLib.obj)
                                        0x8d9 (size before relaxing)
 .debug_str     0x00000000000046be      0x146 /home/osboxes/fix_rttee_text/RT-TEE/edk2/Build/ArmVirtQemuKernel-AARCH64/DEBUG_GCC49/AARCH64/MdePkg/Library/BaseDebugPrintErrorLevelLib/BaseDebugPrintErrorLevelLib/OUTPUT/BaseDebugPrintErrorLevelLib.lib(BaseDebugPrintErrorLevelLib.obj)
                                        0x516 (size before relaxing)
 .debug_str     0x0000000000004804      0x15a /home/osboxes/fix_rttee_text/RT-TEE/edk2/Build/ArmVirtQemuKernel-AARCH64/DEBUG_GCC49/AARCH64/ArmPkg/Library/ArmLib/ArmBaseLib/OUTPUT/ArmBaseLib.lib(ArmLib.obj)
                                        0x4fc (size before relaxing)
 .debug_str     0x000000000000495e      0x1e6 /home/osboxes/fix_rttee_text/RT-TEE/edk2/Build/ArmVirtQemuKernel-AARCH64/DEBUG_GCC49/AARCH64/MdePkg/Library/BaseIoLibIntrinsic/BaseIoLibIntrinsicArmVirt/OUTPUT/BaseIoLibIntrinsicArmVirt.lib(IoLibArmVirt.obj)
                                        0x58d (size before relaxing)

.debug_frame    0x0000000000000000     0x2590
 .debug_frame   0x0000000000000000       0x88 /home/osboxes/fix_rttee_text/RT-TEE/edk2/Build/ArmVirtQemuKernel-AARCH64/DEBUG_GCC49/AARCH64/MdePkg/Library/UefiDriverEntryPoint/UefiDriverEntryPoint/OUTPUT/UefiDriverEntryPoint.lib(DriverEntryPoint.obj)
 .debug_frame   0x0000000000000088       0xd0 /home/osboxes/fix_rttee_text/RT-TEE/edk2/Build/ArmVirtQemuKernel-AARCH64/DEBUG_GCC49/AARCH64/MdeModulePkg/Universal/CapsuleRuntimeDxe/CapsuleRuntimeDxe/OUTPUT/CapsuleRuntimeDxe.lib(AutoGen.obj)
 .debug_frame   0x0000000000000158       0x88 /home/osboxes/fix_rttee_text/RT-TEE/edk2/Build/ArmVirtQemuKernel-AARCH64/DEBUG_GCC49/AARCH64/MdeModulePkg/Universal/CapsuleRuntimeDxe/CapsuleRuntimeDxe/OUTPUT/CapsuleRuntimeDxe.lib(CapsuleService.obj)
 .debug_frame   0x00000000000001e0       0x28 /home/osboxes/fix_rttee_text/RT-TEE/edk2/Build/ArmVirtQemuKernel-AARCH64/DEBUG_GCC49/AARCH64/MdeModulePkg/Universal/CapsuleRuntimeDxe/CapsuleRuntimeDxe/OUTPUT/CapsuleRuntimeDxe.lib(SaveLongModeContext.obj)
 .debug_frame   0x0000000000000208       0x60 /home/osboxes/fix_rttee_text/RT-TEE/edk2/Build/ArmVirtQemuKernel-AARCH64/DEBUG_GCC49/AARCH64/MdeModulePkg/Universal/CapsuleRuntimeDxe/CapsuleRuntimeDxe/OUTPUT/CapsuleRuntimeDxe.lib(CapsuleReset.obj)
 .debug_frame   0x0000000000000268       0xb0 /home/osboxes/fix_rttee_text/RT-TEE/edk2/Build/ArmVirtQemuKernel-AARCH64/DEBUG_GCC49/AARCH64/MdePkg/Library/BaseMemoryLibOptDxe/BaseMemoryLibOptDxe/OUTPUT/BaseMemoryLibOptDxe.lib(MemLibGuid.obj)
 .debug_frame   0x0000000000000318      0x5a8 /home/osboxes/fix_rttee_text/RT-TEE/edk2/Build/ArmVirtQemuKernel-AARCH64/DEBUG_GCC49/AARCH64/MdePkg/Library/BaseLib/BaseLib/OUTPUT/BaseLib.lib(SafeString.obj)
 .debug_frame   0x00000000000008c0      0x478 /home/osboxes/fix_rttee_text/RT-TEE/edk2/Build/ArmVirtQemuKernel-AARCH64/DEBUG_GCC49/AARCH64/MdePkg/Library/BaseLib/BaseLib/OUTPUT/BaseLib.lib(String.obj)
 .debug_frame   0x0000000000000d38      0x1b8 /home/osboxes/fix_rttee_text/RT-TEE/edk2/Build/ArmVirtQemuKernel-AARCH64/DEBUG_GCC49/AARCH64/MdePkg/Library/BaseLib/BaseLib/OUTPUT/BaseLib.lib(Math64.obj)
 .debug_frame   0x0000000000000ef0      0x308 /home/osboxes/fix_rttee_text/RT-TEE/edk2/Build/ArmVirtQemuKernel-AARCH64/DEBUG_GCC49/AARCH64/ArmVirtPkg/Library/ArmVirtDxeHobLib/ArmVirtDxeHobLib/OUTPUT/ArmVirtDxeHobLib.lib(HobLib.obj)
 .debug_frame   0x00000000000011f8      0x140 /home/osboxes/fix_rttee_text/RT-TEE/edk2/Build/ArmVirtQemuKernel-AARCH64/DEBUG_GCC49/AARCH64/ArmVirtPkg/Library/FdtPL011SerialPortLib/FdtPL011SerialPortLib/OUTPUT/FdtPL011SerialPortLib.lib(FdtPL011SerialPortLib.obj)
 .debug_frame   0x0000000000001338      0x290 /home/osboxes/fix_rttee_text/RT-TEE/edk2/Build/ArmVirtQemuKernel-AARCH64/DEBUG_GCC49/AARCH64/MdePkg/Library/BasePrintLib/BasePrintLib/OUTPUT/BasePrintLib.lib(PrintLib.obj)
 .debug_frame   0x00000000000015c8      0x100 /home/osboxes/fix_rttee_text/RT-TEE/edk2/Build/ArmVirtQemuKernel-AARCH64/DEBUG_GCC49/AARCH64/MdePkg/Library/BasePrintLib/BasePrintLib/OUTPUT/BasePrintLib.lib(PrintLibInternal.obj)
 .debug_frame   0x00000000000016c8      0x178 /home/osboxes/fix_rttee_text/RT-TEE/edk2/Build/ArmVirtQemuKernel-AARCH64/DEBUG_GCC49/AARCH64/MdePkg/Library/DxeRuntimeDebugLibSerialPort/DxeRuntimeDebugLibSerialPort/OUTPUT/DxeRuntimeDebugLibSerialPort.lib(DebugLib.obj)
 .debug_frame   0x0000000000001840       0x38 /home/osboxes/fix_rttee_text/RT-TEE/edk2/Build/ArmVirtQemuKernel-AARCH64/DEBUG_GCC49/AARCH64/MdePkg/Library/UefiBootServicesTableLib/UefiBootServicesTableLib/OUTPUT/UefiBootServicesTableLib.lib(UefiBootServicesTableLib.obj)
 .debug_frame   0x0000000000001878       0x38 /home/osboxes/fix_rttee_text/RT-TEE/edk2/Build/ArmVirtQemuKernel-AARCH64/DEBUG_GCC49/AARCH64/MdePkg/Library/UefiRuntimeServicesTableLib/UefiRuntimeServicesTableLib/OUTPUT/UefiRuntimeServicesTableLib.lib(UefiRuntimeServicesTableLib.obj)
 .debug_frame   0x00000000000018b0       0x68 /home/osboxes/fix_rttee_text/RT-TEE/edk2/Build/ArmVirtQemuKernel-AARCH64/DEBUG_GCC49/AARCH64/MdeModulePkg/Library/DxeCapsuleLibNull/DxeCapsuleLibNull/OUTPUT/DxeCapsuleLibNull.lib(DxeCapsuleLibNull.obj)
 .debug_frame   0x0000000000001918      0x358 /home/osboxes/fix_rttee_text/RT-TEE/edk2/Build/ArmVirtQemuKernel-AARCH64/DEBUG_GCC49/AARCH64/MdePkg/Library/UefiRuntimeLib/UefiRuntimeLib/OUTPUT/UefiRuntimeLib.lib(RuntimeLib.obj)
 .debug_frame   0x0000000000001c70      0x178 /home/osboxes/fix_rttee_text/RT-TEE/edk2/Build/ArmVirtQemuKernel-AARCH64/DEBUG_GCC49/AARCH64/ArmPkg/Library/ArmCacheMaintenanceLib/ArmCacheMaintenanceLib/OUTPUT/ArmCacheMaintenanceLib.lib(ArmCacheMaintenanceLib.obj)
 .debug_frame   0x0000000000001de8       0x38 /home/osboxes/fix_rttee_text/RT-TEE/edk2/Build/ArmVirtQemuKernel-AARCH64/DEBUG_GCC49/AARCH64/MdePkg/Library/BaseLib/BaseLib/OUTPUT/BaseLib.lib(DivU64x32Remainder.obj)
 .debug_frame   0x0000000000001e20       0x30 /home/osboxes/fix_rttee_text/RT-TEE/edk2/Build/ArmVirtQemuKernel-AARCH64/DEBUG_GCC49/AARCH64/MdePkg/Library/BaseLib/BaseLib/OUTPUT/BaseLib.lib(CpuDeadLoop.obj)